[  4%] Built target turtle_interfaces__cpp
[ 12%] Built target turtle_interfaces__rosidl_generator_c
[ 12%] Built target ament_cmake_python_copy_turtle_interfaces
[ 23%] Built target turtle_interfaces__rosidl_typesupport_cpp
[ 34%] Built target turtle_interfaces__rosidl_typesupport_introspection_c
[ 44%] Built target turtle_interfaces__rosidl_typesupport_c
[ 55%] Built target turtle_interfaces__rosidl_typesupport_fastrtps_c
[ 65%] Built target turtle_interfaces__rosidl_typesupport_fastrtps_cpp
[ 76%] Built target turtle_interfaces__rosidl_typesupport_introspection_cpp
[ 76%] Built target turtle_interfaces
[ 78%] Built target turtle_interfaces__py
[ 87%] Built target turtle_interfaces__rosidl_generator_py
[ 91%] Built target turtle_interfaces__rosidl_typesupport_fastrtps_c__pyext
running egg_info
writing turtle_interfaces.egg-info/PKG-INFO
writing dependency_links to turtle_interfaces.egg-info/dependency_links.txt
writing top-level names to turtle_interfaces.egg-info/top_level.txt
reading manifest file 'turtle_interfaces.egg-info/SOURCES.txt'
[ 95%] Built target turtle_interfaces__rosidl_typesupport_introspection_c__pyext
writing manifest file 'turtle_interfaces.egg-info/SOURCES.txt'
[100%] Built target turtle_interfaces__rosidl_typesupport_c__pyext
[100%] Built target ament_cmake_python_build_turtle_interfaces_egg
