[0.076s] Invoking command in '/home/yahboom/Desktop/team_repo/Lab7/wallaa2/prelab/intro_ws/build/examples_rclcpp_wait_set': CMAKE_PREFIX_PATH=${CMAKE_PREFIX_PATH}:/home/yahboom/cartoros2/install/yahboomcar_nav:/home/yahboom/cartoros2/install/yahboomcar_ctrl:/home/yahboom/cartoros2/install/yahboom_visual:/home/yahboom/cartoros2/install/yahboom_dog_joint_state:/home/yahboom/cartoros2/install/yahboom_description:/home/yahboom/cartoros2/install/yahboom_color_identify_server:/home/yahboom/cartoros2/install/yahboom_bringup:/home/yahboom/cartoros2/install/yahboom_base:/home/yahboom/cartoros2/install/yahboom_app_save_map:/home/yahboom/cartoros2/install/update_map:/home/yahboom/cartoros2/install/rosboard:/home/yahboom/cartoros2/install/path_planner_server:/home/yahboom/cartoros2/install/nav2_simple_commander:/home/yahboom/cartoros2/install/nav2_gazebo_spawner:/home/yahboom/cartoros2/install/localization_server:/home/yahboom/cartoros2/install/laserscan_to_point_pulisher:/home/yahboom/yahboomcar_ws/install/yahboom_dog_example:/opt/ros/humble /usr/bin/cmake /home/yahboom/Desktop/team_repo/Lab7/wallaa2/prelab/intro_ws/src/examples/rclcpp/wait_set -DCMAKE_INSTALL_PREFIX=/home/yahboom/Desktop/team_repo/Lab7/wallaa2/prelab/intro_ws/install/examples_rclcpp_wait_set
[0.338s] -- The C compiler identification is GNU 11.4.0
[0.561s] -- The CXX compiler identification is GNU 11.4.0
[0.601s] -- Detecting C compiler ABI info
[0.977s] -- Detecting C compiler ABI info - done
[0.995s] -- Check for working C compiler: /usr/bin/cc - skipped
[0.996s] -- Detecting C compile features
[0.998s] -- Detecting C compile features - done
[1.005s] -- Detecting CXX compiler ABI info
[1.424s] -- Detecting CXX compiler ABI info - done
[1.441s] -- Check for working CXX compiler: /usr/bin/c++ - skipped
[1.441s] -- Detecting CXX compile features
[1.445s] -- Detecting CXX compile features - done
[1.485s] -- Found ament_cmake: 1.3.14 (/opt/ros/humble/share/ament_cmake/cmake)
[2.346s] -- Found Python3: /usr/bin/python3 (found version "3.10.12") found components: Interpreter 
[3.326s] -- Found example_interfaces: 0.9.3 (/opt/ros/humble/share/example_interfaces/cmake)
[3.846s] -- Found rosidl_generator_c: 3.1.8 (/opt/ros/humble/share/rosidl_generator_c/cmake)
[3.947s] -- Found rosidl_adapter: 3.1.8 (/opt/ros/humble/share/rosidl_adapter/cmake)
[4.035s] -- Found rosidl_generator_cpp: 3.1.8 (/opt/ros/humble/share/rosidl_generator_cpp/cmake)
[4.138s] -- Using all available rosidl_typesupport_c: rosidl_typesupport_fastrtps_c;rosidl_typesupport_introspection_c
[4.327s] -- Using all available rosidl_typesupport_cpp: rosidl_typesupport_fastrtps_cpp;rosidl_typesupport_introspection_cpp
[4.679s] -- Found rclcpp: 16.0.19 (/opt/ros/humble/share/rclcpp/cmake)
[5.191s] -- Found rmw_implementation_cmake: 6.1.2 (/opt/ros/humble/share/rmw_implementation_cmake/cmake)
[5.255s] -- Found rmw_fastrtps_cpp: 6.2.10 (/opt/ros/humble/share/rmw_fastrtps_cpp/cmake)
[6.014s] -- Found OpenSSL: /usr/lib/x86_64-linux-gnu/libcrypto.so (found version "3.0.2")  
[6.149s] -- Found FastRTPS: /opt/ros/humble/include  
[6.381s] -- Using RMW implementation 'rmw_fastrtps_cpp' as default
[6.520s] -- Looking for pthread.h
[6.961s] -- Looking for pthread.h - found
[6.965s] -- Performing Test CMAKE_HAVE_LIBC_PTHREAD
[7.370s] -- Performing Test CMAKE_HAVE_LIBC_PTHREAD - Success
[7.377s] -- Found Threads: TRUE  
[7.734s] -- Found rclcpp_components: 16.0.19 (/opt/ros/humble/share/rclcpp_components/cmake)
[8.273s] -- Found ament_lint_auto: 0.12.15 (/opt/ros/humble/share/ament_lint_auto/cmake)
[8.928s] -- Added test 'copyright' to check source files copyright and LICENSE
[8.941s] -- Added test 'cppcheck' to perform static code analysis on C / C++ code
[8.944s] -- Configured cppcheck include dirs: /home/yahboom/Desktop/team_repo/Lab7/wallaa2/prelab/intro_ws/src/examples/rclcpp/wait_set/include
[8.944s] -- Configured cppcheck exclude dirs and/or files: 
[8.953s] -- Added test 'cpplint' to check C / C++ code against the Google style
[8.954s] -- Configured cpplint exclude dirs and/or files: 
[8.960s] -- Added test 'lint_cmake' to check CMake code style
[8.970s] -- Added test 'uncrustify' to check C / C++ code style
[8.972s] -- Configured uncrustify additional arguments: 
[8.977s] -- Added test 'xmllint' to check XML markup files
[8.996s] -- Configuring done
[9.145s] -- Generating done
[9.211s] -- Build files have been written to: /home/yahboom/Desktop/team_repo/Lab7/wallaa2/prelab/intro_ws/build/examples_rclcpp_wait_set
[9.247s] Invoked command in '/home/yahboom/Desktop/team_repo/Lab7/wallaa2/prelab/intro_ws/build/examples_rclcpp_wait_set' returned '0': CMAKE_PREFIX_PATH=${CMAKE_PREFIX_PATH}:/home/yahboom/cartoros2/install/yahboomcar_nav:/home/yahboom/cartoros2/install/yahboomcar_ctrl:/home/yahboom/cartoros2/install/yahboom_visual:/home/yahboom/cartoros2/install/yahboom_dog_joint_state:/home/yahboom/cartoros2/install/yahboom_description:/home/yahboom/cartoros2/install/yahboom_color_identify_server:/home/yahboom/cartoros2/install/yahboom_bringup:/home/yahboom/cartoros2/install/yahboom_base:/home/yahboom/cartoros2/install/yahboom_app_save_map:/home/yahboom/cartoros2/install/update_map:/home/yahboom/cartoros2/install/rosboard:/home/yahboom/cartoros2/install/path_planner_server:/home/yahboom/cartoros2/install/nav2_simple_commander:/home/yahboom/cartoros2/install/nav2_gazebo_spawner:/home/yahboom/cartoros2/install/localization_server:/home/yahboom/cartoros2/install/laserscan_to_point_pulisher:/home/yahboom/yahboomcar_ws/install/yahboom_dog_example:/opt/ros/humble /usr/bin/cmake /home/yahboom/Desktop/team_repo/Lab7/wallaa2/prelab/intro_ws/src/examples/rclcpp/wait_set -DCMAKE_INSTALL_PREFIX=/home/yahboom/Desktop/team_repo/Lab7/wallaa2/prelab/intro_ws/install/examples_rclcpp_wait_set
[9.252s] Invoking command in '/home/yahboom/Desktop/team_repo/Lab7/wallaa2/prelab/intro_ws/build/examples_rclcpp_wait_set': CMAKE_PREFIX_PATH=${CMAKE_PREFIX_PATH}:/home/yahboom/cartoros2/install/yahboomcar_nav:/home/yahboom/cartoros2/install/yahboomcar_ctrl:/home/yahboom/cartoros2/install/yahboom_visual:/home/yahboom/cartoros2/install/yahboom_dog_joint_state:/home/yahboom/cartoros2/install/yahboom_description:/home/yahboom/cartoros2/install/yahboom_color_identify_server:/home/yahboom/cartoros2/install/yahboom_bringup:/home/yahboom/cartoros2/install/yahboom_base:/home/yahboom/cartoros2/install/yahboom_app_save_map:/home/yahboom/cartoros2/install/update_map:/home/yahboom/cartoros2/install/rosboard:/home/yahboom/cartoros2/install/path_planner_server:/home/yahboom/cartoros2/install/nav2_simple_commander:/home/yahboom/cartoros2/install/nav2_gazebo_spawner:/home/yahboom/cartoros2/install/localization_server:/home/yahboom/cartoros2/install/laserscan_to_point_pulisher:/home/yahboom/yahboomcar_ws/install/yahboom_dog_example:/opt/ros/humble /usr/bin/cmake --build /home/yahboom/Desktop/team_repo/Lab7/wallaa2/prelab/intro_ws/build/examples_rclcpp_wait_set -- -j4 -l4
[9.619s] [  4%] [32mBuilding CXX object CMakeFiles/talker.dir/src/talker.cpp.o[0m
[23.242s] [  8%] [32m[1mLinking CXX shared library libtalker.so[0m
[23.881s] [  8%] Built target talker
[24.015s] [ 12%] [32mBuilding CXX object CMakeFiles/wait_set_listener.dir/rclcpp_components/node_main_wait_set_listener.cpp.o[0m
[33.475s] [ 16%] [32m[1mLinking CXX executable wait_set_listener[0m
[33.953s] [ 16%] Built target wait_set_listener
[34.100s] [ 20%] [32mBuilding CXX object CMakeFiles/wait_set.dir/src/wait_set.cpp.o[0m
[59.145s] [ 25%] [32m[1mLinking CXX executable wait_set[0m
[60.149s] [ 25%] Built target wait_set
[60.264s] [ 29%] [32mBuilding CXX object CMakeFiles/static_wait_set.dir/src/static_wait_set.cpp.o[0m
[64.383s] [ 33%] [32mBuilding CXX object CMakeFiles/thread_safe_wait_set.dir/src/thread_safe_wait_set.cpp.o[0m
[66.522s] [ 37%] [32mBuilding CXX object CMakeFiles/listener.dir/src/listener.cpp.o[0m
[68.655s] [ 41%] [32mBuilding CXX object CMakeFiles/wait_set_talker.dir/rclcpp_components/node_main_wait_set_talker.cpp.o[0m
[91.375s] [ 45%] [32m[1mLinking CXX executable wait_set_talker[0m
[92.347s] [ 45%] Built target wait_set_talker
[99.382s] [ 50%] [32m[1mLinking CXX executable static_wait_set[0m
[101.137s] [ 50%] Built target static_wait_set
[107.814s] [ 54%] [32m[1mLinking CXX executable thread_safe_wait_set[0m
[108.942s] [ 54%] Built target thread_safe_wait_set
[110.563s] [ 58%] [32m[1mLinking CXX shared library liblistener.so[0m
[111.521s] [ 58%] Built target listener
[111.676s] [ 62%] [32mBuilding CXX object CMakeFiles/executor_random_order.dir/src/executor_random_order.cpp.o[0m
[132.591s] [ 66%] [32m[1mLinking CXX executable executor_random_order[0m
[133.441s] [ 66%] Built target executor_random_order
[133.560s] [ 70%] [32mBuilding CXX object CMakeFiles/wait_set_topics_with_different_rates.dir/src/wait_set_topics_with_different_rates.cpp.o[0m
[158.860s] [ 75%] [32m[1mLinking CXX executable wait_set_topics_with_different_rates[0m
[159.743s] [ 75%] Built target wait_set_topics_with_different_rates
[159.871s] [ 79%] [32mBuilding CXX object CMakeFiles/wait_set_random_order.dir/src/wait_set_random_order.cpp.o[0m
[159.893s] [ 83%] [32mBuilding CXX object CMakeFiles/wait_set_composed.dir/src/wait_set_composed.cpp.o[0m
[168.303s] [ 87%] [32m[1mLinking CXX executable wait_set_composed[0m
[168.886s] [ 87%] Built target wait_set_composed
[169.004s] [ 91%] [32mBuilding CXX object CMakeFiles/wait_set_topics_and_timer.dir/src/wait_set_topics_and_timer.cpp.o[0m
[184.394s] [ 95%] [32m[1mLinking CXX executable wait_set_random_order[0m
[185.349s] [ 95%] Built target wait_set_random_order
[191.319s] [100%] [32m[1mLinking CXX executable wait_set_topics_and_timer[0m
[192.160s] [100%] Built target wait_set_topics_and_timer
[192.214s] Invoked command in '/home/yahboom/Desktop/team_repo/Lab7/wallaa2/prelab/intro_ws/build/examples_rclcpp_wait_set' returned '0': CMAKE_PREFIX_PATH=${CMAKE_PREFIX_PATH}:/home/yahboom/cartoros2/install/yahboomcar_nav:/home/yahboom/cartoros2/install/yahboomcar_ctrl:/home/yahboom/cartoros2/install/yahboom_visual:/home/yahboom/cartoros2/install/yahboom_dog_joint_state:/home/yahboom/cartoros2/install/yahboom_description:/home/yahboom/cartoros2/install/yahboom_color_identify_server:/home/yahboom/cartoros2/install/yahboom_bringup:/home/yahboom/cartoros2/install/yahboom_base:/home/yahboom/cartoros2/install/yahboom_app_save_map:/home/yahboom/cartoros2/install/update_map:/home/yahboom/cartoros2/install/rosboard:/home/yahboom/cartoros2/install/path_planner_server:/home/yahboom/cartoros2/install/nav2_simple_commander:/home/yahboom/cartoros2/install/nav2_gazebo_spawner:/home/yahboom/cartoros2/install/localization_server:/home/yahboom/cartoros2/install/laserscan_to_point_pulisher:/home/yahboom/yahboomcar_ws/install/yahboom_dog_example:/opt/ros/humble /usr/bin/cmake --build /home/yahboom/Desktop/team_repo/Lab7/wallaa2/prelab/intro_ws/build/examples_rclcpp_wait_set -- -j4 -l4
[192.219s] Invoking command in '/home/yahboom/Desktop/team_repo/Lab7/wallaa2/prelab/intro_ws/build/examples_rclcpp_wait_set': CMAKE_PREFIX_PATH=${CMAKE_PREFIX_PATH}:/home/yahboom/cartoros2/install/yahboomcar_nav:/home/yahboom/cartoros2/install/yahboomcar_ctrl:/home/yahboom/cartoros2/install/yahboom_visual:/home/yahboom/cartoros2/install/yahboom_dog_joint_state:/home/yahboom/cartoros2/install/yahboom_description:/home/yahboom/cartoros2/install/yahboom_color_identify_server:/home/yahboom/cartoros2/install/yahboom_bringup:/home/yahboom/cartoros2/install/yahboom_base:/home/yahboom/cartoros2/install/yahboom_app_save_map:/home/yahboom/cartoros2/install/update_map:/home/yahboom/cartoros2/install/rosboard:/home/yahboom/cartoros2/install/path_planner_server:/home/yahboom/cartoros2/install/nav2_simple_commander:/home/yahboom/cartoros2/install/nav2_gazebo_spawner:/home/yahboom/cartoros2/install/localization_server:/home/yahboom/cartoros2/install/laserscan_to_point_pulisher:/home/yahboom/yahboomcar_ws/install/yahboom_dog_example:/opt/ros/humble /usr/bin/cmake --install /home/yahboom/Desktop/team_repo/Lab7/wallaa2/prelab/intro_ws/build/examples_rclcpp_wait_set
[192.257s] -- Install configuration: ""
[192.257s] -- Installing: /home/yahboom/Desktop/team_repo/Lab7/wallaa2/prelab/intro_ws/install/examples_rclcpp_wait_set/lib/examples_rclcpp_wait_set/wait_set_talker
[192.259s] -- Set runtime path of "/home/yahboom/Desktop/team_repo/Lab7/wallaa2/prelab/intro_ws/install/examples_rclcpp_wait_set/lib/examples_rclcpp_wait_set/wait_set_talker" to ""
[192.259s] -- Installing: /home/yahboom/Desktop/team_repo/Lab7/wallaa2/prelab/intro_ws/install/examples_rclcpp_wait_set/lib/examples_rclcpp_wait_set/wait_set_listener
[192.262s] -- Set runtime path of "/home/yahboom/Desktop/team_repo/Lab7/wallaa2/prelab/intro_ws/install/examples_rclcpp_wait_set/lib/examples_rclcpp_wait_set/wait_set_listener" to ""
[192.262s] -- Installing: /home/yahboom/Desktop/team_repo/Lab7/wallaa2/prelab/intro_ws/install/examples_rclcpp_wait_set/lib/libtalker.so
[192.267s] -- Set runtime path of "/home/yahboom/Desktop/team_repo/Lab7/wallaa2/prelab/intro_ws/install/examples_rclcpp_wait_set/lib/libtalker.so" to ""
[192.267s] -- Installing: /home/yahboom/Desktop/team_repo/Lab7/wallaa2/prelab/intro_ws/install/examples_rclcpp_wait_set/lib/liblistener.so
[192.289s] -- Set runtime path of "/home/yahboom/Desktop/team_repo/Lab7/wallaa2/prelab/intro_ws/install/examples_rclcpp_wait_set/lib/liblistener.so" to ""
[192.289s] -- Installing: /home/yahboom/Desktop/team_repo/Lab7/wallaa2/prelab/intro_ws/install/examples_rclcpp_wait_set/lib/examples_rclcpp_wait_set/wait_set
[192.300s] -- Set runtime path of "/home/yahboom/Desktop/team_repo/Lab7/wallaa2/prelab/intro_ws/install/examples_rclcpp_wait_set/lib/examples_rclcpp_wait_set/wait_set" to ""
[192.300s] -- Installing: /home/yahboom/Desktop/team_repo/Lab7/wallaa2/prelab/intro_ws/install/examples_rclcpp_wait_set/lib/examples_rclcpp_wait_set/static_wait_set
[192.312s] -- Set runtime path of "/home/yahboom/Desktop/team_repo/Lab7/wallaa2/prelab/intro_ws/install/examples_rclcpp_wait_set/lib/examples_rclcpp_wait_set/static_wait_set" to ""
[192.312s] -- Installing: /home/yahboom/Desktop/team_repo/Lab7/wallaa2/prelab/intro_ws/install/examples_rclcpp_wait_set/lib/examples_rclcpp_wait_set/thread_safe_wait_set
[192.324s] -- Set runtime path of "/home/yahboom/Desktop/team_repo/Lab7/wallaa2/prelab/intro_ws/install/examples_rclcpp_wait_set/lib/examples_rclcpp_wait_set/thread_safe_wait_set" to ""
[192.324s] -- Installing: /home/yahboom/Desktop/team_repo/Lab7/wallaa2/prelab/intro_ws/install/examples_rclcpp_wait_set/lib/examples_rclcpp_wait_set/wait_set_topics_and_timer
[192.335s] -- Set runtime path of "/home/yahboom/Desktop/team_repo/Lab7/wallaa2/prelab/intro_ws/install/examples_rclcpp_wait_set/lib/examples_rclcpp_wait_set/wait_set_topics_and_timer" to ""
[192.335s] -- Installing: /home/yahboom/Desktop/team_repo/Lab7/wallaa2/prelab/intro_ws/install/examples_rclcpp_wait_set/lib/examples_rclcpp_wait_set/wait_set_random_order
[192.347s] -- Set runtime path of "/home/yahboom/Desktop/team_repo/Lab7/wallaa2/prelab/intro_ws/install/examples_rclcpp_wait_set/lib/examples_rclcpp_wait_set/wait_set_random_order" to ""
[192.347s] -- Installing: /home/yahboom/Desktop/team_repo/Lab7/wallaa2/prelab/intro_ws/install/examples_rclcpp_wait_set/lib/examples_rclcpp_wait_set/executor_random_order
[192.358s] -- Set runtime path of "/home/yahboom/Desktop/team_repo/Lab7/wallaa2/prelab/intro_ws/install/examples_rclcpp_wait_set/lib/examples_rclcpp_wait_set/executor_random_order" to ""
[192.358s] -- Installing: /home/yahboom/Desktop/team_repo/Lab7/wallaa2/prelab/intro_ws/install/examples_rclcpp_wait_set/lib/examples_rclcpp_wait_set/wait_set_topics_with_different_rates
[192.370s] -- Set runtime path of "/home/yahboom/Desktop/team_repo/Lab7/wallaa2/prelab/intro_ws/install/examples_rclcpp_wait_set/lib/examples_rclcpp_wait_set/wait_set_topics_with_different_rates" to ""
[192.370s] -- Installing: /home/yahboom/Desktop/team_repo/Lab7/wallaa2/prelab/intro_ws/install/examples_rclcpp_wait_set/lib/examples_rclcpp_wait_set/wait_set_composed
[192.372s] -- Set runtime path of "/home/yahboom/Desktop/team_repo/Lab7/wallaa2/prelab/intro_ws/install/examples_rclcpp_wait_set/lib/examples_rclcpp_wait_set/wait_set_composed" to ""
[192.372s] -- Installing: /home/yahboom/Desktop/team_repo/Lab7/wallaa2/prelab/intro_ws/install/examples_rclcpp_wait_set/share/ament_index/resource_index/package_run_dependencies/examples_rclcpp_wait_set
[192.373s] -- Installing: /home/yahboom/Desktop/team_repo/Lab7/wallaa2/prelab/intro_ws/install/examples_rclcpp_wait_set/share/ament_index/resource_index/parent_prefix_path/examples_rclcpp_wait_set
[192.374s] -- Installing: /home/yahboom/Desktop/team_repo/Lab7/wallaa2/prelab/intro_ws/install/examples_rclcpp_wait_set/share/examples_rclcpp_wait_set/environment/ament_prefix_path.sh
[192.374s] -- Installing: /home/yahboom/Desktop/team_repo/Lab7/wallaa2/prelab/intro_ws/install/examples_rclcpp_wait_set/share/examples_rclcpp_wait_set/environment/ament_prefix_path.dsv
[192.375s] -- Installing: /home/yahboom/Desktop/team_repo/Lab7/wallaa2/prelab/intro_ws/install/examples_rclcpp_wait_set/share/examples_rclcpp_wait_set/environment/path.sh
[192.375s] -- Installing: /home/yahboom/Desktop/team_repo/Lab7/wallaa2/prelab/intro_ws/install/examples_rclcpp_wait_set/share/examples_rclcpp_wait_set/environment/path.dsv
[192.376s] -- Installing: /home/yahboom/Desktop/team_repo/Lab7/wallaa2/prelab/intro_ws/install/examples_rclcpp_wait_set/share/examples_rclcpp_wait_set/local_setup.bash
[192.376s] -- Installing: /home/yahboom/Desktop/team_repo/Lab7/wallaa2/prelab/intro_ws/install/examples_rclcpp_wait_set/share/examples_rclcpp_wait_set/local_setup.sh
[192.377s] -- Installing: /home/yahboom/Desktop/team_repo/Lab7/wallaa2/prelab/intro_ws/install/examples_rclcpp_wait_set/share/examples_rclcpp_wait_set/local_setup.zsh
[192.377s] -- Installing: /home/yahboom/Desktop/team_repo/Lab7/wallaa2/prelab/intro_ws/install/examples_rclcpp_wait_set/share/examples_rclcpp_wait_set/local_setup.dsv
[192.378s] -- Installing: /home/yahboom/Desktop/team_repo/Lab7/wallaa2/prelab/intro_ws/install/examples_rclcpp_wait_set/share/examples_rclcpp_wait_set/package.dsv
[192.378s] -- Installing: /home/yahboom/Desktop/team_repo/Lab7/wallaa2/prelab/intro_ws/install/examples_rclcpp_wait_set/share/ament_index/resource_index/packages/examples_rclcpp_wait_set
[192.379s] -- Installing: /home/yahboom/Desktop/team_repo/Lab7/wallaa2/prelab/intro_ws/install/examples_rclcpp_wait_set/share/ament_index/resource_index/rclcpp_components/examples_rclcpp_wait_set
[192.380s] -- Installing: /home/yahboom/Desktop/team_repo/Lab7/wallaa2/prelab/intro_ws/install/examples_rclcpp_wait_set/share/examples_rclcpp_wait_set/cmake/examples_rclcpp_wait_setConfig.cmake
[192.380s] -- Installing: /home/yahboom/Desktop/team_repo/Lab7/wallaa2/prelab/intro_ws/install/examples_rclcpp_wait_set/share/examples_rclcpp_wait_set/cmake/examples_rclcpp_wait_setConfig-version.cmake
[192.381s] -- Installing: /home/yahboom/Desktop/team_repo/Lab7/wallaa2/prelab/intro_ws/install/examples_rclcpp_wait_set/share/examples_rclcpp_wait_set/package.xml
[192.389s] Invoked command in '/home/yahboom/Desktop/team_repo/Lab7/wallaa2/prelab/intro_ws/build/examples_rclcpp_wait_set' returned '0': CMAKE_PREFIX_PATH=${CMAKE_PREFIX_PATH}:/home/yahboom/cartoros2/install/yahboomcar_nav:/home/yahboom/cartoros2/install/yahboomcar_ctrl:/home/yahboom/cartoros2/install/yahboom_visual:/home/yahboom/cartoros2/install/yahboom_dog_joint_state:/home/yahboom/cartoros2/install/yahboom_description:/home/yahboom/cartoros2/install/yahboom_color_identify_server:/home/yahboom/cartoros2/install/yahboom_bringup:/home/yahboom/cartoros2/install/yahboom_base:/home/yahboom/cartoros2/install/yahboom_app_save_map:/home/yahboom/cartoros2/install/update_map:/home/yahboom/cartoros2/install/rosboard:/home/yahboom/cartoros2/install/path_planner_server:/home/yahboom/cartoros2/install/nav2_simple_commander:/home/yahboom/cartoros2/install/nav2_gazebo_spawner:/home/yahboom/cartoros2/install/localization_server:/home/yahboom/cartoros2/install/laserscan_to_point_pulisher:/home/yahboom/yahboomcar_ws/install/yahboom_dog_example:/opt/ros/humble /usr/bin/cmake --install /home/yahboom/Desktop/team_repo/Lab7/wallaa2/prelab/intro_ws/build/examples_rclcpp_wait_set
