[2.476s] Invoking command in '/home/yahboom/Desktop/S26_RobotProgramming_Eloquent_Elusor/Lab4/pailya/roscourse_ws/src/teleop_twist_keyboard': PYTHONPATH=/home/yahboom/Desktop/S26_RobotProgramming_Eloquent_Elusor/Lab4/pailya/roscourse_ws/build/teleop_twist_keyboard/prefix_override:/home/yahboom/Desktop/S26_RobotProgramming_Eloquent_Elusor/Lab4/pailya/roscourse_ws/install/teleop_twist_keyboard/lib/python3.10/site-packages:${PYTHONPATH} /usr/bin/python3 -W ignore:setup.py install is deprecated setup.py egg_info --egg-base ../../build/teleop_twist_keyboard build --build-base /home/yahboom/Desktop/S26_RobotProgramming_Eloquent_Elusor/Lab4/pailya/roscourse_ws/build/teleop_twist_keyboard/build install --record /home/yahboom/Desktop/S26_RobotProgramming_Eloquent_Elusor/Lab4/pailya/roscourse_ws/build/teleop_twist_keyboard/install.log --single-version-externally-managed install_data
[3.136s] running egg_info
[3.138s] writing ../../build/teleop_twist_keyboard/teleop_twist_keyboard.egg-info/PKG-INFO
[3.140s] writing dependency_links to ../../build/teleop_twist_keyboard/teleop_twist_keyboard.egg-info/dependency_links.txt
[3.142s] writing entry points to ../../build/teleop_twist_keyboard/teleop_twist_keyboard.egg-info/entry_points.txt
[3.142s] writing requirements to ../../build/teleop_twist_keyboard/teleop_twist_keyboard.egg-info/requires.txt
[3.142s] writing top-level names to ../../build/teleop_twist_keyboard/teleop_twist_keyboard.egg-info/top_level.txt
[3.151s] reading manifest file '../../build/teleop_twist_keyboard/teleop_twist_keyboard.egg-info/SOURCES.txt'
[3.151s] adding license file 'LICENSE'
[3.151s] writing manifest file '../../build/teleop_twist_keyboard/teleop_twist_keyboard.egg-info/SOURCES.txt'
[3.152s] running build
[3.152s] running build_py
[3.152s] running install
[3.153s] running install_lib
[3.158s] running install_data
[3.158s] running install_egg_info
[3.163s] removing '/home/yahboom/Desktop/S26_RobotProgramming_Eloquent_Elusor/Lab4/pailya/roscourse_ws/install/teleop_twist_keyboard/lib/python3.10/site-packages/teleop_twist_keyboard-2.4.1-py3.10.egg-info' (and everything under it)
[3.163s] Copying ../../build/teleop_twist_keyboard/teleop_twist_keyboard.egg-info to /home/yahboom/Desktop/S26_RobotProgramming_Eloquent_Elusor/Lab4/pailya/roscourse_ws/install/teleop_twist_keyboard/lib/python3.10/site-packages/teleop_twist_keyboard-2.4.1-py3.10.egg-info
[3.164s] running install_scripts
[3.235s] Installing teleop_twist_keyboard script to /home/yahboom/Desktop/S26_RobotProgramming_Eloquent_Elusor/Lab4/pailya/roscourse_ws/install/teleop_twist_keyboard/lib/teleop_twist_keyboard
[3.236s] writing list of installed files to '/home/yahboom/Desktop/S26_RobotProgramming_Eloquent_Elusor/Lab4/pailya/roscourse_ws/build/teleop_twist_keyboard/install.log'
[3.318s] Invoked command in '/home/yahboom/Desktop/S26_RobotProgramming_Eloquent_Elusor/Lab4/pailya/roscourse_ws/src/teleop_twist_keyboard' returned '0': PYTHONPATH=/home/yahboom/Desktop/S26_RobotProgramming_Eloquent_Elusor/Lab4/pailya/roscourse_ws/build/teleop_twist_keyboard/prefix_override:/home/yahboom/Desktop/S26_RobotProgramming_Eloquent_Elusor/Lab4/pailya/roscourse_ws/install/teleop_twist_keyboard/lib/python3.10/site-packages:${PYTHONPATH} /usr/bin/python3 -W ignore:setup.py install is deprecated setup.py egg_info --egg-base ../../build/teleop_twist_keyboard build --build-base /home/yahboom/Desktop/S26_RobotProgramming_Eloquent_Elusor/Lab4/pailya/roscourse_ws/build/teleop_twist_keyboard/build install --record /home/yahboom/Desktop/S26_RobotProgramming_Eloquent_Elusor/Lab4/pailya/roscourse_ws/build/teleop_twist_keyboard/install.log --single-version-externally-managed install_data
