[2.028s] Invoking command in '/home/yahboom/Desktop/team_repo/Lab7/wallaa2/roscourse_sim_ws/src/my_robot': PYTHONPATH=/home/yahboom/Desktop/team_repo/Lab7/wallaa2/roscourse_sim_ws/build/my_robot/prefix_override:/usr/lib/python3/dist-packages/colcon_core/task/python/colcon_distutils_commands:/home/yahboom/Desktop/team_repo/Lab7/wallaa2/roscourse_sim_ws/install/my_robot/lib/python3.10/site-packages:${PYTHONPATH} /usr/bin/python3 -W ignore:setup.py install is deprecated -W ignore:easy_install command is deprecated setup.py egg_info --egg-base ../../build/my_robot build --build-base /home/yahboom/Desktop/team_repo/Lab7/wallaa2/roscourse_sim_ws/build/my_robot/build install --record /home/yahboom/Desktop/team_repo/Lab7/wallaa2/roscourse_sim_ws/build/my_robot/install.log --single-version-externally-managed install_data
[2.825s] running egg_info
[2.826s] writing ../../build/my_robot/my_robot.egg-info/PKG-INFO
[2.827s] writing dependency_links to ../../build/my_robot/my_robot.egg-info/dependency_links.txt
[2.829s] writing entry points to ../../build/my_robot/my_robot.egg-info/entry_points.txt
[2.830s] writing requirements to ../../build/my_robot/my_robot.egg-info/requires.txt
[2.830s] writing top-level names to ../../build/my_robot/my_robot.egg-info/top_level.txt
[2.834s] reading manifest file '../../build/my_robot/my_robot.egg-info/SOURCES.txt'
[2.836s] writing manifest file '../../build/my_robot/my_robot.egg-info/SOURCES.txt'
[2.837s] running build
[2.837s] running build_py
[2.838s] running install
[2.838s] running install_lib
[2.842s] running install_data
[2.842s] copying urdf/my_robot.urdf.xacro -> /home/yahboom/Desktop/team_repo/Lab7/wallaa2/roscourse_sim_ws/install/my_robot/share/my_robot
[2.843s] running install_egg_info
[2.848s] removing '/home/yahboom/Desktop/team_repo/Lab7/wallaa2/roscourse_sim_ws/install/my_robot/lib/python3.10/site-packages/my_robot-0.0.0-py3.10.egg-info' (and everything under it)
[2.849s] Copying ../../build/my_robot/my_robot.egg-info to /home/yahboom/Desktop/team_repo/Lab7/wallaa2/roscourse_sim_ws/install/my_robot/lib/python3.10/site-packages/my_robot-0.0.0-py3.10.egg-info
[2.852s] running install_scripts
[2.926s] writing list of installed files to '/home/yahboom/Desktop/team_repo/Lab7/wallaa2/roscourse_sim_ws/build/my_robot/install.log'
[2.983s] Invoked command in '/home/yahboom/Desktop/team_repo/Lab7/wallaa2/roscourse_sim_ws/src/my_robot' returned '0': PYTHONPATH=/home/yahboom/Desktop/team_repo/Lab7/wallaa2/roscourse_sim_ws/build/my_robot/prefix_override:/usr/lib/python3/dist-packages/colcon_core/task/python/colcon_distutils_commands:/home/yahboom/Desktop/team_repo/Lab7/wallaa2/roscourse_sim_ws/install/my_robot/lib/python3.10/site-packages:${PYTHONPATH} /usr/bin/python3 -W ignore:setup.py install is deprecated -W ignore:easy_install command is deprecated setup.py egg_info --egg-base ../../build/my_robot build --build-base /home/yahboom/Desktop/team_repo/Lab7/wallaa2/roscourse_sim_ws/build/my_robot/build install --record /home/yahboom/Desktop/team_repo/Lab7/wallaa2/roscourse_sim_ws/build/my_robot/install.log --single-version-externally-managed install_data
