[1.038s] Invoking command in '/home/yahboom/Desktop/team_repo/Lab6/wallaa2/roscourse_sim_ws/src/my_robot': PYTHONPATH=/home/yahboom/Desktop/team_repo/Lab6/wallaa2/roscourse_sim_ws/build/my_robot/prefix_override:/usr/lib/python3/dist-packages/colcon_core/task/python/colcon_distutils_commands:/home/yahboom/Desktop/team_repo/Lab6/wallaa2/roscourse_sim_ws/install/my_robot/lib/python3.10/site-packages:${PYTHONPATH} /usr/bin/python3 -W ignore:setup.py install is deprecated -W ignore:easy_install command is deprecated setup.py egg_info --egg-base ../../build/my_robot build --build-base /home/yahboom/Desktop/team_repo/Lab6/wallaa2/roscourse_sim_ws/build/my_robot/build install --record /home/yahboom/Desktop/team_repo/Lab6/wallaa2/roscourse_sim_ws/build/my_robot/install.log --single-version-externally-managed install_data
[1.326s] running egg_info
[1.326s] writing ../../build/my_robot/my_robot.egg-info/PKG-INFO
[1.327s] writing dependency_links to ../../build/my_robot/my_robot.egg-info/dependency_links.txt
[1.327s] writing entry points to ../../build/my_robot/my_robot.egg-info/entry_points.txt
[1.327s] writing requirements to ../../build/my_robot/my_robot.egg-info/requires.txt
[1.327s] writing top-level names to ../../build/my_robot/my_robot.egg-info/top_level.txt
[1.329s] reading manifest file '../../build/my_robot/my_robot.egg-info/SOURCES.txt'
[1.330s] writing manifest file '../../build/my_robot/my_robot.egg-info/SOURCES.txt'
[1.330s] running build
[1.330s] running build_py
[1.331s] running install
[1.331s] running install_lib
[1.332s] running install_data
[1.332s] running install_egg_info
[1.334s] removing '/home/yahboom/Desktop/team_repo/Lab6/wallaa2/roscourse_sim_ws/install/my_robot/lib/python3.10/site-packages/my_robot-0.0.0-py3.10.egg-info' (and everything under it)
[1.335s] Copying ../../build/my_robot/my_robot.egg-info to /home/yahboom/Desktop/team_repo/Lab6/wallaa2/roscourse_sim_ws/install/my_robot/lib/python3.10/site-packages/my_robot-0.0.0-py3.10.egg-info
[1.336s] running install_scripts
[1.359s] writing list of installed files to '/home/yahboom/Desktop/team_repo/Lab6/wallaa2/roscourse_sim_ws/build/my_robot/install.log'
[1.385s] Invoked command in '/home/yahboom/Desktop/team_repo/Lab6/wallaa2/roscourse_sim_ws/src/my_robot' returned '0': PYTHONPATH=/home/yahboom/Desktop/team_repo/Lab6/wallaa2/roscourse_sim_ws/build/my_robot/prefix_override:/usr/lib/python3/dist-packages/colcon_core/task/python/colcon_distutils_commands:/home/yahboom/Desktop/team_repo/Lab6/wallaa2/roscourse_sim_ws/install/my_robot/lib/python3.10/site-packages:${PYTHONPATH} /usr/bin/python3 -W ignore:setup.py install is deprecated -W ignore:easy_install command is deprecated setup.py egg_info --egg-base ../../build/my_robot build --build-base /home/yahboom/Desktop/team_repo/Lab6/wallaa2/roscourse_sim_ws/build/my_robot/build install --record /home/yahboom/Desktop/team_repo/Lab6/wallaa2/roscourse_sim_ws/build/my_robot/install.log --single-version-externally-managed install_data
