[0.117s] Invoking command in '/home/yahboom/S26_RobotProgramming_Eloquent_Elusor/Lab4/so/roscourse_ws/build/turtle_interfaces': CMAKE_PREFIX_PATH=${CMAKE_PREFIX_PATH}:/home/yahboom/cartoros2/install/yahboomcar_nav:/home/yahboom/cartoros2/install/yahboomcar_ctrl:/home/yahboom/cartoros2/install/yahboom_visual:/home/yahboom/cartoros2/install/yahboom_dog_joint_state:/home/yahboom/cartoros2/install/yahboom_description:/home/yahboom/cartoros2/install/yahboom_color_identify_server:/home/yahboom/cartoros2/install/yahboom_bringup:/home/yahboom/cartoros2/install/yahboom_base:/home/yahboom/cartoros2/install/yahboom_app_save_map:/home/yahboom/cartoros2/install/update_map:/home/yahboom/cartoros2/install/rosboard:/home/yahboom/cartoros2/install/path_planner_server:/home/yahboom/cartoros2/install/nav2_simple_commander:/home/yahboom/cartoros2/install/nav2_gazebo_spawner:/home/yahboom/cartoros2/install/localization_server:/home/yahboom/cartoros2/install/laserscan_to_point_pulisher:/home/yahboom/yahboomcar_ws/install/yahboom_dog_example:/opt/ros/humble /usr/bin/cmake --build /home/yahboom/S26_RobotProgramming_Eloquent_Elusor/Lab4/so/roscourse_ws/build/turtle_interfaces -- -j4 -l4
[0.924s] [  2%] Built target turtle_interfaces__cpp
[0.924s] [ 12%] Built target turtle_interfaces__rosidl_generator_c
[0.925s] [ 12%] Built target ament_cmake_python_copy_turtle_interfaces
[0.925s] [ 23%] Built target turtle_interfaces__rosidl_typesupport_cpp
[0.925s] [ 34%] Built target turtle_interfaces__rosidl_typesupport_introspection_cpp
[0.925s] [ 44%] Built target turtle_interfaces__rosidl_typesupport_fastrtps_cpp
[0.926s] [0mCMake Error: The current CMakeCache.txt directory /home/yahboom/S26_RobotProgramming_Eloquent_Elusor/Lab4/so/roscourse_ws/build/turtle_interfaces/CMakeCache.txt is different than the directory /home/yahboom/S26_RobotProgramming_Eloquent_Elusor/Lab3/so/roscourse_ws/build/turtle_interfaces where CMakeCache.txt was created. This may result in binaries being created in the wrong place. If you are not sure, reedit the CMakeCache.txt[0m
[0.974s] [ 55%] Built target turtle_interfaces__rosidl_typesupport_fastrtps_c
[1.057s] [ 65%] Built target turtle_interfaces__rosidl_typesupport_introspection_c
[1.091s] [ 76%] Built target turtle_interfaces__rosidl_typesupport_c
[1.232s] [ 76%] Built target turtle_interfaces
[1.337s] [ 78%] Built target turtle_interfaces__py
[1.489s] [ 87%] Built target turtle_interfaces__rosidl_generator_py
[1.735s] [ 91%] Built target turtle_interfaces__rosidl_typesupport_introspection_c__pyext
[1.736s] [ 95%] Built target turtle_interfaces__rosidl_typesupport_c__pyext
[1.753s] [100%] Built target turtle_interfaces__rosidl_typesupport_fastrtps_c__pyext
[1.778s] running egg_info
[1.781s] writing turtle_interfaces.egg-info/PKG-INFO
[1.782s] writing dependency_links to turtle_interfaces.egg-info/dependency_links.txt
[1.783s] writing top-level names to turtle_interfaces.egg-info/top_level.txt
[1.794s] reading manifest file 'turtle_interfaces.egg-info/SOURCES.txt'
[1.795s] writing manifest file 'turtle_interfaces.egg-info/SOURCES.txt'
[1.859s] [100%] Built target ament_cmake_python_build_turtle_interfaces_egg
[1.917s] Invoked command in '/home/yahboom/S26_RobotProgramming_Eloquent_Elusor/Lab4/so/roscourse_ws/build/turtle_interfaces' returned '0': CMAKE_PREFIX_PATH=${CMAKE_PREFIX_PATH}:/home/yahboom/cartoros2/install/yahboomcar_nav:/home/yahboom/cartoros2/install/yahboomcar_ctrl:/home/yahboom/cartoros2/install/yahboom_visual:/home/yahboom/cartoros2/install/yahboom_dog_joint_state:/home/yahboom/cartoros2/install/yahboom_description:/home/yahboom/cartoros2/install/yahboom_color_identify_server:/home/yahboom/cartoros2/install/yahboom_bringup:/home/yahboom/cartoros2/install/yahboom_base:/home/yahboom/cartoros2/install/yahboom_app_save_map:/home/yahboom/cartoros2/install/update_map:/home/yahboom/cartoros2/install/rosboard:/home/yahboom/cartoros2/install/path_planner_server:/home/yahboom/cartoros2/install/nav2_simple_commander:/home/yahboom/cartoros2/install/nav2_gazebo_spawner:/home/yahboom/cartoros2/install/localization_server:/home/yahboom/cartoros2/install/laserscan_to_point_pulisher:/home/yahboom/yahboomcar_ws/install/yahboom_dog_example:/opt/ros/humble /usr/bin/cmake --build /home/yahboom/S26_RobotProgramming_Eloquent_Elusor/Lab4/so/roscourse_ws/build/turtle_interfaces -- -j4 -l4
[2.722s] Invoking command in '/home/yahboom/S26_RobotProgramming_Eloquent_Elusor/Lab4/so/roscourse_ws/build/turtle_interfaces': CMAKE_PREFIX_PATH=${CMAKE_PREFIX_PATH}:/home/yahboom/cartoros2/install/yahboomcar_nav:/home/yahboom/cartoros2/install/yahboomcar_ctrl:/home/yahboom/cartoros2/install/yahboom_visual:/home/yahboom/cartoros2/install/yahboom_dog_joint_state:/home/yahboom/cartoros2/install/yahboom_description:/home/yahboom/cartoros2/install/yahboom_color_identify_server:/home/yahboom/cartoros2/install/yahboom_bringup:/home/yahboom/cartoros2/install/yahboom_base:/home/yahboom/cartoros2/install/yahboom_app_save_map:/home/yahboom/cartoros2/install/update_map:/home/yahboom/cartoros2/install/rosboard:/home/yahboom/cartoros2/install/path_planner_server:/home/yahboom/cartoros2/install/nav2_simple_commander:/home/yahboom/cartoros2/install/nav2_gazebo_spawner:/home/yahboom/cartoros2/install/localization_server:/home/yahboom/cartoros2/install/laserscan_to_point_pulisher:/home/yahboom/yahboomcar_ws/install/yahboom_dog_example:/opt/ros/humble /usr/bin/cmake --install /home/yahboom/S26_RobotProgramming_Eloquent_Elusor/Lab4/so/roscourse_ws/build/turtle_interfaces
[2.764s] -- Install configuration: ""
[2.764s] -- Up-to-date: /home/yahboom/S26_RobotProgramming_Eloquent_Elusor/Lab3/so/roscourse_ws/install/turtle_interfaces/share/ament_index/resource_index/rosidl_interfaces/turtle_interfaces
[2.767s] -- Up-to-date: /home/yahboom/S26_RobotProgramming_Eloquent_Elusor/Lab3/so/roscourse_ws/install/turtle_interfaces/include/turtle_interfaces/turtle_interfaces
[2.767s] -- Up-to-date: /home/yahboom/S26_RobotProgramming_Eloquent_Elusor/Lab3/so/roscourse_ws/install/turtle_interfaces/include/turtle_interfaces/turtle_interfaces/srv
[2.768s] -- Up-to-date: /home/yahboom/S26_RobotProgramming_Eloquent_Elusor/Lab3/so/roscourse_ws/install/turtle_interfaces/include/turtle_interfaces/turtle_interfaces/srv/detail
[2.769s] -- Up-to-date: /home/yahboom/S26_RobotProgramming_Eloquent_Elusor/Lab3/so/roscourse_ws/install/turtle_interfaces/include/turtle_interfaces/turtle_interfaces/srv/detail/set_color__type_support.h
[2.770s] -- Up-to-date: /home/yahboom/S26_RobotProgramming_Eloquent_Elusor/Lab3/so/roscourse_ws/install/turtle_interfaces/include/turtle_interfaces/turtle_interfaces/srv/detail/set_color__functions.h
[2.771s] -- Up-to-date: /home/yahboom/S26_RobotProgramming_Eloquent_Elusor/Lab3/so/roscourse_ws/install/turtle_interfaces/include/turtle_interfaces/turtle_interfaces/srv/detail/set_pose__functions.h
[2.772s] -- Up-to-date: /home/yahboom/S26_RobotProgramming_Eloquent_Elusor/Lab3/so/roscourse_ws/install/turtle_interfaces/include/turtle_interfaces/turtle_interfaces/srv/detail/set_color__functions.c
[2.772s] -- Up-to-date: /home/yahboom/S26_RobotProgramming_Eloquent_Elusor/Lab3/so/roscourse_ws/install/turtle_interfaces/include/turtle_interfaces/turtle_interfaces/srv/detail/set_pose__struct.h
[2.774s] -- Up-to-date: /home/yahboom/S26_RobotProgramming_Eloquent_Elusor/Lab3/so/roscourse_ws/install/turtle_interfaces/include/turtle_interfaces/turtle_interfaces/srv/detail/set_pose__type_support.h
[2.775s] -- Up-to-date: /home/yahboom/S26_RobotProgramming_Eloquent_Elusor/Lab3/so/roscourse_ws/install/turtle_interfaces/include/turtle_interfaces/turtle_interfaces/srv/detail/set_color__struct.h
[2.775s] -- Up-to-date: /home/yahboom/S26_RobotProgramming_Eloquent_Elusor/Lab3/so/roscourse_ws/install/turtle_interfaces/include/turtle_interfaces/turtle_interfaces/srv/detail/set_pose__functions.c
[2.779s] -- Up-to-date: /home/yahboom/S26_RobotProgramming_Eloquent_Elusor/Lab3/so/roscourse_ws/install/turtle_interfaces/include/turtle_interfaces/turtle_interfaces/srv/set_pose.h
[2.779s] -- Up-to-date: /home/yahboom/S26_RobotProgramming_Eloquent_Elusor/Lab3/so/roscourse_ws/install/turtle_interfaces/include/turtle_interfaces/turtle_interfaces/srv/set_color.h
[2.779s] -- Up-to-date: /home/yahboom/S26_RobotProgramming_Eloquent_Elusor/Lab3/so/roscourse_ws/install/turtle_interfaces/include/turtle_interfaces/turtle_interfaces/msg
[2.779s] -- Up-to-date: /home/yahboom/S26_RobotProgramming_Eloquent_Elusor/Lab3/so/roscourse_ws/install/turtle_interfaces/include/turtle_interfaces/turtle_interfaces/msg/detail
[2.779s] -- Up-to-date: /home/yahboom/S26_RobotProgramming_Eloquent_Elusor/Lab3/so/roscourse_ws/install/turtle_interfaces/include/turtle_interfaces/turtle_interfaces/msg/detail/turtle_msg__functions.c
[2.780s] -- Up-to-date: /home/yahboom/S26_RobotProgramming_Eloquent_Elusor/Lab3/so/roscourse_ws/install/turtle_interfaces/include/turtle_interfaces/turtle_interfaces/msg/detail/turtle_msg__type_support.h
[2.780s] -- Up-to-date: /home/yahboom/S26_RobotProgramming_Eloquent_Elusor/Lab3/so/roscourse_ws/install/turtle_interfaces/include/turtle_interfaces/turtle_interfaces/msg/detail/turtle_msg__functions.h
[2.780s] -- Up-to-date: /home/yahboom/S26_RobotProgramming_Eloquent_Elusor/Lab3/so/roscourse_ws/install/turtle_interfaces/include/turtle_interfaces/turtle_interfaces/msg/detail/turtle_msg__struct.h
[2.781s] -- Up-to-date: /home/yahboom/S26_RobotProgramming_Eloquent_Elusor/Lab3/so/roscourse_ws/install/turtle_interfaces/include/turtle_interfaces/turtle_interfaces/msg/turtle_msg.h
[2.781s] -- Up-to-date: /home/yahboom/S26_RobotProgramming_Eloquent_Elusor/Lab3/so/roscourse_ws/install/turtle_interfaces/include/turtle_interfaces/turtle_interfaces/msg/rosidl_generator_c__visibility_control.h
[2.782s] -- Up-to-date: /home/yahboom/S26_RobotProgramming_Eloquent_Elusor/Lab3/so/roscourse_ws/install/turtle_interfaces/share/turtle_interfaces/environment/library_path.sh
[2.783s] -- Up-to-date: /home/yahboom/S26_RobotProgramming_Eloquent_Elusor/Lab3/so/roscourse_ws/install/turtle_interfaces/share/turtle_interfaces/environment/library_path.dsv
[2.788s] -- Up-to-date: /home/yahboom/S26_RobotProgramming_Eloquent_Elusor/Lab3/so/roscourse_ws/install/turtle_interfaces/lib/libturtle_interfaces__rosidl_generator_c.so
[2.790s] -- Up-to-date: /home/yahboom/S26_RobotProgramming_Eloquent_Elusor/Lab3/so/roscourse_ws/install/turtle_interfaces/include/turtle_interfaces/turtle_interfaces
[2.791s] -- Up-to-date: /home/yahboom/S26_RobotProgramming_Eloquent_Elusor/Lab3/so/roscourse_ws/install/turtle_interfaces/include/turtle_interfaces/turtle_interfaces/srv
[2.791s] -- Up-to-date: /home/yahboom/S26_RobotProgramming_Eloquent_Elusor/Lab3/so/roscourse_ws/install/turtle_interfaces/include/turtle_interfaces/turtle_interfaces/srv/detail
[2.792s] -- Up-to-date: /home/yahboom/S26_RobotProgramming_Eloquent_Elusor/Lab3/so/roscourse_ws/install/turtle_interfaces/include/turtle_interfaces/turtle_interfaces/srv/detail/set_color__rosidl_typesupport_fastrtps_c.h
[2.793s] -- Up-to-date: /home/yahboom/S26_RobotProgramming_Eloquent_Elusor/Lab3/so/roscourse_ws/install/turtle_interfaces/include/turtle_interfaces/turtle_interfaces/srv/detail/set_pose__rosidl_typesupport_fastrtps_c.h
[2.793s] -- Up-to-date: /home/yahboom/S26_RobotProgramming_Eloquent_Elusor/Lab3/so/roscourse_ws/install/turtle_interfaces/include/turtle_interfaces/turtle_interfaces/msg
[2.794s] -- Up-to-date: /home/yahboom/S26_RobotProgramming_Eloquent_Elusor/Lab3/so/roscourse_ws/install/turtle_interfaces/include/turtle_interfaces/turtle_interfaces/msg/detail
[2.794s] -- Up-to-date: /home/yahboom/S26_RobotProgramming_Eloquent_Elusor/Lab3/so/roscourse_ws/install/turtle_interfaces/include/turtle_interfaces/turtle_interfaces/msg/detail/turtle_msg__rosidl_typesupport_fastrtps_c.h
[2.795s] -- Up-to-date: /home/yahboom/S26_RobotProgramming_Eloquent_Elusor/Lab3/so/roscourse_ws/install/turtle_interfaces/include/turtle_interfaces/turtle_interfaces/msg/rosidl_typesupport_fastrtps_c__visibility_control.h
[2.799s] -- Up-to-date: /home/yahboom/S26_RobotProgramming_Eloquent_Elusor/Lab3/so/roscourse_ws/install/turtle_interfaces/lib/libturtle_interfaces__rosidl_typesupport_fastrtps_c.so
[2.799s] -- Up-to-date: /home/yahboom/S26_RobotProgramming_Eloquent_Elusor/Lab3/so/roscourse_ws/install/turtle_interfaces/include/turtle_interfaces/turtle_interfaces
[2.800s] -- Up-to-date: /home/yahboom/S26_RobotProgramming_Eloquent_Elusor/Lab3/so/roscourse_ws/install/turtle_interfaces/include/turtle_interfaces/turtle_interfaces/srv
[2.801s] -- Up-to-date: /home/yahboom/S26_RobotProgramming_Eloquent_Elusor/Lab3/so/roscourse_ws/install/turtle_interfaces/include/turtle_interfaces/turtle_interfaces/srv/set_pose.hpp
[2.801s] -- Up-to-date: /home/yahboom/S26_RobotProgramming_Eloquent_Elusor/Lab3/so/roscourse_ws/install/turtle_interfaces/include/turtle_interfaces/turtle_interfaces/srv/detail
[2.802s] -- Up-to-date: /home/yahboom/S26_RobotProgramming_Eloquent_Elusor/Lab3/so/roscourse_ws/install/turtle_interfaces/include/turtle_interfaces/turtle_interfaces/srv/detail/set_color__struct.hpp
[2.802s] -- Up-to-date: /home/yahboom/S26_RobotProgramming_Eloquent_Elusor/Lab3/so/roscourse_ws/install/turtle_interfaces/include/turtle_interfaces/turtle_interfaces/srv/detail/set_color__builder.hpp
[2.802s] -- Up-to-date: /home/yahboom/S26_RobotProgramming_Eloquent_Elusor/Lab3/so/roscourse_ws/install/turtle_interfaces/include/turtle_interfaces/turtle_interfaces/srv/detail/set_pose__traits.hpp
[2.802s] -- Up-to-date: /home/yahboom/S26_RobotProgramming_Eloquent_Elusor/Lab3/so/roscourse_ws/install/turtle_interfaces/include/turtle_interfaces/turtle_interfaces/srv/detail/set_color__traits.hpp
[2.803s] -- Up-to-date: /home/yahboom/S26_RobotProgramming_Eloquent_Elusor/Lab3/so/roscourse_ws/install/turtle_interfaces/include/turtle_interfaces/turtle_interfaces/srv/detail/set_pose__builder.hpp
[2.803s] -- Up-to-date: /home/yahboom/S26_RobotProgramming_Eloquent_Elusor/Lab3/so/roscourse_ws/install/turtle_interfaces/include/turtle_interfaces/turtle_interfaces/srv/detail/set_pose__struct.hpp
[2.803s] -- Up-to-date: /home/yahboom/S26_RobotProgramming_Eloquent_Elusor/Lab3/so/roscourse_ws/install/turtle_interfaces/include/turtle_interfaces/turtle_interfaces/srv/set_color.hpp
[2.803s] -- Up-to-date: /home/yahboom/S26_RobotProgramming_Eloquent_Elusor/Lab3/so/roscourse_ws/install/turtle_interfaces/include/turtle_interfaces/turtle_interfaces/msg
[2.804s] -- Up-to-date: /home/yahboom/S26_RobotProgramming_Eloquent_Elusor/Lab3/so/roscourse_ws/install/turtle_interfaces/include/turtle_interfaces/turtle_interfaces/msg/detail
[2.804s] -- Up-to-date: /home/yahboom/S26_RobotProgramming_Eloquent_Elusor/Lab3/so/roscourse_ws/install/turtle_interfaces/include/turtle_interfaces/turtle_interfaces/msg/detail/turtle_msg__traits.hpp
[2.805s] -- Up-to-date: /home/yahboom/S26_RobotProgramming_Eloquent_Elusor/Lab3/so/roscourse_ws/install/turtle_interfaces/include/turtle_interfaces/turtle_interfaces/msg/detail/turtle_msg__struct.hpp
[2.805s] -- Up-to-date: /home/yahboom/S26_RobotProgramming_Eloquent_Elusor/Lab3/so/roscourse_ws/install/turtle_interfaces/include/turtle_interfaces/turtle_interfaces/msg/detail/turtle_msg__builder.hpp
[2.805s] -- Up-to-date: /home/yahboom/S26_RobotProgramming_Eloquent_Elusor/Lab3/so/roscourse_ws/install/turtle_interfaces/include/turtle_interfaces/turtle_interfaces/msg/turtle_msg.hpp
[2.805s] -- Up-to-date: /home/yahboom/S26_RobotProgramming_Eloquent_Elusor/Lab3/so/roscourse_ws/install/turtle_interfaces/include/turtle_interfaces/turtle_interfaces
[2.806s] -- Up-to-date: /home/yahboom/S26_RobotProgramming_Eloquent_Elusor/Lab3/so/roscourse_ws/install/turtle_interfaces/include/turtle_interfaces/turtle_interfaces/srv
[2.807s] -- Up-to-date: /home/yahboom/S26_RobotProgramming_Eloquent_Elusor/Lab3/so/roscourse_ws/install/turtle_interfaces/include/turtle_interfaces/turtle_interfaces/srv/detail
[2.808s] -- Up-to-date: /home/yahboom/S26_RobotProgramming_Eloquent_Elusor/Lab3/so/roscourse_ws/install/turtle_interfaces/include/turtle_interfaces/turtle_interfaces/srv/detail/set_color__rosidl_typesupport_fastrtps_cpp.hpp
[2.808s] -- Up-to-date: /home/yahboom/S26_RobotProgramming_Eloquent_Elusor/Lab3/so/roscourse_ws/install/turtle_interfaces/include/turtle_interfaces/turtle_interfaces/srv/detail/set_pose__rosidl_typesupport_fastrtps_cpp.hpp
[2.808s] -- Up-to-date: /home/yahboom/S26_RobotProgramming_Eloquent_Elusor/Lab3/so/roscourse_ws/install/turtle_interfaces/include/turtle_interfaces/turtle_interfaces/srv/detail/dds_fastrtps
[2.809s] -- Up-to-date: /home/yahboom/S26_RobotProgramming_Eloquent_Elusor/Lab3/so/roscourse_ws/install/turtle_interfaces/include/turtle_interfaces/turtle_interfaces/msg
[2.810s] -- Up-to-date: /home/yahboom/S26_RobotProgramming_Eloquent_Elusor/Lab3/so/roscourse_ws/install/turtle_interfaces/include/turtle_interfaces/turtle_interfaces/msg/detail
[2.810s] -- Up-to-date: /home/yahboom/S26_RobotProgramming_Eloquent_Elusor/Lab3/so/roscourse_ws/install/turtle_interfaces/include/turtle_interfaces/turtle_interfaces/msg/detail/turtle_msg__rosidl_typesupport_fastrtps_cpp.hpp
[2.810s] -- Up-to-date: /home/yahboom/S26_RobotProgramming_Eloquent_Elusor/Lab3/so/roscourse_ws/install/turtle_interfaces/include/turtle_interfaces/turtle_interfaces/msg/detail/dds_fastrtps
[2.812s] -- Up-to-date: /home/yahboom/S26_RobotProgramming_Eloquent_Elusor/Lab3/so/roscourse_ws/install/turtle_interfaces/include/turtle_interfaces/turtle_interfaces/msg/rosidl_typesupport_fastrtps_cpp__visibility_control.h
[2.814s] -- Up-to-date: /home/yahboom/S26_RobotProgramming_Eloquent_Elusor/Lab3/so/roscourse_ws/install/turtle_interfaces/lib/libturtle_interfaces__rosidl_typesupport_fastrtps_cpp.so
[2.816s] -- Up-to-date: /home/yahboom/S26_RobotProgramming_Eloquent_Elusor/Lab3/so/roscourse_ws/install/turtle_interfaces/include/turtle_interfaces/turtle_interfaces
[2.817s] -- Up-to-date: /home/yahboom/S26_RobotProgramming_Eloquent_Elusor/Lab3/so/roscourse_ws/install/turtle_interfaces/include/turtle_interfaces/turtle_interfaces/srv
[2.818s] -- Up-to-date: /home/yahboom/S26_RobotProgramming_Eloquent_Elusor/Lab3/so/roscourse_ws/install/turtle_interfaces/include/turtle_interfaces/turtle_interfaces/srv/detail
[2.819s] -- Up-to-date: /home/yahboom/S26_RobotProgramming_Eloquent_Elusor/Lab3/so/roscourse_ws/install/turtle_interfaces/include/turtle_interfaces/turtle_interfaces/srv/detail/set_color__type_support.c
[2.819s] -- Up-to-date: /home/yahboom/S26_RobotProgramming_Eloquent_Elusor/Lab3/so/roscourse_ws/install/turtle_interfaces/include/turtle_interfaces/turtle_interfaces/srv/detail/set_pose__rosidl_typesupport_introspection_c.h
[2.819s] -- Up-to-date: /home/yahboom/S26_RobotProgramming_Eloquent_Elusor/Lab3/so/roscourse_ws/install/turtle_interfaces/include/turtle_interfaces/turtle_interfaces/srv/detail/set_pose__type_support.c
[2.819s] -- Up-to-date: /home/yahboom/S26_RobotProgramming_Eloquent_Elusor/Lab3/so/roscourse_ws/install/turtle_interfaces/include/turtle_interfaces/turtle_interfaces/srv/detail/set_color__rosidl_typesupport_introspection_c.h
[2.819s] -- Up-to-date: /home/yahboom/S26_RobotProgramming_Eloquent_Elusor/Lab3/so/roscourse_ws/install/turtle_interfaces/include/turtle_interfaces/turtle_interfaces/msg
[2.819s] -- Up-to-date: /home/yahboom/S26_RobotProgramming_Eloquent_Elusor/Lab3/so/roscourse_ws/install/turtle_interfaces/include/turtle_interfaces/turtle_interfaces/msg/detail
[2.819s] -- Up-to-date: /home/yahboom/S26_RobotProgramming_Eloquent_Elusor/Lab3/so/roscourse_ws/install/turtle_interfaces/include/turtle_interfaces/turtle_interfaces/msg/detail/turtle_msg__rosidl_typesupport_introspection_c.h
[2.820s] -- Up-to-date: /home/yahboom/S26_RobotProgramming_Eloquent_Elusor/Lab3/so/roscourse_ws/install/turtle_interfaces/include/turtle_interfaces/turtle_interfaces/msg/detail/turtle_msg__type_support.c
[2.820s] -- Up-to-date: /home/yahboom/S26_RobotProgramming_Eloquent_Elusor/Lab3/so/roscourse_ws/install/turtle_interfaces/include/turtle_interfaces/turtle_interfaces/msg/rosidl_typesupport_introspection_c__visibility_control.h
[2.823s] -- Up-to-date: /home/yahboom/S26_RobotProgramming_Eloquent_Elusor/Lab3/so/roscourse_ws/install/turtle_interfaces/lib/libturtle_interfaces__rosidl_typesupport_introspection_c.so
[2.827s] -- Up-to-date: /home/yahboom/S26_RobotProgramming_Eloquent_Elusor/Lab3/so/roscourse_ws/install/turtle_interfaces/lib/libturtle_interfaces__rosidl_typesupport_c.so
[2.827s] -- Up-to-date: /home/yahboom/S26_RobotProgramming_Eloquent_Elusor/Lab3/so/roscourse_ws/install/turtle_interfaces/include/turtle_interfaces/turtle_interfaces
[2.828s] -- Up-to-date: /home/yahboom/S26_RobotProgramming_Eloquent_Elusor/Lab3/so/roscourse_ws/install/turtle_interfaces/include/turtle_interfaces/turtle_interfaces/srv
[2.828s] -- Up-to-date: /home/yahboom/S26_RobotProgramming_Eloquent_Elusor/Lab3/so/roscourse_ws/install/turtle_interfaces/include/turtle_interfaces/turtle_interfaces/srv/detail
[2.829s] -- Up-to-date: /home/yahboom/S26_RobotProgramming_Eloquent_Elusor/Lab3/so/roscourse_ws/install/turtle_interfaces/include/turtle_interfaces/turtle_interfaces/srv/detail/set_color__type_support.cpp
[2.830s] -- Up-to-date: /home/yahboom/S26_RobotProgramming_Eloquent_Elusor/Lab3/so/roscourse_ws/install/turtle_interfaces/include/turtle_interfaces/turtle_interfaces/srv/detail/set_pose__rosidl_typesupport_introspection_cpp.hpp
[2.830s] -- Up-to-date: /home/yahboom/S26_RobotProgramming_Eloquent_Elusor/Lab3/so/roscourse_ws/install/turtle_interfaces/include/turtle_interfaces/turtle_interfaces/srv/detail/set_pose__type_support.cpp
[2.830s] -- Up-to-date: /home/yahboom/S26_RobotProgramming_Eloquent_Elusor/Lab3/so/roscourse_ws/install/turtle_interfaces/include/turtle_interfaces/turtle_interfaces/srv/detail/set_color__rosidl_typesupport_introspection_cpp.hpp
[2.830s] -- Up-to-date: /home/yahboom/S26_RobotProgramming_Eloquent_Elusor/Lab3/so/roscourse_ws/install/turtle_interfaces/include/turtle_interfaces/turtle_interfaces/msg
[2.831s] -- Up-to-date: /home/yahboom/S26_RobotProgramming_Eloquent_Elusor/Lab3/so/roscourse_ws/install/turtle_interfaces/include/turtle_interfaces/turtle_interfaces/msg/detail
[2.831s] -- Up-to-date: /home/yahboom/S26_RobotProgramming_Eloquent_Elusor/Lab3/so/roscourse_ws/install/turtle_interfaces/include/turtle_interfaces/turtle_interfaces/msg/detail/turtle_msg__type_support.cpp
[2.831s] -- Up-to-date: /home/yahboom/S26_RobotProgramming_Eloquent_Elusor/Lab3/so/roscourse_ws/install/turtle_interfaces/include/turtle_interfaces/turtle_interfaces/msg/detail/turtle_msg__rosidl_typesupport_introspection_cpp.hpp
[2.834s] -- Up-to-date: /home/yahboom/S26_RobotProgramming_Eloquent_Elusor/Lab3/so/roscourse_ws/install/turtle_interfaces/lib/libturtle_interfaces__rosidl_typesupport_introspection_cpp.so
[2.837s] -- Up-to-date: /home/yahboom/S26_RobotProgramming_Eloquent_Elusor/Lab3/so/roscourse_ws/install/turtle_interfaces/lib/libturtle_interfaces__rosidl_typesupport_cpp.so
[2.838s] -- Up-to-date: /home/yahboom/S26_RobotProgramming_Eloquent_Elusor/Lab3/so/roscourse_ws/install/turtle_interfaces/share/turtle_interfaces/environment/pythonpath.sh
[2.838s] -- Up-to-date: /home/yahboom/S26_RobotProgramming_Eloquent_Elusor/Lab3/so/roscourse_ws/install/turtle_interfaces/share/turtle_interfaces/environment/pythonpath.dsv
[2.838s] -- Up-to-date: /home/yahboom/S26_RobotProgramming_Eloquent_Elusor/Lab3/so/roscourse_ws/install/turtle_interfaces/local/lib/python3.10/dist-packages/turtle_interfaces-0.0.0-py3.10.egg-info
[2.839s] -- Installing: /home/yahboom/S26_RobotProgramming_Eloquent_Elusor/Lab3/so/roscourse_ws/install/turtle_interfaces/local/lib/python3.10/dist-packages/turtle_interfaces-0.0.0-py3.10.egg-info/top_level.txt
[2.843s] -- Installing: /home/yahboom/S26_RobotProgramming_Eloquent_Elusor/Lab3/so/roscourse_ws/install/turtle_interfaces/local/lib/python3.10/dist-packages/turtle_interfaces-0.0.0-py3.10.egg-info/PKG-INFO
[2.844s] -- Installing: /home/yahboom/S26_RobotProgramming_Eloquent_Elusor/Lab3/so/roscourse_ws/install/turtle_interfaces/local/lib/python3.10/dist-packages/turtle_interfaces-0.0.0-py3.10.egg-info/dependency_links.txt
[2.846s] -- Installing: /home/yahboom/S26_RobotProgramming_Eloquent_Elusor/Lab3/so/roscourse_ws/install/turtle_interfaces/local/lib/python3.10/dist-packages/turtle_interfaces-0.0.0-py3.10.egg-info/SOURCES.txt
[2.847s] -- Up-to-date: /home/yahboom/S26_RobotProgramming_Eloquent_Elusor/Lab3/so/roscourse_ws/install/turtle_interfaces/local/lib/python3.10/dist-packages/turtle_interfaces
[2.847s] -- Up-to-date: /home/yahboom/S26_RobotProgramming_Eloquent_Elusor/Lab3/so/roscourse_ws/install/turtle_interfaces/local/lib/python3.10/dist-packages/turtle_interfaces/libturtle_interfaces__rosidl_generator_py.so
[2.851s] -- Up-to-date: /home/yahboom/S26_RobotProgramming_Eloquent_Elusor/Lab3/so/roscourse_ws/install/turtle_interfaces/local/lib/python3.10/dist-packages/turtle_interfaces/_turtle_interfaces_s.ep.rosidl_typesupport_c.c
[2.851s] -- Up-to-date: /home/yahboom/S26_RobotProgramming_Eloquent_Elusor/Lab3/so/roscourse_ws/install/turtle_interfaces/local/lib/python3.10/dist-packages/turtle_interfaces/srv
[2.851s] -- Up-to-date: /home/yahboom/S26_RobotProgramming_Eloquent_Elusor/Lab3/so/roscourse_ws/install/turtle_interfaces/local/lib/python3.10/dist-packages/turtle_interfaces/srv/_set_color.py
[2.851s] -- Up-to-date: /home/yahboom/S26_RobotProgramming_Eloquent_Elusor/Lab3/so/roscourse_ws/install/turtle_interfaces/local/lib/python3.10/dist-packages/turtle_interfaces/srv/_set_pose_s.c
[2.852s] -- Up-to-date: /home/yahboom/S26_RobotProgramming_Eloquent_Elusor/Lab3/so/roscourse_ws/install/turtle_interfaces/local/lib/python3.10/dist-packages/turtle_interfaces/srv/__init__.py
[2.852s] -- Up-to-date: /home/yahboom/S26_RobotProgramming_Eloquent_Elusor/Lab3/so/roscourse_ws/install/turtle_interfaces/local/lib/python3.10/dist-packages/turtle_interfaces/srv/_set_color_s.c
[2.852s] -- Up-to-date: /home/yahboom/S26_RobotProgramming_Eloquent_Elusor/Lab3/so/roscourse_ws/install/turtle_interfaces/local/lib/python3.10/dist-packages/turtle_interfaces/srv/_set_pose.py
[2.852s] -- Up-to-date: /home/yahboom/S26_RobotProgramming_Eloquent_Elusor/Lab3/so/roscourse_ws/install/turtle_interfaces/local/lib/python3.10/dist-packages/turtle_interfaces/turtle_interfaces_s__rosidl_typesupport_introspection_c.cpython-310-x86_64-linux-gnu.so
[2.852s] -- Up-to-date: /home/yahboom/S26_RobotProgramming_Eloquent_Elusor/Lab3/so/roscourse_ws/install/turtle_interfaces/local/lib/python3.10/dist-packages/turtle_interfaces/__init__.py
[2.852s] -- Up-to-date: /home/yahboom/S26_RobotProgramming_Eloquent_Elusor/Lab3/so/roscourse_ws/install/turtle_interfaces/local/lib/python3.10/dist-packages/turtle_interfaces/turtle_interfaces_s__rosidl_typesupport_fastrtps_c.cpython-310-x86_64-linux-gnu.so
[2.853s] -- Up-to-date: /home/yahboom/S26_RobotProgramming_Eloquent_Elusor/Lab3/so/roscourse_ws/install/turtle_interfaces/local/lib/python3.10/dist-packages/turtle_interfaces/_turtle_interfaces_s.ep.rosidl_typesupport_introspection_c.c
[2.853s] -- Up-to-date: /home/yahboom/S26_RobotProgramming_Eloquent_Elusor/Lab3/so/roscourse_ws/install/turtle_interfaces/local/lib/python3.10/dist-packages/turtle_interfaces/msg
[2.853s] -- Up-to-date: /home/yahboom/S26_RobotProgramming_Eloquent_Elusor/Lab3/so/roscourse_ws/install/turtle_interfaces/local/lib/python3.10/dist-packages/turtle_interfaces/msg/_turtle_msg.py
[2.853s] -- Up-to-date: /home/yahboom/S26_RobotProgramming_Eloquent_Elusor/Lab3/so/roscourse_ws/install/turtle_interfaces/local/lib/python3.10/dist-packages/turtle_interfaces/msg/__init__.py
[2.853s] -- Up-to-date: /home/yahboom/S26_RobotProgramming_Eloquent_Elusor/Lab3/so/roscourse_ws/install/turtle_interfaces/local/lib/python3.10/dist-packages/turtle_interfaces/msg/_turtle_msg_s.c
[2.853s] -- Up-to-date: /home/yahboom/S26_RobotProgramming_Eloquent_Elusor/Lab3/so/roscourse_ws/install/turtle_interfaces/local/lib/python3.10/dist-packages/turtle_interfaces/turtle_interfaces_s__rosidl_typesupport_c.cpython-310-x86_64-linux-gnu.so
[2.855s] -- Up-to-date: /home/yahboom/S26_RobotProgramming_Eloquent_Elusor/Lab3/so/roscourse_ws/install/turtle_interfaces/local/lib/python3.10/dist-packages/turtle_interfaces/_turtle_interfaces_s.ep.rosidl_typesupport_fastrtps_c.c
[2.997s] Listing '/home/yahboom/S26_RobotProgramming_Eloquent_Elusor/Lab3/so/roscourse_ws/install/turtle_interfaces/local/lib/python3.10/dist-packages/turtle_interfaces'...
[2.997s] Listing '/home/yahboom/S26_RobotProgramming_Eloquent_Elusor/Lab3/so/roscourse_ws/install/turtle_interfaces/local/lib/python3.10/dist-packages/turtle_interfaces/msg'...
[2.997s] Listing '/home/yahboom/S26_RobotProgramming_Eloquent_Elusor/Lab3/so/roscourse_ws/install/turtle_interfaces/local/lib/python3.10/dist-packages/turtle_interfaces/srv'...
[3.007s] -- Up-to-date: /home/yahboom/S26_RobotProgramming_Eloquent_Elusor/Lab3/so/roscourse_ws/install/turtle_interfaces/local/lib/python3.10/dist-packages/turtle_interfaces/turtle_interfaces_s__rosidl_typesupport_fastrtps_c.cpython-310-x86_64-linux-gnu.so
[3.011s] -- Up-to-date: /home/yahboom/S26_RobotProgramming_Eloquent_Elusor/Lab3/so/roscourse_ws/install/turtle_interfaces/local/lib/python3.10/dist-packages/turtle_interfaces/turtle_interfaces_s__rosidl_typesupport_introspection_c.cpython-310-x86_64-linux-gnu.so
[3.013s] -- Up-to-date: /home/yahboom/S26_RobotProgramming_Eloquent_Elusor/Lab3/so/roscourse_ws/install/turtle_interfaces/local/lib/python3.10/dist-packages/turtle_interfaces/turtle_interfaces_s__rosidl_typesupport_c.cpython-310-x86_64-linux-gnu.so
[3.017s] -- Up-to-date: /home/yahboom/S26_RobotProgramming_Eloquent_Elusor/Lab3/so/roscourse_ws/install/turtle_interfaces/lib/libturtle_interfaces__rosidl_generator_py.so
[3.018s] -- Up-to-date: /home/yahboom/S26_RobotProgramming_Eloquent_Elusor/Lab3/so/roscourse_ws/install/turtle_interfaces/share/turtle_interfaces/msg/TurtleMsg.idl
[3.019s] -- Up-to-date: /home/yahboom/S26_RobotProgramming_Eloquent_Elusor/Lab3/so/roscourse_ws/install/turtle_interfaces/share/turtle_interfaces/srv/SetPose.idl
[3.019s] -- Up-to-date: /home/yahboom/S26_RobotProgramming_Eloquent_Elusor/Lab3/so/roscourse_ws/install/turtle_interfaces/share/turtle_interfaces/srv/SetColor.idl
[3.020s] -- Up-to-date: /home/yahboom/S26_RobotProgramming_Eloquent_Elusor/Lab3/so/roscourse_ws/install/turtle_interfaces/share/turtle_interfaces/msg/TurtleMsg.msg
[3.020s] -- Up-to-date: /home/yahboom/S26_RobotProgramming_Eloquent_Elusor/Lab3/so/roscourse_ws/install/turtle_interfaces/share/turtle_interfaces/srv/SetPose.srv
[3.021s] -- Up-to-date: /home/yahboom/S26_RobotProgramming_Eloquent_Elusor/Lab3/so/roscourse_ws/install/turtle_interfaces/share/turtle_interfaces/srv/SetPose_Request.msg
[3.021s] -- Up-to-date: /home/yahboom/S26_RobotProgramming_Eloquent_Elusor/Lab3/so/roscourse_ws/install/turtle_interfaces/share/turtle_interfaces/srv/SetPose_Response.msg
[3.021s] -- Up-to-date: /home/yahboom/S26_RobotProgramming_Eloquent_Elusor/Lab3/so/roscourse_ws/install/turtle_interfaces/share/turtle_interfaces/srv/SetColor.srv
[3.022s] -- Up-to-date: /home/yahboom/S26_RobotProgramming_Eloquent_Elusor/Lab3/so/roscourse_ws/install/turtle_interfaces/share/turtle_interfaces/srv/SetColor_Request.msg
[3.022s] -- Up-to-date: /home/yahboom/S26_RobotProgramming_Eloquent_Elusor/Lab3/so/roscourse_ws/install/turtle_interfaces/share/turtle_interfaces/srv/SetColor_Response.msg
[3.022s] -- Up-to-date: /home/yahboom/S26_RobotProgramming_Eloquent_Elusor/Lab3/so/roscourse_ws/install/turtle_interfaces/share/ament_index/resource_index/package_run_dependencies/turtle_interfaces
[3.024s] -- Up-to-date: /home/yahboom/S26_RobotProgramming_Eloquent_Elusor/Lab3/so/roscourse_ws/install/turtle_interfaces/share/ament_index/resource_index/parent_prefix_path/turtle_interfaces
[3.024s] -- Up-to-date: /home/yahboom/S26_RobotProgramming_Eloquent_Elusor/Lab3/so/roscourse_ws/install/turtle_interfaces/share/turtle_interfaces/environment/ament_prefix_path.sh
[3.024s] -- Up-to-date: /home/yahboom/S26_RobotProgramming_Eloquent_Elusor/Lab3/so/roscourse_ws/install/turtle_interfaces/share/turtle_interfaces/environment/ament_prefix_path.dsv
[3.025s] -- Up-to-date: /home/yahboom/S26_RobotProgramming_Eloquent_Elusor/Lab3/so/roscourse_ws/install/turtle_interfaces/share/turtle_interfaces/environment/path.sh
[3.025s] -- Up-to-date: /home/yahboom/S26_RobotProgramming_Eloquent_Elusor/Lab3/so/roscourse_ws/install/turtle_interfaces/share/turtle_interfaces/environment/path.dsv
[3.025s] -- Up-to-date: /home/yahboom/S26_RobotProgramming_Eloquent_Elusor/Lab3/so/roscourse_ws/install/turtle_interfaces/share/turtle_interfaces/local_setup.bash
[3.025s] -- Up-to-date: /home/yahboom/S26_RobotProgramming_Eloquent_Elusor/Lab3/so/roscourse_ws/install/turtle_interfaces/share/turtle_interfaces/local_setup.sh
[3.028s] -- Up-to-date: /home/yahboom/S26_RobotProgramming_Eloquent_Elusor/Lab3/so/roscourse_ws/install/turtle_interfaces/share/turtle_interfaces/local_setup.zsh
[3.028s] -- Up-to-date: /home/yahboom/S26_RobotProgramming_Eloquent_Elusor/Lab3/so/roscourse_ws/install/turtle_interfaces/share/turtle_interfaces/local_setup.dsv
[3.028s] -- Installing: /home/yahboom/S26_RobotProgramming_Eloquent_Elusor/Lab3/so/roscourse_ws/install/turtle_interfaces/share/turtle_interfaces/package.dsv
[3.036s] -- Up-to-date: /home/yahboom/S26_RobotProgramming_Eloquent_Elusor/Lab3/so/roscourse_ws/install/turtle_interfaces/share/ament_index/resource_index/packages/turtle_interfaces
[3.038s] -- Up-to-date: /home/yahboom/S26_RobotProgramming_Eloquent_Elusor/Lab3/so/roscourse_ws/install/turtle_interfaces/share/turtle_interfaces/cmake/export_turtle_interfaces__rosidl_generator_cExport.cmake
[3.039s] -- Up-to-date: /home/yahboom/S26_RobotProgramming_Eloquent_Elusor/Lab3/so/roscourse_ws/install/turtle_interfaces/share/turtle_interfaces/cmake/export_turtle_interfaces__rosidl_generator_cExport-noconfig.cmake
[3.040s] -- Up-to-date: /home/yahboom/S26_RobotProgramming_Eloquent_Elusor/Lab3/so/roscourse_ws/install/turtle_interfaces/share/turtle_interfaces/cmake/export_turtle_interfaces__rosidl_typesupport_fastrtps_cExport.cmake
[3.041s] -- Up-to-date: /home/yahboom/S26_RobotProgramming_Eloquent_Elusor/Lab3/so/roscourse_ws/install/turtle_interfaces/share/turtle_interfaces/cmake/export_turtle_interfaces__rosidl_typesupport_fastrtps_cExport-noconfig.cmake
[3.042s] -- Up-to-date: /home/yahboom/S26_RobotProgramming_Eloquent_Elusor/Lab3/so/roscourse_ws/install/turtle_interfaces/share/turtle_interfaces/cmake/export_turtle_interfaces__rosidl_generator_cppExport.cmake
[3.043s] -- Up-to-date: /home/yahboom/S26_RobotProgramming_Eloquent_Elusor/Lab3/so/roscourse_ws/install/turtle_interfaces/share/turtle_interfaces/cmake/export_turtle_interfaces__rosidl_typesupport_fastrtps_cppExport.cmake
[3.046s] -- Up-to-date: /home/yahboom/S26_RobotProgramming_Eloquent_Elusor/Lab3/so/roscourse_ws/install/turtle_interfaces/share/turtle_interfaces/cmake/export_turtle_interfaces__rosidl_typesupport_fastrtps_cppExport-noconfig.cmake
[3.047s] -- Up-to-date: /home/yahboom/S26_RobotProgramming_Eloquent_Elusor/Lab3/so/roscourse_ws/install/turtle_interfaces/share/turtle_interfaces/cmake/turtle_interfaces__rosidl_typesupport_introspection_cExport.cmake
[3.048s] -- Up-to-date: /home/yahboom/S26_RobotProgramming_Eloquent_Elusor/Lab3/so/roscourse_ws/install/turtle_interfaces/share/turtle_interfaces/cmake/turtle_interfaces__rosidl_typesupport_introspection_cExport-noconfig.cmake
[3.054s] -- Up-to-date: /home/yahboom/S26_RobotProgramming_Eloquent_Elusor/Lab3/so/roscourse_ws/install/turtle_interfaces/share/turtle_interfaces/cmake/turtle_interfaces__rosidl_typesupport_cExport.cmake
[3.055s] -- Up-to-date: /home/yahboom/S26_RobotProgramming_Eloquent_Elusor/Lab3/so/roscourse_ws/install/turtle_interfaces/share/turtle_interfaces/cmake/turtle_interfaces__rosidl_typesupport_cExport-noconfig.cmake
[3.057s] -- Up-to-date: /home/yahboom/S26_RobotProgramming_Eloquent_Elusor/Lab3/so/roscourse_ws/install/turtle_interfaces/share/turtle_interfaces/cmake/turtle_interfaces__rosidl_typesupport_introspection_cppExport.cmake
[3.058s] -- Up-to-date: /home/yahboom/S26_RobotProgramming_Eloquent_Elusor/Lab3/so/roscourse_ws/install/turtle_interfaces/share/turtle_interfaces/cmake/turtle_interfaces__rosidl_typesupport_introspection_cppExport-noconfig.cmake
[3.060s] -- Up-to-date: /home/yahboom/S26_RobotProgramming_Eloquent_Elusor/Lab3/so/roscourse_ws/install/turtle_interfaces/share/turtle_interfaces/cmake/turtle_interfaces__rosidl_typesupport_cppExport.cmake
[3.060s] -- Up-to-date: /home/yahboom/S26_RobotProgramming_Eloquent_Elusor/Lab3/so/roscourse_ws/install/turtle_interfaces/share/turtle_interfaces/cmake/turtle_interfaces__rosidl_typesupport_cppExport-noconfig.cmake
[3.062s] -- Up-to-date: /home/yahboom/S26_RobotProgramming_Eloquent_Elusor/Lab3/so/roscourse_ws/install/turtle_interfaces/share/turtle_interfaces/cmake/export_turtle_interfaces__rosidl_generator_pyExport.cmake
[3.063s] -- Up-to-date: /home/yahboom/S26_RobotProgramming_Eloquent_Elusor/Lab3/so/roscourse_ws/install/turtle_interfaces/share/turtle_interfaces/cmake/export_turtle_interfaces__rosidl_generator_pyExport-noconfig.cmake
[3.063s] -- Up-to-date: /home/yahboom/S26_RobotProgramming_Eloquent_Elusor/Lab3/so/roscourse_ws/install/turtle_interfaces/share/turtle_interfaces/cmake/rosidl_cmake-extras.cmake
[3.063s] -- Up-to-date: /home/yahboom/S26_RobotProgramming_Eloquent_Elusor/Lab3/so/roscourse_ws/install/turtle_interfaces/share/turtle_interfaces/cmake/ament_cmake_export_dependencies-extras.cmake
[3.063s] -- Up-to-date: /home/yahboom/S26_RobotProgramming_Eloquent_Elusor/Lab3/so/roscourse_ws/install/turtle_interfaces/share/turtle_interfaces/cmake/ament_cmake_export_include_directories-extras.cmake
[3.064s] -- Up-to-date: /home/yahboom/S26_RobotProgramming_Eloquent_Elusor/Lab3/so/roscourse_ws/install/turtle_interfaces/share/turtle_interfaces/cmake/ament_cmake_export_libraries-extras.cmake
[3.064s] -- Up-to-date: /home/yahboom/S26_RobotProgramming_Eloquent_Elusor/Lab3/so/roscourse_ws/install/turtle_interfaces/share/turtle_interfaces/cmake/ament_cmake_export_targets-extras.cmake
[3.064s] -- Up-to-date: /home/yahboom/S26_RobotProgramming_Eloquent_Elusor/Lab3/so/roscourse_ws/install/turtle_interfaces/share/turtle_interfaces/cmake/rosidl_cmake_export_typesupport_targets-extras.cmake
[3.064s] -- Up-to-date: /home/yahboom/S26_RobotProgramming_Eloquent_Elusor/Lab3/so/roscourse_ws/install/turtle_interfaces/share/turtle_interfaces/cmake/rosidl_cmake_export_typesupport_libraries-extras.cmake
[3.065s] -- Up-to-date: /home/yahboom/S26_RobotProgramming_Eloquent_Elusor/Lab3/so/roscourse_ws/install/turtle_interfaces/share/turtle_interfaces/cmake/turtle_interfacesConfig.cmake
[3.065s] -- Up-to-date: /home/yahboom/S26_RobotProgramming_Eloquent_Elusor/Lab3/so/roscourse_ws/install/turtle_interfaces/share/turtle_interfaces/cmake/turtle_interfacesConfig-version.cmake
[3.065s] -- Up-to-date: /home/yahboom/S26_RobotProgramming_Eloquent_Elusor/Lab3/so/roscourse_ws/install/turtle_interfaces/share/turtle_interfaces/package.xml
[3.074s] Invoked command in '/home/yahboom/S26_RobotProgramming_Eloquent_Elusor/Lab4/so/roscourse_ws/build/turtle_interfaces' returned '0': CMAKE_PREFIX_PATH=${CMAKE_PREFIX_PATH}:/home/yahboom/cartoros2/install/yahboomcar_nav:/home/yahboom/cartoros2/install/yahboomcar_ctrl:/home/yahboom/cartoros2/install/yahboom_visual:/home/yahboom/cartoros2/install/yahboom_dog_joint_state:/home/yahboom/cartoros2/install/yahboom_description:/home/yahboom/cartoros2/install/yahboom_color_identify_server:/home/yahboom/cartoros2/install/yahboom_bringup:/home/yahboom/cartoros2/install/yahboom_base:/home/yahboom/cartoros2/install/yahboom_app_save_map:/home/yahboom/cartoros2/install/update_map:/home/yahboom/cartoros2/install/rosboard:/home/yahboom/cartoros2/install/path_planner_server:/home/yahboom/cartoros2/install/nav2_simple_commander:/home/yahboom/cartoros2/install/nav2_gazebo_spawner:/home/yahboom/cartoros2/install/localization_server:/home/yahboom/cartoros2/install/laserscan_to_point_pulisher:/home/yahboom/yahboomcar_ws/install/yahboom_dog_example:/opt/ros/humble /usr/bin/cmake --install /home/yahboom/S26_RobotProgramming_Eloquent_Elusor/Lab4/so/roscourse_ws/build/turtle_interfaces
