[3.012s] Invoking command in '/home/yahboom/S26_RobotProgramming_Eloquent_Elusor/Lab7/wojnae/webots_ws/src/my_robot': PYTHONPATH=/home/yahboom/S26_RobotProgramming_Eloquent_Elusor/Lab7/wojnae/webots_ws/build/my_robot/prefix_override:/home/yahboom/S26_RobotProgramming_Eloquent_Elusor/Lab7/wojnae/webots_ws/install/my_robot/lib/python3.10/site-packages:${PYTHONPATH} /usr/bin/python3 -W ignore:setup.py install is deprecated setup.py egg_info --egg-base ../../build/my_robot build --build-base /home/yahboom/S26_RobotProgramming_Eloquent_Elusor/Lab7/wojnae/webots_ws/build/my_robot/build install --record /home/yahboom/S26_RobotProgramming_Eloquent_Elusor/Lab7/wojnae/webots_ws/build/my_robot/install.log --single-version-externally-managed install_data
[3.845s] running egg_info
[3.847s] writing ../../build/my_robot/my_robot.egg-info/PKG-INFO
[3.848s] writing dependency_links to ../../build/my_robot/my_robot.egg-info/dependency_links.txt
[3.849s] writing entry points to ../../build/my_robot/my_robot.egg-info/entry_points.txt
[3.851s] writing requirements to ../../build/my_robot/my_robot.egg-info/requires.txt
[3.851s] writing top-level names to ../../build/my_robot/my_robot.egg-info/top_level.txt
[3.855s] reading manifest file '../../build/my_robot/my_robot.egg-info/SOURCES.txt'
[3.859s] writing manifest file '../../build/my_robot/my_robot.egg-info/SOURCES.txt'
[3.860s] running build
[3.861s] running build_py
[3.861s] running install
[3.861s] running install_lib
[3.865s] running install_data
[3.866s] copying urdf/my_robot.urdf.xacro -> /home/yahboom/S26_RobotProgramming_Eloquent_Elusor/Lab7/wojnae/webots_ws/install/my_robot/share/my_robot/urdf
[3.866s] running install_egg_info
[3.874s] removing '/home/yahboom/S26_RobotProgramming_Eloquent_Elusor/Lab7/wojnae/webots_ws/install/my_robot/lib/python3.10/site-packages/my_robot-0.0.0-py3.10.egg-info' (and everything under it)
[3.875s] Copying ../../build/my_robot/my_robot.egg-info to /home/yahboom/S26_RobotProgramming_Eloquent_Elusor/Lab7/wojnae/webots_ws/install/my_robot/lib/python3.10/site-packages/my_robot-0.0.0-py3.10.egg-info
[3.877s] running install_scripts
[3.941s] writing list of installed files to '/home/yahboom/S26_RobotProgramming_Eloquent_Elusor/Lab7/wojnae/webots_ws/build/my_robot/install.log'
[4.002s] Invoked command in '/home/yahboom/S26_RobotProgramming_Eloquent_Elusor/Lab7/wojnae/webots_ws/src/my_robot' returned '0': PYTHONPATH=/home/yahboom/S26_RobotProgramming_Eloquent_Elusor/Lab7/wojnae/webots_ws/build/my_robot/prefix_override:/home/yahboom/S26_RobotProgramming_Eloquent_Elusor/Lab7/wojnae/webots_ws/install/my_robot/lib/python3.10/site-packages:${PYTHONPATH} /usr/bin/python3 -W ignore:setup.py install is deprecated setup.py egg_info --egg-base ../../build/my_robot build --build-base /home/yahboom/S26_RobotProgramming_Eloquent_Elusor/Lab7/wojnae/webots_ws/build/my_robot/build install --record /home/yahboom/S26_RobotProgramming_Eloquent_Elusor/Lab7/wojnae/webots_ws/build/my_robot/install.log --single-version-externally-managed install_data
