[3.088s] Invoking command in '/home/yahboom/S26_RobotProgramming_Eloquent_Elusor/Lab7/wojnae/webots_ws/src/my_robot': PYTHONPATH=/home/yahboom/S26_RobotProgramming_Eloquent_Elusor/Lab7/wojnae/webots_ws/build/my_robot/prefix_override:/home/yahboom/S26_RobotProgramming_Eloquent_Elusor/Lab7/wojnae/webots_ws/install/my_robot/lib/python3.10/site-packages:${PYTHONPATH} /usr/bin/python3 -W ignore:setup.py install is deprecated setup.py egg_info --egg-base ../../build/my_robot build --build-base /home/yahboom/S26_RobotProgramming_Eloquent_Elusor/Lab7/wojnae/webots_ws/build/my_robot/build install --record /home/yahboom/S26_RobotProgramming_Eloquent_Elusor/Lab7/wojnae/webots_ws/build/my_robot/install.log --single-version-externally-managed install_data
[3.906s] running egg_info
[3.908s] creating ../../build/my_robot/my_robot.egg-info
[3.909s] writing ../../build/my_robot/my_robot.egg-info/PKG-INFO
[3.910s] writing dependency_links to ../../build/my_robot/my_robot.egg-info/dependency_links.txt
[3.911s] writing entry points to ../../build/my_robot/my_robot.egg-info/entry_points.txt
[3.911s] writing requirements to ../../build/my_robot/my_robot.egg-info/requires.txt
[3.911s] writing top-level names to ../../build/my_robot/my_robot.egg-info/top_level.txt
[3.912s] writing manifest file '../../build/my_robot/my_robot.egg-info/SOURCES.txt'
[3.915s] reading manifest file '../../build/my_robot/my_robot.egg-info/SOURCES.txt'
[3.917s] writing manifest file '../../build/my_robot/my_robot.egg-info/SOURCES.txt'
[3.918s] running build
[3.919s] running build_py
[3.919s] creating /home/yahboom/S26_RobotProgramming_Eloquent_Elusor/Lab7/wojnae/webots_ws/build/my_robot/build
[3.919s] creating /home/yahboom/S26_RobotProgramming_Eloquent_Elusor/Lab7/wojnae/webots_ws/build/my_robot/build/lib
[3.919s] creating /home/yahboom/S26_RobotProgramming_Eloquent_Elusor/Lab7/wojnae/webots_ws/build/my_robot/build/lib/my_robot
[3.920s] copying my_robot/__init__.py -> /home/yahboom/S26_RobotProgramming_Eloquent_Elusor/Lab7/wojnae/webots_ws/build/my_robot/build/lib/my_robot
[3.920s] running install
[3.920s] running install_lib
[3.922s] creating /home/yahboom/S26_RobotProgramming_Eloquent_Elusor/Lab7/wojnae/webots_ws/install/my_robot/lib/python3.10/site-packages/my_robot
[3.922s] copying /home/yahboom/S26_RobotProgramming_Eloquent_Elusor/Lab7/wojnae/webots_ws/build/my_robot/build/lib/my_robot/__init__.py -> /home/yahboom/S26_RobotProgramming_Eloquent_Elusor/Lab7/wojnae/webots_ws/install/my_robot/lib/python3.10/site-packages/my_robot
[3.924s] byte-compiling /home/yahboom/S26_RobotProgramming_Eloquent_Elusor/Lab7/wojnae/webots_ws/install/my_robot/lib/python3.10/site-packages/my_robot/__init__.py to __init__.cpython-310.pyc
[3.925s] running install_data
[3.926s] creating /home/yahboom/S26_RobotProgramming_Eloquent_Elusor/Lab7/wojnae/webots_ws/install/my_robot/share/ament_index
[3.927s] creating /home/yahboom/S26_RobotProgramming_Eloquent_Elusor/Lab7/wojnae/webots_ws/install/my_robot/share/ament_index/resource_index
[3.927s] creating /home/yahboom/S26_RobotProgramming_Eloquent_Elusor/Lab7/wojnae/webots_ws/install/my_robot/share/ament_index/resource_index/packages
[3.927s] copying resource/my_robot -> /home/yahboom/S26_RobotProgramming_Eloquent_Elusor/Lab7/wojnae/webots_ws/install/my_robot/share/ament_index/resource_index/packages
[3.927s] copying package.xml -> /home/yahboom/S26_RobotProgramming_Eloquent_Elusor/Lab7/wojnae/webots_ws/install/my_robot/share/my_robot
[3.928s] creating /home/yahboom/S26_RobotProgramming_Eloquent_Elusor/Lab7/wojnae/webots_ws/install/my_robot/share/my_robot/launch
[3.928s] copying launch/my_robot_xacro_rviz.launch.py -> /home/yahboom/S26_RobotProgramming_Eloquent_Elusor/Lab7/wojnae/webots_ws/install/my_robot/share/my_robot/launch
[3.929s] creating /home/yahboom/S26_RobotProgramming_Eloquent_Elusor/Lab7/wojnae/webots_ws/install/my_robot/share/my_robot/urdf
[3.929s] copying urdf/my_robot.urdf.xacro -> /home/yahboom/S26_RobotProgramming_Eloquent_Elusor/Lab7/wojnae/webots_ws/install/my_robot/share/my_robot/urdf
[3.929s] running install_egg_info
[3.934s] Copying ../../build/my_robot/my_robot.egg-info to /home/yahboom/S26_RobotProgramming_Eloquent_Elusor/Lab7/wojnae/webots_ws/install/my_robot/lib/python3.10/site-packages/my_robot-0.0.0-py3.10.egg-info
[3.936s] running install_scripts
[3.997s] writing list of installed files to '/home/yahboom/S26_RobotProgramming_Eloquent_Elusor/Lab7/wojnae/webots_ws/build/my_robot/install.log'
[4.079s] Invoked command in '/home/yahboom/S26_RobotProgramming_Eloquent_Elusor/Lab7/wojnae/webots_ws/src/my_robot' returned '0': PYTHONPATH=/home/yahboom/S26_RobotProgramming_Eloquent_Elusor/Lab7/wojnae/webots_ws/build/my_robot/prefix_override:/home/yahboom/S26_RobotProgramming_Eloquent_Elusor/Lab7/wojnae/webots_ws/install/my_robot/lib/python3.10/site-packages:${PYTHONPATH} /usr/bin/python3 -W ignore:setup.py install is deprecated setup.py egg_info --egg-base ../../build/my_robot build --build-base /home/yahboom/S26_RobotProgramming_Eloquent_Elusor/Lab7/wojnae/webots_ws/build/my_robot/build install --record /home/yahboom/S26_RobotProgramming_Eloquent_Elusor/Lab7/wojnae/webots_ws/build/my_robot/install.log --single-version-externally-managed install_data
