[2.384s] Invoking command in '/home/yahboom/S26_RobotProgramming_Eloquent_Elusor/Lab6/wojnae/roscourse_sim_ws/src/my_robot': PYTHONPATH=/home/yahboom/S26_RobotProgramming_Eloquent_Elusor/Lab6/wojnae/roscourse_sim_ws/build/my_robot/prefix_override:/home/yahboom/S26_RobotProgramming_Eloquent_Elusor/Lab6/wojnae/roscourse_sim_ws/install/my_robot/lib/python3.10/site-packages:${PYTHONPATH} /usr/bin/python3 -W ignore:setup.py install is deprecated setup.py egg_info --egg-base ../../build/my_robot build --build-base /home/yahboom/S26_RobotProgramming_Eloquent_Elusor/Lab6/wojnae/roscourse_sim_ws/build/my_robot/build install --record /home/yahboom/S26_RobotProgramming_Eloquent_Elusor/Lab6/wojnae/roscourse_sim_ws/build/my_robot/install.log --single-version-externally-managed install_data
[3.224s] running egg_info
[3.225s] creating ../../build/my_robot/my_robot.egg-info
[3.226s] writing ../../build/my_robot/my_robot.egg-info/PKG-INFO
[3.227s] writing dependency_links to ../../build/my_robot/my_robot.egg-info/dependency_links.txt
[3.228s] writing entry points to ../../build/my_robot/my_robot.egg-info/entry_points.txt
[3.229s] writing requirements to ../../build/my_robot/my_robot.egg-info/requires.txt
[3.229s] writing top-level names to ../../build/my_robot/my_robot.egg-info/top_level.txt
[3.230s] writing manifest file '../../build/my_robot/my_robot.egg-info/SOURCES.txt'
[3.234s] reading manifest file '../../build/my_robot/my_robot.egg-info/SOURCES.txt'
[3.236s] writing manifest file '../../build/my_robot/my_robot.egg-info/SOURCES.txt'
[3.236s] running build
[3.237s] running build_py
[3.237s] creating /home/yahboom/S26_RobotProgramming_Eloquent_Elusor/Lab6/wojnae/roscourse_sim_ws/build/my_robot/build
[3.237s] creating /home/yahboom/S26_RobotProgramming_Eloquent_Elusor/Lab6/wojnae/roscourse_sim_ws/build/my_robot/build/lib
[3.238s] creating /home/yahboom/S26_RobotProgramming_Eloquent_Elusor/Lab6/wojnae/roscourse_sim_ws/build/my_robot/build/lib/my_robot
[3.238s] copying my_robot/__init__.py -> /home/yahboom/S26_RobotProgramming_Eloquent_Elusor/Lab6/wojnae/roscourse_sim_ws/build/my_robot/build/lib/my_robot
[3.239s] running install
[3.240s] running install_lib
[3.242s] creating /home/yahboom/S26_RobotProgramming_Eloquent_Elusor/Lab6/wojnae/roscourse_sim_ws/install/my_robot/lib/python3.10/site-packages/my_robot
[3.242s] copying /home/yahboom/S26_RobotProgramming_Eloquent_Elusor/Lab6/wojnae/roscourse_sim_ws/build/my_robot/build/lib/my_robot/__init__.py -> /home/yahboom/S26_RobotProgramming_Eloquent_Elusor/Lab6/wojnae/roscourse_sim_ws/install/my_robot/lib/python3.10/site-packages/my_robot
[3.245s] byte-compiling /home/yahboom/S26_RobotProgramming_Eloquent_Elusor/Lab6/wojnae/roscourse_sim_ws/install/my_robot/lib/python3.10/site-packages/my_robot/__init__.py to __init__.cpython-310.pyc
[3.245s] running install_data
[3.246s] creating /home/yahboom/S26_RobotProgramming_Eloquent_Elusor/Lab6/wojnae/roscourse_sim_ws/install/my_robot/share/ament_index
[3.246s] creating /home/yahboom/S26_RobotProgramming_Eloquent_Elusor/Lab6/wojnae/roscourse_sim_ws/install/my_robot/share/ament_index/resource_index
[3.246s] creating /home/yahboom/S26_RobotProgramming_Eloquent_Elusor/Lab6/wojnae/roscourse_sim_ws/install/my_robot/share/ament_index/resource_index/packages
[3.247s] copying resource/my_robot -> /home/yahboom/S26_RobotProgramming_Eloquent_Elusor/Lab6/wojnae/roscourse_sim_ws/install/my_robot/share/ament_index/resource_index/packages
[3.247s] copying package.xml -> /home/yahboom/S26_RobotProgramming_Eloquent_Elusor/Lab6/wojnae/roscourse_sim_ws/install/my_robot/share/my_robot
[3.248s] copying urdf/my_robot.urdf -> /home/yahboom/S26_RobotProgramming_Eloquent_Elusor/Lab6/wojnae/roscourse_sim_ws/install/my_robot/share/my_robot
[3.249s] creating /home/yahboom/S26_RobotProgramming_Eloquent_Elusor/Lab6/wojnae/roscourse_sim_ws/install/my_robot/share/my_robot/launch
[3.249s] copying launch/my_robot_rviz.launch.py -> /home/yahboom/S26_RobotProgramming_Eloquent_Elusor/Lab6/wojnae/roscourse_sim_ws/install/my_robot/share/my_robot/launch
[3.250s] copying rviz/my_robot.rviz -> /home/yahboom/S26_RobotProgramming_Eloquent_Elusor/Lab6/wojnae/roscourse_sim_ws/install/my_robot/share/my_robot
[3.250s] running install_egg_info
[3.254s] Copying ../../build/my_robot/my_robot.egg-info to /home/yahboom/S26_RobotProgramming_Eloquent_Elusor/Lab6/wojnae/roscourse_sim_ws/install/my_robot/lib/python3.10/site-packages/my_robot-0.0.0-py3.10.egg-info
[3.295s] running install_scripts
[3.359s] writing list of installed files to '/home/yahboom/S26_RobotProgramming_Eloquent_Elusor/Lab6/wojnae/roscourse_sim_ws/build/my_robot/install.log'
[3.417s] Invoked command in '/home/yahboom/S26_RobotProgramming_Eloquent_Elusor/Lab6/wojnae/roscourse_sim_ws/src/my_robot' returned '0': PYTHONPATH=/home/yahboom/S26_RobotProgramming_Eloquent_Elusor/Lab6/wojnae/roscourse_sim_ws/build/my_robot/prefix_override:/home/yahboom/S26_RobotProgramming_Eloquent_Elusor/Lab6/wojnae/roscourse_sim_ws/install/my_robot/lib/python3.10/site-packages:${PYTHONPATH} /usr/bin/python3 -W ignore:setup.py install is deprecated setup.py egg_info --egg-base ../../build/my_robot build --build-base /home/yahboom/S26_RobotProgramming_Eloquent_Elusor/Lab6/wojnae/roscourse_sim_ws/build/my_robot/build install --record /home/yahboom/S26_RobotProgramming_Eloquent_Elusor/Lab6/wojnae/roscourse_sim_ws/build/my_robot/install.log --single-version-externally-managed install_data
