[3.678s] Invoking command in '/home/yahboom/Desktop/team_repo/Lab5/wallaa2/intro_ws/src/examples/rclpy/actions/minimal_action_server': PYTHONPATH=/home/yahboom/Desktop/team_repo/Lab5/wallaa2/intro_ws/build/examples_rclpy_minimal_action_server/prefix_override:/usr/lib/python3/dist-packages/colcon_core/task/python/colcon_distutils_commands:/home/yahboom/Desktop/team_repo/Lab5/wallaa2/intro_ws/install/examples_rclpy_minimal_action_server/lib/python3.10/site-packages:${PYTHONPATH} /usr/bin/python3 -W ignore:setup.py install is deprecated -W ignore:easy_install command is deprecated setup.py egg_info --egg-base ../../../../../build/examples_rclpy_minimal_action_server build --build-base /home/yahboom/Desktop/team_repo/Lab5/wallaa2/intro_ws/build/examples_rclpy_minimal_action_server/build install --record /home/yahboom/Desktop/team_repo/Lab5/wallaa2/intro_ws/build/examples_rclpy_minimal_action_server/install.log --single-version-externally-managed install_data
[5.238s] running egg_info
[5.243s] creating ../../../../../build/examples_rclpy_minimal_action_server/examples_rclpy_minimal_action_server.egg-info
[5.243s] writing ../../../../../build/examples_rclpy_minimal_action_server/examples_rclpy_minimal_action_server.egg-info/PKG-INFO
[5.246s] writing dependency_links to ../../../../../build/examples_rclpy_minimal_action_server/examples_rclpy_minimal_action_server.egg-info/dependency_links.txt
[5.247s] writing entry points to ../../../../../build/examples_rclpy_minimal_action_server/examples_rclpy_minimal_action_server.egg-info/entry_points.txt
[5.251s] writing requirements to ../../../../../build/examples_rclpy_minimal_action_server/examples_rclpy_minimal_action_server.egg-info/requires.txt
[5.252s] writing top-level names to ../../../../../build/examples_rclpy_minimal_action_server/examples_rclpy_minimal_action_server.egg-info/top_level.txt
[5.252s] writing manifest file '../../../../../build/examples_rclpy_minimal_action_server/examples_rclpy_minimal_action_server.egg-info/SOURCES.txt'
[5.260s] reading manifest file '../../../../../build/examples_rclpy_minimal_action_server/examples_rclpy_minimal_action_server.egg-info/SOURCES.txt'
[5.263s] writing manifest file '../../../../../build/examples_rclpy_minimal_action_server/examples_rclpy_minimal_action_server.egg-info/SOURCES.txt'
[5.264s] running build
[5.264s] running build_py
[5.264s] creating /home/yahboom/Desktop/team_repo/Lab5/wallaa2/intro_ws/build/examples_rclpy_minimal_action_server/build
[5.264s] creating /home/yahboom/Desktop/team_repo/Lab5/wallaa2/intro_ws/build/examples_rclpy_minimal_action_server/build/lib
[5.265s] creating /home/yahboom/Desktop/team_repo/Lab5/wallaa2/intro_ws/build/examples_rclpy_minimal_action_server/build/lib/examples_rclpy_minimal_action_server
[5.265s] copying examples_rclpy_minimal_action_server/server_not_composable.py -> /home/yahboom/Desktop/team_repo/Lab5/wallaa2/intro_ws/build/examples_rclpy_minimal_action_server/build/lib/examples_rclpy_minimal_action_server
[5.266s] copying examples_rclpy_minimal_action_server/server_queue_goals.py -> /home/yahboom/Desktop/team_repo/Lab5/wallaa2/intro_ws/build/examples_rclpy_minimal_action_server/build/lib/examples_rclpy_minimal_action_server
[5.268s] copying examples_rclpy_minimal_action_server/server_single_goal.py -> /home/yahboom/Desktop/team_repo/Lab5/wallaa2/intro_ws/build/examples_rclpy_minimal_action_server/build/lib/examples_rclpy_minimal_action_server
[5.268s] copying examples_rclpy_minimal_action_server/__init__.py -> /home/yahboom/Desktop/team_repo/Lab5/wallaa2/intro_ws/build/examples_rclpy_minimal_action_server/build/lib/examples_rclpy_minimal_action_server
[5.269s] copying examples_rclpy_minimal_action_server/server.py -> /home/yahboom/Desktop/team_repo/Lab5/wallaa2/intro_ws/build/examples_rclpy_minimal_action_server/build/lib/examples_rclpy_minimal_action_server
[5.275s] copying examples_rclpy_minimal_action_server/server_defer.py -> /home/yahboom/Desktop/team_repo/Lab5/wallaa2/intro_ws/build/examples_rclpy_minimal_action_server/build/lib/examples_rclpy_minimal_action_server
[5.275s] running install
[5.275s] running install_lib
[5.277s] creating /home/yahboom/Desktop/team_repo/Lab5/wallaa2/intro_ws/install/examples_rclpy_minimal_action_server/lib/python3.10/site-packages/examples_rclpy_minimal_action_server
[5.277s] copying /home/yahboom/Desktop/team_repo/Lab5/wallaa2/intro_ws/build/examples_rclpy_minimal_action_server/build/lib/examples_rclpy_minimal_action_server/server_not_composable.py -> /home/yahboom/Desktop/team_repo/Lab5/wallaa2/intro_ws/install/examples_rclpy_minimal_action_server/lib/python3.10/site-packages/examples_rclpy_minimal_action_server
[5.284s] copying /home/yahboom/Desktop/team_repo/Lab5/wallaa2/intro_ws/build/examples_rclpy_minimal_action_server/build/lib/examples_rclpy_minimal_action_server/server_queue_goals.py -> /home/yahboom/Desktop/team_repo/Lab5/wallaa2/intro_ws/install/examples_rclpy_minimal_action_server/lib/python3.10/site-packages/examples_rclpy_minimal_action_server
[5.285s] copying /home/yahboom/Desktop/team_repo/Lab5/wallaa2/intro_ws/build/examples_rclpy_minimal_action_server/build/lib/examples_rclpy_minimal_action_server/server_single_goal.py -> /home/yahboom/Desktop/team_repo/Lab5/wallaa2/intro_ws/install/examples_rclpy_minimal_action_server/lib/python3.10/site-packages/examples_rclpy_minimal_action_server
[5.285s] copying /home/yahboom/Desktop/team_repo/Lab5/wallaa2/intro_ws/build/examples_rclpy_minimal_action_server/build/lib/examples_rclpy_minimal_action_server/__init__.py -> /home/yahboom/Desktop/team_repo/Lab5/wallaa2/intro_ws/install/examples_rclpy_minimal_action_server/lib/python3.10/site-packages/examples_rclpy_minimal_action_server
[5.288s] copying /home/yahboom/Desktop/team_repo/Lab5/wallaa2/intro_ws/build/examples_rclpy_minimal_action_server/build/lib/examples_rclpy_minimal_action_server/server.py -> /home/yahboom/Desktop/team_repo/Lab5/wallaa2/intro_ws/install/examples_rclpy_minimal_action_server/lib/python3.10/site-packages/examples_rclpy_minimal_action_server
[5.289s] copying /home/yahboom/Desktop/team_repo/Lab5/wallaa2/intro_ws/build/examples_rclpy_minimal_action_server/build/lib/examples_rclpy_minimal_action_server/server_defer.py -> /home/yahboom/Desktop/team_repo/Lab5/wallaa2/intro_ws/install/examples_rclpy_minimal_action_server/lib/python3.10/site-packages/examples_rclpy_minimal_action_server
[5.289s] byte-compiling /home/yahboom/Desktop/team_repo/Lab5/wallaa2/intro_ws/install/examples_rclpy_minimal_action_server/lib/python3.10/site-packages/examples_rclpy_minimal_action_server/server_not_composable.py to server_not_composable.cpython-310.pyc
[5.296s] byte-compiling /home/yahboom/Desktop/team_repo/Lab5/wallaa2/intro_ws/install/examples_rclpy_minimal_action_server/lib/python3.10/site-packages/examples_rclpy_minimal_action_server/server_queue_goals.py to server_queue_goals.cpython-310.pyc
[5.297s] byte-compiling /home/yahboom/Desktop/team_repo/Lab5/wallaa2/intro_ws/install/examples_rclpy_minimal_action_server/lib/python3.10/site-packages/examples_rclpy_minimal_action_server/server_single_goal.py to server_single_goal.cpython-310.pyc
[5.297s] byte-compiling /home/yahboom/Desktop/team_repo/Lab5/wallaa2/intro_ws/install/examples_rclpy_minimal_action_server/lib/python3.10/site-packages/examples_rclpy_minimal_action_server/__init__.py to __init__.cpython-310.pyc
[5.301s] byte-compiling /home/yahboom/Desktop/team_repo/Lab5/wallaa2/intro_ws/install/examples_rclpy_minimal_action_server/lib/python3.10/site-packages/examples_rclpy_minimal_action_server/server.py to server.cpython-310.pyc
[5.301s] byte-compiling /home/yahboom/Desktop/team_repo/Lab5/wallaa2/intro_ws/install/examples_rclpy_minimal_action_server/lib/python3.10/site-packages/examples_rclpy_minimal_action_server/server_defer.py to server_defer.cpython-310.pyc
[5.301s] running install_data
[5.302s] creating /home/yahboom/Desktop/team_repo/Lab5/wallaa2/intro_ws/install/examples_rclpy_minimal_action_server/share/ament_index
[5.302s] creating /home/yahboom/Desktop/team_repo/Lab5/wallaa2/intro_ws/install/examples_rclpy_minimal_action_server/share/ament_index/resource_index
[5.302s] creating /home/yahboom/Desktop/team_repo/Lab5/wallaa2/intro_ws/install/examples_rclpy_minimal_action_server/share/ament_index/resource_index/packages
[5.305s] copying resource/examples_rclpy_minimal_action_server -> /home/yahboom/Desktop/team_repo/Lab5/wallaa2/intro_ws/install/examples_rclpy_minimal_action_server/share/ament_index/resource_index/packages
[5.305s] copying package.xml -> /home/yahboom/Desktop/team_repo/Lab5/wallaa2/intro_ws/install/examples_rclpy_minimal_action_server/share/examples_rclpy_minimal_action_server
[5.306s] running install_egg_info
[5.312s] Copying ../../../../../build/examples_rclpy_minimal_action_server/examples_rclpy_minimal_action_server.egg-info to /home/yahboom/Desktop/team_repo/Lab5/wallaa2/intro_ws/install/examples_rclpy_minimal_action_server/lib/python3.10/site-packages/examples_rclpy_minimal_action_server-0.15.5-py3.10.egg-info
[5.318s] running install_scripts
[5.403s] Installing server script to /home/yahboom/Desktop/team_repo/Lab5/wallaa2/intro_ws/install/examples_rclpy_minimal_action_server/lib/examples_rclpy_minimal_action_server
[5.407s] Installing server_defer script to /home/yahboom/Desktop/team_repo/Lab5/wallaa2/intro_ws/install/examples_rclpy_minimal_action_server/lib/examples_rclpy_minimal_action_server
[5.408s] Installing server_not_composable script to /home/yahboom/Desktop/team_repo/Lab5/wallaa2/intro_ws/install/examples_rclpy_minimal_action_server/lib/examples_rclpy_minimal_action_server
[5.408s] Installing server_queue_goals script to /home/yahboom/Desktop/team_repo/Lab5/wallaa2/intro_ws/install/examples_rclpy_minimal_action_server/lib/examples_rclpy_minimal_action_server
[5.408s] Installing server_single_goal script to /home/yahboom/Desktop/team_repo/Lab5/wallaa2/intro_ws/install/examples_rclpy_minimal_action_server/lib/examples_rclpy_minimal_action_server
[5.408s] writing list of installed files to '/home/yahboom/Desktop/team_repo/Lab5/wallaa2/intro_ws/build/examples_rclpy_minimal_action_server/install.log'
[5.882s] Invoked command in '/home/yahboom/Desktop/team_repo/Lab5/wallaa2/intro_ws/src/examples/rclpy/actions/minimal_action_server' returned '0': PYTHONPATH=/home/yahboom/Desktop/team_repo/Lab5/wallaa2/intro_ws/build/examples_rclpy_minimal_action_server/prefix_override:/usr/lib/python3/dist-packages/colcon_core/task/python/colcon_distutils_commands:/home/yahboom/Desktop/team_repo/Lab5/wallaa2/intro_ws/install/examples_rclpy_minimal_action_server/lib/python3.10/site-packages:${PYTHONPATH} /usr/bin/python3 -W ignore:setup.py install is deprecated -W ignore:easy_install command is deprecated setup.py egg_info --egg-base ../../../../../build/examples_rclpy_minimal_action_server build --build-base /home/yahboom/Desktop/team_repo/Lab5/wallaa2/intro_ws/build/examples_rclpy_minimal_action_server/build install --record /home/yahboom/Desktop/team_repo/Lab5/wallaa2/intro_ws/build/examples_rclpy_minimal_action_server/install.log --single-version-externally-managed install_data
