-- The C compiler identification is GNU 11.4.0
-- The CXX compiler identification is GNU 11.4.0
-- Detecting C compiler ABI info
-- Detecting C compiler ABI info - done
-- Check for working C compiler: /usr/bin/cc - skipped
-- Detecting C compile features
-- Detecting C compile features - done
-- Detecting CXX compiler ABI info
-- Detecting CXX compiler ABI info - done
-- Check for working CXX compiler: /usr/bin/c++ - skipped
-- Detecting CXX compile features
-- Detecting CXX compile features - done
-- Found ament_cmake: 1.3.8 (/opt/ros/humble/share/ament_cmake/cmake)
-- Found Python3: /usr/bin/python3 (found version "3.10.12") found components: Interpreter 
-- Override CMake install command with custom implementation using symlinks instead of copying resources
-- Found ament_lint_auto: 0.12.10 (/opt/ros/humble/share/ament_lint_auto/cmake)
-- Found geometry_msgs: 4.2.3 (/opt/ros/humble/share/geometry_msgs/cmake)
-- Found rosidl_generator_c: 3.1.5 (/opt/ros/humble/share/rosidl_generator_c/cmake)
-- Found rosidl_adapter: 3.1.5 (/opt/ros/humble/share/rosidl_adapter/cmake)
-- Found rosidl_generator_cpp: 3.1.5 (/opt/ros/humble/share/rosidl_generator_cpp/cmake)
-- Using all available rosidl_typesupport_c: rosidl_typesupport_fastrtps_c;rosidl_typesupport_introspection_c
-- Using all available rosidl_typesupport_cpp: rosidl_typesupport_fastrtps_cpp;rosidl_typesupport_introspection_cpp
-- Found rosidl_default_generators: 1.2.0 (/opt/ros/humble/share/rosidl_default_generators/cmake)
-- Found ament_cmake_ros: 0.10.0 (/opt/ros/humble/share/ament_cmake_ros/cmake)
-- Using all available rosidl_typesupport_c: rosidl_typesupport_fastrtps_c;rosidl_typesupport_introspection_c
-- Using all available rosidl_typesupport_cpp: rosidl_typesupport_fastrtps_cpp;rosidl_typesupport_introspection_cpp
-- Found PythonInterp: /usr/bin/python3 (found suitable version "3.10.12", minimum required is "3.6") 
-- Found python_cmake_module: 0.10.0 (/opt/ros/humble/share/python_cmake_module/cmake)
-- Found PythonLibs: /usr/lib/x86_64-linux-gnu/libpython3.10.so (found suitable version "3.10.12", minimum required is "3.5") 
-- Using PYTHON_EXECUTABLE: /usr/bin/python3
-- Using PYTHON_INCLUDE_DIRS: /usr/include/python3.10
-- Using PYTHON_LIBRARIES: /usr/lib/x86_64-linux-gnu/libpython3.10.so
-- Found PythonExtra: .so  
-- Added test 'lint_cmake' to check CMake code style
-- Added test 'xmllint' to check XML markup files
-- Configuring done
-- Generating done
-- Build files have been written to: /home/yahboom/S26_RobotProgramming_Eloquent_Elusor/Lab4/wojnae/build/turtle_interfaces
[  2%] [34m[1mGenerating C code for ROS interfaces[0m
[  4%] [34m[1mGenerating C++ code for ROS interfaces[0m
[  4%] Built target ament_cmake_python_symlink_turtle_interfaces
running egg_info
creating turtle_interfaces.egg-info
writing turtle_interfaces.egg-info/PKG-INFO
writing dependency_links to turtle_interfaces.egg-info/dependency_links.txt
writing top-level names to turtle_interfaces.egg-info/top_level.txt
writing manifest file 'turtle_interfaces.egg-info/SOURCES.txt'
reading manifest file 'turtle_interfaces.egg-info/SOURCES.txt'
writing manifest file 'turtle_interfaces.egg-info/SOURCES.txt'
[  4%] Built target ament_cmake_python_build_turtle_interfaces_egg
[  4%] Built target turtle_interfaces__cpp
[  6%] [32mBuilding C object CMakeFiles/turtle_interfaces__rosidl_generator_c.dir/rosidl_generator_c/turtle_interfaces/msg/detail/turtle_msg__functions.c.o[0m
[  8%] [34m[1mGenerating C++ type support dispatch for ROS interfaces[0m
[ 10%] [34m[1mGenerating C++ type support for eProsima Fast-RTPS[0m
[ 12%] [34m[1mGenerating C++ introspection for ROS interfaces[0m
[ 14%] [32mBuilding C object CMakeFiles/turtle_interfaces__rosidl_generator_c.dir/rosidl_generator_c/turtle_interfaces/srv/detail/set_pose__functions.c.o[0m
[ 17%] [32mBuilding C object CMakeFiles/turtle_interfaces__rosidl_generator_c.dir/rosidl_generator_c/turtle_interfaces/srv/detail/set_color__functions.c.o[0m
[ 19%] [32m[1mLinking C shared library libturtle_interfaces__rosidl_generator_c.so[0m
[ 21%] [32mBuilding CXX object CMakeFiles/turtle_interfaces__rosidl_typesupport_cpp.dir/rosidl_typesupport_cpp/turtle_interfaces/msg/turtle_msg__type_support.cpp.o[0m
[ 21%] Built target turtle_interfaces__rosidl_generator_c
[ 23%] [34m[1mGenerating C type support for eProsima Fast-RTPS[0m
[ 25%] [32mBuilding CXX object CMakeFiles/turtle_interfaces__rosidl_typesupport_introspection_cpp.dir/rosidl_typesupport_introspection_cpp/turtle_interfaces/msg/detail/turtle_msg__type_support.cpp.o[0m
[ 27%] [32mBuilding CXX object CMakeFiles/turtle_interfaces__rosidl_typesupport_fastrtps_cpp.dir/rosidl_typesupport_fastrtps_cpp/turtle_interfaces/msg/detail/dds_fastrtps/turtle_msg__type_support.cpp.o[0m
[ 29%] [32mBuilding CXX object CMakeFiles/turtle_interfaces__rosidl_typesupport_cpp.dir/rosidl_typesupport_cpp/turtle_interfaces/srv/set_pose__type_support.cpp.o[0m
[ 31%] [32mBuilding CXX object CMakeFiles/turtle_interfaces__rosidl_typesupport_fastrtps_c.dir/rosidl_typesupport_fastrtps_c/turtle_interfaces/msg/detail/turtle_msg__type_support_c.cpp.o[0m
[ 34%] [32mBuilding CXX object CMakeFiles/turtle_interfaces__rosidl_typesupport_introspection_cpp.dir/rosidl_typesupport_introspection_cpp/turtle_interfaces/srv/detail/set_pose__type_support.cpp.o[0m
[ 36%] [32mBuilding CXX object CMakeFiles/turtle_interfaces__rosidl_typesupport_cpp.dir/rosidl_typesupport_cpp/turtle_interfaces/srv/set_color__type_support.cpp.o[0m
[ 38%] [32mBuilding CXX object CMakeFiles/turtle_interfaces__rosidl_typesupport_fastrtps_cpp.dir/rosidl_typesupport_fastrtps_cpp/turtle_interfaces/srv/detail/dds_fastrtps/set_pose__type_support.cpp.o[0m
[ 40%] [32mBuilding CXX object CMakeFiles/turtle_interfaces__rosidl_typesupport_fastrtps_c.dir/rosidl_typesupport_fastrtps_c/turtle_interfaces/srv/detail/set_pose__type_support_c.cpp.o[0m
[ 42%] [32mBuilding CXX object CMakeFiles/turtle_interfaces__rosidl_typesupport_introspection_cpp.dir/rosidl_typesupport_introspection_cpp/turtle_interfaces/srv/detail/set_color__type_support.cpp.o[0m
[ 44%] [32m[1mLinking CXX shared library libturtle_interfaces__rosidl_typesupport_cpp.so[0m
[ 44%] Built target turtle_interfaces__rosidl_typesupport_cpp
[ 46%] [32mBuilding CXX object CMakeFiles/turtle_interfaces__rosidl_typesupport_fastrtps_c.dir/rosidl_typesupport_fastrtps_c/turtle_interfaces/srv/detail/set_color__type_support_c.cpp.o[0m
[ 48%] [32mBuilding CXX object CMakeFiles/turtle_interfaces__rosidl_typesupport_fastrtps_cpp.dir/rosidl_typesupport_fastrtps_cpp/turtle_interfaces/srv/detail/dds_fastrtps/set_color__type_support.cpp.o[0m
[ 51%] [34m[1mGenerating C introspection for ROS interfaces[0m
[ 53%] [32m[1mLinking CXX shared library libturtle_interfaces__rosidl_typesupport_introspection_cpp.so[0m
[ 55%] [32m[1mLinking CXX shared library libturtle_interfaces__rosidl_typesupport_fastrtps_c.so[0m
[ 55%] Built target turtle_interfaces__rosidl_typesupport_introspection_cpp
[ 57%] [34m[1mGenerating C type support dispatch for ROS interfaces[0m
[ 57%] Built target turtle_interfaces__rosidl_typesupport_fastrtps_c
[ 59%] [32m[1mLinking CXX shared library libturtle_interfaces__rosidl_typesupport_fastrtps_cpp.so[0m
[ 61%] [32mBuilding C object CMakeFiles/turtle_interfaces__rosidl_typesupport_introspection_c.dir/rosidl_typesupport_introspection_c/turtle_interfaces/msg/detail/turtle_msg__type_support.c.o[0m
[ 63%] [32mBuilding C object CMakeFiles/turtle_interfaces__rosidl_typesupport_introspection_c.dir/rosidl_typesupport_introspection_c/turtle_interfaces/srv/detail/set_pose__type_support.c.o[0m
[ 65%] [32mBuilding C object CMakeFiles/turtle_interfaces__rosidl_typesupport_introspection_c.dir/rosidl_typesupport_introspection_c/turtle_interfaces/srv/detail/set_color__type_support.c.o[0m
[ 65%] Built target turtle_interfaces__rosidl_typesupport_fastrtps_cpp
[ 68%] [32mBuilding CXX object CMakeFiles/turtle_interfaces__rosidl_typesupport_c.dir/rosidl_typesupport_c/turtle_interfaces/srv/set_color__type_support.cpp.o[0m
[ 70%] [32m[1mLinking C shared library libturtle_interfaces__rosidl_typesupport_introspection_c.so[0m
[ 72%] [32mBuilding CXX object CMakeFiles/turtle_interfaces__rosidl_typesupport_c.dir/rosidl_typesupport_c/turtle_interfaces/msg/turtle_msg__type_support.cpp.o[0m
[ 74%] [32mBuilding CXX object CMakeFiles/turtle_interfaces__rosidl_typesupport_c.dir/rosidl_typesupport_c/turtle_interfaces/srv/set_pose__type_support.cpp.o[0m
[ 76%] [32m[1mLinking CXX shared library libturtle_interfaces__rosidl_typesupport_c.so[0m
[ 76%] Built target turtle_interfaces__rosidl_typesupport_introspection_c
[ 76%] Built target turtle_interfaces__rosidl_typesupport_c
[ 76%] Built target turtle_interfaces
[ 78%] [34m[1mGenerating Python code for ROS interfaces[0m
[ 78%] Built target turtle_interfaces__py
[ 82%] [32mBuilding C object CMakeFiles/turtle_interfaces__rosidl_generator_py.dir/rosidl_generator_py/turtle_interfaces/msg/_turtle_msg_s.c.o[0m
[ 82%] [32mBuilding C object CMakeFiles/turtle_interfaces__rosidl_generator_py.dir/rosidl_generator_py/turtle_interfaces/srv/_set_color_s.c.o[0m
[ 85%] [32mBuilding C object CMakeFiles/turtle_interfaces__rosidl_generator_py.dir/rosidl_generator_py/turtle_interfaces/srv/_set_pose_s.c.o[0m
[ 87%] [32m[1mLinking C shared library rosidl_generator_py/turtle_interfaces/libturtle_interfaces__rosidl_generator_py.so[0m
[ 87%] Built target turtle_interfaces__rosidl_generator_py
[ 91%] [32mBuilding C object CMakeFiles/turtle_interfaces__rosidl_typesupport_fastrtps_c__pyext.dir/rosidl_generator_py/turtle_interfaces/_turtle_interfaces_s.ep.rosidl_typesupport_fastrtps_c.c.o[0m
[ 91%] [32mBuilding C object CMakeFiles/turtle_interfaces__rosidl_typesupport_introspection_c__pyext.dir/rosidl_generator_py/turtle_interfaces/_turtle_interfaces_s.ep.rosidl_typesupport_introspection_c.c.o[0m
[ 93%] [32mBuilding C object CMakeFiles/turtle_interfaces__rosidl_typesupport_c__pyext.dir/rosidl_generator_py/turtle_interfaces/_turtle_interfaces_s.ep.rosidl_typesupport_c.c.o[0m
[ 95%] [32m[1mLinking C shared library rosidl_generator_py/turtle_interfaces/turtle_interfaces_s__rosidl_typesupport_introspection_c.cpython-310-x86_64-linux-gnu.so[0m
[ 97%] [32m[1mLinking C shared library rosidl_generator_py/turtle_interfaces/turtle_interfaces_s__rosidl_typesupport_c.cpython-310-x86_64-linux-gnu.so[0m
[100%] [32m[1mLinking C shared library rosidl_generator_py/turtle_interfaces/turtle_interfaces_s__rosidl_typesupport_fastrtps_c.cpython-310-x86_64-linux-gnu.so[0m
[100%] Built target turtle_interfaces__rosidl_typesupport_introspection_c__pyext
[100%] Built target turtle_interfaces__rosidl_typesupport_fastrtps_c__pyext
[100%] Built target turtle_interfaces__rosidl_typesupport_c__pyext
-- Install configuration: ""
-- Execute custom install script
-- Symlinking: /home/yahboom/S26_RobotProgramming_Eloquent_Elusor/Lab4/wojnae/install/turtle_interfaces/share/ament_index/resource_index/rosidl_interfaces/turtle_interfaces
-- Symlinking: /home/yahboom/S26_RobotProgramming_Eloquent_Elusor/Lab4/wojnae/install/turtle_interfaces/include/turtle_interfaces/turtle_interfaces/msg/detail/turtle_msg__functions.h
-- Symlinking: /home/yahboom/S26_RobotProgramming_Eloquent_Elusor/Lab4/wojnae/install/turtle_interfaces/include/turtle_interfaces/turtle_interfaces/msg/detail/turtle_msg__struct.h
-- Symlinking: /home/yahboom/S26_RobotProgramming_Eloquent_Elusor/Lab4/wojnae/install/turtle_interfaces/include/turtle_interfaces/turtle_interfaces/msg/detail/turtle_msg__type_support.h
-- Symlinking: /home/yahboom/S26_RobotProgramming_Eloquent_Elusor/Lab4/wojnae/install/turtle_interfaces/include/turtle_interfaces/turtle_interfaces/msg/rosidl_generator_c__visibility_control.h
-- Symlinking: /home/yahboom/S26_RobotProgramming_Eloquent_Elusor/Lab4/wojnae/install/turtle_interfaces/include/turtle_interfaces/turtle_interfaces/msg/turtle_msg.h
-- Symlinking: /home/yahboom/S26_RobotProgramming_Eloquent_Elusor/Lab4/wojnae/install/turtle_interfaces/include/turtle_interfaces/turtle_interfaces/srv/detail/set_color__functions.h
-- Symlinking: /home/yahboom/S26_RobotProgramming_Eloquent_Elusor/Lab4/wojnae/install/turtle_interfaces/include/turtle_interfaces/turtle_interfaces/srv/detail/set_color__struct.h
-- Symlinking: /home/yahboom/S26_RobotProgramming_Eloquent_Elusor/Lab4/wojnae/install/turtle_interfaces/include/turtle_interfaces/turtle_interfaces/srv/detail/set_color__type_support.h
-- Symlinking: /home/yahboom/S26_RobotProgramming_Eloquent_Elusor/Lab4/wojnae/install/turtle_interfaces/include/turtle_interfaces/turtle_interfaces/srv/detail/set_pose__functions.h
-- Symlinking: /home/yahboom/S26_RobotProgramming_Eloquent_Elusor/Lab4/wojnae/install/turtle_interfaces/include/turtle_interfaces/turtle_interfaces/srv/detail/set_pose__struct.h
-- Symlinking: /home/yahboom/S26_RobotProgramming_Eloquent_Elusor/Lab4/wojnae/install/turtle_interfaces/include/turtle_interfaces/turtle_interfaces/srv/detail/set_pose__type_support.h
-- Symlinking: /home/yahboom/S26_RobotProgramming_Eloquent_Elusor/Lab4/wojnae/install/turtle_interfaces/include/turtle_interfaces/turtle_interfaces/srv/set_color.h
-- Symlinking: /home/yahboom/S26_RobotProgramming_Eloquent_Elusor/Lab4/wojnae/install/turtle_interfaces/include/turtle_interfaces/turtle_interfaces/srv/set_pose.h
-- Symlinking: /home/yahboom/S26_RobotProgramming_Eloquent_Elusor/Lab4/wojnae/install/turtle_interfaces/share/turtle_interfaces/environment/library_path.sh
-- Symlinking: /home/yahboom/S26_RobotProgramming_Eloquent_Elusor/Lab4/wojnae/install/turtle_interfaces/share/turtle_interfaces/environment/library_path.dsv
-- Symlinking: /home/yahboom/S26_RobotProgramming_Eloquent_Elusor/Lab4/wojnae/install/turtle_interfaces/include/turtle_interfaces/turtle_interfaces/msg/detail/turtle_msg__rosidl_typesupport_fastrtps_c.h
-- Symlinking: /home/yahboom/S26_RobotProgramming_Eloquent_Elusor/Lab4/wojnae/install/turtle_interfaces/include/turtle_interfaces/turtle_interfaces/msg/rosidl_typesupport_fastrtps_c__visibility_control.h
-- Symlinking: /home/yahboom/S26_RobotProgramming_Eloquent_Elusor/Lab4/wojnae/install/turtle_interfaces/include/turtle_interfaces/turtle_interfaces/srv/detail/set_color__rosidl_typesupport_fastrtps_c.h
-- Symlinking: /home/yahboom/S26_RobotProgramming_Eloquent_Elusor/Lab4/wojnae/install/turtle_interfaces/include/turtle_interfaces/turtle_interfaces/srv/detail/set_pose__rosidl_typesupport_fastrtps_c.h
-- Symlinking: /home/yahboom/S26_RobotProgramming_Eloquent_Elusor/Lab4/wojnae/install/turtle_interfaces/include/turtle_interfaces/turtle_interfaces/msg/detail/turtle_msg__builder.hpp
-- Symlinking: /home/yahboom/S26_RobotProgramming_Eloquent_Elusor/Lab4/wojnae/install/turtle_interfaces/include/turtle_interfaces/turtle_interfaces/msg/detail/turtle_msg__struct.hpp
-- Symlinking: /home/yahboom/S26_RobotProgramming_Eloquent_Elusor/Lab4/wojnae/install/turtle_interfaces/include/turtle_interfaces/turtle_interfaces/msg/detail/turtle_msg__traits.hpp
-- Symlinking: /home/yahboom/S26_RobotProgramming_Eloquent_Elusor/Lab4/wojnae/install/turtle_interfaces/include/turtle_interfaces/turtle_interfaces/msg/turtle_msg.hpp
-- Symlinking: /home/yahboom/S26_RobotProgramming_Eloquent_Elusor/Lab4/wojnae/install/turtle_interfaces/include/turtle_interfaces/turtle_interfaces/srv/detail/set_color__builder.hpp
-- Symlinking: /home/yahboom/S26_RobotProgramming_Eloquent_Elusor/Lab4/wojnae/install/turtle_interfaces/include/turtle_interfaces/turtle_interfaces/srv/detail/set_color__struct.hpp
-- Symlinking: /home/yahboom/S26_RobotProgramming_Eloquent_Elusor/Lab4/wojnae/install/turtle_interfaces/include/turtle_interfaces/turtle_interfaces/srv/detail/set_color__traits.hpp
-- Symlinking: /home/yahboom/S26_RobotProgramming_Eloquent_Elusor/Lab4/wojnae/install/turtle_interfaces/include/turtle_interfaces/turtle_interfaces/srv/detail/set_pose__builder.hpp
-- Symlinking: /home/yahboom/S26_RobotProgramming_Eloquent_Elusor/Lab4/wojnae/install/turtle_interfaces/include/turtle_interfaces/turtle_interfaces/srv/detail/set_pose__struct.hpp
-- Symlinking: /home/yahboom/S26_RobotProgramming_Eloquent_Elusor/Lab4/wojnae/install/turtle_interfaces/include/turtle_interfaces/turtle_interfaces/srv/detail/set_pose__traits.hpp
-- Symlinking: /home/yahboom/S26_RobotProgramming_Eloquent_Elusor/Lab4/wojnae/install/turtle_interfaces/include/turtle_interfaces/turtle_interfaces/srv/set_color.hpp
-- Symlinking: /home/yahboom/S26_RobotProgramming_Eloquent_Elusor/Lab4/wojnae/install/turtle_interfaces/include/turtle_interfaces/turtle_interfaces/srv/set_pose.hpp
-- Symlinking: /home/yahboom/S26_RobotProgramming_Eloquent_Elusor/Lab4/wojnae/install/turtle_interfaces/include/turtle_interfaces/turtle_interfaces/msg/detail/turtle_msg__rosidl_typesupport_fastrtps_cpp.hpp
-- Symlinking: /home/yahboom/S26_RobotProgramming_Eloquent_Elusor/Lab4/wojnae/install/turtle_interfaces/include/turtle_interfaces/turtle_interfaces/msg/rosidl_typesupport_fastrtps_cpp__visibility_control.h
-- Symlinking: /home/yahboom/S26_RobotProgramming_Eloquent_Elusor/Lab4/wojnae/install/turtle_interfaces/include/turtle_interfaces/turtle_interfaces/srv/detail/set_color__rosidl_typesupport_fastrtps_cpp.hpp
-- Symlinking: /home/yahboom/S26_RobotProgramming_Eloquent_Elusor/Lab4/wojnae/install/turtle_interfaces/include/turtle_interfaces/turtle_interfaces/srv/detail/set_pose__rosidl_typesupport_fastrtps_cpp.hpp
-- Symlinking: /home/yahboom/S26_RobotProgramming_Eloquent_Elusor/Lab4/wojnae/install/turtle_interfaces/include/turtle_interfaces/turtle_interfaces/msg/detail/turtle_msg__rosidl_typesupport_introspection_c.h
-- Symlinking: /home/yahboom/S26_RobotProgramming_Eloquent_Elusor/Lab4/wojnae/install/turtle_interfaces/include/turtle_interfaces/turtle_interfaces/msg/rosidl_typesupport_introspection_c__visibility_control.h
-- Symlinking: /home/yahboom/S26_RobotProgramming_Eloquent_Elusor/Lab4/wojnae/install/turtle_interfaces/include/turtle_interfaces/turtle_interfaces/srv/detail/set_color__rosidl_typesupport_introspection_c.h
-- Symlinking: /home/yahboom/S26_RobotProgramming_Eloquent_Elusor/Lab4/wojnae/install/turtle_interfaces/include/turtle_interfaces/turtle_interfaces/srv/detail/set_pose__rosidl_typesupport_introspection_c.h
-- Symlinking: /home/yahboom/S26_RobotProgramming_Eloquent_Elusor/Lab4/wojnae/install/turtle_interfaces/include/turtle_interfaces/turtle_interfaces/msg/detail/turtle_msg__rosidl_typesupport_introspection_cpp.hpp
-- Symlinking: /home/yahboom/S26_RobotProgramming_Eloquent_Elusor/Lab4/wojnae/install/turtle_interfaces/include/turtle_interfaces/turtle_interfaces/srv/detail/set_color__rosidl_typesupport_introspection_cpp.hpp
-- Symlinking: /home/yahboom/S26_RobotProgramming_Eloquent_Elusor/Lab4/wojnae/install/turtle_interfaces/include/turtle_interfaces/turtle_interfaces/srv/detail/set_pose__rosidl_typesupport_introspection_cpp.hpp
-- Symlinking: /home/yahboom/S26_RobotProgramming_Eloquent_Elusor/Lab4/wojnae/install/turtle_interfaces/share/turtle_interfaces/environment/pythonpath.sh
-- Symlinking: /home/yahboom/S26_RobotProgramming_Eloquent_Elusor/Lab4/wojnae/install/turtle_interfaces/share/turtle_interfaces/environment/pythonpath.dsv
-- Symlinking: /home/yahboom/S26_RobotProgramming_Eloquent_Elusor/Lab4/wojnae/install/turtle_interfaces/local/lib/python3.10/dist-packages/turtle_interfaces-0.0.0-py3.10.egg-info/PKG-INFO
-- Symlinking: /home/yahboom/S26_RobotProgramming_Eloquent_Elusor/Lab4/wojnae/install/turtle_interfaces/local/lib/python3.10/dist-packages/turtle_interfaces-0.0.0-py3.10.egg-info/SOURCES.txt
-- Symlinking: /home/yahboom/S26_RobotProgramming_Eloquent_Elusor/Lab4/wojnae/install/turtle_interfaces/local/lib/python3.10/dist-packages/turtle_interfaces-0.0.0-py3.10.egg-info/dependency_links.txt
-- Symlinking: /home/yahboom/S26_RobotProgramming_Eloquent_Elusor/Lab4/wojnae/install/turtle_interfaces/local/lib/python3.10/dist-packages/turtle_interfaces-0.0.0-py3.10.egg-info/top_level.txt
-- Symlinking: /home/yahboom/S26_RobotProgramming_Eloquent_Elusor/Lab4/wojnae/install/turtle_interfaces/local/lib/python3.10/dist-packages/turtle_interfaces/__init__.py
-- Symlinking: /home/yahboom/S26_RobotProgramming_Eloquent_Elusor/Lab4/wojnae/install/turtle_interfaces/local/lib/python3.10/dist-packages/turtle_interfaces/_turtle_interfaces_s.ep.rosidl_typesupport_c.c
-- Symlinking: /home/yahboom/S26_RobotProgramming_Eloquent_Elusor/Lab4/wojnae/install/turtle_interfaces/local/lib/python3.10/dist-packages/turtle_interfaces/_turtle_interfaces_s.ep.rosidl_typesupport_fastrtps_c.c
-- Symlinking: /home/yahboom/S26_RobotProgramming_Eloquent_Elusor/Lab4/wojnae/install/turtle_interfaces/local/lib/python3.10/dist-packages/turtle_interfaces/_turtle_interfaces_s.ep.rosidl_typesupport_introspection_c.c
-- Symlinking: /home/yahboom/S26_RobotProgramming_Eloquent_Elusor/Lab4/wojnae/install/turtle_interfaces/local/lib/python3.10/dist-packages/turtle_interfaces/libturtle_interfaces__rosidl_generator_py.so
-- Symlinking: /home/yahboom/S26_RobotProgramming_Eloquent_Elusor/Lab4/wojnae/install/turtle_interfaces/local/lib/python3.10/dist-packages/turtle_interfaces/msg/__init__.py
-- Symlinking: /home/yahboom/S26_RobotProgramming_Eloquent_Elusor/Lab4/wojnae/install/turtle_interfaces/local/lib/python3.10/dist-packages/turtle_interfaces/msg/_turtle_msg.py
-- Symlinking: /home/yahboom/S26_RobotProgramming_Eloquent_Elusor/Lab4/wojnae/install/turtle_interfaces/local/lib/python3.10/dist-packages/turtle_interfaces/msg/_turtle_msg_s.c
-- Symlinking: /home/yahboom/S26_RobotProgramming_Eloquent_Elusor/Lab4/wojnae/install/turtle_interfaces/local/lib/python3.10/dist-packages/turtle_interfaces/srv/__init__.py
-- Symlinking: /home/yahboom/S26_RobotProgramming_Eloquent_Elusor/Lab4/wojnae/install/turtle_interfaces/local/lib/python3.10/dist-packages/turtle_interfaces/srv/_set_color.py
-- Symlinking: /home/yahboom/S26_RobotProgramming_Eloquent_Elusor/Lab4/wojnae/install/turtle_interfaces/local/lib/python3.10/dist-packages/turtle_interfaces/srv/_set_color_s.c
-- Symlinking: /home/yahboom/S26_RobotProgramming_Eloquent_Elusor/Lab4/wojnae/install/turtle_interfaces/local/lib/python3.10/dist-packages/turtle_interfaces/srv/_set_pose.py
-- Symlinking: /home/yahboom/S26_RobotProgramming_Eloquent_Elusor/Lab4/wojnae/install/turtle_interfaces/local/lib/python3.10/dist-packages/turtle_interfaces/srv/_set_pose_s.c
-- Symlinking: /home/yahboom/S26_RobotProgramming_Eloquent_Elusor/Lab4/wojnae/install/turtle_interfaces/local/lib/python3.10/dist-packages/turtle_interfaces/turtle_interfaces_s__rosidl_typesupport_c.cpython-310-x86_64-linux-gnu.so
-- Symlinking: /home/yahboom/S26_RobotProgramming_Eloquent_Elusor/Lab4/wojnae/install/turtle_interfaces/local/lib/python3.10/dist-packages/turtle_interfaces/turtle_interfaces_s__rosidl_typesupport_fastrtps_c.cpython-310-x86_64-linux-gnu.so
-- Symlinking: /home/yahboom/S26_RobotProgramming_Eloquent_Elusor/Lab4/wojnae/install/turtle_interfaces/local/lib/python3.10/dist-packages/turtle_interfaces/turtle_interfaces_s__rosidl_typesupport_introspection_c.cpython-310-x86_64-linux-gnu.so
-- Up-to-date symlink: /home/yahboom/S26_RobotProgramming_Eloquent_Elusor/Lab4/wojnae/install/turtle_interfaces/local/lib/python3.10/dist-packages/turtle_interfaces/turtle_interfaces_s__rosidl_typesupport_fastrtps_c.cpython-310-x86_64-linux-gnu.so
-- Up-to-date symlink: /home/yahboom/S26_RobotProgramming_Eloquent_Elusor/Lab4/wojnae/install/turtle_interfaces/local/lib/python3.10/dist-packages/turtle_interfaces/turtle_interfaces_s__rosidl_typesupport_introspection_c.cpython-310-x86_64-linux-gnu.so
-- Up-to-date symlink: /home/yahboom/S26_RobotProgramming_Eloquent_Elusor/Lab4/wojnae/install/turtle_interfaces/local/lib/python3.10/dist-packages/turtle_interfaces/turtle_interfaces_s__rosidl_typesupport_c.cpython-310-x86_64-linux-gnu.so
-- Symlinking: /home/yahboom/S26_RobotProgramming_Eloquent_Elusor/Lab4/wojnae/install/turtle_interfaces/share/turtle_interfaces/msg/TurtleMsg.idl
-- Symlinking: /home/yahboom/S26_RobotProgramming_Eloquent_Elusor/Lab4/wojnae/install/turtle_interfaces/share/turtle_interfaces/srv/SetPose.idl
-- Symlinking: /home/yahboom/S26_RobotProgramming_Eloquent_Elusor/Lab4/wojnae/install/turtle_interfaces/share/turtle_interfaces/srv/SetColor.idl
-- Symlinking: /home/yahboom/S26_RobotProgramming_Eloquent_Elusor/Lab4/wojnae/install/turtle_interfaces/share/turtle_interfaces/msg/TurtleMsg.msg
-- Symlinking: /home/yahboom/S26_RobotProgramming_Eloquent_Elusor/Lab4/wojnae/install/turtle_interfaces/share/turtle_interfaces/srv/SetPose.srv
-- Symlinking: /home/yahboom/S26_RobotProgramming_Eloquent_Elusor/Lab4/wojnae/install/turtle_interfaces/share/turtle_interfaces/srv/SetPose_Request.msg
-- Symlinking: /home/yahboom/S26_RobotProgramming_Eloquent_Elusor/Lab4/wojnae/install/turtle_interfaces/share/turtle_interfaces/srv/SetPose_Response.msg
-- Symlinking: /home/yahboom/S26_RobotProgramming_Eloquent_Elusor/Lab4/wojnae/install/turtle_interfaces/share/turtle_interfaces/srv/SetColor.srv
-- Symlinking: /home/yahboom/S26_RobotProgramming_Eloquent_Elusor/Lab4/wojnae/install/turtle_interfaces/share/turtle_interfaces/srv/SetColor_Request.msg
-- Symlinking: /home/yahboom/S26_RobotProgramming_Eloquent_Elusor/Lab4/wojnae/install/turtle_interfaces/share/turtle_interfaces/srv/SetColor_Response.msg
-- Symlinking: /home/yahboom/S26_RobotProgramming_Eloquent_Elusor/Lab4/wojnae/install/turtle_interfaces/share/ament_index/resource_index/package_run_dependencies/turtle_interfaces
-- Symlinking: /home/yahboom/S26_RobotProgramming_Eloquent_Elusor/Lab4/wojnae/install/turtle_interfaces/share/ament_index/resource_index/parent_prefix_path/turtle_interfaces
-- Symlinking: /home/yahboom/S26_RobotProgramming_Eloquent_Elusor/Lab4/wojnae/install/turtle_interfaces/share/turtle_interfaces/environment/ament_prefix_path.sh
-- Symlinking: /home/yahboom/S26_RobotProgramming_Eloquent_Elusor/Lab4/wojnae/install/turtle_interfaces/share/turtle_interfaces/environment/ament_prefix_path.dsv
-- Symlinking: /home/yahboom/S26_RobotProgramming_Eloquent_Elusor/Lab4/wojnae/install/turtle_interfaces/share/turtle_interfaces/environment/path.sh
-- Symlinking: /home/yahboom/S26_RobotProgramming_Eloquent_Elusor/Lab4/wojnae/install/turtle_interfaces/share/turtle_interfaces/environment/path.dsv
-- Symlinking: /home/yahboom/S26_RobotProgramming_Eloquent_Elusor/Lab4/wojnae/install/turtle_interfaces/share/turtle_interfaces/local_setup.bash
-- Symlinking: /home/yahboom/S26_RobotProgramming_Eloquent_Elusor/Lab4/wojnae/install/turtle_interfaces/share/turtle_interfaces/local_setup.sh
-- Symlinking: /home/yahboom/S26_RobotProgramming_Eloquent_Elusor/Lab4/wojnae/install/turtle_interfaces/share/turtle_interfaces/local_setup.zsh
-- Symlinking: /home/yahboom/S26_RobotProgramming_Eloquent_Elusor/Lab4/wojnae/install/turtle_interfaces/share/turtle_interfaces/local_setup.dsv
-- Symlinking: /home/yahboom/S26_RobotProgramming_Eloquent_Elusor/Lab4/wojnae/install/turtle_interfaces/share/turtle_interfaces/package.dsv
-- Symlinking: /home/yahboom/S26_RobotProgramming_Eloquent_Elusor/Lab4/wojnae/install/turtle_interfaces/share/ament_index/resource_index/packages/turtle_interfaces
-- Symlinking: /home/yahboom/S26_RobotProgramming_Eloquent_Elusor/Lab4/wojnae/install/turtle_interfaces/share/turtle_interfaces/cmake/rosidl_cmake-extras.cmake
-- Symlinking: /home/yahboom/S26_RobotProgramming_Eloquent_Elusor/Lab4/wojnae/install/turtle_interfaces/share/turtle_interfaces/cmake/ament_cmake_export_dependencies-extras.cmake
-- Symlinking: /home/yahboom/S26_RobotProgramming_Eloquent_Elusor/Lab4/wojnae/install/turtle_interfaces/share/turtle_interfaces/cmake/ament_cmake_export_include_directories-extras.cmake
-- Symlinking: /home/yahboom/S26_RobotProgramming_Eloquent_Elusor/Lab4/wojnae/install/turtle_interfaces/share/turtle_interfaces/cmake/ament_cmake_export_libraries-extras.cmake
-- Symlinking: /home/yahboom/S26_RobotProgramming_Eloquent_Elusor/Lab4/wojnae/install/turtle_interfaces/share/turtle_interfaces/cmake/ament_cmake_export_targets-extras.cmake
-- Symlinking: /home/yahboom/S26_RobotProgramming_Eloquent_Elusor/Lab4/wojnae/install/turtle_interfaces/share/turtle_interfaces/cmake/rosidl_cmake_export_typesupport_targets-extras.cmake
-- Symlinking: /home/yahboom/S26_RobotProgramming_Eloquent_Elusor/Lab4/wojnae/install/turtle_interfaces/share/turtle_interfaces/cmake/rosidl_cmake_export_typesupport_libraries-extras.cmake
-- Symlinking: /home/yahboom/S26_RobotProgramming_Eloquent_Elusor/Lab4/wojnae/install/turtle_interfaces/share/turtle_interfaces/cmake/turtle_interfacesConfig.cmake
-- Symlinking: /home/yahboom/S26_RobotProgramming_Eloquent_Elusor/Lab4/wojnae/install/turtle_interfaces/share/turtle_interfaces/cmake/turtle_interfacesConfig-version.cmake
-- Symlinking: /home/yahboom/S26_RobotProgramming_Eloquent_Elusor/Lab4/wojnae/install/turtle_interfaces/share/turtle_interfaces/package.xml
-- Installing: /home/yahboom/S26_RobotProgramming_Eloquent_Elusor/Lab4/wojnae/install/turtle_interfaces/lib/libturtle_interfaces__rosidl_generator_c.so
-- Set runtime path of "/home/yahboom/S26_RobotProgramming_Eloquent_Elusor/Lab4/wojnae/install/turtle_interfaces/lib/libturtle_interfaces__rosidl_generator_c.so" to ""
-- Installing: /home/yahboom/S26_RobotProgramming_Eloquent_Elusor/Lab4/wojnae/install/turtle_interfaces/lib/libturtle_interfaces__rosidl_typesupport_fastrtps_c.so
-- Set runtime path of "/home/yahboom/S26_RobotProgramming_Eloquent_Elusor/Lab4/wojnae/install/turtle_interfaces/lib/libturtle_interfaces__rosidl_typesupport_fastrtps_c.so" to ""
-- Installing: /home/yahboom/S26_RobotProgramming_Eloquent_Elusor/Lab4/wojnae/install/turtle_interfaces/lib/libturtle_interfaces__rosidl_typesupport_fastrtps_cpp.so
-- Set runtime path of "/home/yahboom/S26_RobotProgramming_Eloquent_Elusor/Lab4/wojnae/install/turtle_interfaces/lib/libturtle_interfaces__rosidl_typesupport_fastrtps_cpp.so" to ""
-- Installing: /home/yahboom/S26_RobotProgramming_Eloquent_Elusor/Lab4/wojnae/install/turtle_interfaces/lib/libturtle_interfaces__rosidl_typesupport_introspection_c.so
-- Set runtime path of "/home/yahboom/S26_RobotProgramming_Eloquent_Elusor/Lab4/wojnae/install/turtle_interfaces/lib/libturtle_interfaces__rosidl_typesupport_introspection_c.so" to ""
-- Installing: /home/yahboom/S26_RobotProgramming_Eloquent_Elusor/Lab4/wojnae/install/turtle_interfaces/lib/libturtle_interfaces__rosidl_typesupport_c.so
-- Set runtime path of "/home/yahboom/S26_RobotProgramming_Eloquent_Elusor/Lab4/wojnae/install/turtle_interfaces/lib/libturtle_interfaces__rosidl_typesupport_c.so" to ""
-- Installing: /home/yahboom/S26_RobotProgramming_Eloquent_Elusor/Lab4/wojnae/install/turtle_interfaces/lib/libturtle_interfaces__rosidl_typesupport_introspection_cpp.so
-- Set runtime path of "/home/yahboom/S26_RobotProgramming_Eloquent_Elusor/Lab4/wojnae/install/turtle_interfaces/lib/libturtle_interfaces__rosidl_typesupport_introspection_cpp.so" to ""
-- Installing: /home/yahboom/S26_RobotProgramming_Eloquent_Elusor/Lab4/wojnae/install/turtle_interfaces/lib/libturtle_interfaces__rosidl_typesupport_cpp.so
-- Set runtime path of "/home/yahboom/S26_RobotProgramming_Eloquent_Elusor/Lab4/wojnae/install/turtle_interfaces/lib/libturtle_interfaces__rosidl_typesupport_cpp.so" to ""
Listing '/home/yahboom/S26_RobotProgramming_Eloquent_Elusor/Lab4/wojnae/install/turtle_interfaces/local/lib/python3.10/dist-packages/turtle_interfaces'...
Compiling '/home/yahboom/S26_RobotProgramming_Eloquent_Elusor/Lab4/wojnae/install/turtle_interfaces/local/lib/python3.10/dist-packages/turtle_interfaces/__init__.py'...
Listing '/home/yahboom/S26_RobotProgramming_Eloquent_Elusor/Lab4/wojnae/install/turtle_interfaces/local/lib/python3.10/dist-packages/turtle_interfaces/msg'...
Compiling '/home/yahboom/S26_RobotProgramming_Eloquent_Elusor/Lab4/wojnae/install/turtle_interfaces/local/lib/python3.10/dist-packages/turtle_interfaces/msg/__init__.py'...
Compiling '/home/yahboom/S26_RobotProgramming_Eloquent_Elusor/Lab4/wojnae/install/turtle_interfaces/local/lib/python3.10/dist-packages/turtle_interfaces/msg/_turtle_msg.py'...
Listing '/home/yahboom/S26_RobotProgramming_Eloquent_Elusor/Lab4/wojnae/install/turtle_interfaces/local/lib/python3.10/dist-packages/turtle_interfaces/srv'...
Compiling '/home/yahboom/S26_RobotProgramming_Eloquent_Elusor/Lab4/wojnae/install/turtle_interfaces/local/lib/python3.10/dist-packages/turtle_interfaces/srv/__init__.py'...
Compiling '/home/yahboom/S26_RobotProgramming_Eloquent_Elusor/Lab4/wojnae/install/turtle_interfaces/local/lib/python3.10/dist-packages/turtle_interfaces/srv/_set_color.py'...
Compiling '/home/yahboom/S26_RobotProgramming_Eloquent_Elusor/Lab4/wojnae/install/turtle_interfaces/local/lib/python3.10/dist-packages/turtle_interfaces/srv/_set_pose.py'...
-- Installing: /home/yahboom/S26_RobotProgramming_Eloquent_Elusor/Lab4/wojnae/install/turtle_interfaces/lib/libturtle_interfaces__rosidl_generator_py.so
-- Set runtime path of "/home/yahboom/S26_RobotProgramming_Eloquent_Elusor/Lab4/wojnae/install/turtle_interfaces/lib/libturtle_interfaces__rosidl_generator_py.so" to ""
-- Installing: /home/yahboom/S26_RobotProgramming_Eloquent_Elusor/Lab4/wojnae/install/turtle_interfaces/share/turtle_interfaces/cmake/export_turtle_interfaces__rosidl_generator_cExport.cmake
-- Installing: /home/yahboom/S26_RobotProgramming_Eloquent_Elusor/Lab4/wojnae/install/turtle_interfaces/share/turtle_interfaces/cmake/export_turtle_interfaces__rosidl_generator_cExport-noconfig.cmake
-- Installing: /home/yahboom/S26_RobotProgramming_Eloquent_Elusor/Lab4/wojnae/install/turtle_interfaces/share/turtle_interfaces/cmake/export_turtle_interfaces__rosidl_typesupport_fastrtps_cExport.cmake
-- Installing: /home/yahboom/S26_RobotProgramming_Eloquent_Elusor/Lab4/wojnae/install/turtle_interfaces/share/turtle_interfaces/cmake/export_turtle_interfaces__rosidl_typesupport_fastrtps_cExport-noconfig.cmake
-- Installing: /home/yahboom/S26_RobotProgramming_Eloquent_Elusor/Lab4/wojnae/install/turtle_interfaces/share/turtle_interfaces/cmake/export_turtle_interfaces__rosidl_generator_cppExport.cmake
-- Installing: /home/yahboom/S26_RobotProgramming_Eloquent_Elusor/Lab4/wojnae/install/turtle_interfaces/share/turtle_interfaces/cmake/export_turtle_interfaces__rosidl_typesupport_fastrtps_cppExport.cmake
-- Installing: /home/yahboom/S26_RobotProgramming_Eloquent_Elusor/Lab4/wojnae/install/turtle_interfaces/share/turtle_interfaces/cmake/export_turtle_interfaces__rosidl_typesupport_fastrtps_cppExport-noconfig.cmake
-- Installing: /home/yahboom/S26_RobotProgramming_Eloquent_Elusor/Lab4/wojnae/install/turtle_interfaces/share/turtle_interfaces/cmake/turtle_interfaces__rosidl_typesupport_introspection_cExport.cmake
-- Installing: /home/yahboom/S26_RobotProgramming_Eloquent_Elusor/Lab4/wojnae/install/turtle_interfaces/share/turtle_interfaces/cmake/turtle_interfaces__rosidl_typesupport_introspection_cExport-noconfig.cmake
-- Installing: /home/yahboom/S26_RobotProgramming_Eloquent_Elusor/Lab4/wojnae/install/turtle_interfaces/share/turtle_interfaces/cmake/turtle_interfaces__rosidl_typesupport_cExport.cmake
-- Installing: /home/yahboom/S26_RobotProgramming_Eloquent_Elusor/Lab4/wojnae/install/turtle_interfaces/share/turtle_interfaces/cmake/turtle_interfaces__rosidl_typesupport_cExport-noconfig.cmake
-- Installing: /home/yahboom/S26_RobotProgramming_Eloquent_Elusor/Lab4/wojnae/install/turtle_interfaces/share/turtle_interfaces/cmake/turtle_interfaces__rosidl_typesupport_introspection_cppExport.cmake
-- Installing: /home/yahboom/S26_RobotProgramming_Eloquent_Elusor/Lab4/wojnae/install/turtle_interfaces/share/turtle_interfaces/cmake/turtle_interfaces__rosidl_typesupport_introspection_cppExport-noconfig.cmake
-- Installing: /home/yahboom/S26_RobotProgramming_Eloquent_Elusor/Lab4/wojnae/install/turtle_interfaces/share/turtle_interfaces/cmake/turtle_interfaces__rosidl_typesupport_cppExport.cmake
-- Installing: /home/yahboom/S26_RobotProgramming_Eloquent_Elusor/Lab4/wojnae/install/turtle_interfaces/share/turtle_interfaces/cmake/turtle_interfaces__rosidl_typesupport_cppExport-noconfig.cmake
-- Installing: /home/yahboom/S26_RobotProgramming_Eloquent_Elusor/Lab4/wojnae/install/turtle_interfaces/share/turtle_interfaces/cmake/export_turtle_interfaces__rosidl_generator_pyExport.cmake
-- Installing: /home/yahboom/S26_RobotProgramming_Eloquent_Elusor/Lab4/wojnae/install/turtle_interfaces/share/turtle_interfaces/cmake/export_turtle_interfaces__rosidl_generator_pyExport-noconfig.cmake
