[0.115s] Invoking command in '/home/yahboom/S26_RobotProgramming_Eloquent_Elusor/Lab4/wojnae/build/turtle_interfaces': CMAKE_PREFIX_PATH=${CMAKE_PREFIX_PATH}:/home/yahboom/cartoros2/install/yahboomcar_nav:/home/yahboom/cartoros2/install/yahboomcar_ctrl:/home/yahboom/cartoros2/install/yahboom_visual:/home/yahboom/cartoros2/install/yahboom_dog_joint_state:/home/yahboom/cartoros2/install/yahboom_description:/home/yahboom/cartoros2/install/yahboom_color_identify_server:/home/yahboom/cartoros2/install/yahboom_bringup:/home/yahboom/cartoros2/install/yahboom_base:/home/yahboom/cartoros2/install/yahboom_app_save_map:/home/yahboom/cartoros2/install/update_map:/home/yahboom/cartoros2/install/rosboard:/home/yahboom/cartoros2/install/path_planner_server:/home/yahboom/cartoros2/install/nav2_simple_commander:/home/yahboom/cartoros2/install/nav2_gazebo_spawner:/home/yahboom/cartoros2/install/localization_server:/home/yahboom/cartoros2/install/laserscan_to_point_pulisher:/home/yahboom/yahboomcar_ws/install/yahboom_dog_example:/opt/ros/humble /usr/bin/cmake /home/yahboom/S26_RobotProgramming_Eloquent_Elusor/Lab4/wojnae/roscourse_ws/src/turtle_interfaces -DAMENT_CMAKE_SYMLINK_INSTALL=1 -DCMAKE_INSTALL_PREFIX=/home/yahboom/S26_RobotProgramming_Eloquent_Elusor/Lab4/wojnae/install/turtle_interfaces
[0.725s] -- The C compiler identification is GNU 11.4.0
[1.166s] -- The CXX compiler identification is GNU 11.4.0
[1.210s] -- Detecting C compiler ABI info
[1.596s] -- Detecting C compiler ABI info - done
[1.615s] -- Check for working C compiler: /usr/bin/cc - skipped
[1.651s] -- Detecting C compile features
[1.655s] -- Detecting C compile features - done
[1.674s] -- Detecting CXX compiler ABI info
[2.104s] -- Detecting CXX compiler ABI info - done
[2.122s] -- Check for working CXX compiler: /usr/bin/c++ - skipped
[2.122s] -- Detecting CXX compile features
[2.124s] -- Detecting CXX compile features - done
[2.196s] -- Found ament_cmake: 1.3.8 (/opt/ros/humble/share/ament_cmake/cmake)
[2.930s] -- Found Python3: /usr/bin/python3 (found version "3.10.12") found components: Interpreter 
[3.228s] -- Override CMake install command with custom implementation using symlinks instead of copying resources
[3.869s] -- Found ament_lint_auto: 0.12.10 (/opt/ros/humble/share/ament_lint_auto/cmake)
[4.555s] -- Found geometry_msgs: 4.2.3 (/opt/ros/humble/share/geometry_msgs/cmake)
[5.104s] -- Found rosidl_generator_c: 3.1.5 (/opt/ros/humble/share/rosidl_generator_c/cmake)
[5.201s] -- Found rosidl_adapter: 3.1.5 (/opt/ros/humble/share/rosidl_adapter/cmake)
[5.316s] -- Found rosidl_generator_cpp: 3.1.5 (/opt/ros/humble/share/rosidl_generator_cpp/cmake)
[5.472s] -- Using all available rosidl_typesupport_c: rosidl_typesupport_fastrtps_c;rosidl_typesupport_introspection_c
[5.676s] -- Using all available rosidl_typesupport_cpp: rosidl_typesupport_fastrtps_cpp;rosidl_typesupport_introspection_cpp
[6.197s] -- Found rosidl_default_generators: 1.2.0 (/opt/ros/humble/share/rosidl_default_generators/cmake)
[7.250s] -- Found ament_cmake_ros: 0.10.0 (/opt/ros/humble/share/ament_cmake_ros/cmake)
[8.971s] -- Using all available rosidl_typesupport_c: rosidl_typesupport_fastrtps_c;rosidl_typesupport_introspection_c
[9.590s] -- Using all available rosidl_typesupport_cpp: rosidl_typesupport_fastrtps_cpp;rosidl_typesupport_introspection_cpp
[9.726s] -- Found PythonInterp: /usr/bin/python3 (found suitable version "3.10.12", minimum required is "3.6") 
[9.806s] -- Found python_cmake_module: 0.10.0 (/opt/ros/humble/share/python_cmake_module/cmake)
[9.984s] -- Found PythonLibs: /usr/lib/x86_64-linux-gnu/libpython3.10.so (found suitable version "3.10.12", minimum required is "3.5") 
[9.984s] -- Using PYTHON_EXECUTABLE: /usr/bin/python3
[9.984s] -- Using PYTHON_INCLUDE_DIRS: /usr/include/python3.10
[9.985s] -- Using PYTHON_LIBRARIES: /usr/lib/x86_64-linux-gnu/libpython3.10.so
[10.073s] -- Found PythonExtra: .so  
[10.506s] -- Added test 'lint_cmake' to check CMake code style
[10.518s] -- Added test 'xmllint' to check XML markup files
[10.563s] -- Configuring done
[10.693s] -- Generating done
[10.701s] -- Build files have been written to: /home/yahboom/S26_RobotProgramming_Eloquent_Elusor/Lab4/wojnae/build/turtle_interfaces
[10.725s] Invoked command in '/home/yahboom/S26_RobotProgramming_Eloquent_Elusor/Lab4/wojnae/build/turtle_interfaces' returned '0': CMAKE_PREFIX_PATH=${CMAKE_PREFIX_PATH}:/home/yahboom/cartoros2/install/yahboomcar_nav:/home/yahboom/cartoros2/install/yahboomcar_ctrl:/home/yahboom/cartoros2/install/yahboom_visual:/home/yahboom/cartoros2/install/yahboom_dog_joint_state:/home/yahboom/cartoros2/install/yahboom_description:/home/yahboom/cartoros2/install/yahboom_color_identify_server:/home/yahboom/cartoros2/install/yahboom_bringup:/home/yahboom/cartoros2/install/yahboom_base:/home/yahboom/cartoros2/install/yahboom_app_save_map:/home/yahboom/cartoros2/install/update_map:/home/yahboom/cartoros2/install/rosboard:/home/yahboom/cartoros2/install/path_planner_server:/home/yahboom/cartoros2/install/nav2_simple_commander:/home/yahboom/cartoros2/install/nav2_gazebo_spawner:/home/yahboom/cartoros2/install/localization_server:/home/yahboom/cartoros2/install/laserscan_to_point_pulisher:/home/yahboom/yahboomcar_ws/install/yahboom_dog_example:/opt/ros/humble /usr/bin/cmake /home/yahboom/S26_RobotProgramming_Eloquent_Elusor/Lab4/wojnae/roscourse_ws/src/turtle_interfaces -DAMENT_CMAKE_SYMLINK_INSTALL=1 -DCMAKE_INSTALL_PREFIX=/home/yahboom/S26_RobotProgramming_Eloquent_Elusor/Lab4/wojnae/install/turtle_interfaces
[10.730s] Invoking command in '/home/yahboom/S26_RobotProgramming_Eloquent_Elusor/Lab4/wojnae/build/turtle_interfaces': CMAKE_PREFIX_PATH=${CMAKE_PREFIX_PATH}:/home/yahboom/cartoros2/install/yahboomcar_nav:/home/yahboom/cartoros2/install/yahboomcar_ctrl:/home/yahboom/cartoros2/install/yahboom_visual:/home/yahboom/cartoros2/install/yahboom_dog_joint_state:/home/yahboom/cartoros2/install/yahboom_description:/home/yahboom/cartoros2/install/yahboom_color_identify_server:/home/yahboom/cartoros2/install/yahboom_bringup:/home/yahboom/cartoros2/install/yahboom_base:/home/yahboom/cartoros2/install/yahboom_app_save_map:/home/yahboom/cartoros2/install/update_map:/home/yahboom/cartoros2/install/rosboard:/home/yahboom/cartoros2/install/path_planner_server:/home/yahboom/cartoros2/install/nav2_simple_commander:/home/yahboom/cartoros2/install/nav2_gazebo_spawner:/home/yahboom/cartoros2/install/localization_server:/home/yahboom/cartoros2/install/laserscan_to_point_pulisher:/home/yahboom/yahboomcar_ws/install/yahboom_dog_example:/opt/ros/humble /usr/bin/cmake --build /home/yahboom/S26_RobotProgramming_Eloquent_Elusor/Lab4/wojnae/build/turtle_interfaces -- -j4 -l4
[10.991s] [  2%] [34m[1mGenerating C code for ROS interfaces[0m
[11.064s] [  4%] [34m[1mGenerating C++ code for ROS interfaces[0m
[11.115s] [  4%] Built target ament_cmake_python_symlink_turtle_interfaces
[12.132s] running egg_info
[12.134s] creating turtle_interfaces.egg-info
[12.134s] writing turtle_interfaces.egg-info/PKG-INFO
[12.135s] writing dependency_links to turtle_interfaces.egg-info/dependency_links.txt
[12.135s] writing top-level names to turtle_interfaces.egg-info/top_level.txt
[12.137s] writing manifest file 'turtle_interfaces.egg-info/SOURCES.txt'
[12.146s] reading manifest file 'turtle_interfaces.egg-info/SOURCES.txt'
[12.147s] writing manifest file 'turtle_interfaces.egg-info/SOURCES.txt'
[12.245s] [  4%] Built target ament_cmake_python_build_turtle_interfaces_egg
[12.486s] [  4%] Built target turtle_interfaces__cpp
[12.550s] [  6%] [32mBuilding C object CMakeFiles/turtle_interfaces__rosidl_generator_c.dir/rosidl_generator_c/turtle_interfaces/msg/detail/turtle_msg__functions.c.o[0m
[12.554s] [  8%] [34m[1mGenerating C++ type support dispatch for ROS interfaces[0m
[12.554s] [ 10%] [34m[1mGenerating C++ type support for eProsima Fast-RTPS[0m
[12.555s] [ 12%] [34m[1mGenerating C++ introspection for ROS interfaces[0m
[12.945s] [ 14%] [32mBuilding C object CMakeFiles/turtle_interfaces__rosidl_generator_c.dir/rosidl_generator_c/turtle_interfaces/srv/detail/set_pose__functions.c.o[0m
[13.187s] [ 17%] [32mBuilding C object CMakeFiles/turtle_interfaces__rosidl_generator_c.dir/rosidl_generator_c/turtle_interfaces/srv/detail/set_color__functions.c.o[0m
[13.387s] [ 19%] [32m[1mLinking C shared library libturtle_interfaces__rosidl_generator_c.so[0m
[13.506s] [ 21%] [32mBuilding CXX object CMakeFiles/turtle_interfaces__rosidl_typesupport_cpp.dir/rosidl_typesupport_cpp/turtle_interfaces/msg/turtle_msg__type_support.cpp.o[0m
[13.639s] [ 21%] Built target turtle_interfaces__rosidl_generator_c
[13.699s] [ 23%] [34m[1mGenerating C type support for eProsima Fast-RTPS[0m
[13.773s] [ 25%] [32mBuilding CXX object CMakeFiles/turtle_interfaces__rosidl_typesupport_introspection_cpp.dir/rosidl_typesupport_introspection_cpp/turtle_interfaces/msg/detail/turtle_msg__type_support.cpp.o[0m
[13.967s] [ 27%] [32mBuilding CXX object CMakeFiles/turtle_interfaces__rosidl_typesupport_fastrtps_cpp.dir/rosidl_typesupport_fastrtps_cpp/turtle_interfaces/msg/detail/dds_fastrtps/turtle_msg__type_support.cpp.o[0m
[14.814s] [ 29%] [32mBuilding CXX object CMakeFiles/turtle_interfaces__rosidl_typesupport_cpp.dir/rosidl_typesupport_cpp/turtle_interfaces/srv/set_pose__type_support.cpp.o[0m
[14.935s] [ 31%] [32mBuilding CXX object CMakeFiles/turtle_interfaces__rosidl_typesupport_fastrtps_c.dir/rosidl_typesupport_fastrtps_c/turtle_interfaces/msg/detail/turtle_msg__type_support_c.cpp.o[0m
[15.380s] [ 34%] [32mBuilding CXX object CMakeFiles/turtle_interfaces__rosidl_typesupport_introspection_cpp.dir/rosidl_typesupport_introspection_cpp/turtle_interfaces/srv/detail/set_pose__type_support.cpp.o[0m
[15.865s] [ 36%] [32mBuilding CXX object CMakeFiles/turtle_interfaces__rosidl_typesupport_cpp.dir/rosidl_typesupport_cpp/turtle_interfaces/srv/set_color__type_support.cpp.o[0m
[15.891s] [ 38%] [32mBuilding CXX object CMakeFiles/turtle_interfaces__rosidl_typesupport_fastrtps_cpp.dir/rosidl_typesupport_fastrtps_cpp/turtle_interfaces/srv/detail/dds_fastrtps/set_pose__type_support.cpp.o[0m
[16.529s] [ 40%] [32mBuilding CXX object CMakeFiles/turtle_interfaces__rosidl_typesupport_fastrtps_c.dir/rosidl_typesupport_fastrtps_c/turtle_interfaces/srv/detail/set_pose__type_support_c.cpp.o[0m
[16.650s] [ 42%] [32mBuilding CXX object CMakeFiles/turtle_interfaces__rosidl_typesupport_introspection_cpp.dir/rosidl_typesupport_introspection_cpp/turtle_interfaces/srv/detail/set_color__type_support.cpp.o[0m
[16.686s] [ 44%] [32m[1mLinking CXX shared library libturtle_interfaces__rosidl_typesupport_cpp.so[0m
[16.890s] [ 44%] Built target turtle_interfaces__rosidl_typesupport_cpp
[16.954s] [ 46%] [32mBuilding CXX object CMakeFiles/turtle_interfaces__rosidl_typesupport_fastrtps_c.dir/rosidl_typesupport_fastrtps_c/turtle_interfaces/srv/detail/set_color__type_support_c.cpp.o[0m
[17.332s] [ 48%] [32mBuilding CXX object CMakeFiles/turtle_interfaces__rosidl_typesupport_fastrtps_cpp.dir/rosidl_typesupport_fastrtps_cpp/turtle_interfaces/srv/detail/dds_fastrtps/set_color__type_support.cpp.o[0m
[17.540s] [ 51%] [34m[1mGenerating C introspection for ROS interfaces[0m
[17.707s] [ 53%] [32m[1mLinking CXX shared library libturtle_interfaces__rosidl_typesupport_introspection_cpp.so[0m
[17.978s] [ 55%] [32m[1mLinking CXX shared library libturtle_interfaces__rosidl_typesupport_fastrtps_c.so[0m
[18.032s] [ 55%] Built target turtle_interfaces__rosidl_typesupport_introspection_cpp
[18.104s] [ 57%] [34m[1mGenerating C type support dispatch for ROS interfaces[0m
[18.313s] [ 57%] Built target turtle_interfaces__rosidl_typesupport_fastrtps_c
[18.539s] [ 59%] [32m[1mLinking CXX shared library libturtle_interfaces__rosidl_typesupport_fastrtps_cpp.so[0m
[18.726s] [ 61%] [32mBuilding C object CMakeFiles/turtle_interfaces__rosidl_typesupport_introspection_c.dir/rosidl_typesupport_introspection_c/turtle_interfaces/msg/detail/turtle_msg__type_support.c.o[0m
[18.730s] [ 63%] [32mBuilding C object CMakeFiles/turtle_interfaces__rosidl_typesupport_introspection_c.dir/rosidl_typesupport_introspection_c/turtle_interfaces/srv/detail/set_pose__type_support.c.o[0m
[18.913s] [ 65%] [32mBuilding C object CMakeFiles/turtle_interfaces__rosidl_typesupport_introspection_c.dir/rosidl_typesupport_introspection_c/turtle_interfaces/srv/detail/set_color__type_support.c.o[0m
[18.917s] [ 65%] Built target turtle_interfaces__rosidl_typesupport_fastrtps_cpp
[19.073s] [ 68%] [32mBuilding CXX object CMakeFiles/turtle_interfaces__rosidl_typesupport_c.dir/rosidl_typesupport_c/turtle_interfaces/srv/set_color__type_support.cpp.o[0m
[19.074s] [ 70%] [32m[1mLinking C shared library libturtle_interfaces__rosidl_typesupport_introspection_c.so[0m
[19.074s] [ 72%] [32mBuilding CXX object CMakeFiles/turtle_interfaces__rosidl_typesupport_c.dir/rosidl_typesupport_c/turtle_interfaces/msg/turtle_msg__type_support.cpp.o[0m
[19.075s] [ 74%] [32mBuilding CXX object CMakeFiles/turtle_interfaces__rosidl_typesupport_c.dir/rosidl_typesupport_c/turtle_interfaces/srv/set_pose__type_support.cpp.o[0m
[19.259s] [ 76%] [32m[1mLinking CXX shared library libturtle_interfaces__rosidl_typesupport_c.so[0m
[19.261s] [ 76%] Built target turtle_interfaces__rosidl_typesupport_introspection_c
[19.497s] [ 76%] Built target turtle_interfaces__rosidl_typesupport_c
[19.625s] [ 76%] Built target turtle_interfaces
[19.759s] [ 78%] [34m[1mGenerating Python code for ROS interfaces[0m
[21.476s] [ 78%] Built target turtle_interfaces__py
[21.615s] [ 82%] [32mBuilding C object CMakeFiles/turtle_interfaces__rosidl_generator_py.dir/rosidl_generator_py/turtle_interfaces/msg/_turtle_msg_s.c.o[0m
[21.615s] [ 82%] [32mBuilding C object CMakeFiles/turtle_interfaces__rosidl_generator_py.dir/rosidl_generator_py/turtle_interfaces/srv/_set_color_s.c.o[0m
[21.616s] [ 85%] [32mBuilding C object CMakeFiles/turtle_interfaces__rosidl_generator_py.dir/rosidl_generator_py/turtle_interfaces/srv/_set_pose_s.c.o[0m
[22.111s] [ 87%] [32m[1mLinking C shared library rosidl_generator_py/turtle_interfaces/libturtle_interfaces__rosidl_generator_py.so[0m
[22.358s] [ 87%] Built target turtle_interfaces__rosidl_generator_py
[22.488s] [ 91%] [32mBuilding C object CMakeFiles/turtle_interfaces__rosidl_typesupport_fastrtps_c__pyext.dir/rosidl_generator_py/turtle_interfaces/_turtle_interfaces_s.ep.rosidl_typesupport_fastrtps_c.c.o[0m
[22.488s] [ 91%] [32mBuilding C object CMakeFiles/turtle_interfaces__rosidl_typesupport_introspection_c__pyext.dir/rosidl_generator_py/turtle_interfaces/_turtle_interfaces_s.ep.rosidl_typesupport_introspection_c.c.o[0m
[22.489s] [ 93%] [32mBuilding C object CMakeFiles/turtle_interfaces__rosidl_typesupport_c__pyext.dir/rosidl_generator_py/turtle_interfaces/_turtle_interfaces_s.ep.rosidl_typesupport_c.c.o[0m
[22.892s] [ 95%] [32m[1mLinking C shared library rosidl_generator_py/turtle_interfaces/turtle_interfaces_s__rosidl_typesupport_introspection_c.cpython-310-x86_64-linux-gnu.so[0m
[22.893s] [ 97%] [32m[1mLinking C shared library rosidl_generator_py/turtle_interfaces/turtle_interfaces_s__rosidl_typesupport_c.cpython-310-x86_64-linux-gnu.so[0m
[22.898s] [100%] [32m[1mLinking C shared library rosidl_generator_py/turtle_interfaces/turtle_interfaces_s__rosidl_typesupport_fastrtps_c.cpython-310-x86_64-linux-gnu.so[0m
[23.098s] [100%] Built target turtle_interfaces__rosidl_typesupport_introspection_c__pyext
[23.099s] [100%] Built target turtle_interfaces__rosidl_typesupport_fastrtps_c__pyext
[23.099s] [100%] Built target turtle_interfaces__rosidl_typesupport_c__pyext
[23.163s] Invoked command in '/home/yahboom/S26_RobotProgramming_Eloquent_Elusor/Lab4/wojnae/build/turtle_interfaces' returned '0': CMAKE_PREFIX_PATH=${CMAKE_PREFIX_PATH}:/home/yahboom/cartoros2/install/yahboomcar_nav:/home/yahboom/cartoros2/install/yahboomcar_ctrl:/home/yahboom/cartoros2/install/yahboom_visual:/home/yahboom/cartoros2/install/yahboom_dog_joint_state:/home/yahboom/cartoros2/install/yahboom_description:/home/yahboom/cartoros2/install/yahboom_color_identify_server:/home/yahboom/cartoros2/install/yahboom_bringup:/home/yahboom/cartoros2/install/yahboom_base:/home/yahboom/cartoros2/install/yahboom_app_save_map:/home/yahboom/cartoros2/install/update_map:/home/yahboom/cartoros2/install/rosboard:/home/yahboom/cartoros2/install/path_planner_server:/home/yahboom/cartoros2/install/nav2_simple_commander:/home/yahboom/cartoros2/install/nav2_gazebo_spawner:/home/yahboom/cartoros2/install/localization_server:/home/yahboom/cartoros2/install/laserscan_to_point_pulisher:/home/yahboom/yahboomcar_ws/install/yahboom_dog_example:/opt/ros/humble /usr/bin/cmake --build /home/yahboom/S26_RobotProgramming_Eloquent_Elusor/Lab4/wojnae/build/turtle_interfaces -- -j4 -l4
[24.257s] Invoking command in '/home/yahboom/S26_RobotProgramming_Eloquent_Elusor/Lab4/wojnae/build/turtle_interfaces': CMAKE_PREFIX_PATH=${CMAKE_PREFIX_PATH}:/home/yahboom/cartoros2/install/yahboomcar_nav:/home/yahboom/cartoros2/install/yahboomcar_ctrl:/home/yahboom/cartoros2/install/yahboom_visual:/home/yahboom/cartoros2/install/yahboom_dog_joint_state:/home/yahboom/cartoros2/install/yahboom_description:/home/yahboom/cartoros2/install/yahboom_color_identify_server:/home/yahboom/cartoros2/install/yahboom_bringup:/home/yahboom/cartoros2/install/yahboom_base:/home/yahboom/cartoros2/install/yahboom_app_save_map:/home/yahboom/cartoros2/install/update_map:/home/yahboom/cartoros2/install/rosboard:/home/yahboom/cartoros2/install/path_planner_server:/home/yahboom/cartoros2/install/nav2_simple_commander:/home/yahboom/cartoros2/install/nav2_gazebo_spawner:/home/yahboom/cartoros2/install/localization_server:/home/yahboom/cartoros2/install/laserscan_to_point_pulisher:/home/yahboom/yahboomcar_ws/install/yahboom_dog_example:/opt/ros/humble /usr/bin/cmake --install /home/yahboom/S26_RobotProgramming_Eloquent_Elusor/Lab4/wojnae/build/turtle_interfaces
[24.304s] -- Install configuration: ""
[24.306s] -- Execute custom install script
[24.307s] -- Symlinking: /home/yahboom/S26_RobotProgramming_Eloquent_Elusor/Lab4/wojnae/install/turtle_interfaces/share/ament_index/resource_index/rosidl_interfaces/turtle_interfaces
[24.360s] -- Symlinking: /home/yahboom/S26_RobotProgramming_Eloquent_Elusor/Lab4/wojnae/install/turtle_interfaces/include/turtle_interfaces/turtle_interfaces/msg/detail/turtle_msg__functions.h
[24.411s] -- Symlinking: /home/yahboom/S26_RobotProgramming_Eloquent_Elusor/Lab4/wojnae/install/turtle_interfaces/include/turtle_interfaces/turtle_interfaces/msg/detail/turtle_msg__struct.h
[24.469s] -- Symlinking: /home/yahboom/S26_RobotProgramming_Eloquent_Elusor/Lab4/wojnae/install/turtle_interfaces/include/turtle_interfaces/turtle_interfaces/msg/detail/turtle_msg__type_support.h
[24.516s] -- Symlinking: /home/yahboom/S26_RobotProgramming_Eloquent_Elusor/Lab4/wojnae/install/turtle_interfaces/include/turtle_interfaces/turtle_interfaces/msg/rosidl_generator_c__visibility_control.h
[24.601s] -- Symlinking: /home/yahboom/S26_RobotProgramming_Eloquent_Elusor/Lab4/wojnae/install/turtle_interfaces/include/turtle_interfaces/turtle_interfaces/msg/turtle_msg.h
[24.648s] -- Symlinking: /home/yahboom/S26_RobotProgramming_Eloquent_Elusor/Lab4/wojnae/install/turtle_interfaces/include/turtle_interfaces/turtle_interfaces/srv/detail/set_color__functions.h
[24.702s] -- Symlinking: /home/yahboom/S26_RobotProgramming_Eloquent_Elusor/Lab4/wojnae/install/turtle_interfaces/include/turtle_interfaces/turtle_interfaces/srv/detail/set_color__struct.h
[24.753s] -- Symlinking: /home/yahboom/S26_RobotProgramming_Eloquent_Elusor/Lab4/wojnae/install/turtle_interfaces/include/turtle_interfaces/turtle_interfaces/srv/detail/set_color__type_support.h
[24.805s] -- Symlinking: /home/yahboom/S26_RobotProgramming_Eloquent_Elusor/Lab4/wojnae/install/turtle_interfaces/include/turtle_interfaces/turtle_interfaces/srv/detail/set_pose__functions.h
[24.856s] -- Symlinking: /home/yahboom/S26_RobotProgramming_Eloquent_Elusor/Lab4/wojnae/install/turtle_interfaces/include/turtle_interfaces/turtle_interfaces/srv/detail/set_pose__struct.h
[24.909s] -- Symlinking: /home/yahboom/S26_RobotProgramming_Eloquent_Elusor/Lab4/wojnae/install/turtle_interfaces/include/turtle_interfaces/turtle_interfaces/srv/detail/set_pose__type_support.h
[24.960s] -- Symlinking: /home/yahboom/S26_RobotProgramming_Eloquent_Elusor/Lab4/wojnae/install/turtle_interfaces/include/turtle_interfaces/turtle_interfaces/srv/set_color.h
[25.008s] -- Symlinking: /home/yahboom/S26_RobotProgramming_Eloquent_Elusor/Lab4/wojnae/install/turtle_interfaces/include/turtle_interfaces/turtle_interfaces/srv/set_pose.h
[25.056s] -- Symlinking: /home/yahboom/S26_RobotProgramming_Eloquent_Elusor/Lab4/wojnae/install/turtle_interfaces/share/turtle_interfaces/environment/library_path.sh
[25.143s] -- Symlinking: /home/yahboom/S26_RobotProgramming_Eloquent_Elusor/Lab4/wojnae/install/turtle_interfaces/share/turtle_interfaces/environment/library_path.dsv
[25.195s] -- Symlinking: /home/yahboom/S26_RobotProgramming_Eloquent_Elusor/Lab4/wojnae/install/turtle_interfaces/include/turtle_interfaces/turtle_interfaces/msg/detail/turtle_msg__rosidl_typesupport_fastrtps_c.h
[25.241s] -- Symlinking: /home/yahboom/S26_RobotProgramming_Eloquent_Elusor/Lab4/wojnae/install/turtle_interfaces/include/turtle_interfaces/turtle_interfaces/msg/rosidl_typesupport_fastrtps_c__visibility_control.h
[25.290s] -- Symlinking: /home/yahboom/S26_RobotProgramming_Eloquent_Elusor/Lab4/wojnae/install/turtle_interfaces/include/turtle_interfaces/turtle_interfaces/srv/detail/set_color__rosidl_typesupport_fastrtps_c.h
[25.338s] -- Symlinking: /home/yahboom/S26_RobotProgramming_Eloquent_Elusor/Lab4/wojnae/install/turtle_interfaces/include/turtle_interfaces/turtle_interfaces/srv/detail/set_pose__rosidl_typesupport_fastrtps_c.h
[25.391s] -- Symlinking: /home/yahboom/S26_RobotProgramming_Eloquent_Elusor/Lab4/wojnae/install/turtle_interfaces/include/turtle_interfaces/turtle_interfaces/msg/detail/turtle_msg__builder.hpp
[25.439s] -- Symlinking: /home/yahboom/S26_RobotProgramming_Eloquent_Elusor/Lab4/wojnae/install/turtle_interfaces/include/turtle_interfaces/turtle_interfaces/msg/detail/turtle_msg__struct.hpp
[25.490s] -- Symlinking: /home/yahboom/S26_RobotProgramming_Eloquent_Elusor/Lab4/wojnae/install/turtle_interfaces/include/turtle_interfaces/turtle_interfaces/msg/detail/turtle_msg__traits.hpp
[25.541s] -- Symlinking: /home/yahboom/S26_RobotProgramming_Eloquent_Elusor/Lab4/wojnae/install/turtle_interfaces/include/turtle_interfaces/turtle_interfaces/msg/turtle_msg.hpp
[25.591s] -- Symlinking: /home/yahboom/S26_RobotProgramming_Eloquent_Elusor/Lab4/wojnae/install/turtle_interfaces/include/turtle_interfaces/turtle_interfaces/srv/detail/set_color__builder.hpp
[25.640s] -- Symlinking: /home/yahboom/S26_RobotProgramming_Eloquent_Elusor/Lab4/wojnae/install/turtle_interfaces/include/turtle_interfaces/turtle_interfaces/srv/detail/set_color__struct.hpp
[25.691s] -- Symlinking: /home/yahboom/S26_RobotProgramming_Eloquent_Elusor/Lab4/wojnae/install/turtle_interfaces/include/turtle_interfaces/turtle_interfaces/srv/detail/set_color__traits.hpp
[25.742s] -- Symlinking: /home/yahboom/S26_RobotProgramming_Eloquent_Elusor/Lab4/wojnae/install/turtle_interfaces/include/turtle_interfaces/turtle_interfaces/srv/detail/set_pose__builder.hpp
[25.792s] -- Symlinking: /home/yahboom/S26_RobotProgramming_Eloquent_Elusor/Lab4/wojnae/install/turtle_interfaces/include/turtle_interfaces/turtle_interfaces/srv/detail/set_pose__struct.hpp
[25.840s] -- Symlinking: /home/yahboom/S26_RobotProgramming_Eloquent_Elusor/Lab4/wojnae/install/turtle_interfaces/include/turtle_interfaces/turtle_interfaces/srv/detail/set_pose__traits.hpp
[25.891s] -- Symlinking: /home/yahboom/S26_RobotProgramming_Eloquent_Elusor/Lab4/wojnae/install/turtle_interfaces/include/turtle_interfaces/turtle_interfaces/srv/set_color.hpp
[25.940s] -- Symlinking: /home/yahboom/S26_RobotProgramming_Eloquent_Elusor/Lab4/wojnae/install/turtle_interfaces/include/turtle_interfaces/turtle_interfaces/srv/set_pose.hpp
[25.990s] -- Symlinking: /home/yahboom/S26_RobotProgramming_Eloquent_Elusor/Lab4/wojnae/install/turtle_interfaces/include/turtle_interfaces/turtle_interfaces/msg/detail/turtle_msg__rosidl_typesupport_fastrtps_cpp.hpp
[26.040s] -- Symlinking: /home/yahboom/S26_RobotProgramming_Eloquent_Elusor/Lab4/wojnae/install/turtle_interfaces/include/turtle_interfaces/turtle_interfaces/msg/rosidl_typesupport_fastrtps_cpp__visibility_control.h
[26.093s] -- Symlinking: /home/yahboom/S26_RobotProgramming_Eloquent_Elusor/Lab4/wojnae/install/turtle_interfaces/include/turtle_interfaces/turtle_interfaces/srv/detail/set_color__rosidl_typesupport_fastrtps_cpp.hpp
[26.146s] -- Symlinking: /home/yahboom/S26_RobotProgramming_Eloquent_Elusor/Lab4/wojnae/install/turtle_interfaces/include/turtle_interfaces/turtle_interfaces/srv/detail/set_pose__rosidl_typesupport_fastrtps_cpp.hpp
[26.202s] -- Symlinking: /home/yahboom/S26_RobotProgramming_Eloquent_Elusor/Lab4/wojnae/install/turtle_interfaces/include/turtle_interfaces/turtle_interfaces/msg/detail/turtle_msg__rosidl_typesupport_introspection_c.h
[26.251s] -- Symlinking: /home/yahboom/S26_RobotProgramming_Eloquent_Elusor/Lab4/wojnae/install/turtle_interfaces/include/turtle_interfaces/turtle_interfaces/msg/rosidl_typesupport_introspection_c__visibility_control.h
[26.302s] -- Symlinking: /home/yahboom/S26_RobotProgramming_Eloquent_Elusor/Lab4/wojnae/install/turtle_interfaces/include/turtle_interfaces/turtle_interfaces/srv/detail/set_color__rosidl_typesupport_introspection_c.h
[26.351s] -- Symlinking: /home/yahboom/S26_RobotProgramming_Eloquent_Elusor/Lab4/wojnae/install/turtle_interfaces/include/turtle_interfaces/turtle_interfaces/srv/detail/set_pose__rosidl_typesupport_introspection_c.h
[26.403s] -- Symlinking: /home/yahboom/S26_RobotProgramming_Eloquent_Elusor/Lab4/wojnae/install/turtle_interfaces/include/turtle_interfaces/turtle_interfaces/msg/detail/turtle_msg__rosidl_typesupport_introspection_cpp.hpp
[26.453s] -- Symlinking: /home/yahboom/S26_RobotProgramming_Eloquent_Elusor/Lab4/wojnae/install/turtle_interfaces/include/turtle_interfaces/turtle_interfaces/srv/detail/set_color__rosidl_typesupport_introspection_cpp.hpp
[26.504s] -- Symlinking: /home/yahboom/S26_RobotProgramming_Eloquent_Elusor/Lab4/wojnae/install/turtle_interfaces/include/turtle_interfaces/turtle_interfaces/srv/detail/set_pose__rosidl_typesupport_introspection_cpp.hpp
[26.553s] -- Symlinking: /home/yahboom/S26_RobotProgramming_Eloquent_Elusor/Lab4/wojnae/install/turtle_interfaces/share/turtle_interfaces/environment/pythonpath.sh
[26.608s] -- Symlinking: /home/yahboom/S26_RobotProgramming_Eloquent_Elusor/Lab4/wojnae/install/turtle_interfaces/share/turtle_interfaces/environment/pythonpath.dsv
[26.659s] -- Symlinking: /home/yahboom/S26_RobotProgramming_Eloquent_Elusor/Lab4/wojnae/install/turtle_interfaces/local/lib/python3.10/dist-packages/turtle_interfaces-0.0.0-py3.10.egg-info/PKG-INFO
[26.714s] -- Symlinking: /home/yahboom/S26_RobotProgramming_Eloquent_Elusor/Lab4/wojnae/install/turtle_interfaces/local/lib/python3.10/dist-packages/turtle_interfaces-0.0.0-py3.10.egg-info/SOURCES.txt
[26.763s] -- Symlinking: /home/yahboom/S26_RobotProgramming_Eloquent_Elusor/Lab4/wojnae/install/turtle_interfaces/local/lib/python3.10/dist-packages/turtle_interfaces-0.0.0-py3.10.egg-info/dependency_links.txt
[26.815s] -- Symlinking: /home/yahboom/S26_RobotProgramming_Eloquent_Elusor/Lab4/wojnae/install/turtle_interfaces/local/lib/python3.10/dist-packages/turtle_interfaces-0.0.0-py3.10.egg-info/top_level.txt
[26.864s] -- Symlinking: /home/yahboom/S26_RobotProgramming_Eloquent_Elusor/Lab4/wojnae/install/turtle_interfaces/local/lib/python3.10/dist-packages/turtle_interfaces/__init__.py
[26.915s] -- Symlinking: /home/yahboom/S26_RobotProgramming_Eloquent_Elusor/Lab4/wojnae/install/turtle_interfaces/local/lib/python3.10/dist-packages/turtle_interfaces/_turtle_interfaces_s.ep.rosidl_typesupport_c.c
[26.964s] -- Symlinking: /home/yahboom/S26_RobotProgramming_Eloquent_Elusor/Lab4/wojnae/install/turtle_interfaces/local/lib/python3.10/dist-packages/turtle_interfaces/_turtle_interfaces_s.ep.rosidl_typesupport_fastrtps_c.c
[27.013s] -- Symlinking: /home/yahboom/S26_RobotProgramming_Eloquent_Elusor/Lab4/wojnae/install/turtle_interfaces/local/lib/python3.10/dist-packages/turtle_interfaces/_turtle_interfaces_s.ep.rosidl_typesupport_introspection_c.c
[27.062s] -- Symlinking: /home/yahboom/S26_RobotProgramming_Eloquent_Elusor/Lab4/wojnae/install/turtle_interfaces/local/lib/python3.10/dist-packages/turtle_interfaces/libturtle_interfaces__rosidl_generator_py.so
[27.114s] -- Symlinking: /home/yahboom/S26_RobotProgramming_Eloquent_Elusor/Lab4/wojnae/install/turtle_interfaces/local/lib/python3.10/dist-packages/turtle_interfaces/msg/__init__.py
[27.161s] -- Symlinking: /home/yahboom/S26_RobotProgramming_Eloquent_Elusor/Lab4/wojnae/install/turtle_interfaces/local/lib/python3.10/dist-packages/turtle_interfaces/msg/_turtle_msg.py
[27.213s] -- Symlinking: /home/yahboom/S26_RobotProgramming_Eloquent_Elusor/Lab4/wojnae/install/turtle_interfaces/local/lib/python3.10/dist-packages/turtle_interfaces/msg/_turtle_msg_s.c
[27.261s] -- Symlinking: /home/yahboom/S26_RobotProgramming_Eloquent_Elusor/Lab4/wojnae/install/turtle_interfaces/local/lib/python3.10/dist-packages/turtle_interfaces/srv/__init__.py
[27.312s] -- Symlinking: /home/yahboom/S26_RobotProgramming_Eloquent_Elusor/Lab4/wojnae/install/turtle_interfaces/local/lib/python3.10/dist-packages/turtle_interfaces/srv/_set_color.py
[27.362s] -- Symlinking: /home/yahboom/S26_RobotProgramming_Eloquent_Elusor/Lab4/wojnae/install/turtle_interfaces/local/lib/python3.10/dist-packages/turtle_interfaces/srv/_set_color_s.c
[27.411s] -- Symlinking: /home/yahboom/S26_RobotProgramming_Eloquent_Elusor/Lab4/wojnae/install/turtle_interfaces/local/lib/python3.10/dist-packages/turtle_interfaces/srv/_set_pose.py
[27.459s] -- Symlinking: /home/yahboom/S26_RobotProgramming_Eloquent_Elusor/Lab4/wojnae/install/turtle_interfaces/local/lib/python3.10/dist-packages/turtle_interfaces/srv/_set_pose_s.c
[27.510s] -- Symlinking: /home/yahboom/S26_RobotProgramming_Eloquent_Elusor/Lab4/wojnae/install/turtle_interfaces/local/lib/python3.10/dist-packages/turtle_interfaces/turtle_interfaces_s__rosidl_typesupport_c.cpython-310-x86_64-linux-gnu.so
[27.557s] -- Symlinking: /home/yahboom/S26_RobotProgramming_Eloquent_Elusor/Lab4/wojnae/install/turtle_interfaces/local/lib/python3.10/dist-packages/turtle_interfaces/turtle_interfaces_s__rosidl_typesupport_fastrtps_c.cpython-310-x86_64-linux-gnu.so
[27.608s] -- Symlinking: /home/yahboom/S26_RobotProgramming_Eloquent_Elusor/Lab4/wojnae/install/turtle_interfaces/local/lib/python3.10/dist-packages/turtle_interfaces/turtle_interfaces_s__rosidl_typesupport_introspection_c.cpython-310-x86_64-linux-gnu.so
[27.657s] -- Up-to-date symlink: /home/yahboom/S26_RobotProgramming_Eloquent_Elusor/Lab4/wojnae/install/turtle_interfaces/local/lib/python3.10/dist-packages/turtle_interfaces/turtle_interfaces_s__rosidl_typesupport_fastrtps_c.cpython-310-x86_64-linux-gnu.so
[27.657s] -- Up-to-date symlink: /home/yahboom/S26_RobotProgramming_Eloquent_Elusor/Lab4/wojnae/install/turtle_interfaces/local/lib/python3.10/dist-packages/turtle_interfaces/turtle_interfaces_s__rosidl_typesupport_introspection_c.cpython-310-x86_64-linux-gnu.so
[27.658s] -- Up-to-date symlink: /home/yahboom/S26_RobotProgramming_Eloquent_Elusor/Lab4/wojnae/install/turtle_interfaces/local/lib/python3.10/dist-packages/turtle_interfaces/turtle_interfaces_s__rosidl_typesupport_c.cpython-310-x86_64-linux-gnu.so
[27.659s] -- Symlinking: /home/yahboom/S26_RobotProgramming_Eloquent_Elusor/Lab4/wojnae/install/turtle_interfaces/share/turtle_interfaces/msg/TurtleMsg.idl
[27.708s] -- Symlinking: /home/yahboom/S26_RobotProgramming_Eloquent_Elusor/Lab4/wojnae/install/turtle_interfaces/share/turtle_interfaces/srv/SetPose.idl
[27.756s] -- Symlinking: /home/yahboom/S26_RobotProgramming_Eloquent_Elusor/Lab4/wojnae/install/turtle_interfaces/share/turtle_interfaces/srv/SetColor.idl
[27.807s] -- Symlinking: /home/yahboom/S26_RobotProgramming_Eloquent_Elusor/Lab4/wojnae/install/turtle_interfaces/share/turtle_interfaces/msg/TurtleMsg.msg
[27.856s] -- Symlinking: /home/yahboom/S26_RobotProgramming_Eloquent_Elusor/Lab4/wojnae/install/turtle_interfaces/share/turtle_interfaces/srv/SetPose.srv
[27.907s] -- Symlinking: /home/yahboom/S26_RobotProgramming_Eloquent_Elusor/Lab4/wojnae/install/turtle_interfaces/share/turtle_interfaces/srv/SetPose_Request.msg
[27.955s] -- Symlinking: /home/yahboom/S26_RobotProgramming_Eloquent_Elusor/Lab4/wojnae/install/turtle_interfaces/share/turtle_interfaces/srv/SetPose_Response.msg
[28.006s] -- Symlinking: /home/yahboom/S26_RobotProgramming_Eloquent_Elusor/Lab4/wojnae/install/turtle_interfaces/share/turtle_interfaces/srv/SetColor.srv
[28.055s] -- Symlinking: /home/yahboom/S26_RobotProgramming_Eloquent_Elusor/Lab4/wojnae/install/turtle_interfaces/share/turtle_interfaces/srv/SetColor_Request.msg
[28.107s] -- Symlinking: /home/yahboom/S26_RobotProgramming_Eloquent_Elusor/Lab4/wojnae/install/turtle_interfaces/share/turtle_interfaces/srv/SetColor_Response.msg
[28.156s] -- Symlinking: /home/yahboom/S26_RobotProgramming_Eloquent_Elusor/Lab4/wojnae/install/turtle_interfaces/share/ament_index/resource_index/package_run_dependencies/turtle_interfaces
[28.207s] -- Symlinking: /home/yahboom/S26_RobotProgramming_Eloquent_Elusor/Lab4/wojnae/install/turtle_interfaces/share/ament_index/resource_index/parent_prefix_path/turtle_interfaces
[28.256s] -- Symlinking: /home/yahboom/S26_RobotProgramming_Eloquent_Elusor/Lab4/wojnae/install/turtle_interfaces/share/turtle_interfaces/environment/ament_prefix_path.sh
[28.307s] -- Symlinking: /home/yahboom/S26_RobotProgramming_Eloquent_Elusor/Lab4/wojnae/install/turtle_interfaces/share/turtle_interfaces/environment/ament_prefix_path.dsv
[28.357s] -- Symlinking: /home/yahboom/S26_RobotProgramming_Eloquent_Elusor/Lab4/wojnae/install/turtle_interfaces/share/turtle_interfaces/environment/path.sh
[28.407s] -- Symlinking: /home/yahboom/S26_RobotProgramming_Eloquent_Elusor/Lab4/wojnae/install/turtle_interfaces/share/turtle_interfaces/environment/path.dsv
[28.456s] -- Symlinking: /home/yahboom/S26_RobotProgramming_Eloquent_Elusor/Lab4/wojnae/install/turtle_interfaces/share/turtle_interfaces/local_setup.bash
[28.545s] -- Symlinking: /home/yahboom/S26_RobotProgramming_Eloquent_Elusor/Lab4/wojnae/install/turtle_interfaces/share/turtle_interfaces/local_setup.sh
[28.594s] -- Symlinking: /home/yahboom/S26_RobotProgramming_Eloquent_Elusor/Lab4/wojnae/install/turtle_interfaces/share/turtle_interfaces/local_setup.zsh
[28.642s] -- Symlinking: /home/yahboom/S26_RobotProgramming_Eloquent_Elusor/Lab4/wojnae/install/turtle_interfaces/share/turtle_interfaces/local_setup.dsv
[28.693s] -- Symlinking: /home/yahboom/S26_RobotProgramming_Eloquent_Elusor/Lab4/wojnae/install/turtle_interfaces/share/turtle_interfaces/package.dsv
[28.741s] -- Symlinking: /home/yahboom/S26_RobotProgramming_Eloquent_Elusor/Lab4/wojnae/install/turtle_interfaces/share/ament_index/resource_index/packages/turtle_interfaces
[28.798s] -- Symlinking: /home/yahboom/S26_RobotProgramming_Eloquent_Elusor/Lab4/wojnae/install/turtle_interfaces/share/turtle_interfaces/cmake/rosidl_cmake-extras.cmake
[28.847s] -- Symlinking: /home/yahboom/S26_RobotProgramming_Eloquent_Elusor/Lab4/wojnae/install/turtle_interfaces/share/turtle_interfaces/cmake/ament_cmake_export_dependencies-extras.cmake
[28.899s] -- Symlinking: /home/yahboom/S26_RobotProgramming_Eloquent_Elusor/Lab4/wojnae/install/turtle_interfaces/share/turtle_interfaces/cmake/ament_cmake_export_include_directories-extras.cmake
[28.947s] -- Symlinking: /home/yahboom/S26_RobotProgramming_Eloquent_Elusor/Lab4/wojnae/install/turtle_interfaces/share/turtle_interfaces/cmake/ament_cmake_export_libraries-extras.cmake
[28.994s] -- Symlinking: /home/yahboom/S26_RobotProgramming_Eloquent_Elusor/Lab4/wojnae/install/turtle_interfaces/share/turtle_interfaces/cmake/ament_cmake_export_targets-extras.cmake
[29.043s] -- Symlinking: /home/yahboom/S26_RobotProgramming_Eloquent_Elusor/Lab4/wojnae/install/turtle_interfaces/share/turtle_interfaces/cmake/rosidl_cmake_export_typesupport_targets-extras.cmake
[29.092s] -- Symlinking: /home/yahboom/S26_RobotProgramming_Eloquent_Elusor/Lab4/wojnae/install/turtle_interfaces/share/turtle_interfaces/cmake/rosidl_cmake_export_typesupport_libraries-extras.cmake
[29.144s] -- Symlinking: /home/yahboom/S26_RobotProgramming_Eloquent_Elusor/Lab4/wojnae/install/turtle_interfaces/share/turtle_interfaces/cmake/turtle_interfacesConfig.cmake
[29.196s] -- Symlinking: /home/yahboom/S26_RobotProgramming_Eloquent_Elusor/Lab4/wojnae/install/turtle_interfaces/share/turtle_interfaces/cmake/turtle_interfacesConfig-version.cmake
[29.246s] -- Symlinking: /home/yahboom/S26_RobotProgramming_Eloquent_Elusor/Lab4/wojnae/install/turtle_interfaces/share/turtle_interfaces/package.xml
[29.297s] -- Installing: /home/yahboom/S26_RobotProgramming_Eloquent_Elusor/Lab4/wojnae/install/turtle_interfaces/lib/libturtle_interfaces__rosidl_generator_c.so
[29.299s] -- Set runtime path of "/home/yahboom/S26_RobotProgramming_Eloquent_Elusor/Lab4/wojnae/install/turtle_interfaces/lib/libturtle_interfaces__rosidl_generator_c.so" to ""
[29.299s] -- Installing: /home/yahboom/S26_RobotProgramming_Eloquent_Elusor/Lab4/wojnae/install/turtle_interfaces/lib/libturtle_interfaces__rosidl_typesupport_fastrtps_c.so
[29.300s] -- Set runtime path of "/home/yahboom/S26_RobotProgramming_Eloquent_Elusor/Lab4/wojnae/install/turtle_interfaces/lib/libturtle_interfaces__rosidl_typesupport_fastrtps_c.so" to ""
[29.301s] -- Installing: /home/yahboom/S26_RobotProgramming_Eloquent_Elusor/Lab4/wojnae/install/turtle_interfaces/lib/libturtle_interfaces__rosidl_typesupport_fastrtps_cpp.so
[29.302s] -- Set runtime path of "/home/yahboom/S26_RobotProgramming_Eloquent_Elusor/Lab4/wojnae/install/turtle_interfaces/lib/libturtle_interfaces__rosidl_typesupport_fastrtps_cpp.so" to ""
[29.303s] -- Installing: /home/yahboom/S26_RobotProgramming_Eloquent_Elusor/Lab4/wojnae/install/turtle_interfaces/lib/libturtle_interfaces__rosidl_typesupport_introspection_c.so
[29.304s] -- Set runtime path of "/home/yahboom/S26_RobotProgramming_Eloquent_Elusor/Lab4/wojnae/install/turtle_interfaces/lib/libturtle_interfaces__rosidl_typesupport_introspection_c.so" to ""
[29.305s] -- Installing: /home/yahboom/S26_RobotProgramming_Eloquent_Elusor/Lab4/wojnae/install/turtle_interfaces/lib/libturtle_interfaces__rosidl_typesupport_c.so
[29.306s] -- Set runtime path of "/home/yahboom/S26_RobotProgramming_Eloquent_Elusor/Lab4/wojnae/install/turtle_interfaces/lib/libturtle_interfaces__rosidl_typesupport_c.so" to ""
[29.306s] -- Installing: /home/yahboom/S26_RobotProgramming_Eloquent_Elusor/Lab4/wojnae/install/turtle_interfaces/lib/libturtle_interfaces__rosidl_typesupport_introspection_cpp.so
[29.309s] -- Set runtime path of "/home/yahboom/S26_RobotProgramming_Eloquent_Elusor/Lab4/wojnae/install/turtle_interfaces/lib/libturtle_interfaces__rosidl_typesupport_introspection_cpp.so" to ""
[29.310s] -- Installing: /home/yahboom/S26_RobotProgramming_Eloquent_Elusor/Lab4/wojnae/install/turtle_interfaces/lib/libturtle_interfaces__rosidl_typesupport_cpp.so
[29.310s] -- Set runtime path of "/home/yahboom/S26_RobotProgramming_Eloquent_Elusor/Lab4/wojnae/install/turtle_interfaces/lib/libturtle_interfaces__rosidl_typesupport_cpp.so" to ""
[29.506s] Listing '/home/yahboom/S26_RobotProgramming_Eloquent_Elusor/Lab4/wojnae/install/turtle_interfaces/local/lib/python3.10/dist-packages/turtle_interfaces'...
[29.507s] Compiling '/home/yahboom/S26_RobotProgramming_Eloquent_Elusor/Lab4/wojnae/install/turtle_interfaces/local/lib/python3.10/dist-packages/turtle_interfaces/__init__.py'...
[29.507s] Listing '/home/yahboom/S26_RobotProgramming_Eloquent_Elusor/Lab4/wojnae/install/turtle_interfaces/local/lib/python3.10/dist-packages/turtle_interfaces/msg'...
[29.507s] Compiling '/home/yahboom/S26_RobotProgramming_Eloquent_Elusor/Lab4/wojnae/install/turtle_interfaces/local/lib/python3.10/dist-packages/turtle_interfaces/msg/__init__.py'...
[29.508s] Compiling '/home/yahboom/S26_RobotProgramming_Eloquent_Elusor/Lab4/wojnae/install/turtle_interfaces/local/lib/python3.10/dist-packages/turtle_interfaces/msg/_turtle_msg.py'...
[29.508s] Listing '/home/yahboom/S26_RobotProgramming_Eloquent_Elusor/Lab4/wojnae/install/turtle_interfaces/local/lib/python3.10/dist-packages/turtle_interfaces/srv'...
[29.508s] Compiling '/home/yahboom/S26_RobotProgramming_Eloquent_Elusor/Lab4/wojnae/install/turtle_interfaces/local/lib/python3.10/dist-packages/turtle_interfaces/srv/__init__.py'...
[29.509s] Compiling '/home/yahboom/S26_RobotProgramming_Eloquent_Elusor/Lab4/wojnae/install/turtle_interfaces/local/lib/python3.10/dist-packages/turtle_interfaces/srv/_set_color.py'...
[29.509s] Compiling '/home/yahboom/S26_RobotProgramming_Eloquent_Elusor/Lab4/wojnae/install/turtle_interfaces/local/lib/python3.10/dist-packages/turtle_interfaces/srv/_set_pose.py'...
[29.518s] -- Installing: /home/yahboom/S26_RobotProgramming_Eloquent_Elusor/Lab4/wojnae/install/turtle_interfaces/lib/libturtle_interfaces__rosidl_generator_py.so
[29.520s] -- Set runtime path of "/home/yahboom/S26_RobotProgramming_Eloquent_Elusor/Lab4/wojnae/install/turtle_interfaces/lib/libturtle_interfaces__rosidl_generator_py.so" to ""
[29.520s] -- Installing: /home/yahboom/S26_RobotProgramming_Eloquent_Elusor/Lab4/wojnae/install/turtle_interfaces/share/turtle_interfaces/cmake/export_turtle_interfaces__rosidl_generator_cExport.cmake
[29.521s] -- Installing: /home/yahboom/S26_RobotProgramming_Eloquent_Elusor/Lab4/wojnae/install/turtle_interfaces/share/turtle_interfaces/cmake/export_turtle_interfaces__rosidl_generator_cExport-noconfig.cmake
[29.522s] -- Installing: /home/yahboom/S26_RobotProgramming_Eloquent_Elusor/Lab4/wojnae/install/turtle_interfaces/share/turtle_interfaces/cmake/export_turtle_interfaces__rosidl_typesupport_fastrtps_cExport.cmake
[29.522s] -- Installing: /home/yahboom/S26_RobotProgramming_Eloquent_Elusor/Lab4/wojnae/install/turtle_interfaces/share/turtle_interfaces/cmake/export_turtle_interfaces__rosidl_typesupport_fastrtps_cExport-noconfig.cmake
[29.523s] -- Installing: /home/yahboom/S26_RobotProgramming_Eloquent_Elusor/Lab4/wojnae/install/turtle_interfaces/share/turtle_interfaces/cmake/export_turtle_interfaces__rosidl_generator_cppExport.cmake
[29.524s] -- Installing: /home/yahboom/S26_RobotProgramming_Eloquent_Elusor/Lab4/wojnae/install/turtle_interfaces/share/turtle_interfaces/cmake/export_turtle_interfaces__rosidl_typesupport_fastrtps_cppExport.cmake
[29.525s] -- Installing: /home/yahboom/S26_RobotProgramming_Eloquent_Elusor/Lab4/wojnae/install/turtle_interfaces/share/turtle_interfaces/cmake/export_turtle_interfaces__rosidl_typesupport_fastrtps_cppExport-noconfig.cmake
[29.526s] -- Installing: /home/yahboom/S26_RobotProgramming_Eloquent_Elusor/Lab4/wojnae/install/turtle_interfaces/share/turtle_interfaces/cmake/turtle_interfaces__rosidl_typesupport_introspection_cExport.cmake
[29.526s] -- Installing: /home/yahboom/S26_RobotProgramming_Eloquent_Elusor/Lab4/wojnae/install/turtle_interfaces/share/turtle_interfaces/cmake/turtle_interfaces__rosidl_typesupport_introspection_cExport-noconfig.cmake
[29.527s] -- Installing: /home/yahboom/S26_RobotProgramming_Eloquent_Elusor/Lab4/wojnae/install/turtle_interfaces/share/turtle_interfaces/cmake/turtle_interfaces__rosidl_typesupport_cExport.cmake
[29.527s] -- Installing: /home/yahboom/S26_RobotProgramming_Eloquent_Elusor/Lab4/wojnae/install/turtle_interfaces/share/turtle_interfaces/cmake/turtle_interfaces__rosidl_typesupport_cExport-noconfig.cmake
[29.528s] -- Installing: /home/yahboom/S26_RobotProgramming_Eloquent_Elusor/Lab4/wojnae/install/turtle_interfaces/share/turtle_interfaces/cmake/turtle_interfaces__rosidl_typesupport_introspection_cppExport.cmake
[29.528s] -- Installing: /home/yahboom/S26_RobotProgramming_Eloquent_Elusor/Lab4/wojnae/install/turtle_interfaces/share/turtle_interfaces/cmake/turtle_interfaces__rosidl_typesupport_introspection_cppExport-noconfig.cmake
[29.529s] -- Installing: /home/yahboom/S26_RobotProgramming_Eloquent_Elusor/Lab4/wojnae/install/turtle_interfaces/share/turtle_interfaces/cmake/turtle_interfaces__rosidl_typesupport_cppExport.cmake
[29.529s] -- Installing: /home/yahboom/S26_RobotProgramming_Eloquent_Elusor/Lab4/wojnae/install/turtle_interfaces/share/turtle_interfaces/cmake/turtle_interfaces__rosidl_typesupport_cppExport-noconfig.cmake
[29.530s] -- Installing: /home/yahboom/S26_RobotProgramming_Eloquent_Elusor/Lab4/wojnae/install/turtle_interfaces/share/turtle_interfaces/cmake/export_turtle_interfaces__rosidl_generator_pyExport.cmake
[29.531s] -- Installing: /home/yahboom/S26_RobotProgramming_Eloquent_Elusor/Lab4/wojnae/install/turtle_interfaces/share/turtle_interfaces/cmake/export_turtle_interfaces__rosidl_generator_pyExport-noconfig.cmake
[29.539s] Invoked command in '/home/yahboom/S26_RobotProgramming_Eloquent_Elusor/Lab4/wojnae/build/turtle_interfaces' returned '0': CMAKE_PREFIX_PATH=${CMAKE_PREFIX_PATH}:/home/yahboom/cartoros2/install/yahboomcar_nav:/home/yahboom/cartoros2/install/yahboomcar_ctrl:/home/yahboom/cartoros2/install/yahboom_visual:/home/yahboom/cartoros2/install/yahboom_dog_joint_state:/home/yahboom/cartoros2/install/yahboom_description:/home/yahboom/cartoros2/install/yahboom_color_identify_server:/home/yahboom/cartoros2/install/yahboom_bringup:/home/yahboom/cartoros2/install/yahboom_base:/home/yahboom/cartoros2/install/yahboom_app_save_map:/home/yahboom/cartoros2/install/update_map:/home/yahboom/cartoros2/install/rosboard:/home/yahboom/cartoros2/install/path_planner_server:/home/yahboom/cartoros2/install/nav2_simple_commander:/home/yahboom/cartoros2/install/nav2_gazebo_spawner:/home/yahboom/cartoros2/install/localization_server:/home/yahboom/cartoros2/install/laserscan_to_point_pulisher:/home/yahboom/yahboomcar_ws/install/yahboom_dog_example:/opt/ros/humble /usr/bin/cmake --install /home/yahboom/S26_RobotProgramming_Eloquent_Elusor/Lab4/wojnae/build/turtle_interfaces
