[1.070s] Invoking command in '/home/yahboom/Desktop/intro_ws/src/python_parameters': PYTHONPATH=/home/yahboom/Desktop/intro_ws/build/python_parameters/prefix_override:/home/yahboom/Desktop/intro_ws/install/python_parameters/lib/python3.10/site-packages:${PYTHONPATH} /usr/bin/python3 -W ignore:setup.py install is deprecated setup.py egg_info --egg-base ../../build/python_parameters build --build-base /home/yahboom/Desktop/intro_ws/build/python_parameters/build install --record /home/yahboom/Desktop/intro_ws/build/python_parameters/install.log --single-version-externally-managed install_data
[1.307s] running egg_info
[1.308s] writing ../../build/python_parameters/UNKNOWN.egg-info/PKG-INFO
[1.308s] writing dependency_links to ../../build/python_parameters/UNKNOWN.egg-info/dependency_links.txt
[1.308s] writing top-level names to ../../build/python_parameters/UNKNOWN.egg-info/top_level.txt
[1.309s] reading manifest file '../../build/python_parameters/UNKNOWN.egg-info/SOURCES.txt'
[1.311s] writing manifest file '../../build/python_parameters/UNKNOWN.egg-info/SOURCES.txt'
[1.311s] running build
[1.311s] running install
[1.316s] running install_data
[1.316s] running install_egg_info
[1.318s] removing '/home/yahboom/Desktop/intro_ws/install/python_parameters/lib/python3.10/site-packages/UNKNOWN-0.0.0-py3.10.egg-info' (and everything under it)
[1.318s] Copying ../../build/python_parameters/UNKNOWN.egg-info to /home/yahboom/Desktop/intro_ws/install/python_parameters/lib/python3.10/site-packages/UNKNOWN-0.0.0-py3.10.egg-info
[1.319s] running install_scripts
[1.344s] writing list of installed files to '/home/yahboom/Desktop/intro_ws/build/python_parameters/install.log'
[1.352s] running egg_info
[1.353s] writing ../../build/python_parameters/python_parameters.egg-info/PKG-INFO
[1.353s] writing dependency_links to ../../build/python_parameters/python_parameters.egg-info/dependency_links.txt
[1.354s] writing entry points to ../../build/python_parameters/python_parameters.egg-info/entry_points.txt
[1.354s] writing requirements to ../../build/python_parameters/python_parameters.egg-info/requires.txt
[1.354s] writing top-level names to ../../build/python_parameters/python_parameters.egg-info/top_level.txt
[1.356s] reading manifest file '../../build/python_parameters/python_parameters.egg-info/SOURCES.txt'
[1.357s] writing manifest file '../../build/python_parameters/python_parameters.egg-info/SOURCES.txt'
[1.357s] running build
[1.357s] running build_py
[1.357s] running install
[1.357s] running install_lib
[1.360s] running install_data
[1.360s] running install_egg_info
[1.360s] removing '/home/yahboom/Desktop/intro_ws/install/python_parameters/lib/python3.10/site-packages/python_parameters-0.0.0-py3.10.egg-info' (and everything under it)
[1.360s] Copying ../../build/python_parameters/python_parameters.egg-info to /home/yahboom/Desktop/intro_ws/install/python_parameters/lib/python3.10/site-packages/python_parameters-0.0.0-py3.10.egg-info
[1.361s] running install_scripts
[1.364s] Installing minimal_param_node script to /home/yahboom/Desktop/intro_ws/install/python_parameters/lib/python_parameters
[1.364s] writing list of installed files to '/home/yahboom/Desktop/intro_ws/build/python_parameters/install.log'
[1.396s] Invoked command in '/home/yahboom/Desktop/intro_ws/src/python_parameters' returned '0': PYTHONPATH=/home/yahboom/Desktop/intro_ws/build/python_parameters/prefix_override:/home/yahboom/Desktop/intro_ws/install/python_parameters/lib/python3.10/site-packages:${PYTHONPATH} /usr/bin/python3 -W ignore:setup.py install is deprecated setup.py egg_info --egg-base ../../build/python_parameters build --build-base /home/yahboom/Desktop/intro_ws/build/python_parameters/build install --record /home/yahboom/Desktop/intro_ws/build/python_parameters/install.log --single-version-externally-managed install_data
