[0.851s] Invoking command in '/home/yahboom/Desktop/intro_ws/src/python_parameters': PYTHONPATH=/home/yahboom/Desktop/intro_ws/build/python_parameters/prefix_override:/home/yahboom/Desktop/intro_ws/install/python_parameters/lib/python3.10/site-packages:${PYTHONPATH} /usr/bin/python3 -W ignore:setup.py install is deprecated setup.py egg_info --egg-base ../../build/python_parameters build --build-base /home/yahboom/Desktop/intro_ws/build/python_parameters/build install --record /home/yahboom/Desktop/intro_ws/build/python_parameters/install.log --single-version-externally-managed install_data
[1.099s] running egg_info
[1.100s] writing ../../build/python_parameters/UNKNOWN.egg-info/PKG-INFO
[1.100s] writing dependency_links to ../../build/python_parameters/UNKNOWN.egg-info/dependency_links.txt
[1.100s] writing top-level names to ../../build/python_parameters/UNKNOWN.egg-info/top_level.txt
[1.101s] reading manifest file '../../build/python_parameters/UNKNOWN.egg-info/SOURCES.txt'
[1.102s] writing manifest file '../../build/python_parameters/UNKNOWN.egg-info/SOURCES.txt'
[1.102s] running build
[1.102s] running install
[1.102s] running install_data
[1.102s] running install_egg_info
[1.105s] removing '/home/yahboom/Desktop/intro_ws/install/python_parameters/lib/python3.10/site-packages/UNKNOWN-0.0.0-py3.10.egg-info' (and everything under it)
[1.106s] Copying ../../build/python_parameters/UNKNOWN.egg-info to /home/yahboom/Desktop/intro_ws/install/python_parameters/lib/python3.10/site-packages/UNKNOWN-0.0.0-py3.10.egg-info
[1.106s] running install_scripts
[1.129s] writing list of installed files to '/home/yahboom/Desktop/intro_ws/build/python_parameters/install.log'
[1.140s] running egg_info
[1.140s] writing ../../build/python_parameters/python_parameters.egg-info/PKG-INFO
[1.140s] writing dependency_links to ../../build/python_parameters/python_parameters.egg-info/dependency_links.txt
[1.140s] writing entry points to ../../build/python_parameters/python_parameters.egg-info/entry_points.txt
[1.140s] writing requirements to ../../build/python_parameters/python_parameters.egg-info/requires.txt
[1.140s] writing top-level names to ../../build/python_parameters/python_parameters.egg-info/top_level.txt
[1.143s] reading manifest file '../../build/python_parameters/python_parameters.egg-info/SOURCES.txt'
[1.144s] writing manifest file '../../build/python_parameters/python_parameters.egg-info/SOURCES.txt'
[1.144s] running build
[1.144s] running build_py
[1.144s] copying python_parameters/python_parameters_node.py -> /home/yahboom/Desktop/intro_ws/build/python_parameters/build/lib/python_parameters
[1.144s] running install
[1.145s] running install_lib
[1.145s] copying /home/yahboom/Desktop/intro_ws/build/python_parameters/build/lib/python_parameters/python_parameters_node.py -> /home/yahboom/Desktop/intro_ws/install/python_parameters/lib/python3.10/site-packages/python_parameters
[1.146s] byte-compiling /home/yahboom/Desktop/intro_ws/install/python_parameters/lib/python3.10/site-packages/python_parameters/python_parameters_node.py to python_parameters_node.cpython-310.pyc
[1.148s] running install_data
[1.149s] running install_egg_info
[1.152s] removing '/home/yahboom/Desktop/intro_ws/install/python_parameters/lib/python3.10/site-packages/python_parameters-0.0.0-py3.10.egg-info' (and everything under it)
[1.152s] Copying ../../build/python_parameters/python_parameters.egg-info to /home/yahboom/Desktop/intro_ws/install/python_parameters/lib/python3.10/site-packages/python_parameters-0.0.0-py3.10.egg-info
[1.152s] running install_scripts
[1.152s] Installing minimal_param_node script to /home/yahboom/Desktop/intro_ws/install/python_parameters/lib/python_parameters
[1.153s] writing list of installed files to '/home/yahboom/Desktop/intro_ws/build/python_parameters/install.log'
[1.187s] Invoked command in '/home/yahboom/Desktop/intro_ws/src/python_parameters' returned '0': PYTHONPATH=/home/yahboom/Desktop/intro_ws/build/python_parameters/prefix_override:/home/yahboom/Desktop/intro_ws/install/python_parameters/lib/python3.10/site-packages:${PYTHONPATH} /usr/bin/python3 -W ignore:setup.py install is deprecated setup.py egg_info --egg-base ../../build/python_parameters build --build-base /home/yahboom/Desktop/intro_ws/build/python_parameters/build install --record /home/yahboom/Desktop/intro_ws/build/python_parameters/install.log --single-version-externally-managed install_data
