running egg_info
writing ../../build/time_tf2_py/time_tf2_py.egg-info/PKG-INFO
writing dependency_links to ../../build/time_tf2_py/time_tf2_py.egg-info/dependency_links.txt
writing entry points to ../../build/time_tf2_py/time_tf2_py.egg-info/entry_points.txt
writing requirements to ../../build/time_tf2_py/time_tf2_py.egg-info/requires.txt
writing top-level names to ../../build/time_tf2_py/time_tf2_py.egg-info/top_level.txt
reading manifest file '../../build/time_tf2_py/time_tf2_py.egg-info/SOURCES.txt'
writing manifest file '../../build/time_tf2_py/time_tf2_py.egg-info/SOURCES.txt'
running build
running build_py
running install
running install_lib
running install_data
creating /home/yahboom/Desktop/intro_ws/install/time_tf2_py/share/time_tf2_py/launch
copying launch/tf2_fixed_frame_demo.launch.py -> /home/yahboom/Desktop/intro_ws/install/time_tf2_py/share/time_tf2_py/launch
copying launch/tf2_demo.launch.py -> /home/yahboom/Desktop/intro_ws/install/time_tf2_py/share/time_tf2_py/launch
copying launch/tf2_dynamic_frame_demo.launch.py -> /home/yahboom/Desktop/intro_ws/install/time_tf2_py/share/time_tf2_py/launch
running install_egg_info
removing '/home/yahboom/Desktop/intro_ws/install/time_tf2_py/lib/python3.10/site-packages/time_tf2_py-0.0.0-py3.10.egg-info' (and everything under it)
Copying ../../build/time_tf2_py/time_tf2_py.egg-info to /home/yahboom/Desktop/intro_ws/install/time_tf2_py/lib/python3.10/site-packages/time_tf2_py-0.0.0-py3.10.egg-info
running install_scripts
Installing dynamic_frame_tf2_broadcaster script to /home/yahboom/Desktop/intro_ws/install/time_tf2_py/lib/time_tf2_py
Installing fixed_frame_tf2_broadcaster script to /home/yahboom/Desktop/intro_ws/install/time_tf2_py/lib/time_tf2_py
Installing turtle_tf2_broadcaster script to /home/yahboom/Desktop/intro_ws/install/time_tf2_py/lib/time_tf2_py
Installing turtle_tf2_listener script to /home/yahboom/Desktop/intro_ws/install/time_tf2_py/lib/time_tf2_py
writing list of installed files to '/home/yahboom/Desktop/intro_ws/build/time_tf2_py/install.log'
