[3.468s] Invoking command in '/home/yahboom/Desktop/team_repo/Lab7/wallaa2/roscourse_sim_ws/src/my_robot': PYTHONPATH=/home/yahboom/Desktop/team_repo/Lab7/wallaa2/roscourse_sim_ws/build/my_robot/prefix_override:/usr/lib/python3/dist-packages/colcon_core/task/python/colcon_distutils_commands:/home/yahboom/Desktop/team_repo/Lab7/wallaa2/roscourse_sim_ws/install/my_robot/lib/python3.10/site-packages:${PYTHONPATH} /usr/bin/python3 -W ignore:setup.py install is deprecated -W ignore:easy_install command is deprecated setup.py egg_info --egg-base ../../build/my_robot build --build-base /home/yahboom/Desktop/team_repo/Lab7/wallaa2/roscourse_sim_ws/build/my_robot/build install --record /home/yahboom/Desktop/team_repo/Lab7/wallaa2/roscourse_sim_ws/build/my_robot/install.log --single-version-externally-managed install_data
[4.679s] running egg_info
[4.681s] writing ../../build/my_robot/my_robot.egg-info/PKG-INFO
[4.684s] writing dependency_links to ../../build/my_robot/my_robot.egg-info/dependency_links.txt
[4.686s] writing entry points to ../../build/my_robot/my_robot.egg-info/entry_points.txt
[4.687s] writing requirements to ../../build/my_robot/my_robot.egg-info/requires.txt
[4.688s] writing top-level names to ../../build/my_robot/my_robot.egg-info/top_level.txt
[4.698s] reading manifest file '../../build/my_robot/my_robot.egg-info/SOURCES.txt'
[4.704s] writing manifest file '../../build/my_robot/my_robot.egg-info/SOURCES.txt'
[4.705s] running build
[4.705s] running build_py
[4.710s] running install
[4.711s] running install_lib
[4.718s] running install_data
[4.721s] copying urdf/my_robot.urdf.xacro -> /home/yahboom/Desktop/team_repo/Lab7/wallaa2/roscourse_sim_ws/install/my_robot/share/my_robot
[4.722s] running install_egg_info
[4.728s] removing '/home/yahboom/Desktop/team_repo/Lab7/wallaa2/roscourse_sim_ws/install/my_robot/lib/python3.10/site-packages/my_robot-0.0.0-py3.10.egg-info' (and everything under it)
[4.729s] Copying ../../build/my_robot/my_robot.egg-info to /home/yahboom/Desktop/team_repo/Lab7/wallaa2/roscourse_sim_ws/install/my_robot/lib/python3.10/site-packages/my_robot-0.0.0-py3.10.egg-info
[4.733s] running install_scripts
[4.822s] writing list of installed files to '/home/yahboom/Desktop/team_repo/Lab7/wallaa2/roscourse_sim_ws/build/my_robot/install.log'
[4.875s] Invoked command in '/home/yahboom/Desktop/team_repo/Lab7/wallaa2/roscourse_sim_ws/src/my_robot' returned '0': PYTHONPATH=/home/yahboom/Desktop/team_repo/Lab7/wallaa2/roscourse_sim_ws/build/my_robot/prefix_override:/usr/lib/python3/dist-packages/colcon_core/task/python/colcon_distutils_commands:/home/yahboom/Desktop/team_repo/Lab7/wallaa2/roscourse_sim_ws/install/my_robot/lib/python3.10/site-packages:${PYTHONPATH} /usr/bin/python3 -W ignore:setup.py install is deprecated -W ignore:easy_install command is deprecated setup.py egg_info --egg-base ../../build/my_robot build --build-base /home/yahboom/Desktop/team_repo/Lab7/wallaa2/roscourse_sim_ws/build/my_robot/build install --record /home/yahboom/Desktop/team_repo/Lab7/wallaa2/roscourse_sim_ws/build/my_robot/install.log --single-version-externally-managed install_data
