[4.054s] Invoking command in '/home/yahboom/Desktop/team_repo/Lab5/wallaa2/intro_ws/src/py_pubsub': PYTHONPATH=/home/yahboom/Desktop/team_repo/Lab5/wallaa2/intro_ws/build/py_pubsub/prefix_override:/usr/lib/python3/dist-packages/colcon_core/task/python/colcon_distutils_commands:/home/yahboom/Desktop/team_repo/Lab5/wallaa2/intro_ws/install/py_pubsub/lib/python3.10/site-packages:${PYTHONPATH} /usr/bin/python3 -W ignore:setup.py install is deprecated -W ignore:easy_install command is deprecated setup.py egg_info --egg-base ../../build/py_pubsub build --build-base /home/yahboom/Desktop/team_repo/Lab5/wallaa2/intro_ws/build/py_pubsub/build install --record /home/yahboom/Desktop/team_repo/Lab5/wallaa2/intro_ws/build/py_pubsub/install.log --single-version-externally-managed install_data
[5.040s] running egg_info
[5.040s] creating ../../build/py_pubsub/py_pubsub.egg-info
[5.040s] writing ../../build/py_pubsub/py_pubsub.egg-info/PKG-INFO
[5.040s] writing dependency_links to ../../build/py_pubsub/py_pubsub.egg-info/dependency_links.txt
[5.041s] writing entry points to ../../build/py_pubsub/py_pubsub.egg-info/entry_points.txt
[5.041s] writing requirements to ../../build/py_pubsub/py_pubsub.egg-info/requires.txt
[5.042s] writing top-level names to ../../build/py_pubsub/py_pubsub.egg-info/top_level.txt
[5.044s] writing manifest file '../../build/py_pubsub/py_pubsub.egg-info/SOURCES.txt'
[5.046s] reading manifest file '../../build/py_pubsub/py_pubsub.egg-info/SOURCES.txt'
[5.048s] writing manifest file '../../build/py_pubsub/py_pubsub.egg-info/SOURCES.txt'
[5.049s] running build
[5.050s] running build_py
[5.051s] creating /home/yahboom/Desktop/team_repo/Lab5/wallaa2/intro_ws/build/py_pubsub/build
[5.051s] creating /home/yahboom/Desktop/team_repo/Lab5/wallaa2/intro_ws/build/py_pubsub/build/lib
[5.051s] creating /home/yahboom/Desktop/team_repo/Lab5/wallaa2/intro_ws/build/py_pubsub/build/lib/py_pubsub
[5.051s] copying py_pubsub/__init__.py -> /home/yahboom/Desktop/team_repo/Lab5/wallaa2/intro_ws/build/py_pubsub/build/lib/py_pubsub
[5.055s] copying py_pubsub/pySub.py -> /home/yahboom/Desktop/team_repo/Lab5/wallaa2/intro_ws/build/py_pubsub/build/lib/py_pubsub
[5.055s] copying py_pubsub/pyPub.py -> /home/yahboom/Desktop/team_repo/Lab5/wallaa2/intro_ws/build/py_pubsub/build/lib/py_pubsub
[5.055s] running install
[5.056s] running install_lib
[5.061s] creating /home/yahboom/Desktop/team_repo/Lab5/wallaa2/intro_ws/install/py_pubsub/lib/python3.10/site-packages/py_pubsub
[5.061s] copying /home/yahboom/Desktop/team_repo/Lab5/wallaa2/intro_ws/build/py_pubsub/build/lib/py_pubsub/__init__.py -> /home/yahboom/Desktop/team_repo/Lab5/wallaa2/intro_ws/install/py_pubsub/lib/python3.10/site-packages/py_pubsub
[5.062s] copying /home/yahboom/Desktop/team_repo/Lab5/wallaa2/intro_ws/build/py_pubsub/build/lib/py_pubsub/pySub.py -> /home/yahboom/Desktop/team_repo/Lab5/wallaa2/intro_ws/install/py_pubsub/lib/python3.10/site-packages/py_pubsub
[5.062s] copying /home/yahboom/Desktop/team_repo/Lab5/wallaa2/intro_ws/build/py_pubsub/build/lib/py_pubsub/pyPub.py -> /home/yahboom/Desktop/team_repo/Lab5/wallaa2/intro_ws/install/py_pubsub/lib/python3.10/site-packages/py_pubsub
[5.063s] byte-compiling /home/yahboom/Desktop/team_repo/Lab5/wallaa2/intro_ws/install/py_pubsub/lib/python3.10/site-packages/py_pubsub/__init__.py to __init__.cpython-310.pyc
[5.067s] byte-compiling /home/yahboom/Desktop/team_repo/Lab5/wallaa2/intro_ws/install/py_pubsub/lib/python3.10/site-packages/py_pubsub/pySub.py to pySub.cpython-310.pyc
[5.067s] byte-compiling /home/yahboom/Desktop/team_repo/Lab5/wallaa2/intro_ws/install/py_pubsub/lib/python3.10/site-packages/py_pubsub/pyPub.py to pyPub.cpython-310.pyc
[5.067s] running install_data
[5.068s] creating /home/yahboom/Desktop/team_repo/Lab5/wallaa2/intro_ws/install/py_pubsub/share/ament_index
[5.069s] creating /home/yahboom/Desktop/team_repo/Lab5/wallaa2/intro_ws/install/py_pubsub/share/ament_index/resource_index
[5.069s] creating /home/yahboom/Desktop/team_repo/Lab5/wallaa2/intro_ws/install/py_pubsub/share/ament_index/resource_index/packages
[5.070s] copying resource/py_pubsub -> /home/yahboom/Desktop/team_repo/Lab5/wallaa2/intro_ws/install/py_pubsub/share/ament_index/resource_index/packages
[5.070s] copying package.xml -> /home/yahboom/Desktop/team_repo/Lab5/wallaa2/intro_ws/install/py_pubsub/share/py_pubsub
[5.070s] running install_egg_info
[5.078s] Copying ../../build/py_pubsub/py_pubsub.egg-info to /home/yahboom/Desktop/team_repo/Lab5/wallaa2/intro_ws/install/py_pubsub/lib/python3.10/site-packages/py_pubsub-0.0.0-py3.10.egg-info
[5.079s] running install_scripts
[5.141s] Installing listener script to /home/yahboom/Desktop/team_repo/Lab5/wallaa2/intro_ws/install/py_pubsub/lib/py_pubsub
[5.144s] Installing talker script to /home/yahboom/Desktop/team_repo/Lab5/wallaa2/intro_ws/install/py_pubsub/lib/py_pubsub
[5.144s] writing list of installed files to '/home/yahboom/Desktop/team_repo/Lab5/wallaa2/intro_ws/build/py_pubsub/install.log'
[5.216s] Invoked command in '/home/yahboom/Desktop/team_repo/Lab5/wallaa2/intro_ws/src/py_pubsub' returned '0': PYTHONPATH=/home/yahboom/Desktop/team_repo/Lab5/wallaa2/intro_ws/build/py_pubsub/prefix_override:/usr/lib/python3/dist-packages/colcon_core/task/python/colcon_distutils_commands:/home/yahboom/Desktop/team_repo/Lab5/wallaa2/intro_ws/install/py_pubsub/lib/python3.10/site-packages:${PYTHONPATH} /usr/bin/python3 -W ignore:setup.py install is deprecated -W ignore:easy_install command is deprecated setup.py egg_info --egg-base ../../build/py_pubsub build --build-base /home/yahboom/Desktop/team_repo/Lab5/wallaa2/intro_ws/build/py_pubsub/build install --record /home/yahboom/Desktop/team_repo/Lab5/wallaa2/intro_ws/build/py_pubsub/install.log --single-version-externally-managed install_data
