[0.085s] Invoking command in '/home/yahboom/Desktop/team_repo/Lab5/wallaa2/intro_ws/build/examples_rclcpp_minimal_action_client': CMAKE_PREFIX_PATH=${CMAKE_PREFIX_PATH}:/home/yahboom/cartoros2/install/yahboomcar_nav:/home/yahboom/cartoros2/install/yahboomcar_ctrl:/home/yahboom/cartoros2/install/yahboom_visual:/home/yahboom/cartoros2/install/yahboom_dog_joint_state:/home/yahboom/cartoros2/install/yahboom_description:/home/yahboom/cartoros2/install/yahboom_color_identify_server:/home/yahboom/cartoros2/install/yahboom_bringup:/home/yahboom/cartoros2/install/yahboom_base:/home/yahboom/cartoros2/install/yahboom_app_save_map:/home/yahboom/cartoros2/install/update_map:/home/yahboom/cartoros2/install/rosboard:/home/yahboom/cartoros2/install/path_planner_server:/home/yahboom/cartoros2/install/nav2_simple_commander:/home/yahboom/cartoros2/install/nav2_gazebo_spawner:/home/yahboom/cartoros2/install/localization_server:/home/yahboom/cartoros2/install/laserscan_to_point_pulisher:/home/yahboom/yahboomcar_ws/install/yahboom_dog_example:/opt/ros/humble /usr/bin/cmake /home/yahboom/Desktop/team_repo/Lab5/wallaa2/intro_ws/src/examples/rclcpp/actions/minimal_action_client -DCMAKE_INSTALL_PREFIX=/home/yahboom/Desktop/team_repo/Lab5/wallaa2/intro_ws/install/examples_rclcpp_minimal_action_client
[0.638s] -- The C compiler identification is GNU 11.4.0
[1.199s] -- The CXX compiler identification is GNU 11.4.0
[1.290s] -- Detecting C compiler ABI info
[1.796s] -- Detecting C compiler ABI info - done
[1.833s] -- Check for working C compiler: /usr/bin/cc - skipped
[1.837s] -- Detecting C compile features
[1.838s] -- Detecting C compile features - done
[1.859s] -- Detecting CXX compiler ABI info
[2.560s] -- Detecting CXX compiler ABI info - done
[2.590s] -- Check for working CXX compiler: /usr/bin/c++ - skipped
[2.592s] -- Detecting CXX compile features
[2.600s] -- Detecting CXX compile features - done
[2.740s] -- Found ament_cmake: 1.3.13 (/opt/ros/humble/share/ament_cmake/cmake)
[3.692s] -- Found Python3: /usr/bin/python3 (found version "3.10.12") found components: Interpreter 
[5.456s] -- Found example_interfaces: 0.9.3 (/opt/ros/humble/share/example_interfaces/cmake)
[6.801s] -- Found rosidl_generator_c: 3.1.8 (/opt/ros/humble/share/rosidl_generator_c/cmake)
[6.998s] -- Found rosidl_adapter: 3.1.8 (/opt/ros/humble/share/rosidl_adapter/cmake)
[7.339s] -- Found rosidl_generator_cpp: 3.1.8 (/opt/ros/humble/share/rosidl_generator_cpp/cmake)
[7.715s] -- Using all available rosidl_typesupport_c: rosidl_typesupport_fastrtps_c;rosidl_typesupport_introspection_c
[8.058s] -- Using all available rosidl_typesupport_cpp: rosidl_typesupport_fastrtps_cpp;rosidl_typesupport_introspection_cpp
[8.908s] -- Found rclcpp: 16.0.18 (/opt/ros/humble/share/rclcpp/cmake)
[10.065s] -- Found rmw_implementation_cmake: 6.1.2 (/opt/ros/humble/share/rmw_implementation_cmake/cmake)
[10.242s] -- Found rmw_fastrtps_cpp: 6.2.10 (/opt/ros/humble/share/rmw_fastrtps_cpp/cmake)
[11.845s] -- Found OpenSSL: /usr/lib/x86_64-linux-gnu/libcrypto.so (found version "3.0.2")  
[12.205s] -- Found FastRTPS: /opt/ros/humble/include  
[12.908s] -- Using RMW implementation 'rmw_fastrtps_cpp' as default
[13.245s] -- Looking for pthread.h
[13.944s] -- Looking for pthread.h - found
[13.949s] -- Performing Test CMAKE_HAVE_LIBC_PTHREAD
[14.641s] -- Performing Test CMAKE_HAVE_LIBC_PTHREAD - Success
[14.652s] -- Found Threads: TRUE  
[15.534s] -- Found rclcpp_action: 16.0.18 (/opt/ros/humble/share/rclcpp_action/cmake)
[16.091s] -- Found ament_lint_auto: 0.12.15 (/opt/ros/humble/share/ament_lint_auto/cmake)
[17.595s] -- Added test 'copyright' to check source files copyright and LICENSE
[17.619s] -- Added test 'cppcheck' to perform static code analysis on C / C++ code
[17.619s] -- Configured cppcheck include dirs: 
[17.619s] -- Configured cppcheck exclude dirs and/or files: 
[17.642s] -- Added test 'cpplint' to check C / C++ code against the Google style
[17.647s] -- Configured cpplint exclude dirs and/or files: 
[17.663s] -- Added test 'lint_cmake' to check CMake code style
[17.674s] -- Added test 'uncrustify' to check C / C++ code style
[17.675s] -- Configured uncrustify additional arguments: 
[17.695s] -- Added test 'xmllint' to check XML markup files
[17.730s] -- Configuring done
[17.890s] -- Generating done
[17.957s] -- Build files have been written to: /home/yahboom/Desktop/team_repo/Lab5/wallaa2/intro_ws/build/examples_rclcpp_minimal_action_client
[18.032s] Invoked command in '/home/yahboom/Desktop/team_repo/Lab5/wallaa2/intro_ws/build/examples_rclcpp_minimal_action_client' returned '0': CMAKE_PREFIX_PATH=${CMAKE_PREFIX_PATH}:/home/yahboom/cartoros2/install/yahboomcar_nav:/home/yahboom/cartoros2/install/yahboomcar_ctrl:/home/yahboom/cartoros2/install/yahboom_visual:/home/yahboom/cartoros2/install/yahboom_dog_joint_state:/home/yahboom/cartoros2/install/yahboom_description:/home/yahboom/cartoros2/install/yahboom_color_identify_server:/home/yahboom/cartoros2/install/yahboom_bringup:/home/yahboom/cartoros2/install/yahboom_base:/home/yahboom/cartoros2/install/yahboom_app_save_map:/home/yahboom/cartoros2/install/update_map:/home/yahboom/cartoros2/install/rosboard:/home/yahboom/cartoros2/install/path_planner_server:/home/yahboom/cartoros2/install/nav2_simple_commander:/home/yahboom/cartoros2/install/nav2_gazebo_spawner:/home/yahboom/cartoros2/install/localization_server:/home/yahboom/cartoros2/install/laserscan_to_point_pulisher:/home/yahboom/yahboomcar_ws/install/yahboom_dog_example:/opt/ros/humble /usr/bin/cmake /home/yahboom/Desktop/team_repo/Lab5/wallaa2/intro_ws/src/examples/rclcpp/actions/minimal_action_client -DCMAKE_INSTALL_PREFIX=/home/yahboom/Desktop/team_repo/Lab5/wallaa2/intro_ws/install/examples_rclcpp_minimal_action_client
[18.044s] Invoking command in '/home/yahboom/Desktop/team_repo/Lab5/wallaa2/intro_ws/build/examples_rclcpp_minimal_action_client': CMAKE_PREFIX_PATH=${CMAKE_PREFIX_PATH}:/home/yahboom/cartoros2/install/yahboomcar_nav:/home/yahboom/cartoros2/install/yahboomcar_ctrl:/home/yahboom/cartoros2/install/yahboom_visual:/home/yahboom/cartoros2/install/yahboom_dog_joint_state:/home/yahboom/cartoros2/install/yahboom_description:/home/yahboom/cartoros2/install/yahboom_color_identify_server:/home/yahboom/cartoros2/install/yahboom_bringup:/home/yahboom/cartoros2/install/yahboom_base:/home/yahboom/cartoros2/install/yahboom_app_save_map:/home/yahboom/cartoros2/install/update_map:/home/yahboom/cartoros2/install/rosboard:/home/yahboom/cartoros2/install/path_planner_server:/home/yahboom/cartoros2/install/nav2_simple_commander:/home/yahboom/cartoros2/install/nav2_gazebo_spawner:/home/yahboom/cartoros2/install/localization_server:/home/yahboom/cartoros2/install/laserscan_to_point_pulisher:/home/yahboom/yahboomcar_ws/install/yahboom_dog_example:/opt/ros/humble /usr/bin/cmake --build /home/yahboom/Desktop/team_repo/Lab5/wallaa2/intro_ws/build/examples_rclcpp_minimal_action_client -- -j4 -l4
[18.402s] [ 12%] [32mBuilding CXX object CMakeFiles/action_client_member_functions.dir/member_functions.cpp.o[0m
[48.555s] [ 25%] [32m[1mLinking CXX executable action_client_member_functions[0m
[49.368s] [ 25%] Built target action_client_member_functions
[49.613s] [ 37%] [32mBuilding CXX object CMakeFiles/action_client_not_composable_with_feedback.dir/not_composable_with_feedback.cpp.o[0m
[62.680s] [ 50%] [32m[1mLinking CXX executable action_client_not_composable_with_feedback[0m
[63.575s] [ 50%] Built target action_client_not_composable_with_feedback
[63.807s] [ 62%] [32mBuilding CXX object CMakeFiles/action_client_not_composable_with_cancel.dir/not_composable_with_cancel.cpp.o[0m
[79.726s] [ 75%] [32m[1mLinking CXX executable action_client_not_composable_with_cancel[0m
[80.556s] [ 75%] Built target action_client_not_composable_with_cancel
[80.737s] [ 87%] [32mBuilding CXX object CMakeFiles/action_client_not_composable.dir/not_composable.cpp.o[0m
[96.867s] [100%] [32m[1mLinking CXX executable action_client_not_composable[0m
[97.822s] [100%] Built target action_client_not_composable
[97.954s] Invoked command in '/home/yahboom/Desktop/team_repo/Lab5/wallaa2/intro_ws/build/examples_rclcpp_minimal_action_client' returned '0': CMAKE_PREFIX_PATH=${CMAKE_PREFIX_PATH}:/home/yahboom/cartoros2/install/yahboomcar_nav:/home/yahboom/cartoros2/install/yahboomcar_ctrl:/home/yahboom/cartoros2/install/yahboom_visual:/home/yahboom/cartoros2/install/yahboom_dog_joint_state:/home/yahboom/cartoros2/install/yahboom_description:/home/yahboom/cartoros2/install/yahboom_color_identify_server:/home/yahboom/cartoros2/install/yahboom_bringup:/home/yahboom/cartoros2/install/yahboom_base:/home/yahboom/cartoros2/install/yahboom_app_save_map:/home/yahboom/cartoros2/install/update_map:/home/yahboom/cartoros2/install/rosboard:/home/yahboom/cartoros2/install/path_planner_server:/home/yahboom/cartoros2/install/nav2_simple_commander:/home/yahboom/cartoros2/install/nav2_gazebo_spawner:/home/yahboom/cartoros2/install/localization_server:/home/yahboom/cartoros2/install/laserscan_to_point_pulisher:/home/yahboom/yahboomcar_ws/install/yahboom_dog_example:/opt/ros/humble /usr/bin/cmake --build /home/yahboom/Desktop/team_repo/Lab5/wallaa2/intro_ws/build/examples_rclcpp_minimal_action_client -- -j4 -l4
[97.963s] Invoking command in '/home/yahboom/Desktop/team_repo/Lab5/wallaa2/intro_ws/build/examples_rclcpp_minimal_action_client': CMAKE_PREFIX_PATH=${CMAKE_PREFIX_PATH}:/home/yahboom/cartoros2/install/yahboomcar_nav:/home/yahboom/cartoros2/install/yahboomcar_ctrl:/home/yahboom/cartoros2/install/yahboom_visual:/home/yahboom/cartoros2/install/yahboom_dog_joint_state:/home/yahboom/cartoros2/install/yahboom_description:/home/yahboom/cartoros2/install/yahboom_color_identify_server:/home/yahboom/cartoros2/install/yahboom_bringup:/home/yahboom/cartoros2/install/yahboom_base:/home/yahboom/cartoros2/install/yahboom_app_save_map:/home/yahboom/cartoros2/install/update_map:/home/yahboom/cartoros2/install/rosboard:/home/yahboom/cartoros2/install/path_planner_server:/home/yahboom/cartoros2/install/nav2_simple_commander:/home/yahboom/cartoros2/install/nav2_gazebo_spawner:/home/yahboom/cartoros2/install/localization_server:/home/yahboom/cartoros2/install/laserscan_to_point_pulisher:/home/yahboom/yahboomcar_ws/install/yahboom_dog_example:/opt/ros/humble /usr/bin/cmake --install /home/yahboom/Desktop/team_repo/Lab5/wallaa2/intro_ws/build/examples_rclcpp_minimal_action_client
[98.064s] -- Install configuration: ""
[98.069s] -- Installing: /home/yahboom/Desktop/team_repo/Lab5/wallaa2/intro_ws/install/examples_rclcpp_minimal_action_client/lib/examples_rclcpp_minimal_action_client/action_client_member_functions
[98.078s] -- Set runtime path of "/home/yahboom/Desktop/team_repo/Lab5/wallaa2/intro_ws/install/examples_rclcpp_minimal_action_client/lib/examples_rclcpp_minimal_action_client/action_client_member_functions" to ""
[98.078s] -- Installing: /home/yahboom/Desktop/team_repo/Lab5/wallaa2/intro_ws/install/examples_rclcpp_minimal_action_client/lib/examples_rclcpp_minimal_action_client/action_client_not_composable
[98.083s] -- Set runtime path of "/home/yahboom/Desktop/team_repo/Lab5/wallaa2/intro_ws/install/examples_rclcpp_minimal_action_client/lib/examples_rclcpp_minimal_action_client/action_client_not_composable" to ""
[98.083s] -- Installing: /home/yahboom/Desktop/team_repo/Lab5/wallaa2/intro_ws/install/examples_rclcpp_minimal_action_client/lib/examples_rclcpp_minimal_action_client/action_client_not_composable_with_cancel
[98.092s] -- Set runtime path of "/home/yahboom/Desktop/team_repo/Lab5/wallaa2/intro_ws/install/examples_rclcpp_minimal_action_client/lib/examples_rclcpp_minimal_action_client/action_client_not_composable_with_cancel" to ""
[98.092s] -- Installing: /home/yahboom/Desktop/team_repo/Lab5/wallaa2/intro_ws/install/examples_rclcpp_minimal_action_client/lib/examples_rclcpp_minimal_action_client/action_client_not_composable_with_feedback
[98.099s] -- Set runtime path of "/home/yahboom/Desktop/team_repo/Lab5/wallaa2/intro_ws/install/examples_rclcpp_minimal_action_client/lib/examples_rclcpp_minimal_action_client/action_client_not_composable_with_feedback" to ""
[98.104s] -- Installing: /home/yahboom/Desktop/team_repo/Lab5/wallaa2/intro_ws/install/examples_rclcpp_minimal_action_client/share/ament_index/resource_index/package_run_dependencies/examples_rclcpp_minimal_action_client
[98.105s] -- Installing: /home/yahboom/Desktop/team_repo/Lab5/wallaa2/intro_ws/install/examples_rclcpp_minimal_action_client/share/ament_index/resource_index/parent_prefix_path/examples_rclcpp_minimal_action_client
[98.105s] -- Installing: /home/yahboom/Desktop/team_repo/Lab5/wallaa2/intro_ws/install/examples_rclcpp_minimal_action_client/share/examples_rclcpp_minimal_action_client/environment/ament_prefix_path.sh
[98.107s] -- Installing: /home/yahboom/Desktop/team_repo/Lab5/wallaa2/intro_ws/install/examples_rclcpp_minimal_action_client/share/examples_rclcpp_minimal_action_client/environment/ament_prefix_path.dsv
[98.107s] -- Installing: /home/yahboom/Desktop/team_repo/Lab5/wallaa2/intro_ws/install/examples_rclcpp_minimal_action_client/share/examples_rclcpp_minimal_action_client/environment/path.sh
[98.110s] -- Installing: /home/yahboom/Desktop/team_repo/Lab5/wallaa2/intro_ws/install/examples_rclcpp_minimal_action_client/share/examples_rclcpp_minimal_action_client/environment/path.dsv
[98.110s] -- Installing: /home/yahboom/Desktop/team_repo/Lab5/wallaa2/intro_ws/install/examples_rclcpp_minimal_action_client/share/examples_rclcpp_minimal_action_client/local_setup.bash
[98.110s] -- Installing: /home/yahboom/Desktop/team_repo/Lab5/wallaa2/intro_ws/install/examples_rclcpp_minimal_action_client/share/examples_rclcpp_minimal_action_client/local_setup.sh
[98.110s] -- Installing: /home/yahboom/Desktop/team_repo/Lab5/wallaa2/intro_ws/install/examples_rclcpp_minimal_action_client/share/examples_rclcpp_minimal_action_client/local_setup.zsh
[98.117s] -- Installing: /home/yahboom/Desktop/team_repo/Lab5/wallaa2/intro_ws/install/examples_rclcpp_minimal_action_client/share/examples_rclcpp_minimal_action_client/local_setup.dsv
[98.117s] -- Installing: /home/yahboom/Desktop/team_repo/Lab5/wallaa2/intro_ws/install/examples_rclcpp_minimal_action_client/share/examples_rclcpp_minimal_action_client/package.dsv
[98.123s] -- Installing: /home/yahboom/Desktop/team_repo/Lab5/wallaa2/intro_ws/install/examples_rclcpp_minimal_action_client/share/ament_index/resource_index/packages/examples_rclcpp_minimal_action_client
[98.123s] -- Installing: /home/yahboom/Desktop/team_repo/Lab5/wallaa2/intro_ws/install/examples_rclcpp_minimal_action_client/share/examples_rclcpp_minimal_action_client/cmake/examples_rclcpp_minimal_action_clientConfig.cmake
[98.123s] -- Installing: /home/yahboom/Desktop/team_repo/Lab5/wallaa2/intro_ws/install/examples_rclcpp_minimal_action_client/share/examples_rclcpp_minimal_action_client/cmake/examples_rclcpp_minimal_action_clientConfig-version.cmake
[98.124s] -- Installing: /home/yahboom/Desktop/team_repo/Lab5/wallaa2/intro_ws/install/examples_rclcpp_minimal_action_client/share/examples_rclcpp_minimal_action_client/package.xml
[98.135s] Invoked command in '/home/yahboom/Desktop/team_repo/Lab5/wallaa2/intro_ws/build/examples_rclcpp_minimal_action_client' returned '0': CMAKE_PREFIX_PATH=${CMAKE_PREFIX_PATH}:/home/yahboom/cartoros2/install/yahboomcar_nav:/home/yahboom/cartoros2/install/yahboomcar_ctrl:/home/yahboom/cartoros2/install/yahboom_visual:/home/yahboom/cartoros2/install/yahboom_dog_joint_state:/home/yahboom/cartoros2/install/yahboom_description:/home/yahboom/cartoros2/install/yahboom_color_identify_server:/home/yahboom/cartoros2/install/yahboom_bringup:/home/yahboom/cartoros2/install/yahboom_base:/home/yahboom/cartoros2/install/yahboom_app_save_map:/home/yahboom/cartoros2/install/update_map:/home/yahboom/cartoros2/install/rosboard:/home/yahboom/cartoros2/install/path_planner_server:/home/yahboom/cartoros2/install/nav2_simple_commander:/home/yahboom/cartoros2/install/nav2_gazebo_spawner:/home/yahboom/cartoros2/install/localization_server:/home/yahboom/cartoros2/install/laserscan_to_point_pulisher:/home/yahboom/yahboomcar_ws/install/yahboom_dog_example:/opt/ros/humble /usr/bin/cmake --install /home/yahboom/Desktop/team_repo/Lab5/wallaa2/intro_ws/build/examples_rclcpp_minimal_action_client
