[1.878s] Invoking command in '/home/yahboom/S26_RobotProgramming_Eloquent_Elusor/Lab4/so/roscourse_ws/src/webcam': PYTHONPATH=/home/yahboom/S26_RobotProgramming_Eloquent_Elusor/Lab4/so/roscourse_ws/build/webcam/prefix_override:/home/yahboom/S26_RobotProgramming_Eloquent_Elusor/Lab4/so/roscourse_ws/install/webcam/lib/python3.10/site-packages:${PYTHONPATH} /usr/bin/python3 -W ignore:setup.py install is deprecated setup.py egg_info --egg-base ../../build/webcam build --build-base /home/yahboom/S26_RobotProgramming_Eloquent_Elusor/Lab4/so/roscourse_ws/build/webcam/build install --record /home/yahboom/S26_RobotProgramming_Eloquent_Elusor/Lab4/so/roscourse_ws/build/webcam/install.log --single-version-externally-managed install_data
[2.502s] running egg_info
[2.502s] creating ../../build/webcam/webcam.egg-info
[2.503s] writing ../../build/webcam/webcam.egg-info/PKG-INFO
[2.503s] writing dependency_links to ../../build/webcam/webcam.egg-info/dependency_links.txt
[2.503s] writing entry points to ../../build/webcam/webcam.egg-info/entry_points.txt
[2.504s] writing requirements to ../../build/webcam/webcam.egg-info/requires.txt
[2.504s] writing top-level names to ../../build/webcam/webcam.egg-info/top_level.txt
[2.504s] writing manifest file '../../build/webcam/webcam.egg-info/SOURCES.txt'
[2.507s] reading manifest file '../../build/webcam/webcam.egg-info/SOURCES.txt'
[2.508s] writing manifest file '../../build/webcam/webcam.egg-info/SOURCES.txt'
[2.509s] running build
[2.509s] running build_py
[2.509s] creating /home/yahboom/S26_RobotProgramming_Eloquent_Elusor/Lab4/so/roscourse_ws/build/webcam/build
[2.509s] creating /home/yahboom/S26_RobotProgramming_Eloquent_Elusor/Lab4/so/roscourse_ws/build/webcam/build/lib
[2.509s] creating /home/yahboom/S26_RobotProgramming_Eloquent_Elusor/Lab4/so/roscourse_ws/build/webcam/build/lib/webcam
[2.509s] copying webcam/cam_sub.py -> /home/yahboom/S26_RobotProgramming_Eloquent_Elusor/Lab4/so/roscourse_ws/build/webcam/build/lib/webcam
[2.511s] copying webcam/__init__.py -> /home/yahboom/S26_RobotProgramming_Eloquent_Elusor/Lab4/so/roscourse_ws/build/webcam/build/lib/webcam
[2.511s] copying webcam/cam_pub.py -> /home/yahboom/S26_RobotProgramming_Eloquent_Elusor/Lab4/so/roscourse_ws/build/webcam/build/lib/webcam
[2.513s] running install
[2.513s] running install_lib
[2.517s] creating /home/yahboom/S26_RobotProgramming_Eloquent_Elusor/Lab4/so/roscourse_ws/install/webcam/lib/python3.10/site-packages/webcam
[2.517s] copying /home/yahboom/S26_RobotProgramming_Eloquent_Elusor/Lab4/so/roscourse_ws/build/webcam/build/lib/webcam/cam_sub.py -> /home/yahboom/S26_RobotProgramming_Eloquent_Elusor/Lab4/so/roscourse_ws/install/webcam/lib/python3.10/site-packages/webcam
[2.517s] copying /home/yahboom/S26_RobotProgramming_Eloquent_Elusor/Lab4/so/roscourse_ws/build/webcam/build/lib/webcam/__init__.py -> /home/yahboom/S26_RobotProgramming_Eloquent_Elusor/Lab4/so/roscourse_ws/install/webcam/lib/python3.10/site-packages/webcam
[2.517s] copying /home/yahboom/S26_RobotProgramming_Eloquent_Elusor/Lab4/so/roscourse_ws/build/webcam/build/lib/webcam/cam_pub.py -> /home/yahboom/S26_RobotProgramming_Eloquent_Elusor/Lab4/so/roscourse_ws/install/webcam/lib/python3.10/site-packages/webcam
[2.518s] byte-compiling /home/yahboom/S26_RobotProgramming_Eloquent_Elusor/Lab4/so/roscourse_ws/install/webcam/lib/python3.10/site-packages/webcam/cam_sub.py to cam_sub.cpython-310.pyc
[2.521s] byte-compiling /home/yahboom/S26_RobotProgramming_Eloquent_Elusor/Lab4/so/roscourse_ws/install/webcam/lib/python3.10/site-packages/webcam/__init__.py to __init__.cpython-310.pyc
[2.522s] byte-compiling /home/yahboom/S26_RobotProgramming_Eloquent_Elusor/Lab4/so/roscourse_ws/install/webcam/lib/python3.10/site-packages/webcam/cam_pub.py to cam_pub.cpython-310.pyc
[2.522s] running install_data
[2.523s] creating /home/yahboom/S26_RobotProgramming_Eloquent_Elusor/Lab4/so/roscourse_ws/install/webcam/share/ament_index
[2.523s] creating /home/yahboom/S26_RobotProgramming_Eloquent_Elusor/Lab4/so/roscourse_ws/install/webcam/share/ament_index/resource_index
[2.523s] creating /home/yahboom/S26_RobotProgramming_Eloquent_Elusor/Lab4/so/roscourse_ws/install/webcam/share/ament_index/resource_index/packages
[2.523s] copying resource/webcam -> /home/yahboom/S26_RobotProgramming_Eloquent_Elusor/Lab4/so/roscourse_ws/install/webcam/share/ament_index/resource_index/packages
[2.524s] copying package.xml -> /home/yahboom/S26_RobotProgramming_Eloquent_Elusor/Lab4/so/roscourse_ws/install/webcam/share/webcam
[2.524s] running install_egg_info
[2.527s] Copying ../../build/webcam/webcam.egg-info to /home/yahboom/S26_RobotProgramming_Eloquent_Elusor/Lab4/so/roscourse_ws/install/webcam/lib/python3.10/site-packages/webcam-0.0.0-py3.10.egg-info
[2.529s] running install_scripts
[2.585s] Installing webcam_pub script to /home/yahboom/S26_RobotProgramming_Eloquent_Elusor/Lab4/so/roscourse_ws/install/webcam/lib/webcam
[2.585s] Installing webcam_sub script to /home/yahboom/S26_RobotProgramming_Eloquent_Elusor/Lab4/so/roscourse_ws/install/webcam/lib/webcam
[2.585s] writing list of installed files to '/home/yahboom/S26_RobotProgramming_Eloquent_Elusor/Lab4/so/roscourse_ws/build/webcam/install.log'
[2.623s] Invoked command in '/home/yahboom/S26_RobotProgramming_Eloquent_Elusor/Lab4/so/roscourse_ws/src/webcam' returned '0': PYTHONPATH=/home/yahboom/S26_RobotProgramming_Eloquent_Elusor/Lab4/so/roscourse_ws/build/webcam/prefix_override:/home/yahboom/S26_RobotProgramming_Eloquent_Elusor/Lab4/so/roscourse_ws/install/webcam/lib/python3.10/site-packages:${PYTHONPATH} /usr/bin/python3 -W ignore:setup.py install is deprecated setup.py egg_info --egg-base ../../build/webcam build --build-base /home/yahboom/S26_RobotProgramming_Eloquent_Elusor/Lab4/so/roscourse_ws/build/webcam/build install --record /home/yahboom/S26_RobotProgramming_Eloquent_Elusor/Lab4/so/roscourse_ws/build/webcam/install.log --single-version-externally-managed install_data
