[0.894s] Invoking command in '/home/yahboom/S26_RobotProgramming_Eloquent_Elusor/Lab4/so/roscourse_ws/src/teleop_twist_keyboard': PYTHONPATH=/home/yahboom/S26_RobotProgramming_Eloquent_Elusor/Lab4/so/roscourse_ws/build/teleop_twist_keyboard/prefix_override:/home/yahboom/S26_RobotProgramming_Eloquent_Elusor/Lab4/so/roscourse_ws/install/teleop_twist_keyboard/lib/python3.10/site-packages:${PYTHONPATH} /usr/bin/python3 -W ignore:setup.py install is deprecated setup.py egg_info --egg-base ../../build/teleop_twist_keyboard build --build-base /home/yahboom/S26_RobotProgramming_Eloquent_Elusor/Lab4/so/roscourse_ws/build/teleop_twist_keyboard/build install --record /home/yahboom/S26_RobotProgramming_Eloquent_Elusor/Lab4/so/roscourse_ws/build/teleop_twist_keyboard/install.log --single-version-externally-managed install_data
[1.151s] running egg_info
[1.152s] creating ../../build/teleop_twist_keyboard/teleop_twist_keyboard.egg-info
[1.152s] writing ../../build/teleop_twist_keyboard/teleop_twist_keyboard.egg-info/PKG-INFO
[1.152s] writing dependency_links to ../../build/teleop_twist_keyboard/teleop_twist_keyboard.egg-info/dependency_links.txt
[1.152s] writing entry points to ../../build/teleop_twist_keyboard/teleop_twist_keyboard.egg-info/entry_points.txt
[1.152s] writing requirements to ../../build/teleop_twist_keyboard/teleop_twist_keyboard.egg-info/requires.txt
[1.153s] writing top-level names to ../../build/teleop_twist_keyboard/teleop_twist_keyboard.egg-info/top_level.txt
[1.153s] writing manifest file '../../build/teleop_twist_keyboard/teleop_twist_keyboard.egg-info/SOURCES.txt'
[1.154s] reading manifest file '../../build/teleop_twist_keyboard/teleop_twist_keyboard.egg-info/SOURCES.txt'
[1.155s] adding license file 'LICENSE'
[1.155s] writing manifest file '../../build/teleop_twist_keyboard/teleop_twist_keyboard.egg-info/SOURCES.txt'
[1.156s] running build
[1.156s] running build_py
[1.156s] creating /home/yahboom/S26_RobotProgramming_Eloquent_Elusor/Lab4/so/roscourse_ws/build/teleop_twist_keyboard/build
[1.156s] creating /home/yahboom/S26_RobotProgramming_Eloquent_Elusor/Lab4/so/roscourse_ws/build/teleop_twist_keyboard/build/lib
[1.156s] copying teleop_twist_keyboard.py -> /home/yahboom/S26_RobotProgramming_Eloquent_Elusor/Lab4/so/roscourse_ws/build/teleop_twist_keyboard/build/lib
[1.157s] running install
[1.158s] running install_lib
[1.159s] copying /home/yahboom/S26_RobotProgramming_Eloquent_Elusor/Lab4/so/roscourse_ws/build/teleop_twist_keyboard/build/lib/teleop_twist_keyboard.py -> /home/yahboom/S26_RobotProgramming_Eloquent_Elusor/Lab4/so/roscourse_ws/install/teleop_twist_keyboard/lib/python3.10/site-packages
[1.160s] byte-compiling /home/yahboom/S26_RobotProgramming_Eloquent_Elusor/Lab4/so/roscourse_ws/install/teleop_twist_keyboard/lib/python3.10/site-packages/teleop_twist_keyboard.py to teleop_twist_keyboard.cpython-310.pyc
[1.162s] running install_data
[1.162s] creating /home/yahboom/S26_RobotProgramming_Eloquent_Elusor/Lab4/so/roscourse_ws/install/teleop_twist_keyboard/share/ament_index
[1.162s] creating /home/yahboom/S26_RobotProgramming_Eloquent_Elusor/Lab4/so/roscourse_ws/install/teleop_twist_keyboard/share/ament_index/resource_index
[1.162s] creating /home/yahboom/S26_RobotProgramming_Eloquent_Elusor/Lab4/so/roscourse_ws/install/teleop_twist_keyboard/share/ament_index/resource_index/packages
[1.162s] copying resource/teleop_twist_keyboard -> /home/yahboom/S26_RobotProgramming_Eloquent_Elusor/Lab4/so/roscourse_ws/install/teleop_twist_keyboard/share/ament_index/resource_index/packages
[1.162s] copying package.xml -> /home/yahboom/S26_RobotProgramming_Eloquent_Elusor/Lab4/so/roscourse_ws/install/teleop_twist_keyboard/share/teleop_twist_keyboard
[1.162s] running install_egg_info
[1.164s] Copying ../../build/teleop_twist_keyboard/teleop_twist_keyboard.egg-info to /home/yahboom/S26_RobotProgramming_Eloquent_Elusor/Lab4/so/roscourse_ws/install/teleop_twist_keyboard/lib/python3.10/site-packages/teleop_twist_keyboard-2.4.1-py3.10.egg-info
[1.165s] running install_scripts
[1.186s] Installing teleop_twist_keyboard script to /home/yahboom/S26_RobotProgramming_Eloquent_Elusor/Lab4/so/roscourse_ws/install/teleop_twist_keyboard/lib/teleop_twist_keyboard
[1.186s] writing list of installed files to '/home/yahboom/S26_RobotProgramming_Eloquent_Elusor/Lab4/so/roscourse_ws/build/teleop_twist_keyboard/install.log'
[1.209s] Invoked command in '/home/yahboom/S26_RobotProgramming_Eloquent_Elusor/Lab4/so/roscourse_ws/src/teleop_twist_keyboard' returned '0': PYTHONPATH=/home/yahboom/S26_RobotProgramming_Eloquent_Elusor/Lab4/so/roscourse_ws/build/teleop_twist_keyboard/prefix_override:/home/yahboom/S26_RobotProgramming_Eloquent_Elusor/Lab4/so/roscourse_ws/install/teleop_twist_keyboard/lib/python3.10/site-packages:${PYTHONPATH} /usr/bin/python3 -W ignore:setup.py install is deprecated setup.py egg_info --egg-base ../../build/teleop_twist_keyboard build --build-base /home/yahboom/S26_RobotProgramming_Eloquent_Elusor/Lab4/so/roscourse_ws/build/teleop_twist_keyboard/build install --record /home/yahboom/S26_RobotProgramming_Eloquent_Elusor/Lab4/so/roscourse_ws/build/teleop_twist_keyboard/install.log --single-version-externally-managed install_data
