[0.079s] Invoking command in '/home/yahboom/Desktop/team_repo/Lab3/wallaa2/roscourse_ws/build/turtle_interfaces': CMAKE_PREFIX_PATH=${CMAKE_PREFIX_PATH}:/home/yahboom/cartoros2/install/yahboomcar_nav:/home/yahboom/cartoros2/install/yahboomcar_ctrl:/home/yahboom/cartoros2/install/yahboom_visual:/home/yahboom/cartoros2/install/yahboom_dog_joint_state:/home/yahboom/cartoros2/install/yahboom_description:/home/yahboom/cartoros2/install/yahboom_color_identify_server:/home/yahboom/cartoros2/install/yahboom_bringup:/home/yahboom/cartoros2/install/yahboom_base:/home/yahboom/cartoros2/install/yahboom_app_save_map:/home/yahboom/cartoros2/install/update_map:/home/yahboom/cartoros2/install/rosboard:/home/yahboom/cartoros2/install/path_planner_server:/home/yahboom/cartoros2/install/nav2_simple_commander:/home/yahboom/cartoros2/install/nav2_gazebo_spawner:/home/yahboom/cartoros2/install/localization_server:/home/yahboom/cartoros2/install/laserscan_to_point_pulisher:/home/yahboom/yahboomcar_ws/install/yahboom_dog_example:/opt/ros/humble /usr/bin/cmake /home/yahboom/Desktop/team_repo/Lab3/wallaa2/roscourse_ws/src/turtle_interfaces -DCMAKE_INSTALL_PREFIX=/home/yahboom/Desktop/team_repo/Lab3/wallaa2/roscourse_ws/install/turtle_interfaces
[0.484s] -- The C compiler identification is GNU 11.4.0
[0.692s] -- The CXX compiler identification is GNU 11.4.0
[0.740s] -- Detecting C compiler ABI info
[1.126s] -- Detecting C compiler ABI info - done
[1.138s] -- Check for working C compiler: /usr/bin/cc - skipped
[1.140s] -- Detecting C compile features
[1.143s] -- Detecting C compile features - done
[1.153s] -- Detecting CXX compiler ABI info
[1.526s] -- Detecting CXX compiler ABI info - done
[1.539s] -- Check for working CXX compiler: /usr/bin/c++ - skipped
[1.540s] -- Detecting CXX compile features
[1.541s] -- Detecting CXX compile features - done
[1.606s] -- Found ament_cmake: 1.3.8 (/opt/ros/humble/share/ament_cmake/cmake)
[2.317s] -- Found Python3: /usr/bin/python3 (found version "3.10.12") found components: Interpreter 
[3.256s] -- Found geometry_msgs: 4.2.3 (/opt/ros/humble/share/geometry_msgs/cmake)
[3.820s] -- Found rosidl_generator_c: 3.1.5 (/opt/ros/humble/share/rosidl_generator_c/cmake)
[3.929s] -- Found rosidl_adapter: 3.1.5 (/opt/ros/humble/share/rosidl_adapter/cmake)
[4.051s] -- Found rosidl_generator_cpp: 3.1.5 (/opt/ros/humble/share/rosidl_generator_cpp/cmake)
[4.207s] -- Using all available rosidl_typesupport_c: rosidl_typesupport_fastrtps_c;rosidl_typesupport_introspection_c
[4.381s] -- Using all available rosidl_typesupport_cpp: rosidl_typesupport_fastrtps_cpp;rosidl_typesupport_introspection_cpp
[4.816s] -- Found rosidl_default_generators: 1.2.0 (/opt/ros/humble/share/rosidl_default_generators/cmake)
[5.919s] -- Found ament_cmake_ros: 0.10.0 (/opt/ros/humble/share/ament_cmake_ros/cmake)
[7.433s] -- Using all available rosidl_typesupport_c: rosidl_typesupport_fastrtps_c;rosidl_typesupport_introspection_c
[7.932s] -- Using all available rosidl_typesupport_cpp: rosidl_typesupport_fastrtps_cpp;rosidl_typesupport_introspection_cpp
[8.028s] -- Found PythonInterp: /usr/bin/python3 (found suitable version "3.10.12", minimum required is "3.6") 
[8.068s] -- Found python_cmake_module: 0.10.0 (/opt/ros/humble/share/python_cmake_module/cmake)
[8.218s] -- Found PythonLibs: /usr/lib/x86_64-linux-gnu/libpython3.10.so (found suitable version "3.10.12", minimum required is "3.5") 
[8.219s] -- Using PYTHON_EXECUTABLE: /usr/bin/python3
[8.219s] -- Using PYTHON_INCLUDE_DIRS: /usr/include/python3.10
[8.220s] -- Using PYTHON_LIBRARIES: /usr/lib/x86_64-linux-gnu/libpython3.10.so
[8.301s] -- Found PythonExtra: .so  
[8.670s] -- Found ament_lint_auto: 0.12.10 (/opt/ros/humble/share/ament_lint_auto/cmake)
[9.020s] -- Added test 'lint_cmake' to check CMake code style
[9.032s] -- Added test 'xmllint' to check XML markup files
[9.054s] -- Configuring done
[9.178s] -- Generating done
[9.185s] -- Build files have been written to: /home/yahboom/Desktop/team_repo/Lab3/wallaa2/roscourse_ws/build/turtle_interfaces
[9.205s] Invoked command in '/home/yahboom/Desktop/team_repo/Lab3/wallaa2/roscourse_ws/build/turtle_interfaces' returned '0': CMAKE_PREFIX_PATH=${CMAKE_PREFIX_PATH}:/home/yahboom/cartoros2/install/yahboomcar_nav:/home/yahboom/cartoros2/install/yahboomcar_ctrl:/home/yahboom/cartoros2/install/yahboom_visual:/home/yahboom/cartoros2/install/yahboom_dog_joint_state:/home/yahboom/cartoros2/install/yahboom_description:/home/yahboom/cartoros2/install/yahboom_color_identify_server:/home/yahboom/cartoros2/install/yahboom_bringup:/home/yahboom/cartoros2/install/yahboom_base:/home/yahboom/cartoros2/install/yahboom_app_save_map:/home/yahboom/cartoros2/install/update_map:/home/yahboom/cartoros2/install/rosboard:/home/yahboom/cartoros2/install/path_planner_server:/home/yahboom/cartoros2/install/nav2_simple_commander:/home/yahboom/cartoros2/install/nav2_gazebo_spawner:/home/yahboom/cartoros2/install/localization_server:/home/yahboom/cartoros2/install/laserscan_to_point_pulisher:/home/yahboom/yahboomcar_ws/install/yahboom_dog_example:/opt/ros/humble /usr/bin/cmake /home/yahboom/Desktop/team_repo/Lab3/wallaa2/roscourse_ws/src/turtle_interfaces -DCMAKE_INSTALL_PREFIX=/home/yahboom/Desktop/team_repo/Lab3/wallaa2/roscourse_ws/install/turtle_interfaces
[9.210s] Invoking command in '/home/yahboom/Desktop/team_repo/Lab3/wallaa2/roscourse_ws/build/turtle_interfaces': CMAKE_PREFIX_PATH=${CMAKE_PREFIX_PATH}:/home/yahboom/cartoros2/install/yahboomcar_nav:/home/yahboom/cartoros2/install/yahboomcar_ctrl:/home/yahboom/cartoros2/install/yahboom_visual:/home/yahboom/cartoros2/install/yahboom_dog_joint_state:/home/yahboom/cartoros2/install/yahboom_description:/home/yahboom/cartoros2/install/yahboom_color_identify_server:/home/yahboom/cartoros2/install/yahboom_bringup:/home/yahboom/cartoros2/install/yahboom_base:/home/yahboom/cartoros2/install/yahboom_app_save_map:/home/yahboom/cartoros2/install/update_map:/home/yahboom/cartoros2/install/rosboard:/home/yahboom/cartoros2/install/path_planner_server:/home/yahboom/cartoros2/install/nav2_simple_commander:/home/yahboom/cartoros2/install/nav2_gazebo_spawner:/home/yahboom/cartoros2/install/localization_server:/home/yahboom/cartoros2/install/laserscan_to_point_pulisher:/home/yahboom/yahboomcar_ws/install/yahboom_dog_example:/opt/ros/humble /usr/bin/cmake --build /home/yahboom/Desktop/team_repo/Lab3/wallaa2/roscourse_ws/build/turtle_interfaces -- -j4 -l4
[9.442s] [  2%] [34m[1mGenerating C code for ROS interfaces[0m
[9.519s] [  4%] [34m[1mGenerating C++ code for ROS interfaces[0m
[9.566s] [  4%] Built target ament_cmake_python_copy_turtle_interfaces
[10.478s] running egg_info
[10.480s] creating turtle_interfaces.egg-info
[10.481s] writing turtle_interfaces.egg-info/PKG-INFO
[10.482s] writing dependency_links to turtle_interfaces.egg-info/dependency_links.txt
[10.483s] writing top-level names to turtle_interfaces.egg-info/top_level.txt
[10.483s] writing manifest file 'turtle_interfaces.egg-info/SOURCES.txt'
[10.489s] reading manifest file 'turtle_interfaces.egg-info/SOURCES.txt'
[10.493s] writing manifest file 'turtle_interfaces.egg-info/SOURCES.txt'
[10.596s] [  4%] Built target ament_cmake_python_build_turtle_interfaces_egg
[10.975s] [  6%] [32mBuilding C object CMakeFiles/turtle_interfaces__rosidl_generator_c.dir/rosidl_generator_c/turtle_interfaces/msg/detail/turtle_msg__functions.c.o[0m
[10.976s] [  8%] [32mBuilding C object CMakeFiles/turtle_interfaces__rosidl_generator_c.dir/rosidl_generator_c/turtle_interfaces/srv/detail/set_pose__functions.c.o[0m
[11.010s] [ 10%] [32mBuilding C object CMakeFiles/turtle_interfaces__rosidl_generator_c.dir/rosidl_generator_c/turtle_interfaces/srv/detail/set_color__functions.c.o[0m
[11.039s] [ 10%] Built target turtle_interfaces__cpp
[11.152s] [ 12%] [34m[1mGenerating C++ type support dispatch for ROS interfaces[0m
[11.305s] [ 14%] [34m[1mGenerating C++ type support for eProsima Fast-RTPS[0m
[11.328s] [ 17%] [34m[1mGenerating C++ introspection for ROS interfaces[0m
[11.367s] [ 19%] [32m[1mLinking C shared library libturtle_interfaces__rosidl_generator_c.so[0m
[11.794s] [ 19%] Built target turtle_interfaces__rosidl_generator_c
[11.866s] [ 21%] [34m[1mGenerating C type support for eProsima Fast-RTPS[0m
[12.378s] [ 23%] [32mBuilding CXX object CMakeFiles/turtle_interfaces__rosidl_typesupport_cpp.dir/rosidl_typesupport_cpp/turtle_interfaces/msg/turtle_msg__type_support.cpp.o[0m
[12.779s] [ 25%] [32mBuilding CXX object CMakeFiles/turtle_interfaces__rosidl_typesupport_introspection_cpp.dir/rosidl_typesupport_introspection_cpp/turtle_interfaces/msg/detail/turtle_msg__type_support.cpp.o[0m
[13.000s] [ 27%] [32mBuilding CXX object CMakeFiles/turtle_interfaces__rosidl_typesupport_fastrtps_cpp.dir/rosidl_typesupport_fastrtps_cpp/turtle_interfaces/msg/detail/dds_fastrtps/turtle_msg__type_support.cpp.o[0m
[13.278s] [ 29%] [32mBuilding CXX object CMakeFiles/turtle_interfaces__rosidl_typesupport_cpp.dir/rosidl_typesupport_cpp/turtle_interfaces/srv/set_pose__type_support.cpp.o[0m
[13.298s] [ 31%] [32mBuilding CXX object CMakeFiles/turtle_interfaces__rosidl_typesupport_fastrtps_c.dir/rosidl_typesupport_fastrtps_c/turtle_interfaces/msg/detail/turtle_msg__type_support_c.cpp.o[0m
[14.308s] [ 34%] [32mBuilding CXX object CMakeFiles/turtle_interfaces__rosidl_typesupport_introspection_cpp.dir/rosidl_typesupport_introspection_cpp/turtle_interfaces/srv/detail/set_pose__type_support.cpp.o[0m
[14.311s] [ 36%] [32mBuilding CXX object CMakeFiles/turtle_interfaces__rosidl_typesupport_fastrtps_cpp.dir/rosidl_typesupport_fastrtps_cpp/turtle_interfaces/srv/detail/dds_fastrtps/set_pose__type_support.cpp.o[0m
[14.423s] [ 38%] [32mBuilding CXX object CMakeFiles/turtle_interfaces__rosidl_typesupport_cpp.dir/rosidl_typesupport_cpp/turtle_interfaces/srv/set_color__type_support.cpp.o[0m
[14.618s] [ 40%] [32mBuilding CXX object CMakeFiles/turtle_interfaces__rosidl_typesupport_fastrtps_c.dir/rosidl_typesupport_fastrtps_c/turtle_interfaces/srv/detail/set_pose__type_support_c.cpp.o[0m
[15.604s] [ 42%] [32m[1mLinking CXX shared library libturtle_interfaces__rosidl_typesupport_cpp.so[0m
[15.607s] [ 44%] [32mBuilding CXX object CMakeFiles/turtle_interfaces__rosidl_typesupport_fastrtps_cpp.dir/rosidl_typesupport_fastrtps_cpp/turtle_interfaces/srv/detail/dds_fastrtps/set_color__type_support.cpp.o[0m
[15.696s] [ 46%] [32mBuilding CXX object CMakeFiles/turtle_interfaces__rosidl_typesupport_introspection_cpp.dir/rosidl_typesupport_introspection_cpp/turtle_interfaces/srv/detail/set_color__type_support.cpp.o[0m
[15.925s] [ 46%] Built target turtle_interfaces__rosidl_typesupport_cpp
[15.927s] [ 48%] [32mBuilding CXX object CMakeFiles/turtle_interfaces__rosidl_typesupport_fastrtps_c.dir/rosidl_typesupport_fastrtps_c/turtle_interfaces/srv/detail/set_color__type_support_c.cpp.o[0m
[16.061s] [ 51%] [34m[1mGenerating C introspection for ROS interfaces[0m
[16.893s] [ 53%] [32m[1mLinking CXX shared library libturtle_interfaces__rosidl_typesupport_fastrtps_cpp.so[0m
[17.038s] [ 55%] [32m[1mLinking CXX shared library libturtle_interfaces__rosidl_typesupport_fastrtps_c.so[0m
[17.038s] [ 57%] [32m[1mLinking CXX shared library libturtle_interfaces__rosidl_typesupport_introspection_cpp.so[0m
[17.316s] [ 57%] Built target turtle_interfaces__rosidl_typesupport_fastrtps_cpp
[17.374s] [ 57%] Built target turtle_interfaces__rosidl_typesupport_introspection_cpp
[17.391s] [ 59%] [34m[1mGenerating C type support dispatch for ROS interfaces[0m
[17.435s] [ 59%] Built target turtle_interfaces__rosidl_typesupport_fastrtps_c
[17.567s] [ 61%] [32mBuilding C object CMakeFiles/turtle_interfaces__rosidl_typesupport_introspection_c.dir/rosidl_typesupport_introspection_c/turtle_interfaces/msg/detail/turtle_msg__type_support.c.o[0m
[17.573s] [ 63%] [32mBuilding C object CMakeFiles/turtle_interfaces__rosidl_typesupport_introspection_c.dir/rosidl_typesupport_introspection_c/turtle_interfaces/srv/detail/set_pose__type_support.c.o[0m
[17.618s] [ 65%] [32mBuilding C object CMakeFiles/turtle_interfaces__rosidl_typesupport_introspection_c.dir/rosidl_typesupport_introspection_c/turtle_interfaces/srv/detail/set_color__type_support.c.o[0m
[17.786s] [ 68%] [32m[1mLinking C shared library libturtle_interfaces__rosidl_typesupport_introspection_c.so[0m
[17.956s] [ 68%] Built target turtle_interfaces__rosidl_typesupport_introspection_c
[18.223s] [ 72%] [32mBuilding CXX object CMakeFiles/turtle_interfaces__rosidl_typesupport_c.dir/rosidl_typesupport_c/turtle_interfaces/msg/turtle_msg__type_support.cpp.o[0m
[18.224s] [ 72%] [32mBuilding CXX object CMakeFiles/turtle_interfaces__rosidl_typesupport_c.dir/rosidl_typesupport_c/turtle_interfaces/srv/set_pose__type_support.cpp.o[0m
[18.224s] [ 74%] [32mBuilding CXX object CMakeFiles/turtle_interfaces__rosidl_typesupport_c.dir/rosidl_typesupport_c/turtle_interfaces/srv/set_color__type_support.cpp.o[0m
[18.368s] [ 76%] [32m[1mLinking CXX shared library libturtle_interfaces__rosidl_typesupport_c.so[0m
[18.545s] [ 76%] Built target turtle_interfaces__rosidl_typesupport_c
[18.671s] [ 76%] Built target turtle_interfaces
[18.802s] [ 78%] [34m[1mGenerating Python code for ROS interfaces[0m
[20.291s] [ 78%] Built target turtle_interfaces__py
[20.419s] [ 80%] [32mBuilding C object CMakeFiles/turtle_interfaces__rosidl_generator_py.dir/rosidl_generator_py/turtle_interfaces/msg/_turtle_msg_s.c.o[0m
[20.421s] [ 82%] [32mBuilding C object CMakeFiles/turtle_interfaces__rosidl_generator_py.dir/rosidl_generator_py/turtle_interfaces/srv/_set_pose_s.c.o[0m
[20.422s] [ 85%] [32mBuilding C object CMakeFiles/turtle_interfaces__rosidl_generator_py.dir/rosidl_generator_py/turtle_interfaces/srv/_set_color_s.c.o[0m
[20.795s] [ 87%] [32m[1mLinking C shared library rosidl_generator_py/turtle_interfaces/libturtle_interfaces__rosidl_generator_py.so[0m
[21.009s] [ 87%] Built target turtle_interfaces__rosidl_generator_py
[21.178s] [ 89%] [32mBuilding C object CMakeFiles/turtle_interfaces__rosidl_typesupport_fastrtps_c__pyext.dir/rosidl_generator_py/turtle_interfaces/_turtle_interfaces_s.ep.rosidl_typesupport_fastrtps_c.c.o[0m
[21.183s] [ 91%] [32mBuilding C object CMakeFiles/turtle_interfaces__rosidl_typesupport_introspection_c__pyext.dir/rosidl_generator_py/turtle_interfaces/_turtle_interfaces_s.ep.rosidl_typesupport_introspection_c.c.o[0m
[21.184s] [ 93%] [32mBuilding C object CMakeFiles/turtle_interfaces__rosidl_typesupport_c__pyext.dir/rosidl_generator_py/turtle_interfaces/_turtle_interfaces_s.ep.rosidl_typesupport_c.c.o[0m
[21.573s] [ 95%] [32m[1mLinking C shared library rosidl_generator_py/turtle_interfaces/turtle_interfaces_s__rosidl_typesupport_c.cpython-310-x86_64-linux-gnu.so[0m
[21.692s] [ 97%] [32m[1mLinking C shared library rosidl_generator_py/turtle_interfaces/turtle_interfaces_s__rosidl_typesupport_fastrtps_c.cpython-310-x86_64-linux-gnu.so[0m
[21.699s] [100%] [32m[1mLinking C shared library rosidl_generator_py/turtle_interfaces/turtle_interfaces_s__rosidl_typesupport_introspection_c.cpython-310-x86_64-linux-gnu.so[0m
[21.779s] [100%] Built target turtle_interfaces__rosidl_typesupport_c__pyext
[21.881s] [100%] Built target turtle_interfaces__rosidl_typesupport_fastrtps_c__pyext
[21.931s] [100%] Built target turtle_interfaces__rosidl_typesupport_introspection_c__pyext
[21.992s] Invoked command in '/home/yahboom/Desktop/team_repo/Lab3/wallaa2/roscourse_ws/build/turtle_interfaces' returned '0': CMAKE_PREFIX_PATH=${CMAKE_PREFIX_PATH}:/home/yahboom/cartoros2/install/yahboomcar_nav:/home/yahboom/cartoros2/install/yahboomcar_ctrl:/home/yahboom/cartoros2/install/yahboom_visual:/home/yahboom/cartoros2/install/yahboom_dog_joint_state:/home/yahboom/cartoros2/install/yahboom_description:/home/yahboom/cartoros2/install/yahboom_color_identify_server:/home/yahboom/cartoros2/install/yahboom_bringup:/home/yahboom/cartoros2/install/yahboom_base:/home/yahboom/cartoros2/install/yahboom_app_save_map:/home/yahboom/cartoros2/install/update_map:/home/yahboom/cartoros2/install/rosboard:/home/yahboom/cartoros2/install/path_planner_server:/home/yahboom/cartoros2/install/nav2_simple_commander:/home/yahboom/cartoros2/install/nav2_gazebo_spawner:/home/yahboom/cartoros2/install/localization_server:/home/yahboom/cartoros2/install/laserscan_to_point_pulisher:/home/yahboom/yahboomcar_ws/install/yahboom_dog_example:/opt/ros/humble /usr/bin/cmake --build /home/yahboom/Desktop/team_repo/Lab3/wallaa2/roscourse_ws/build/turtle_interfaces -- -j4 -l4
[22.990s] Invoking command in '/home/yahboom/Desktop/team_repo/Lab3/wallaa2/roscourse_ws/build/turtle_interfaces': CMAKE_PREFIX_PATH=${CMAKE_PREFIX_PATH}:/home/yahboom/cartoros2/install/yahboomcar_nav:/home/yahboom/cartoros2/install/yahboomcar_ctrl:/home/yahboom/cartoros2/install/yahboom_visual:/home/yahboom/cartoros2/install/yahboom_dog_joint_state:/home/yahboom/cartoros2/install/yahboom_description:/home/yahboom/cartoros2/install/yahboom_color_identify_server:/home/yahboom/cartoros2/install/yahboom_bringup:/home/yahboom/cartoros2/install/yahboom_base:/home/yahboom/cartoros2/install/yahboom_app_save_map:/home/yahboom/cartoros2/install/update_map:/home/yahboom/cartoros2/install/rosboard:/home/yahboom/cartoros2/install/path_planner_server:/home/yahboom/cartoros2/install/nav2_simple_commander:/home/yahboom/cartoros2/install/nav2_gazebo_spawner:/home/yahboom/cartoros2/install/localization_server:/home/yahboom/cartoros2/install/laserscan_to_point_pulisher:/home/yahboom/yahboomcar_ws/install/yahboom_dog_example:/opt/ros/humble /usr/bin/cmake --install /home/yahboom/Desktop/team_repo/Lab3/wallaa2/roscourse_ws/build/turtle_interfaces
[23.036s] -- Install configuration: ""
[23.037s] -- Installing: /home/yahboom/Desktop/team_repo/Lab3/wallaa2/roscourse_ws/install/turtle_interfaces/share/ament_index/resource_index/rosidl_interfaces/turtle_interfaces
[23.037s] -- Installing: /home/yahboom/Desktop/team_repo/Lab3/wallaa2/roscourse_ws/install/turtle_interfaces/include/turtle_interfaces/turtle_interfaces
[23.037s] -- Installing: /home/yahboom/Desktop/team_repo/Lab3/wallaa2/roscourse_ws/install/turtle_interfaces/include/turtle_interfaces/turtle_interfaces/srv
[23.038s] -- Installing: /home/yahboom/Desktop/team_repo/Lab3/wallaa2/roscourse_ws/install/turtle_interfaces/include/turtle_interfaces/turtle_interfaces/srv/detail
[23.039s] -- Installing: /home/yahboom/Desktop/team_repo/Lab3/wallaa2/roscourse_ws/install/turtle_interfaces/include/turtle_interfaces/turtle_interfaces/srv/detail/set_color__type_support.h
[23.039s] -- Installing: /home/yahboom/Desktop/team_repo/Lab3/wallaa2/roscourse_ws/install/turtle_interfaces/include/turtle_interfaces/turtle_interfaces/srv/detail/set_color__functions.h
[23.040s] -- Installing: /home/yahboom/Desktop/team_repo/Lab3/wallaa2/roscourse_ws/install/turtle_interfaces/include/turtle_interfaces/turtle_interfaces/srv/detail/set_pose__functions.h
[23.041s] -- Installing: /home/yahboom/Desktop/team_repo/Lab3/wallaa2/roscourse_ws/install/turtle_interfaces/include/turtle_interfaces/turtle_interfaces/srv/detail/set_color__functions.c
[23.043s] -- Installing: /home/yahboom/Desktop/team_repo/Lab3/wallaa2/roscourse_ws/install/turtle_interfaces/include/turtle_interfaces/turtle_interfaces/srv/detail/set_pose__struct.h
[23.044s] -- Installing: /home/yahboom/Desktop/team_repo/Lab3/wallaa2/roscourse_ws/install/turtle_interfaces/include/turtle_interfaces/turtle_interfaces/srv/detail/set_pose__type_support.h
[23.044s] -- Installing: /home/yahboom/Desktop/team_repo/Lab3/wallaa2/roscourse_ws/install/turtle_interfaces/include/turtle_interfaces/turtle_interfaces/srv/detail/set_color__struct.h
[23.045s] -- Installing: /home/yahboom/Desktop/team_repo/Lab3/wallaa2/roscourse_ws/install/turtle_interfaces/include/turtle_interfaces/turtle_interfaces/srv/detail/set_pose__functions.c
[23.046s] -- Installing: /home/yahboom/Desktop/team_repo/Lab3/wallaa2/roscourse_ws/install/turtle_interfaces/include/turtle_interfaces/turtle_interfaces/srv/set_pose.h
[23.047s] -- Installing: /home/yahboom/Desktop/team_repo/Lab3/wallaa2/roscourse_ws/install/turtle_interfaces/include/turtle_interfaces/turtle_interfaces/srv/set_color.h
[23.048s] -- Installing: /home/yahboom/Desktop/team_repo/Lab3/wallaa2/roscourse_ws/install/turtle_interfaces/include/turtle_interfaces/turtle_interfaces/msg
[23.049s] -- Installing: /home/yahboom/Desktop/team_repo/Lab3/wallaa2/roscourse_ws/install/turtle_interfaces/include/turtle_interfaces/turtle_interfaces/msg/detail
[23.051s] -- Installing: /home/yahboom/Desktop/team_repo/Lab3/wallaa2/roscourse_ws/install/turtle_interfaces/include/turtle_interfaces/turtle_interfaces/msg/detail/turtle_msg__functions.c
[23.052s] -- Installing: /home/yahboom/Desktop/team_repo/Lab3/wallaa2/roscourse_ws/install/turtle_interfaces/include/turtle_interfaces/turtle_interfaces/msg/detail/turtle_msg__type_support.h
[23.054s] -- Installing: /home/yahboom/Desktop/team_repo/Lab3/wallaa2/roscourse_ws/install/turtle_interfaces/include/turtle_interfaces/turtle_interfaces/msg/detail/turtle_msg__functions.h
[23.055s] -- Installing: /home/yahboom/Desktop/team_repo/Lab3/wallaa2/roscourse_ws/install/turtle_interfaces/include/turtle_interfaces/turtle_interfaces/msg/detail/turtle_msg__struct.h
[23.056s] -- Installing: /home/yahboom/Desktop/team_repo/Lab3/wallaa2/roscourse_ws/install/turtle_interfaces/include/turtle_interfaces/turtle_interfaces/msg/turtle_msg.h
[23.057s] -- Installing: /home/yahboom/Desktop/team_repo/Lab3/wallaa2/roscourse_ws/install/turtle_interfaces/include/turtle_interfaces/turtle_interfaces/msg/rosidl_generator_c__visibility_control.h
[23.059s] -- Installing: /home/yahboom/Desktop/team_repo/Lab3/wallaa2/roscourse_ws/install/turtle_interfaces/share/turtle_interfaces/environment/library_path.sh
[23.060s] -- Installing: /home/yahboom/Desktop/team_repo/Lab3/wallaa2/roscourse_ws/install/turtle_interfaces/share/turtle_interfaces/environment/library_path.dsv
[23.061s] -- Installing: /home/yahboom/Desktop/team_repo/Lab3/wallaa2/roscourse_ws/install/turtle_interfaces/lib/libturtle_interfaces__rosidl_generator_c.so
[23.063s] -- Set runtime path of "/home/yahboom/Desktop/team_repo/Lab3/wallaa2/roscourse_ws/install/turtle_interfaces/lib/libturtle_interfaces__rosidl_generator_c.so" to ""
[23.063s] -- Up-to-date: /home/yahboom/Desktop/team_repo/Lab3/wallaa2/roscourse_ws/install/turtle_interfaces/include/turtle_interfaces/turtle_interfaces
[23.064s] -- Up-to-date: /home/yahboom/Desktop/team_repo/Lab3/wallaa2/roscourse_ws/install/turtle_interfaces/include/turtle_interfaces/turtle_interfaces/srv
[23.064s] -- Up-to-date: /home/yahboom/Desktop/team_repo/Lab3/wallaa2/roscourse_ws/install/turtle_interfaces/include/turtle_interfaces/turtle_interfaces/srv/detail
[23.065s] -- Installing: /home/yahboom/Desktop/team_repo/Lab3/wallaa2/roscourse_ws/install/turtle_interfaces/include/turtle_interfaces/turtle_interfaces/srv/detail/set_color__rosidl_typesupport_fastrtps_c.h
[23.066s] -- Installing: /home/yahboom/Desktop/team_repo/Lab3/wallaa2/roscourse_ws/install/turtle_interfaces/include/turtle_interfaces/turtle_interfaces/srv/detail/set_pose__rosidl_typesupport_fastrtps_c.h
[23.066s] -- Up-to-date: /home/yahboom/Desktop/team_repo/Lab3/wallaa2/roscourse_ws/install/turtle_interfaces/include/turtle_interfaces/turtle_interfaces/msg
[23.066s] -- Up-to-date: /home/yahboom/Desktop/team_repo/Lab3/wallaa2/roscourse_ws/install/turtle_interfaces/include/turtle_interfaces/turtle_interfaces/msg/detail
[23.067s] -- Installing: /home/yahboom/Desktop/team_repo/Lab3/wallaa2/roscourse_ws/install/turtle_interfaces/include/turtle_interfaces/turtle_interfaces/msg/detail/turtle_msg__rosidl_typesupport_fastrtps_c.h
[23.067s] -- Installing: /home/yahboom/Desktop/team_repo/Lab3/wallaa2/roscourse_ws/install/turtle_interfaces/include/turtle_interfaces/turtle_interfaces/msg/rosidl_typesupport_fastrtps_c__visibility_control.h
[23.068s] -- Installing: /home/yahboom/Desktop/team_repo/Lab3/wallaa2/roscourse_ws/install/turtle_interfaces/lib/libturtle_interfaces__rosidl_typesupport_fastrtps_c.so
[23.068s] -- Set runtime path of "/home/yahboom/Desktop/team_repo/Lab3/wallaa2/roscourse_ws/install/turtle_interfaces/lib/libturtle_interfaces__rosidl_typesupport_fastrtps_c.so" to ""
[23.069s] -- Up-to-date: /home/yahboom/Desktop/team_repo/Lab3/wallaa2/roscourse_ws/install/turtle_interfaces/include/turtle_interfaces/turtle_interfaces
[23.070s] -- Up-to-date: /home/yahboom/Desktop/team_repo/Lab3/wallaa2/roscourse_ws/install/turtle_interfaces/include/turtle_interfaces/turtle_interfaces/srv
[23.070s] -- Installing: /home/yahboom/Desktop/team_repo/Lab3/wallaa2/roscourse_ws/install/turtle_interfaces/include/turtle_interfaces/turtle_interfaces/srv/set_pose.hpp
[23.071s] -- Up-to-date: /home/yahboom/Desktop/team_repo/Lab3/wallaa2/roscourse_ws/install/turtle_interfaces/include/turtle_interfaces/turtle_interfaces/srv/detail
[23.071s] -- Installing: /home/yahboom/Desktop/team_repo/Lab3/wallaa2/roscourse_ws/install/turtle_interfaces/include/turtle_interfaces/turtle_interfaces/srv/detail/set_color__struct.hpp
[23.071s] -- Installing: /home/yahboom/Desktop/team_repo/Lab3/wallaa2/roscourse_ws/install/turtle_interfaces/include/turtle_interfaces/turtle_interfaces/srv/detail/set_color__builder.hpp
[23.072s] -- Installing: /home/yahboom/Desktop/team_repo/Lab3/wallaa2/roscourse_ws/install/turtle_interfaces/include/turtle_interfaces/turtle_interfaces/srv/detail/set_pose__traits.hpp
[23.072s] -- Installing: /home/yahboom/Desktop/team_repo/Lab3/wallaa2/roscourse_ws/install/turtle_interfaces/include/turtle_interfaces/turtle_interfaces/srv/detail/set_color__traits.hpp
[23.072s] -- Installing: /home/yahboom/Desktop/team_repo/Lab3/wallaa2/roscourse_ws/install/turtle_interfaces/include/turtle_interfaces/turtle_interfaces/srv/detail/set_pose__builder.hpp
[23.073s] -- Installing: /home/yahboom/Desktop/team_repo/Lab3/wallaa2/roscourse_ws/install/turtle_interfaces/include/turtle_interfaces/turtle_interfaces/srv/detail/set_pose__struct.hpp
[23.073s] -- Installing: /home/yahboom/Desktop/team_repo/Lab3/wallaa2/roscourse_ws/install/turtle_interfaces/include/turtle_interfaces/turtle_interfaces/srv/set_color.hpp
[23.074s] -- Up-to-date: /home/yahboom/Desktop/team_repo/Lab3/wallaa2/roscourse_ws/install/turtle_interfaces/include/turtle_interfaces/turtle_interfaces/msg
[23.074s] -- Up-to-date: /home/yahboom/Desktop/team_repo/Lab3/wallaa2/roscourse_ws/install/turtle_interfaces/include/turtle_interfaces/turtle_interfaces/msg/detail
[23.075s] -- Installing: /home/yahboom/Desktop/team_repo/Lab3/wallaa2/roscourse_ws/install/turtle_interfaces/include/turtle_interfaces/turtle_interfaces/msg/detail/turtle_msg__traits.hpp
[23.075s] -- Installing: /home/yahboom/Desktop/team_repo/Lab3/wallaa2/roscourse_ws/install/turtle_interfaces/include/turtle_interfaces/turtle_interfaces/msg/detail/turtle_msg__struct.hpp
[23.075s] -- Installing: /home/yahboom/Desktop/team_repo/Lab3/wallaa2/roscourse_ws/install/turtle_interfaces/include/turtle_interfaces/turtle_interfaces/msg/detail/turtle_msg__builder.hpp
[23.076s] -- Installing: /home/yahboom/Desktop/team_repo/Lab3/wallaa2/roscourse_ws/install/turtle_interfaces/include/turtle_interfaces/turtle_interfaces/msg/turtle_msg.hpp
[23.076s] -- Up-to-date: /home/yahboom/Desktop/team_repo/Lab3/wallaa2/roscourse_ws/install/turtle_interfaces/include/turtle_interfaces/turtle_interfaces
[23.077s] -- Up-to-date: /home/yahboom/Desktop/team_repo/Lab3/wallaa2/roscourse_ws/install/turtle_interfaces/include/turtle_interfaces/turtle_interfaces/srv
[23.077s] -- Up-to-date: /home/yahboom/Desktop/team_repo/Lab3/wallaa2/roscourse_ws/install/turtle_interfaces/include/turtle_interfaces/turtle_interfaces/srv/detail
[23.078s] -- Installing: /home/yahboom/Desktop/team_repo/Lab3/wallaa2/roscourse_ws/install/turtle_interfaces/include/turtle_interfaces/turtle_interfaces/srv/detail/set_color__rosidl_typesupport_fastrtps_cpp.hpp
[23.078s] -- Installing: /home/yahboom/Desktop/team_repo/Lab3/wallaa2/roscourse_ws/install/turtle_interfaces/include/turtle_interfaces/turtle_interfaces/srv/detail/set_pose__rosidl_typesupport_fastrtps_cpp.hpp
[23.079s] -- Installing: /home/yahboom/Desktop/team_repo/Lab3/wallaa2/roscourse_ws/install/turtle_interfaces/include/turtle_interfaces/turtle_interfaces/srv/detail/dds_fastrtps
[23.079s] -- Up-to-date: /home/yahboom/Desktop/team_repo/Lab3/wallaa2/roscourse_ws/install/turtle_interfaces/include/turtle_interfaces/turtle_interfaces/msg
[23.079s] -- Up-to-date: /home/yahboom/Desktop/team_repo/Lab3/wallaa2/roscourse_ws/install/turtle_interfaces/include/turtle_interfaces/turtle_interfaces/msg/detail
[23.080s] -- Installing: /home/yahboom/Desktop/team_repo/Lab3/wallaa2/roscourse_ws/install/turtle_interfaces/include/turtle_interfaces/turtle_interfaces/msg/detail/turtle_msg__rosidl_typesupport_fastrtps_cpp.hpp
[23.081s] -- Installing: /home/yahboom/Desktop/team_repo/Lab3/wallaa2/roscourse_ws/install/turtle_interfaces/include/turtle_interfaces/turtle_interfaces/msg/detail/dds_fastrtps
[23.081s] -- Installing: /home/yahboom/Desktop/team_repo/Lab3/wallaa2/roscourse_ws/install/turtle_interfaces/include/turtle_interfaces/turtle_interfaces/msg/rosidl_typesupport_fastrtps_cpp__visibility_control.h
[23.082s] -- Installing: /home/yahboom/Desktop/team_repo/Lab3/wallaa2/roscourse_ws/install/turtle_interfaces/lib/libturtle_interfaces__rosidl_typesupport_fastrtps_cpp.so
[23.082s] -- Set runtime path of "/home/yahboom/Desktop/team_repo/Lab3/wallaa2/roscourse_ws/install/turtle_interfaces/lib/libturtle_interfaces__rosidl_typesupport_fastrtps_cpp.so" to ""
[23.082s] -- Up-to-date: /home/yahboom/Desktop/team_repo/Lab3/wallaa2/roscourse_ws/install/turtle_interfaces/include/turtle_interfaces/turtle_interfaces
[23.082s] -- Up-to-date: /home/yahboom/Desktop/team_repo/Lab3/wallaa2/roscourse_ws/install/turtle_interfaces/include/turtle_interfaces/turtle_interfaces/srv
[23.083s] -- Up-to-date: /home/yahboom/Desktop/team_repo/Lab3/wallaa2/roscourse_ws/install/turtle_interfaces/include/turtle_interfaces/turtle_interfaces/srv/detail
[23.083s] -- Installing: /home/yahboom/Desktop/team_repo/Lab3/wallaa2/roscourse_ws/install/turtle_interfaces/include/turtle_interfaces/turtle_interfaces/srv/detail/set_color__type_support.c
[23.083s] -- Installing: /home/yahboom/Desktop/team_repo/Lab3/wallaa2/roscourse_ws/install/turtle_interfaces/include/turtle_interfaces/turtle_interfaces/srv/detail/set_pose__rosidl_typesupport_introspection_c.h
[23.083s] -- Installing: /home/yahboom/Desktop/team_repo/Lab3/wallaa2/roscourse_ws/install/turtle_interfaces/include/turtle_interfaces/turtle_interfaces/srv/detail/set_pose__type_support.c
[23.084s] -- Installing: /home/yahboom/Desktop/team_repo/Lab3/wallaa2/roscourse_ws/install/turtle_interfaces/include/turtle_interfaces/turtle_interfaces/srv/detail/set_color__rosidl_typesupport_introspection_c.h
[23.084s] -- Up-to-date: /home/yahboom/Desktop/team_repo/Lab3/wallaa2/roscourse_ws/install/turtle_interfaces/include/turtle_interfaces/turtle_interfaces/msg
[23.084s] -- Up-to-date: /home/yahboom/Desktop/team_repo/Lab3/wallaa2/roscourse_ws/install/turtle_interfaces/include/turtle_interfaces/turtle_interfaces/msg/detail
[23.084s] -- Installing: /home/yahboom/Desktop/team_repo/Lab3/wallaa2/roscourse_ws/install/turtle_interfaces/include/turtle_interfaces/turtle_interfaces/msg/detail/turtle_msg__rosidl_typesupport_introspection_c.h
[23.085s] -- Installing: /home/yahboom/Desktop/team_repo/Lab3/wallaa2/roscourse_ws/install/turtle_interfaces/include/turtle_interfaces/turtle_interfaces/msg/detail/turtle_msg__type_support.c
[23.085s] -- Installing: /home/yahboom/Desktop/team_repo/Lab3/wallaa2/roscourse_ws/install/turtle_interfaces/include/turtle_interfaces/turtle_interfaces/msg/rosidl_typesupport_introspection_c__visibility_control.h
[23.086s] -- Installing: /home/yahboom/Desktop/team_repo/Lab3/wallaa2/roscourse_ws/install/turtle_interfaces/lib/libturtle_interfaces__rosidl_typesupport_introspection_c.so
[23.087s] -- Set runtime path of "/home/yahboom/Desktop/team_repo/Lab3/wallaa2/roscourse_ws/install/turtle_interfaces/lib/libturtle_interfaces__rosidl_typesupport_introspection_c.so" to ""
[23.087s] -- Installing: /home/yahboom/Desktop/team_repo/Lab3/wallaa2/roscourse_ws/install/turtle_interfaces/lib/libturtle_interfaces__rosidl_typesupport_c.so
[23.088s] -- Set runtime path of "/home/yahboom/Desktop/team_repo/Lab3/wallaa2/roscourse_ws/install/turtle_interfaces/lib/libturtle_interfaces__rosidl_typesupport_c.so" to ""
[23.088s] -- Up-to-date: /home/yahboom/Desktop/team_repo/Lab3/wallaa2/roscourse_ws/install/turtle_interfaces/include/turtle_interfaces/turtle_interfaces
[23.088s] -- Up-to-date: /home/yahboom/Desktop/team_repo/Lab3/wallaa2/roscourse_ws/install/turtle_interfaces/include/turtle_interfaces/turtle_interfaces/srv
[23.089s] -- Up-to-date: /home/yahboom/Desktop/team_repo/Lab3/wallaa2/roscourse_ws/install/turtle_interfaces/include/turtle_interfaces/turtle_interfaces/srv/detail
[23.089s] -- Installing: /home/yahboom/Desktop/team_repo/Lab3/wallaa2/roscourse_ws/install/turtle_interfaces/include/turtle_interfaces/turtle_interfaces/srv/detail/set_color__type_support.cpp
[23.089s] -- Installing: /home/yahboom/Desktop/team_repo/Lab3/wallaa2/roscourse_ws/install/turtle_interfaces/include/turtle_interfaces/turtle_interfaces/srv/detail/set_pose__rosidl_typesupport_introspection_cpp.hpp
[23.090s] -- Installing: /home/yahboom/Desktop/team_repo/Lab3/wallaa2/roscourse_ws/install/turtle_interfaces/include/turtle_interfaces/turtle_interfaces/srv/detail/set_pose__type_support.cpp
[23.090s] -- Installing: /home/yahboom/Desktop/team_repo/Lab3/wallaa2/roscourse_ws/install/turtle_interfaces/include/turtle_interfaces/turtle_interfaces/srv/detail/set_color__rosidl_typesupport_introspection_cpp.hpp
[23.090s] -- Up-to-date: /home/yahboom/Desktop/team_repo/Lab3/wallaa2/roscourse_ws/install/turtle_interfaces/include/turtle_interfaces/turtle_interfaces/msg
[23.090s] -- Up-to-date: /home/yahboom/Desktop/team_repo/Lab3/wallaa2/roscourse_ws/install/turtle_interfaces/include/turtle_interfaces/turtle_interfaces/msg/detail
[23.090s] -- Installing: /home/yahboom/Desktop/team_repo/Lab3/wallaa2/roscourse_ws/install/turtle_interfaces/include/turtle_interfaces/turtle_interfaces/msg/detail/turtle_msg__type_support.cpp
[23.091s] -- Installing: /home/yahboom/Desktop/team_repo/Lab3/wallaa2/roscourse_ws/install/turtle_interfaces/include/turtle_interfaces/turtle_interfaces/msg/detail/turtle_msg__rosidl_typesupport_introspection_cpp.hpp
[23.091s] -- Installing: /home/yahboom/Desktop/team_repo/Lab3/wallaa2/roscourse_ws/install/turtle_interfaces/lib/libturtle_interfaces__rosidl_typesupport_introspection_cpp.so
[23.092s] -- Set runtime path of "/home/yahboom/Desktop/team_repo/Lab3/wallaa2/roscourse_ws/install/turtle_interfaces/lib/libturtle_interfaces__rosidl_typesupport_introspection_cpp.so" to ""
[23.092s] -- Installing: /home/yahboom/Desktop/team_repo/Lab3/wallaa2/roscourse_ws/install/turtle_interfaces/lib/libturtle_interfaces__rosidl_typesupport_cpp.so
[23.093s] -- Set runtime path of "/home/yahboom/Desktop/team_repo/Lab3/wallaa2/roscourse_ws/install/turtle_interfaces/lib/libturtle_interfaces__rosidl_typesupport_cpp.so" to ""
[23.093s] -- Installing: /home/yahboom/Desktop/team_repo/Lab3/wallaa2/roscourse_ws/install/turtle_interfaces/share/turtle_interfaces/environment/pythonpath.sh
[23.094s] -- Installing: /home/yahboom/Desktop/team_repo/Lab3/wallaa2/roscourse_ws/install/turtle_interfaces/share/turtle_interfaces/environment/pythonpath.dsv
[23.094s] -- Installing: /home/yahboom/Desktop/team_repo/Lab3/wallaa2/roscourse_ws/install/turtle_interfaces/local/lib/python3.10/dist-packages/turtle_interfaces-0.0.0-py3.10.egg-info
[23.095s] -- Installing: /home/yahboom/Desktop/team_repo/Lab3/wallaa2/roscourse_ws/install/turtle_interfaces/local/lib/python3.10/dist-packages/turtle_interfaces-0.0.0-py3.10.egg-info/top_level.txt
[23.095s] -- Installing: /home/yahboom/Desktop/team_repo/Lab3/wallaa2/roscourse_ws/install/turtle_interfaces/local/lib/python3.10/dist-packages/turtle_interfaces-0.0.0-py3.10.egg-info/PKG-INFO
[23.096s] -- Installing: /home/yahboom/Desktop/team_repo/Lab3/wallaa2/roscourse_ws/install/turtle_interfaces/local/lib/python3.10/dist-packages/turtle_interfaces-0.0.0-py3.10.egg-info/dependency_links.txt
[23.097s] -- Installing: /home/yahboom/Desktop/team_repo/Lab3/wallaa2/roscourse_ws/install/turtle_interfaces/local/lib/python3.10/dist-packages/turtle_interfaces-0.0.0-py3.10.egg-info/SOURCES.txt
[23.097s] -- Installing: /home/yahboom/Desktop/team_repo/Lab3/wallaa2/roscourse_ws/install/turtle_interfaces/local/lib/python3.10/dist-packages/turtle_interfaces
[23.097s] -- Installing: /home/yahboom/Desktop/team_repo/Lab3/wallaa2/roscourse_ws/install/turtle_interfaces/local/lib/python3.10/dist-packages/turtle_interfaces/libturtle_interfaces__rosidl_generator_py.so
[23.098s] -- Installing: /home/yahboom/Desktop/team_repo/Lab3/wallaa2/roscourse_ws/install/turtle_interfaces/local/lib/python3.10/dist-packages/turtle_interfaces/_turtle_interfaces_s.ep.rosidl_typesupport_c.c
[23.099s] -- Installing: /home/yahboom/Desktop/team_repo/Lab3/wallaa2/roscourse_ws/install/turtle_interfaces/local/lib/python3.10/dist-packages/turtle_interfaces/srv
[23.099s] -- Installing: /home/yahboom/Desktop/team_repo/Lab3/wallaa2/roscourse_ws/install/turtle_interfaces/local/lib/python3.10/dist-packages/turtle_interfaces/srv/_set_color.py
[23.100s] -- Installing: /home/yahboom/Desktop/team_repo/Lab3/wallaa2/roscourse_ws/install/turtle_interfaces/local/lib/python3.10/dist-packages/turtle_interfaces/srv/_set_pose_s.c
[23.100s] -- Installing: /home/yahboom/Desktop/team_repo/Lab3/wallaa2/roscourse_ws/install/turtle_interfaces/local/lib/python3.10/dist-packages/turtle_interfaces/srv/__init__.py
[23.101s] -- Installing: /home/yahboom/Desktop/team_repo/Lab3/wallaa2/roscourse_ws/install/turtle_interfaces/local/lib/python3.10/dist-packages/turtle_interfaces/srv/_set_color_s.c
[23.102s] -- Installing: /home/yahboom/Desktop/team_repo/Lab3/wallaa2/roscourse_ws/install/turtle_interfaces/local/lib/python3.10/dist-packages/turtle_interfaces/srv/_set_pose.py
[23.102s] -- Installing: /home/yahboom/Desktop/team_repo/Lab3/wallaa2/roscourse_ws/install/turtle_interfaces/local/lib/python3.10/dist-packages/turtle_interfaces/turtle_interfaces_s__rosidl_typesupport_introspection_c.cpython-310-x86_64-linux-gnu.so
[23.103s] -- Installing: /home/yahboom/Desktop/team_repo/Lab3/wallaa2/roscourse_ws/install/turtle_interfaces/local/lib/python3.10/dist-packages/turtle_interfaces/__init__.py
[23.103s] -- Installing: /home/yahboom/Desktop/team_repo/Lab3/wallaa2/roscourse_ws/install/turtle_interfaces/local/lib/python3.10/dist-packages/turtle_interfaces/turtle_interfaces_s__rosidl_typesupport_fastrtps_c.cpython-310-x86_64-linux-gnu.so
[23.104s] -- Installing: /home/yahboom/Desktop/team_repo/Lab3/wallaa2/roscourse_ws/install/turtle_interfaces/local/lib/python3.10/dist-packages/turtle_interfaces/_turtle_interfaces_s.ep.rosidl_typesupport_introspection_c.c
[23.106s] -- Installing: /home/yahboom/Desktop/team_repo/Lab3/wallaa2/roscourse_ws/install/turtle_interfaces/local/lib/python3.10/dist-packages/turtle_interfaces/msg
[23.106s] -- Installing: /home/yahboom/Desktop/team_repo/Lab3/wallaa2/roscourse_ws/install/turtle_interfaces/local/lib/python3.10/dist-packages/turtle_interfaces/msg/_turtle_msg.py
[23.106s] -- Installing: /home/yahboom/Desktop/team_repo/Lab3/wallaa2/roscourse_ws/install/turtle_interfaces/local/lib/python3.10/dist-packages/turtle_interfaces/msg/__init__.py
[23.107s] -- Installing: /home/yahboom/Desktop/team_repo/Lab3/wallaa2/roscourse_ws/install/turtle_interfaces/local/lib/python3.10/dist-packages/turtle_interfaces/msg/_turtle_msg_s.c
[23.107s] -- Installing: /home/yahboom/Desktop/team_repo/Lab3/wallaa2/roscourse_ws/install/turtle_interfaces/local/lib/python3.10/dist-packages/turtle_interfaces/turtle_interfaces_s__rosidl_typesupport_c.cpython-310-x86_64-linux-gnu.so
[23.107s] -- Installing: /home/yahboom/Desktop/team_repo/Lab3/wallaa2/roscourse_ws/install/turtle_interfaces/local/lib/python3.10/dist-packages/turtle_interfaces/_turtle_interfaces_s.ep.rosidl_typesupport_fastrtps_c.c
[23.247s] Listing '/home/yahboom/Desktop/team_repo/Lab3/wallaa2/roscourse_ws/install/turtle_interfaces/local/lib/python3.10/dist-packages/turtle_interfaces'...
[23.247s] Compiling '/home/yahboom/Desktop/team_repo/Lab3/wallaa2/roscourse_ws/install/turtle_interfaces/local/lib/python3.10/dist-packages/turtle_interfaces/__init__.py'...
[23.247s] Listing '/home/yahboom/Desktop/team_repo/Lab3/wallaa2/roscourse_ws/install/turtle_interfaces/local/lib/python3.10/dist-packages/turtle_interfaces/msg'...
[23.247s] Compiling '/home/yahboom/Desktop/team_repo/Lab3/wallaa2/roscourse_ws/install/turtle_interfaces/local/lib/python3.10/dist-packages/turtle_interfaces/msg/__init__.py'...
[23.248s] Compiling '/home/yahboom/Desktop/team_repo/Lab3/wallaa2/roscourse_ws/install/turtle_interfaces/local/lib/python3.10/dist-packages/turtle_interfaces/msg/_turtle_msg.py'...
[23.248s] Listing '/home/yahboom/Desktop/team_repo/Lab3/wallaa2/roscourse_ws/install/turtle_interfaces/local/lib/python3.10/dist-packages/turtle_interfaces/srv'...
[23.248s] Compiling '/home/yahboom/Desktop/team_repo/Lab3/wallaa2/roscourse_ws/install/turtle_interfaces/local/lib/python3.10/dist-packages/turtle_interfaces/srv/__init__.py'...
[23.248s] Compiling '/home/yahboom/Desktop/team_repo/Lab3/wallaa2/roscourse_ws/install/turtle_interfaces/local/lib/python3.10/dist-packages/turtle_interfaces/srv/_set_color.py'...
[23.248s] Compiling '/home/yahboom/Desktop/team_repo/Lab3/wallaa2/roscourse_ws/install/turtle_interfaces/local/lib/python3.10/dist-packages/turtle_interfaces/srv/_set_pose.py'...
[23.258s] -- Installing: /home/yahboom/Desktop/team_repo/Lab3/wallaa2/roscourse_ws/install/turtle_interfaces/local/lib/python3.10/dist-packages/turtle_interfaces/turtle_interfaces_s__rosidl_typesupport_fastrtps_c.cpython-310-x86_64-linux-gnu.so
[23.259s] -- Set runtime path of "/home/yahboom/Desktop/team_repo/Lab3/wallaa2/roscourse_ws/install/turtle_interfaces/local/lib/python3.10/dist-packages/turtle_interfaces/turtle_interfaces_s__rosidl_typesupport_fastrtps_c.cpython-310-x86_64-linux-gnu.so" to ""
[23.259s] -- Installing: /home/yahboom/Desktop/team_repo/Lab3/wallaa2/roscourse_ws/install/turtle_interfaces/local/lib/python3.10/dist-packages/turtle_interfaces/turtle_interfaces_s__rosidl_typesupport_introspection_c.cpython-310-x86_64-linux-gnu.so
[23.260s] -- Set runtime path of "/home/yahboom/Desktop/team_repo/Lab3/wallaa2/roscourse_ws/install/turtle_interfaces/local/lib/python3.10/dist-packages/turtle_interfaces/turtle_interfaces_s__rosidl_typesupport_introspection_c.cpython-310-x86_64-linux-gnu.so" to ""
[23.261s] -- Installing: /home/yahboom/Desktop/team_repo/Lab3/wallaa2/roscourse_ws/install/turtle_interfaces/local/lib/python3.10/dist-packages/turtle_interfaces/turtle_interfaces_s__rosidl_typesupport_c.cpython-310-x86_64-linux-gnu.so
[23.262s] -- Set runtime path of "/home/yahboom/Desktop/team_repo/Lab3/wallaa2/roscourse_ws/install/turtle_interfaces/local/lib/python3.10/dist-packages/turtle_interfaces/turtle_interfaces_s__rosidl_typesupport_c.cpython-310-x86_64-linux-gnu.so" to ""
[23.262s] -- Installing: /home/yahboom/Desktop/team_repo/Lab3/wallaa2/roscourse_ws/install/turtle_interfaces/lib/libturtle_interfaces__rosidl_generator_py.so
[23.263s] -- Set runtime path of "/home/yahboom/Desktop/team_repo/Lab3/wallaa2/roscourse_ws/install/turtle_interfaces/lib/libturtle_interfaces__rosidl_generator_py.so" to ""
[23.263s] -- Installing: /home/yahboom/Desktop/team_repo/Lab3/wallaa2/roscourse_ws/install/turtle_interfaces/share/turtle_interfaces/msg/TurtleMsg.idl
[23.264s] -- Installing: /home/yahboom/Desktop/team_repo/Lab3/wallaa2/roscourse_ws/install/turtle_interfaces/share/turtle_interfaces/srv/SetPose.idl
[23.264s] -- Installing: /home/yahboom/Desktop/team_repo/Lab3/wallaa2/roscourse_ws/install/turtle_interfaces/share/turtle_interfaces/srv/SetColor.idl
[23.265s] -- Installing: /home/yahboom/Desktop/team_repo/Lab3/wallaa2/roscourse_ws/install/turtle_interfaces/share/turtle_interfaces/msg/TurtleMsg.msg
[23.266s] -- Installing: /home/yahboom/Desktop/team_repo/Lab3/wallaa2/roscourse_ws/install/turtle_interfaces/share/turtle_interfaces/srv/SetPose.srv
[23.266s] -- Installing: /home/yahboom/Desktop/team_repo/Lab3/wallaa2/roscourse_ws/install/turtle_interfaces/share/turtle_interfaces/srv/SetPose_Request.msg
[23.267s] -- Installing: /home/yahboom/Desktop/team_repo/Lab3/wallaa2/roscourse_ws/install/turtle_interfaces/share/turtle_interfaces/srv/SetPose_Response.msg
[23.267s] -- Installing: /home/yahboom/Desktop/team_repo/Lab3/wallaa2/roscourse_ws/install/turtle_interfaces/share/turtle_interfaces/srv/SetColor.srv
[23.268s] -- Installing: /home/yahboom/Desktop/team_repo/Lab3/wallaa2/roscourse_ws/install/turtle_interfaces/share/turtle_interfaces/srv/SetColor_Request.msg
[23.268s] -- Installing: /home/yahboom/Desktop/team_repo/Lab3/wallaa2/roscourse_ws/install/turtle_interfaces/share/turtle_interfaces/srv/SetColor_Response.msg
[23.269s] -- Installing: /home/yahboom/Desktop/team_repo/Lab3/wallaa2/roscourse_ws/install/turtle_interfaces/share/ament_index/resource_index/package_run_dependencies/turtle_interfaces
[23.270s] -- Installing: /home/yahboom/Desktop/team_repo/Lab3/wallaa2/roscourse_ws/install/turtle_interfaces/share/ament_index/resource_index/parent_prefix_path/turtle_interfaces
[23.270s] -- Installing: /home/yahboom/Desktop/team_repo/Lab3/wallaa2/roscourse_ws/install/turtle_interfaces/share/turtle_interfaces/environment/ament_prefix_path.sh
[23.271s] -- Installing: /home/yahboom/Desktop/team_repo/Lab3/wallaa2/roscourse_ws/install/turtle_interfaces/share/turtle_interfaces/environment/ament_prefix_path.dsv
[23.271s] -- Installing: /home/yahboom/Desktop/team_repo/Lab3/wallaa2/roscourse_ws/install/turtle_interfaces/share/turtle_interfaces/environment/path.sh
[23.272s] -- Installing: /home/yahboom/Desktop/team_repo/Lab3/wallaa2/roscourse_ws/install/turtle_interfaces/share/turtle_interfaces/environment/path.dsv
[23.273s] -- Installing: /home/yahboom/Desktop/team_repo/Lab3/wallaa2/roscourse_ws/install/turtle_interfaces/share/turtle_interfaces/local_setup.bash
[23.274s] -- Installing: /home/yahboom/Desktop/team_repo/Lab3/wallaa2/roscourse_ws/install/turtle_interfaces/share/turtle_interfaces/local_setup.sh
[23.275s] -- Installing: /home/yahboom/Desktop/team_repo/Lab3/wallaa2/roscourse_ws/install/turtle_interfaces/share/turtle_interfaces/local_setup.zsh
[23.276s] -- Installing: /home/yahboom/Desktop/team_repo/Lab3/wallaa2/roscourse_ws/install/turtle_interfaces/share/turtle_interfaces/local_setup.dsv
[23.276s] -- Installing: /home/yahboom/Desktop/team_repo/Lab3/wallaa2/roscourse_ws/install/turtle_interfaces/share/turtle_interfaces/package.dsv
[23.277s] -- Installing: /home/yahboom/Desktop/team_repo/Lab3/wallaa2/roscourse_ws/install/turtle_interfaces/share/ament_index/resource_index/packages/turtle_interfaces
[23.278s] -- Installing: /home/yahboom/Desktop/team_repo/Lab3/wallaa2/roscourse_ws/install/turtle_interfaces/share/turtle_interfaces/cmake/export_turtle_interfaces__rosidl_generator_cExport.cmake
[23.278s] -- Installing: /home/yahboom/Desktop/team_repo/Lab3/wallaa2/roscourse_ws/install/turtle_interfaces/share/turtle_interfaces/cmake/export_turtle_interfaces__rosidl_generator_cExport-noconfig.cmake
[23.278s] -- Installing: /home/yahboom/Desktop/team_repo/Lab3/wallaa2/roscourse_ws/install/turtle_interfaces/share/turtle_interfaces/cmake/export_turtle_interfaces__rosidl_typesupport_fastrtps_cExport.cmake
[23.279s] -- Installing: /home/yahboom/Desktop/team_repo/Lab3/wallaa2/roscourse_ws/install/turtle_interfaces/share/turtle_interfaces/cmake/export_turtle_interfaces__rosidl_typesupport_fastrtps_cExport-noconfig.cmake
[23.279s] -- Installing: /home/yahboom/Desktop/team_repo/Lab3/wallaa2/roscourse_ws/install/turtle_interfaces/share/turtle_interfaces/cmake/export_turtle_interfaces__rosidl_generator_cppExport.cmake
[23.280s] -- Installing: /home/yahboom/Desktop/team_repo/Lab3/wallaa2/roscourse_ws/install/turtle_interfaces/share/turtle_interfaces/cmake/export_turtle_interfaces__rosidl_typesupport_fastrtps_cppExport.cmake
[23.280s] -- Installing: /home/yahboom/Desktop/team_repo/Lab3/wallaa2/roscourse_ws/install/turtle_interfaces/share/turtle_interfaces/cmake/export_turtle_interfaces__rosidl_typesupport_fastrtps_cppExport-noconfig.cmake
[23.281s] -- Installing: /home/yahboom/Desktop/team_repo/Lab3/wallaa2/roscourse_ws/install/turtle_interfaces/share/turtle_interfaces/cmake/turtle_interfaces__rosidl_typesupport_introspection_cExport.cmake
[23.281s] -- Installing: /home/yahboom/Desktop/team_repo/Lab3/wallaa2/roscourse_ws/install/turtle_interfaces/share/turtle_interfaces/cmake/turtle_interfaces__rosidl_typesupport_introspection_cExport-noconfig.cmake
[23.282s] -- Installing: /home/yahboom/Desktop/team_repo/Lab3/wallaa2/roscourse_ws/install/turtle_interfaces/share/turtle_interfaces/cmake/turtle_interfaces__rosidl_typesupport_cExport.cmake
[23.283s] -- Installing: /home/yahboom/Desktop/team_repo/Lab3/wallaa2/roscourse_ws/install/turtle_interfaces/share/turtle_interfaces/cmake/turtle_interfaces__rosidl_typesupport_cExport-noconfig.cmake
[23.283s] -- Installing: /home/yahboom/Desktop/team_repo/Lab3/wallaa2/roscourse_ws/install/turtle_interfaces/share/turtle_interfaces/cmake/turtle_interfaces__rosidl_typesupport_introspection_cppExport.cmake
[23.284s] -- Installing: /home/yahboom/Desktop/team_repo/Lab3/wallaa2/roscourse_ws/install/turtle_interfaces/share/turtle_interfaces/cmake/turtle_interfaces__rosidl_typesupport_introspection_cppExport-noconfig.cmake
[23.285s] -- Installing: /home/yahboom/Desktop/team_repo/Lab3/wallaa2/roscourse_ws/install/turtle_interfaces/share/turtle_interfaces/cmake/turtle_interfaces__rosidl_typesupport_cppExport.cmake
[23.285s] -- Installing: /home/yahboom/Desktop/team_repo/Lab3/wallaa2/roscourse_ws/install/turtle_interfaces/share/turtle_interfaces/cmake/turtle_interfaces__rosidl_typesupport_cppExport-noconfig.cmake
[23.286s] -- Installing: /home/yahboom/Desktop/team_repo/Lab3/wallaa2/roscourse_ws/install/turtle_interfaces/share/turtle_interfaces/cmake/export_turtle_interfaces__rosidl_generator_pyExport.cmake
[23.286s] -- Installing: /home/yahboom/Desktop/team_repo/Lab3/wallaa2/roscourse_ws/install/turtle_interfaces/share/turtle_interfaces/cmake/export_turtle_interfaces__rosidl_generator_pyExport-noconfig.cmake
[23.287s] -- Installing: /home/yahboom/Desktop/team_repo/Lab3/wallaa2/roscourse_ws/install/turtle_interfaces/share/turtle_interfaces/cmake/rosidl_cmake-extras.cmake
[23.287s] -- Installing: /home/yahboom/Desktop/team_repo/Lab3/wallaa2/roscourse_ws/install/turtle_interfaces/share/turtle_interfaces/cmake/ament_cmake_export_dependencies-extras.cmake
[23.288s] -- Installing: /home/yahboom/Desktop/team_repo/Lab3/wallaa2/roscourse_ws/install/turtle_interfaces/share/turtle_interfaces/cmake/ament_cmake_export_include_directories-extras.cmake
[23.288s] -- Installing: /home/yahboom/Desktop/team_repo/Lab3/wallaa2/roscourse_ws/install/turtle_interfaces/share/turtle_interfaces/cmake/ament_cmake_export_libraries-extras.cmake
[23.289s] -- Installing: /home/yahboom/Desktop/team_repo/Lab3/wallaa2/roscourse_ws/install/turtle_interfaces/share/turtle_interfaces/cmake/ament_cmake_export_targets-extras.cmake
[23.290s] -- Installing: /home/yahboom/Desktop/team_repo/Lab3/wallaa2/roscourse_ws/install/turtle_interfaces/share/turtle_interfaces/cmake/rosidl_cmake_export_typesupport_targets-extras.cmake
[23.290s] -- Installing: /home/yahboom/Desktop/team_repo/Lab3/wallaa2/roscourse_ws/install/turtle_interfaces/share/turtle_interfaces/cmake/rosidl_cmake_export_typesupport_libraries-extras.cmake
[23.291s] -- Installing: /home/yahboom/Desktop/team_repo/Lab3/wallaa2/roscourse_ws/install/turtle_interfaces/share/turtle_interfaces/cmake/turtle_interfacesConfig.cmake
[23.291s] -- Installing: /home/yahboom/Desktop/team_repo/Lab3/wallaa2/roscourse_ws/install/turtle_interfaces/share/turtle_interfaces/cmake/turtle_interfacesConfig-version.cmake
[23.291s] -- Installing: /home/yahboom/Desktop/team_repo/Lab3/wallaa2/roscourse_ws/install/turtle_interfaces/share/turtle_interfaces/package.xml
[23.299s] Invoked command in '/home/yahboom/Desktop/team_repo/Lab3/wallaa2/roscourse_ws/build/turtle_interfaces' returned '0': CMAKE_PREFIX_PATH=${CMAKE_PREFIX_PATH}:/home/yahboom/cartoros2/install/yahboomcar_nav:/home/yahboom/cartoros2/install/yahboomcar_ctrl:/home/yahboom/cartoros2/install/yahboom_visual:/home/yahboom/cartoros2/install/yahboom_dog_joint_state:/home/yahboom/cartoros2/install/yahboom_description:/home/yahboom/cartoros2/install/yahboom_color_identify_server:/home/yahboom/cartoros2/install/yahboom_bringup:/home/yahboom/cartoros2/install/yahboom_base:/home/yahboom/cartoros2/install/yahboom_app_save_map:/home/yahboom/cartoros2/install/update_map:/home/yahboom/cartoros2/install/rosboard:/home/yahboom/cartoros2/install/path_planner_server:/home/yahboom/cartoros2/install/nav2_simple_commander:/home/yahboom/cartoros2/install/nav2_gazebo_spawner:/home/yahboom/cartoros2/install/localization_server:/home/yahboom/cartoros2/install/laserscan_to_point_pulisher:/home/yahboom/yahboomcar_ws/install/yahboom_dog_example:/opt/ros/humble /usr/bin/cmake --install /home/yahboom/Desktop/team_repo/Lab3/wallaa2/roscourse_ws/build/turtle_interfaces
