running egg_info
writing ../../build/webcam/webcam.egg-info/PKG-INFO
writing dependency_links to ../../build/webcam/webcam.egg-info/dependency_links.txt
writing entry points to ../../build/webcam/webcam.egg-info/entry_points.txt
writing requirements to ../../build/webcam/webcam.egg-info/requires.txt
writing top-level names to ../../build/webcam/webcam.egg-info/top_level.txt
reading manifest file '../../build/webcam/webcam.egg-info/SOURCES.txt'
writing manifest file '../../build/webcam/webcam.egg-info/SOURCES.txt'
running build
running build_py
running install
running install_lib
running install_data
running install_egg_info
removing '/home/yahboom/S26_RobotProgramming_Eloquent_Elusor/Lab7/so/roscours_sim_ws/install/webcam/lib/python3.10/site-packages/webcam-0.0.0-py3.10.egg-info' (and everything under it)
Copying ../../build/webcam/webcam.egg-info to /home/yahboom/S26_RobotProgramming_Eloquent_Elusor/Lab7/so/roscours_sim_ws/install/webcam/lib/python3.10/site-packages/webcam-0.0.0-py3.10.egg-info
running install_scripts
Installing webcam_pub script to /home/yahboom/S26_RobotProgramming_Eloquent_Elusor/Lab7/so/roscours_sim_ws/install/webcam/lib/webcam
Installing webcam_sub script to /home/yahboom/S26_RobotProgramming_Eloquent_Elusor/Lab7/so/roscours_sim_ws/install/webcam/lib/webcam
writing list of installed files to '/home/yahboom/S26_RobotProgramming_Eloquent_Elusor/Lab7/so/roscours_sim_ws/build/webcam/install.log'
