running egg_info
writing ../../build/teleop_twist_keyboard/teleop_twist_keyboard.egg-info/PKG-INFO
writing dependency_links to ../../build/teleop_twist_keyboard/teleop_twist_keyboard.egg-info/dependency_links.txt
writing entry points to ../../build/teleop_twist_keyboard/teleop_twist_keyboard.egg-info/entry_points.txt
writing requirements to ../../build/teleop_twist_keyboard/teleop_twist_keyboard.egg-info/requires.txt
writing top-level names to ../../build/teleop_twist_keyboard/teleop_twist_keyboard.egg-info/top_level.txt
reading manifest file '../../build/teleop_twist_keyboard/teleop_twist_keyboard.egg-info/SOURCES.txt'
adding license file 'LICENSE'
writing manifest file '../../build/teleop_twist_keyboard/teleop_twist_keyboard.egg-info/SOURCES.txt'
running build
running build_py
copying teleop_twist_keyboard.py -> /home/yahboom/Desktop/team_repo/Lab4/wallaa2/roscourse_ws/build/teleop_twist_keyboard/build/lib
running install
running install_lib
copying /home/yahboom/Desktop/team_repo/Lab4/wallaa2/roscourse_ws/build/teleop_twist_keyboard/build/lib/teleop_twist_keyboard.py -> /home/yahboom/Desktop/team_repo/Lab4/wallaa2/roscourse_ws/install/teleop_twist_keyboard/lib/python3.10/site-packages
byte-compiling /home/yahboom/Desktop/team_repo/Lab4/wallaa2/roscourse_ws/install/teleop_twist_keyboard/lib/python3.10/site-packages/teleop_twist_keyboard.py to teleop_twist_keyboard.cpython-310.pyc
Sorry: IndentationError: unindent does not match any outer indentation level (teleop_twist_keyboard.py, line 158)
running install_data
running install_egg_info
removing '/home/yahboom/Desktop/team_repo/Lab4/wallaa2/roscourse_ws/install/teleop_twist_keyboard/lib/python3.10/site-packages/teleop_twist_keyboard-2.4.1-py3.10.egg-info' (and everything under it)
Copying ../../build/teleop_twist_keyboard/teleop_twist_keyboard.egg-info to /home/yahboom/Desktop/team_repo/Lab4/wallaa2/roscourse_ws/install/teleop_twist_keyboard/lib/python3.10/site-packages/teleop_twist_keyboard-2.4.1-py3.10.egg-info
running install_scripts
Installing teleop_twist_keyboard script to /home/yahboom/Desktop/team_repo/Lab4/wallaa2/roscourse_ws/install/teleop_twist_keyboard/lib/teleop_twist_keyboard
writing list of installed files to '/home/yahboom/Desktop/team_repo/Lab4/wallaa2/roscourse_ws/build/teleop_twist_keyboard/install.log'
