[3.283s] Invoking command in '/home/yahboom/Desktop/team_repo/Lab4/wallaa2/intro_ws/src/examples/rclpy/topics/minimal_publisher': PYTHONPATH=/home/yahboom/Desktop/team_repo/Lab4/wallaa2/intro_ws/build/examples_rclpy_minimal_publisher/prefix_override:/usr/lib/python3/dist-packages/colcon_core/task/python/colcon_distutils_commands:/home/yahboom/Desktop/team_repo/Lab4/wallaa2/intro_ws/install/examples_rclpy_minimal_publisher/lib/python3.10/site-packages:${PYTHONPATH} /usr/bin/python3 -W ignore:setup.py install is deprecated -W ignore:easy_install command is deprecated setup.py egg_info --egg-base ../../../../../build/examples_rclpy_minimal_publisher build --build-base /home/yahboom/Desktop/team_repo/Lab4/wallaa2/intro_ws/build/examples_rclpy_minimal_publisher/build install --record /home/yahboom/Desktop/team_repo/Lab4/wallaa2/intro_ws/build/examples_rclpy_minimal_publisher/install.log --single-version-externally-managed install_data
[4.240s] running egg_info
[4.242s] creating ../../../../../build/examples_rclpy_minimal_publisher/examples_rclpy_minimal_publisher.egg-info
[4.244s] writing ../../../../../build/examples_rclpy_minimal_publisher/examples_rclpy_minimal_publisher.egg-info/PKG-INFO
[4.244s] writing dependency_links to ../../../../../build/examples_rclpy_minimal_publisher/examples_rclpy_minimal_publisher.egg-info/dependency_links.txt
[4.244s] writing entry points to ../../../../../build/examples_rclpy_minimal_publisher/examples_rclpy_minimal_publisher.egg-info/entry_points.txt
[4.244s] writing requirements to ../../../../../build/examples_rclpy_minimal_publisher/examples_rclpy_minimal_publisher.egg-info/requires.txt
[4.246s] writing top-level names to ../../../../../build/examples_rclpy_minimal_publisher/examples_rclpy_minimal_publisher.egg-info/top_level.txt
[4.247s] writing manifest file '../../../../../build/examples_rclpy_minimal_publisher/examples_rclpy_minimal_publisher.egg-info/SOURCES.txt'
[4.250s] reading manifest file '../../../../../build/examples_rclpy_minimal_publisher/examples_rclpy_minimal_publisher.egg-info/SOURCES.txt'
[4.255s] writing manifest file '../../../../../build/examples_rclpy_minimal_publisher/examples_rclpy_minimal_publisher.egg-info/SOURCES.txt'
[4.255s] running build
[4.256s] running build_py
[4.256s] creating /home/yahboom/Desktop/team_repo/Lab4/wallaa2/intro_ws/build/examples_rclpy_minimal_publisher/build
[4.256s] creating /home/yahboom/Desktop/team_repo/Lab4/wallaa2/intro_ws/build/examples_rclpy_minimal_publisher/build/lib
[4.256s] creating /home/yahboom/Desktop/team_repo/Lab4/wallaa2/intro_ws/build/examples_rclpy_minimal_publisher/build/lib/examples_rclpy_minimal_publisher
[4.256s] copying examples_rclpy_minimal_publisher/publisher_member_function_with_wait_for_all_acked.py -> /home/yahboom/Desktop/team_repo/Lab4/wallaa2/intro_ws/build/examples_rclpy_minimal_publisher/build/lib/examples_rclpy_minimal_publisher
[4.256s] copying examples_rclpy_minimal_publisher/__init__.py -> /home/yahboom/Desktop/team_repo/Lab4/wallaa2/intro_ws/build/examples_rclpy_minimal_publisher/build/lib/examples_rclpy_minimal_publisher
[4.257s] copying examples_rclpy_minimal_publisher/publisher_local_function.py -> /home/yahboom/Desktop/team_repo/Lab4/wallaa2/intro_ws/build/examples_rclpy_minimal_publisher/build/lib/examples_rclpy_minimal_publisher
[4.257s] copying examples_rclpy_minimal_publisher/publisher_old_school.py -> /home/yahboom/Desktop/team_repo/Lab4/wallaa2/intro_ws/build/examples_rclpy_minimal_publisher/build/lib/examples_rclpy_minimal_publisher
[4.258s] copying examples_rclpy_minimal_publisher/publisher_member_function.py -> /home/yahboom/Desktop/team_repo/Lab4/wallaa2/intro_ws/build/examples_rclpy_minimal_publisher/build/lib/examples_rclpy_minimal_publisher
[4.259s] running install
[4.261s] running install_lib
[4.263s] creating /home/yahboom/Desktop/team_repo/Lab4/wallaa2/intro_ws/install/examples_rclpy_minimal_publisher/lib/python3.10/site-packages/examples_rclpy_minimal_publisher
[4.267s] copying /home/yahboom/Desktop/team_repo/Lab4/wallaa2/intro_ws/build/examples_rclpy_minimal_publisher/build/lib/examples_rclpy_minimal_publisher/publisher_member_function_with_wait_for_all_acked.py -> /home/yahboom/Desktop/team_repo/Lab4/wallaa2/intro_ws/install/examples_rclpy_minimal_publisher/lib/python3.10/site-packages/examples_rclpy_minimal_publisher
[4.268s] copying /home/yahboom/Desktop/team_repo/Lab4/wallaa2/intro_ws/build/examples_rclpy_minimal_publisher/build/lib/examples_rclpy_minimal_publisher/__init__.py -> /home/yahboom/Desktop/team_repo/Lab4/wallaa2/intro_ws/install/examples_rclpy_minimal_publisher/lib/python3.10/site-packages/examples_rclpy_minimal_publisher
[4.268s] copying /home/yahboom/Desktop/team_repo/Lab4/wallaa2/intro_ws/build/examples_rclpy_minimal_publisher/build/lib/examples_rclpy_minimal_publisher/publisher_local_function.py -> /home/yahboom/Desktop/team_repo/Lab4/wallaa2/intro_ws/install/examples_rclpy_minimal_publisher/lib/python3.10/site-packages/examples_rclpy_minimal_publisher
[4.268s] copying /home/yahboom/Desktop/team_repo/Lab4/wallaa2/intro_ws/build/examples_rclpy_minimal_publisher/build/lib/examples_rclpy_minimal_publisher/publisher_old_school.py -> /home/yahboom/Desktop/team_repo/Lab4/wallaa2/intro_ws/install/examples_rclpy_minimal_publisher/lib/python3.10/site-packages/examples_rclpy_minimal_publisher
[4.268s] copying /home/yahboom/Desktop/team_repo/Lab4/wallaa2/intro_ws/build/examples_rclpy_minimal_publisher/build/lib/examples_rclpy_minimal_publisher/publisher_member_function.py -> /home/yahboom/Desktop/team_repo/Lab4/wallaa2/intro_ws/install/examples_rclpy_minimal_publisher/lib/python3.10/site-packages/examples_rclpy_minimal_publisher
[4.268s] byte-compiling /home/yahboom/Desktop/team_repo/Lab4/wallaa2/intro_ws/install/examples_rclpy_minimal_publisher/lib/python3.10/site-packages/examples_rclpy_minimal_publisher/publisher_member_function_with_wait_for_all_acked.py to publisher_member_function_with_wait_for_all_acked.cpython-310.pyc
[4.270s] byte-compiling /home/yahboom/Desktop/team_repo/Lab4/wallaa2/intro_ws/install/examples_rclpy_minimal_publisher/lib/python3.10/site-packages/examples_rclpy_minimal_publisher/__init__.py to __init__.cpython-310.pyc
[4.271s] byte-compiling /home/yahboom/Desktop/team_repo/Lab4/wallaa2/intro_ws/install/examples_rclpy_minimal_publisher/lib/python3.10/site-packages/examples_rclpy_minimal_publisher/publisher_local_function.py to publisher_local_function.cpython-310.pyc
[4.275s] byte-compiling /home/yahboom/Desktop/team_repo/Lab4/wallaa2/intro_ws/install/examples_rclpy_minimal_publisher/lib/python3.10/site-packages/examples_rclpy_minimal_publisher/publisher_old_school.py to publisher_old_school.cpython-310.pyc
[4.276s] byte-compiling /home/yahboom/Desktop/team_repo/Lab4/wallaa2/intro_ws/install/examples_rclpy_minimal_publisher/lib/python3.10/site-packages/examples_rclpy_minimal_publisher/publisher_member_function.py to publisher_member_function.cpython-310.pyc
[4.276s] running install_data
[4.276s] creating /home/yahboom/Desktop/team_repo/Lab4/wallaa2/intro_ws/install/examples_rclpy_minimal_publisher/share/ament_index
[4.276s] creating /home/yahboom/Desktop/team_repo/Lab4/wallaa2/intro_ws/install/examples_rclpy_minimal_publisher/share/ament_index/resource_index
[4.276s] creating /home/yahboom/Desktop/team_repo/Lab4/wallaa2/intro_ws/install/examples_rclpy_minimal_publisher/share/ament_index/resource_index/packages
[4.277s] copying resource/examples_rclpy_minimal_publisher -> /home/yahboom/Desktop/team_repo/Lab4/wallaa2/intro_ws/install/examples_rclpy_minimal_publisher/share/ament_index/resource_index/packages
[4.279s] copying package.xml -> /home/yahboom/Desktop/team_repo/Lab4/wallaa2/intro_ws/install/examples_rclpy_minimal_publisher/share/examples_rclpy_minimal_publisher
[4.280s] running install_egg_info
[4.286s] Copying ../../../../../build/examples_rclpy_minimal_publisher/examples_rclpy_minimal_publisher.egg-info to /home/yahboom/Desktop/team_repo/Lab4/wallaa2/intro_ws/install/examples_rclpy_minimal_publisher/lib/python3.10/site-packages/examples_rclpy_minimal_publisher-0.15.5-py3.10.egg-info
[4.292s] running install_scripts
[4.348s] Installing publisher_local_function script to /home/yahboom/Desktop/team_repo/Lab4/wallaa2/intro_ws/install/examples_rclpy_minimal_publisher/lib/examples_rclpy_minimal_publisher
[4.349s] Installing publisher_member_function script to /home/yahboom/Desktop/team_repo/Lab4/wallaa2/intro_ws/install/examples_rclpy_minimal_publisher/lib/examples_rclpy_minimal_publisher
[4.351s] Installing publisher_member_function_with_wait_for_all_acked script to /home/yahboom/Desktop/team_repo/Lab4/wallaa2/intro_ws/install/examples_rclpy_minimal_publisher/lib/examples_rclpy_minimal_publisher
[4.352s] Installing publisher_old_school script to /home/yahboom/Desktop/team_repo/Lab4/wallaa2/intro_ws/install/examples_rclpy_minimal_publisher/lib/examples_rclpy_minimal_publisher
[4.354s] writing list of installed files to '/home/yahboom/Desktop/team_repo/Lab4/wallaa2/intro_ws/build/examples_rclpy_minimal_publisher/install.log'
[4.432s] Invoked command in '/home/yahboom/Desktop/team_repo/Lab4/wallaa2/intro_ws/src/examples/rclpy/topics/minimal_publisher' returned '0': PYTHONPATH=/home/yahboom/Desktop/team_repo/Lab4/wallaa2/intro_ws/build/examples_rclpy_minimal_publisher/prefix_override:/usr/lib/python3/dist-packages/colcon_core/task/python/colcon_distutils_commands:/home/yahboom/Desktop/team_repo/Lab4/wallaa2/intro_ws/install/examples_rclpy_minimal_publisher/lib/python3.10/site-packages:${PYTHONPATH} /usr/bin/python3 -W ignore:setup.py install is deprecated -W ignore:easy_install command is deprecated setup.py egg_info --egg-base ../../../../../build/examples_rclpy_minimal_publisher build --build-base /home/yahboom/Desktop/team_repo/Lab4/wallaa2/intro_ws/build/examples_rclpy_minimal_publisher/build install --record /home/yahboom/Desktop/team_repo/Lab4/wallaa2/intro_ws/build/examples_rclpy_minimal_publisher/install.log --single-version-externally-managed install_data
