[1.741s] Invoking command in '/home/yahboom/S26_RobotProgramming_Eloquent_Elusor/Lab7/so/roscours_sim_ws/src/webcam': PYTHONPATH=/home/yahboom/S26_RobotProgramming_Eloquent_Elusor/Lab7/so/roscours_sim_ws/build/webcam/prefix_override:/home/yahboom/S26_RobotProgramming_Eloquent_Elusor/Lab7/so/roscours_sim_ws/install/webcam/lib/python3.10/site-packages:${PYTHONPATH} /usr/bin/python3 -W ignore:setup.py install is deprecated setup.py egg_info --egg-base ../../build/webcam build --build-base /home/yahboom/S26_RobotProgramming_Eloquent_Elusor/Lab7/so/roscours_sim_ws/build/webcam/build install --record /home/yahboom/S26_RobotProgramming_Eloquent_Elusor/Lab7/so/roscours_sim_ws/build/webcam/install.log --single-version-externally-managed install_data
[2.222s] running egg_info
[2.226s] writing ../../build/webcam/webcam.egg-info/PKG-INFO
[2.226s] writing dependency_links to ../../build/webcam/webcam.egg-info/dependency_links.txt
[2.226s] writing entry points to ../../build/webcam/webcam.egg-info/entry_points.txt
[2.228s] writing requirements to ../../build/webcam/webcam.egg-info/requires.txt
[2.229s] writing top-level names to ../../build/webcam/webcam.egg-info/top_level.txt
[2.230s] reading manifest file '../../build/webcam/webcam.egg-info/SOURCES.txt'
[2.231s] writing manifest file '../../build/webcam/webcam.egg-info/SOURCES.txt'
[2.232s] running build
[2.233s] running build_py
[2.233s] running install
[2.234s] running install_lib
[2.237s] running install_data
[2.237s] running install_egg_info
[2.241s] removing '/home/yahboom/S26_RobotProgramming_Eloquent_Elusor/Lab7/so/roscours_sim_ws/install/webcam/lib/python3.10/site-packages/webcam-0.0.0-py3.10.egg-info' (and everything under it)
[2.241s] Copying ../../build/webcam/webcam.egg-info to /home/yahboom/S26_RobotProgramming_Eloquent_Elusor/Lab7/so/roscours_sim_ws/install/webcam/lib/python3.10/site-packages/webcam-0.0.0-py3.10.egg-info
[2.243s] running install_scripts
[2.294s] Installing webcam_pub script to /home/yahboom/S26_RobotProgramming_Eloquent_Elusor/Lab7/so/roscours_sim_ws/install/webcam/lib/webcam
[2.304s] Installing webcam_sub script to /home/yahboom/S26_RobotProgramming_Eloquent_Elusor/Lab7/so/roscours_sim_ws/install/webcam/lib/webcam
[2.305s] writing list of installed files to '/home/yahboom/S26_RobotProgramming_Eloquent_Elusor/Lab7/so/roscours_sim_ws/build/webcam/install.log'
[2.357s] Invoked command in '/home/yahboom/S26_RobotProgramming_Eloquent_Elusor/Lab7/so/roscours_sim_ws/src/webcam' returned '0': PYTHONPATH=/home/yahboom/S26_RobotProgramming_Eloquent_Elusor/Lab7/so/roscours_sim_ws/build/webcam/prefix_override:/home/yahboom/S26_RobotProgramming_Eloquent_Elusor/Lab7/so/roscours_sim_ws/install/webcam/lib/python3.10/site-packages:${PYTHONPATH} /usr/bin/python3 -W ignore:setup.py install is deprecated setup.py egg_info --egg-base ../../build/webcam build --build-base /home/yahboom/S26_RobotProgramming_Eloquent_Elusor/Lab7/so/roscours_sim_ws/build/webcam/build install --record /home/yahboom/S26_RobotProgramming_Eloquent_Elusor/Lab7/so/roscours_sim_ws/build/webcam/install.log --single-version-externally-managed install_data
