/home/yahboom/Desktop/team_repo/Lab4/wallaa2/intro_ws/install/examples_rclpy_minimal_client/lib/python3.10/site-packages/examples_rclpy_minimal_client/client_async_member_function.py
/home/yahboom/Desktop/team_repo/Lab4/wallaa2/intro_ws/install/examples_rclpy_minimal_client/lib/python3.10/site-packages/examples_rclpy_minimal_client/client.py
/home/yahboom/Desktop/team_repo/Lab4/wallaa2/intro_ws/install/examples_rclpy_minimal_client/lib/python3.10/site-packages/examples_rclpy_minimal_client/__init__.py
/home/yahboom/Desktop/team_repo/Lab4/wallaa2/intro_ws/install/examples_rclpy_minimal_client/lib/python3.10/site-packages/examples_rclpy_minimal_client/client_async.py
/home/yahboom/Desktop/team_repo/Lab4/wallaa2/intro_ws/install/examples_rclpy_minimal_client/lib/python3.10/site-packages/examples_rclpy_minimal_client/client_async_callback.py
/home/yahboom/Desktop/team_repo/Lab4/wallaa2/intro_ws/install/examples_rclpy_minimal_client/lib/python3.10/site-packages/examples_rclpy_minimal_client/__pycache__/client_async_member_function.cpython-310.pyc
/home/yahboom/Desktop/team_repo/Lab4/wallaa2/intro_ws/install/examples_rclpy_minimal_client/lib/python3.10/site-packages/examples_rclpy_minimal_client/__pycache__/client.cpython-310.pyc
/home/yahboom/Desktop/team_repo/Lab4/wallaa2/intro_ws/install/examples_rclpy_minimal_client/lib/python3.10/site-packages/examples_rclpy_minimal_client/__pycache__/__init__.cpython-310.pyc
/home/yahboom/Desktop/team_repo/Lab4/wallaa2/intro_ws/install/examples_rclpy_minimal_client/lib/python3.10/site-packages/examples_rclpy_minimal_client/__pycache__/client_async.cpython-310.pyc
/home/yahboom/Desktop/team_repo/Lab4/wallaa2/intro_ws/install/examples_rclpy_minimal_client/lib/python3.10/site-packages/examples_rclpy_minimal_client/__pycache__/client_async_callback.cpython-310.pyc
/home/yahboom/Desktop/team_repo/Lab4/wallaa2/intro_ws/install/examples_rclpy_minimal_client/share/ament_index/resource_index/packages/examples_rclpy_minimal_client
/home/yahboom/Desktop/team_repo/Lab4/wallaa2/intro_ws/install/examples_rclpy_minimal_client/share/examples_rclpy_minimal_client/package.xml
/home/yahboom/Desktop/team_repo/Lab4/wallaa2/intro_ws/install/examples_rclpy_minimal_client/lib/python3.10/site-packages/examples_rclpy_minimal_client-0.15.5-py3.10.egg-info/top_level.txt
/home/yahboom/Desktop/team_repo/Lab4/wallaa2/intro_ws/install/examples_rclpy_minimal_client/lib/python3.10/site-packages/examples_rclpy_minimal_client-0.15.5-py3.10.egg-info/PKG-INFO
/home/yahboom/Desktop/team_repo/Lab4/wallaa2/intro_ws/install/examples_rclpy_minimal_client/lib/python3.10/site-packages/examples_rclpy_minimal_client-0.15.5-py3.10.egg-info/zip-safe
/home/yahboom/Desktop/team_repo/Lab4/wallaa2/intro_ws/install/examples_rclpy_minimal_client/lib/python3.10/site-packages/examples_rclpy_minimal_client-0.15.5-py3.10.egg-info/dependency_links.txt
/home/yahboom/Desktop/team_repo/Lab4/wallaa2/intro_ws/install/examples_rclpy_minimal_client/lib/python3.10/site-packages/examples_rclpy_minimal_client-0.15.5-py3.10.egg-info/requires.txt
/home/yahboom/Desktop/team_repo/Lab4/wallaa2/intro_ws/install/examples_rclpy_minimal_client/lib/python3.10/site-packages/examples_rclpy_minimal_client-0.15.5-py3.10.egg-info/SOURCES.txt
/home/yahboom/Desktop/team_repo/Lab4/wallaa2/intro_ws/install/examples_rclpy_minimal_client/lib/python3.10/site-packages/examples_rclpy_minimal_client-0.15.5-py3.10.egg-info/entry_points.txt
/home/yahboom/Desktop/team_repo/Lab4/wallaa2/intro_ws/install/examples_rclpy_minimal_client/lib/examples_rclpy_minimal_client/client
/home/yahboom/Desktop/team_repo/Lab4/wallaa2/intro_ws/install/examples_rclpy_minimal_client/lib/examples_rclpy_minimal_client/client_async
/home/yahboom/Desktop/team_repo/Lab4/wallaa2/intro_ws/install/examples_rclpy_minimal_client/lib/examples_rclpy_minimal_client/client_async_callback
/home/yahboom/Desktop/team_repo/Lab4/wallaa2/intro_ws/install/examples_rclpy_minimal_client/lib/examples_rclpy_minimal_client/client_async_member_function
