[2.160s] Invoking command in '/home/yahboom/Desktop/team_repo/Lab4/wallaa2/roscourse_ws/src/teleop_twist_keyboard': PYTHONPATH=/home/yahboom/Desktop/team_repo/Lab4/wallaa2/roscourse_ws/build/teleop_twist_keyboard/prefix_override:/usr/lib/python3/dist-packages/colcon_core/task/python/colcon_distutils_commands:/home/yahboom/Desktop/team_repo/Lab4/wallaa2/roscourse_ws/install/teleop_twist_keyboard/lib/python3.10/site-packages:${PYTHONPATH} /usr/bin/python3 -W ignore:setup.py install is deprecated -W ignore:easy_install command is deprecated setup.py egg_info --egg-base ../../build/teleop_twist_keyboard build --build-base /home/yahboom/Desktop/team_repo/Lab4/wallaa2/roscourse_ws/build/teleop_twist_keyboard/build install --record /home/yahboom/Desktop/team_repo/Lab4/wallaa2/roscourse_ws/build/teleop_twist_keyboard/install.log --single-version-externally-managed install_data
[3.054s] running egg_info
[3.056s] writing ../../build/teleop_twist_keyboard/teleop_twist_keyboard.egg-info/PKG-INFO
[3.056s] writing dependency_links to ../../build/teleop_twist_keyboard/teleop_twist_keyboard.egg-info/dependency_links.txt
[3.057s] writing entry points to ../../build/teleop_twist_keyboard/teleop_twist_keyboard.egg-info/entry_points.txt
[3.058s] writing requirements to ../../build/teleop_twist_keyboard/teleop_twist_keyboard.egg-info/requires.txt
[3.059s] writing top-level names to ../../build/teleop_twist_keyboard/teleop_twist_keyboard.egg-info/top_level.txt
[3.065s] reading manifest file '../../build/teleop_twist_keyboard/teleop_twist_keyboard.egg-info/SOURCES.txt'
[3.066s] adding license file 'LICENSE'
[3.067s] writing manifest file '../../build/teleop_twist_keyboard/teleop_twist_keyboard.egg-info/SOURCES.txt'
[3.068s] running build
[3.068s] running build_py
[3.069s] copying teleop_twist_keyboard.py -> /home/yahboom/Desktop/team_repo/Lab4/wallaa2/roscourse_ws/build/teleop_twist_keyboard/build/lib
[3.069s] running install
[3.069s] running install_lib
[3.071s] copying /home/yahboom/Desktop/team_repo/Lab4/wallaa2/roscourse_ws/build/teleop_twist_keyboard/build/lib/teleop_twist_keyboard.py -> /home/yahboom/Desktop/team_repo/Lab4/wallaa2/roscourse_ws/install/teleop_twist_keyboard/lib/python3.10/site-packages
[3.074s] byte-compiling /home/yahboom/Desktop/team_repo/Lab4/wallaa2/roscourse_ws/install/teleop_twist_keyboard/lib/python3.10/site-packages/teleop_twist_keyboard.py to teleop_twist_keyboard.cpython-310.pyc
[3.078s] running install_data
[3.078s] running install_egg_info
[3.083s] removing '/home/yahboom/Desktop/team_repo/Lab4/wallaa2/roscourse_ws/install/teleop_twist_keyboard/lib/python3.10/site-packages/teleop_twist_keyboard-2.4.1-py3.10.egg-info' (and everything under it)
[3.084s] Copying ../../build/teleop_twist_keyboard/teleop_twist_keyboard.egg-info to /home/yahboom/Desktop/team_repo/Lab4/wallaa2/roscourse_ws/install/teleop_twist_keyboard/lib/python3.10/site-packages/teleop_twist_keyboard-2.4.1-py3.10.egg-info
[3.086s] running install_scripts
[3.144s] Installing teleop_twist_keyboard script to /home/yahboom/Desktop/team_repo/Lab4/wallaa2/roscourse_ws/install/teleop_twist_keyboard/lib/teleop_twist_keyboard
[3.145s] writing list of installed files to '/home/yahboom/Desktop/team_repo/Lab4/wallaa2/roscourse_ws/build/teleop_twist_keyboard/install.log'
[3.201s] Invoked command in '/home/yahboom/Desktop/team_repo/Lab4/wallaa2/roscourse_ws/src/teleop_twist_keyboard' returned '0': PYTHONPATH=/home/yahboom/Desktop/team_repo/Lab4/wallaa2/roscourse_ws/build/teleop_twist_keyboard/prefix_override:/usr/lib/python3/dist-packages/colcon_core/task/python/colcon_distutils_commands:/home/yahboom/Desktop/team_repo/Lab4/wallaa2/roscourse_ws/install/teleop_twist_keyboard/lib/python3.10/site-packages:${PYTHONPATH} /usr/bin/python3 -W ignore:setup.py install is deprecated -W ignore:easy_install command is deprecated setup.py egg_info --egg-base ../../build/teleop_twist_keyboard build --build-base /home/yahboom/Desktop/team_repo/Lab4/wallaa2/roscourse_ws/build/teleop_twist_keyboard/build install --record /home/yahboom/Desktop/team_repo/Lab4/wallaa2/roscourse_ws/build/teleop_twist_keyboard/install.log --single-version-externally-managed install_data
