[0.090s] Invoking command in '/home/yahboom/Desktop/team_repo/Lab7/wallaa2/prelab/intro_ws/build/examples_rclcpp_minimal_service': CMAKE_PREFIX_PATH=${CMAKE_PREFIX_PATH}:/home/yahboom/cartoros2/install/yahboomcar_nav:/home/yahboom/cartoros2/install/yahboomcar_ctrl:/home/yahboom/cartoros2/install/yahboom_visual:/home/yahboom/cartoros2/install/yahboom_dog_joint_state:/home/yahboom/cartoros2/install/yahboom_description:/home/yahboom/cartoros2/install/yahboom_color_identify_server:/home/yahboom/cartoros2/install/yahboom_bringup:/home/yahboom/cartoros2/install/yahboom_base:/home/yahboom/cartoros2/install/yahboom_app_save_map:/home/yahboom/cartoros2/install/update_map:/home/yahboom/cartoros2/install/rosboard:/home/yahboom/cartoros2/install/path_planner_server:/home/yahboom/cartoros2/install/nav2_simple_commander:/home/yahboom/cartoros2/install/nav2_gazebo_spawner:/home/yahboom/cartoros2/install/localization_server:/home/yahboom/cartoros2/install/laserscan_to_point_pulisher:/home/yahboom/yahboomcar_ws/install/yahboom_dog_example:/opt/ros/humble /usr/bin/cmake /home/yahboom/Desktop/team_repo/Lab7/wallaa2/prelab/intro_ws/src/examples/rclcpp/services/minimal_service -DCMAKE_INSTALL_PREFIX=/home/yahboom/Desktop/team_repo/Lab7/wallaa2/prelab/intro_ws/install/examples_rclcpp_minimal_service
[0.344s] -- The C compiler identification is GNU 11.4.0
[0.546s] -- The CXX compiler identification is GNU 11.4.0
[0.572s] -- Detecting C compiler ABI info
[0.957s] -- Detecting C compiler ABI info - done
[0.980s] -- Check for working C compiler: /usr/bin/cc - skipped
[0.981s] -- Detecting C compile features
[0.982s] -- Detecting C compile features - done
[0.995s] -- Detecting CXX compiler ABI info
[1.380s] -- Detecting CXX compiler ABI info - done
[1.401s] -- Check for working CXX compiler: /usr/bin/c++ - skipped
[1.401s] -- Detecting CXX compile features
[1.401s] -- Detecting CXX compile features - done
[1.453s] -- Found ament_cmake: 1.3.14 (/opt/ros/humble/share/ament_cmake/cmake)
[2.196s] -- Found Python3: /usr/bin/python3 (found version "3.10.12") found components: Interpreter 
[3.072s] -- Found example_interfaces: 0.9.3 (/opt/ros/humble/share/example_interfaces/cmake)
[3.602s] -- Found rosidl_generator_c: 3.1.8 (/opt/ros/humble/share/rosidl_generator_c/cmake)
[3.699s] -- Found rosidl_adapter: 3.1.8 (/opt/ros/humble/share/rosidl_adapter/cmake)
[3.804s] -- Found rosidl_generator_cpp: 3.1.8 (/opt/ros/humble/share/rosidl_generator_cpp/cmake)
[3.934s] -- Using all available rosidl_typesupport_c: rosidl_typesupport_fastrtps_c;rosidl_typesupport_introspection_c
[4.120s] -- Using all available rosidl_typesupport_cpp: rosidl_typesupport_fastrtps_cpp;rosidl_typesupport_introspection_cpp
[4.426s] -- Found rclcpp: 16.0.19 (/opt/ros/humble/share/rclcpp/cmake)
[4.921s] -- Found rmw_implementation_cmake: 6.1.2 (/opt/ros/humble/share/rmw_implementation_cmake/cmake)
[4.973s] -- Found rmw_fastrtps_cpp: 6.2.10 (/opt/ros/humble/share/rmw_fastrtps_cpp/cmake)
[5.722s] -- Found OpenSSL: /usr/lib/x86_64-linux-gnu/libcrypto.so (found version "3.0.2")  
[5.873s] -- Found FastRTPS: /opt/ros/humble/include  
[6.123s] -- Using RMW implementation 'rmw_fastrtps_cpp' as default
[6.263s] -- Looking for pthread.h
[6.662s] -- Looking for pthread.h - found
[6.665s] -- Performing Test CMAKE_HAVE_LIBC_PTHREAD
[7.058s] -- Performing Test CMAKE_HAVE_LIBC_PTHREAD - Success
[7.061s] -- Found Threads: TRUE  
[7.429s] -- Found ament_lint_auto: 0.12.15 (/opt/ros/humble/share/ament_lint_auto/cmake)
[8.069s] -- Added test 'copyright' to check source files copyright and LICENSE
[8.077s] -- Added test 'cppcheck' to perform static code analysis on C / C++ code
[8.078s] -- Configured cppcheck include dirs: 
[8.079s] -- Configured cppcheck exclude dirs and/or files: 
[8.085s] -- Added test 'cpplint' to check C / C++ code against the Google style
[8.086s] -- Configured cpplint exclude dirs and/or files: 
[8.094s] -- Added test 'lint_cmake' to check CMake code style
[8.106s] -- Added test 'uncrustify' to check C / C++ code style
[8.107s] -- Configured uncrustify additional arguments: 
[8.111s] -- Added test 'xmllint' to check XML markup files
[8.126s] -- Configuring done
[8.160s] -- Generating done
[8.171s] -- Build files have been written to: /home/yahboom/Desktop/team_repo/Lab7/wallaa2/prelab/intro_ws/build/examples_rclcpp_minimal_service
[8.208s] Invoked command in '/home/yahboom/Desktop/team_repo/Lab7/wallaa2/prelab/intro_ws/build/examples_rclcpp_minimal_service' returned '0': CMAKE_PREFIX_PATH=${CMAKE_PREFIX_PATH}:/home/yahboom/cartoros2/install/yahboomcar_nav:/home/yahboom/cartoros2/install/yahboomcar_ctrl:/home/yahboom/cartoros2/install/yahboom_visual:/home/yahboom/cartoros2/install/yahboom_dog_joint_state:/home/yahboom/cartoros2/install/yahboom_description:/home/yahboom/cartoros2/install/yahboom_color_identify_server:/home/yahboom/cartoros2/install/yahboom_bringup:/home/yahboom/cartoros2/install/yahboom_base:/home/yahboom/cartoros2/install/yahboom_app_save_map:/home/yahboom/cartoros2/install/update_map:/home/yahboom/cartoros2/install/rosboard:/home/yahboom/cartoros2/install/path_planner_server:/home/yahboom/cartoros2/install/nav2_simple_commander:/home/yahboom/cartoros2/install/nav2_gazebo_spawner:/home/yahboom/cartoros2/install/localization_server:/home/yahboom/cartoros2/install/laserscan_to_point_pulisher:/home/yahboom/yahboomcar_ws/install/yahboom_dog_example:/opt/ros/humble /usr/bin/cmake /home/yahboom/Desktop/team_repo/Lab7/wallaa2/prelab/intro_ws/src/examples/rclcpp/services/minimal_service -DCMAKE_INSTALL_PREFIX=/home/yahboom/Desktop/team_repo/Lab7/wallaa2/prelab/intro_ws/install/examples_rclcpp_minimal_service
[8.212s] Invoking command in '/home/yahboom/Desktop/team_repo/Lab7/wallaa2/prelab/intro_ws/build/examples_rclcpp_minimal_service': CMAKE_PREFIX_PATH=${CMAKE_PREFIX_PATH}:/home/yahboom/cartoros2/install/yahboomcar_nav:/home/yahboom/cartoros2/install/yahboomcar_ctrl:/home/yahboom/cartoros2/install/yahboom_visual:/home/yahboom/cartoros2/install/yahboom_dog_joint_state:/home/yahboom/cartoros2/install/yahboom_description:/home/yahboom/cartoros2/install/yahboom_color_identify_server:/home/yahboom/cartoros2/install/yahboom_bringup:/home/yahboom/cartoros2/install/yahboom_base:/home/yahboom/cartoros2/install/yahboom_app_save_map:/home/yahboom/cartoros2/install/update_map:/home/yahboom/cartoros2/install/rosboard:/home/yahboom/cartoros2/install/path_planner_server:/home/yahboom/cartoros2/install/nav2_simple_commander:/home/yahboom/cartoros2/install/nav2_gazebo_spawner:/home/yahboom/cartoros2/install/localization_server:/home/yahboom/cartoros2/install/laserscan_to_point_pulisher:/home/yahboom/yahboomcar_ws/install/yahboom_dog_example:/opt/ros/humble /usr/bin/cmake --build /home/yahboom/Desktop/team_repo/Lab7/wallaa2/prelab/intro_ws/build/examples_rclcpp_minimal_service -- -j4 -l4
[8.543s] [ 50%] [32mBuilding CXX object CMakeFiles/service_main.dir/main.cpp.o[0m
[18.453s] [100%] [32m[1mLinking CXX executable service_main[0m
[18.993s] [100%] Built target service_main
[19.058s] Invoked command in '/home/yahboom/Desktop/team_repo/Lab7/wallaa2/prelab/intro_ws/build/examples_rclcpp_minimal_service' returned '0': CMAKE_PREFIX_PATH=${CMAKE_PREFIX_PATH}:/home/yahboom/cartoros2/install/yahboomcar_nav:/home/yahboom/cartoros2/install/yahboomcar_ctrl:/home/yahboom/cartoros2/install/yahboom_visual:/home/yahboom/cartoros2/install/yahboom_dog_joint_state:/home/yahboom/cartoros2/install/yahboom_description:/home/yahboom/cartoros2/install/yahboom_color_identify_server:/home/yahboom/cartoros2/install/yahboom_bringup:/home/yahboom/cartoros2/install/yahboom_base:/home/yahboom/cartoros2/install/yahboom_app_save_map:/home/yahboom/cartoros2/install/update_map:/home/yahboom/cartoros2/install/rosboard:/home/yahboom/cartoros2/install/path_planner_server:/home/yahboom/cartoros2/install/nav2_simple_commander:/home/yahboom/cartoros2/install/nav2_gazebo_spawner:/home/yahboom/cartoros2/install/localization_server:/home/yahboom/cartoros2/install/laserscan_to_point_pulisher:/home/yahboom/yahboomcar_ws/install/yahboom_dog_example:/opt/ros/humble /usr/bin/cmake --build /home/yahboom/Desktop/team_repo/Lab7/wallaa2/prelab/intro_ws/build/examples_rclcpp_minimal_service -- -j4 -l4
[19.064s] Invoking command in '/home/yahboom/Desktop/team_repo/Lab7/wallaa2/prelab/intro_ws/build/examples_rclcpp_minimal_service': CMAKE_PREFIX_PATH=${CMAKE_PREFIX_PATH}:/home/yahboom/cartoros2/install/yahboomcar_nav:/home/yahboom/cartoros2/install/yahboomcar_ctrl:/home/yahboom/cartoros2/install/yahboom_visual:/home/yahboom/cartoros2/install/yahboom_dog_joint_state:/home/yahboom/cartoros2/install/yahboom_description:/home/yahboom/cartoros2/install/yahboom_color_identify_server:/home/yahboom/cartoros2/install/yahboom_bringup:/home/yahboom/cartoros2/install/yahboom_base:/home/yahboom/cartoros2/install/yahboom_app_save_map:/home/yahboom/cartoros2/install/update_map:/home/yahboom/cartoros2/install/rosboard:/home/yahboom/cartoros2/install/path_planner_server:/home/yahboom/cartoros2/install/nav2_simple_commander:/home/yahboom/cartoros2/install/nav2_gazebo_spawner:/home/yahboom/cartoros2/install/localization_server:/home/yahboom/cartoros2/install/laserscan_to_point_pulisher:/home/yahboom/yahboomcar_ws/install/yahboom_dog_example:/opt/ros/humble /usr/bin/cmake --install /home/yahboom/Desktop/team_repo/Lab7/wallaa2/prelab/intro_ws/build/examples_rclcpp_minimal_service
[19.126s] -- Install configuration: ""
[19.129s] -- Installing: /home/yahboom/Desktop/team_repo/Lab7/wallaa2/prelab/intro_ws/install/examples_rclcpp_minimal_service/lib/examples_rclcpp_minimal_service/service_main
[19.129s] -- Set runtime path of "/home/yahboom/Desktop/team_repo/Lab7/wallaa2/prelab/intro_ws/install/examples_rclcpp_minimal_service/lib/examples_rclcpp_minimal_service/service_main" to ""
[19.131s] -- Installing: /home/yahboom/Desktop/team_repo/Lab7/wallaa2/prelab/intro_ws/install/examples_rclcpp_minimal_service/share/ament_index/resource_index/package_run_dependencies/examples_rclcpp_minimal_service
[19.132s] -- Installing: /home/yahboom/Desktop/team_repo/Lab7/wallaa2/prelab/intro_ws/install/examples_rclcpp_minimal_service/share/ament_index/resource_index/parent_prefix_path/examples_rclcpp_minimal_service
[19.133s] -- Installing: /home/yahboom/Desktop/team_repo/Lab7/wallaa2/prelab/intro_ws/install/examples_rclcpp_minimal_service/share/examples_rclcpp_minimal_service/environment/ament_prefix_path.sh
[19.134s] -- Installing: /home/yahboom/Desktop/team_repo/Lab7/wallaa2/prelab/intro_ws/install/examples_rclcpp_minimal_service/share/examples_rclcpp_minimal_service/environment/ament_prefix_path.dsv
[19.135s] -- Installing: /home/yahboom/Desktop/team_repo/Lab7/wallaa2/prelab/intro_ws/install/examples_rclcpp_minimal_service/share/examples_rclcpp_minimal_service/environment/path.sh
[19.136s] -- Installing: /home/yahboom/Desktop/team_repo/Lab7/wallaa2/prelab/intro_ws/install/examples_rclcpp_minimal_service/share/examples_rclcpp_minimal_service/environment/path.dsv
[19.137s] -- Installing: /home/yahboom/Desktop/team_repo/Lab7/wallaa2/prelab/intro_ws/install/examples_rclcpp_minimal_service/share/examples_rclcpp_minimal_service/local_setup.bash
[19.138s] -- Installing: /home/yahboom/Desktop/team_repo/Lab7/wallaa2/prelab/intro_ws/install/examples_rclcpp_minimal_service/share/examples_rclcpp_minimal_service/local_setup.sh
[19.139s] -- Installing: /home/yahboom/Desktop/team_repo/Lab7/wallaa2/prelab/intro_ws/install/examples_rclcpp_minimal_service/share/examples_rclcpp_minimal_service/local_setup.zsh
[19.140s] -- Installing: /home/yahboom/Desktop/team_repo/Lab7/wallaa2/prelab/intro_ws/install/examples_rclcpp_minimal_service/share/examples_rclcpp_minimal_service/local_setup.dsv
[19.141s] -- Installing: /home/yahboom/Desktop/team_repo/Lab7/wallaa2/prelab/intro_ws/install/examples_rclcpp_minimal_service/share/examples_rclcpp_minimal_service/package.dsv
[19.143s] -- Installing: /home/yahboom/Desktop/team_repo/Lab7/wallaa2/prelab/intro_ws/install/examples_rclcpp_minimal_service/share/ament_index/resource_index/packages/examples_rclcpp_minimal_service
[19.144s] -- Installing: /home/yahboom/Desktop/team_repo/Lab7/wallaa2/prelab/intro_ws/install/examples_rclcpp_minimal_service/share/examples_rclcpp_minimal_service/cmake/examples_rclcpp_minimal_serviceConfig.cmake
[19.145s] -- Installing: /home/yahboom/Desktop/team_repo/Lab7/wallaa2/prelab/intro_ws/install/examples_rclcpp_minimal_service/share/examples_rclcpp_minimal_service/cmake/examples_rclcpp_minimal_serviceConfig-version.cmake
[19.146s] -- Installing: /home/yahboom/Desktop/team_repo/Lab7/wallaa2/prelab/intro_ws/install/examples_rclcpp_minimal_service/share/examples_rclcpp_minimal_service/package.xml
[19.154s] Invoked command in '/home/yahboom/Desktop/team_repo/Lab7/wallaa2/prelab/intro_ws/build/examples_rclcpp_minimal_service' returned '0': CMAKE_PREFIX_PATH=${CMAKE_PREFIX_PATH}:/home/yahboom/cartoros2/install/yahboomcar_nav:/home/yahboom/cartoros2/install/yahboomcar_ctrl:/home/yahboom/cartoros2/install/yahboom_visual:/home/yahboom/cartoros2/install/yahboom_dog_joint_state:/home/yahboom/cartoros2/install/yahboom_description:/home/yahboom/cartoros2/install/yahboom_color_identify_server:/home/yahboom/cartoros2/install/yahboom_bringup:/home/yahboom/cartoros2/install/yahboom_base:/home/yahboom/cartoros2/install/yahboom_app_save_map:/home/yahboom/cartoros2/install/update_map:/home/yahboom/cartoros2/install/rosboard:/home/yahboom/cartoros2/install/path_planner_server:/home/yahboom/cartoros2/install/nav2_simple_commander:/home/yahboom/cartoros2/install/nav2_gazebo_spawner:/home/yahboom/cartoros2/install/localization_server:/home/yahboom/cartoros2/install/laserscan_to_point_pulisher:/home/yahboom/yahboomcar_ws/install/yahboom_dog_example:/opt/ros/humble /usr/bin/cmake --install /home/yahboom/Desktop/team_repo/Lab7/wallaa2/prelab/intro_ws/build/examples_rclcpp_minimal_service
