-- The C compiler identification is GNU 11.4.0
-- The CXX compiler identification is GNU 11.4.0
-- Detecting C compiler ABI info
-- Detecting C compiler ABI info - done
-- Check for working C compiler: /usr/bin/cc - skipped
-- Detecting C compile features
-- Detecting C compile features - done
-- Detecting CXX compiler ABI info
-- Detecting CXX compiler ABI info - done
-- Check for working CXX compiler: /usr/bin/c++ - skipped
-- Detecting CXX compile features
-- Detecting CXX compile features - done
-- Found ament_cmake: 1.3.13 (/opt/ros/humble/share/ament_cmake/cmake)
-- Found Python3: /usr/bin/python3 (found version "3.10.12") found components: Interpreter 
-- Found geometry_msgs: 4.9.1 (/opt/ros/humble/share/geometry_msgs/cmake)
-- Found rosidl_generator_c: 3.1.8 (/opt/ros/humble/share/rosidl_generator_c/cmake)
-- Found rosidl_adapter: 3.1.8 (/opt/ros/humble/share/rosidl_adapter/cmake)
-- Found rosidl_generator_cpp: 3.1.8 (/opt/ros/humble/share/rosidl_generator_cpp/cmake)
-- Using all available rosidl_typesupport_c: rosidl_typesupport_fastrtps_c;rosidl_typesupport_introspection_c
-- Using all available rosidl_typesupport_cpp: rosidl_typesupport_fastrtps_cpp;rosidl_typesupport_introspection_cpp
-- Found rosidl_default_generators: 1.2.0 (/opt/ros/humble/share/rosidl_default_generators/cmake)
-- Found ament_lint_auto: 0.12.15 (/opt/ros/humble/share/ament_lint_auto/cmake)
-- Found ament_cmake_ros: 0.10.0 (/opt/ros/humble/share/ament_cmake_ros/cmake)
-- Using all available rosidl_typesupport_c: rosidl_typesupport_fastrtps_c;rosidl_typesupport_introspection_c
-- Using all available rosidl_typesupport_cpp: rosidl_typesupport_fastrtps_cpp;rosidl_typesupport_introspection_cpp
-- Found PythonInterp: /usr/bin/python3 (found suitable version "3.10.12", minimum required is "3.6") 
-- Found python_cmake_module: 0.10.0 (/opt/ros/humble/share/python_cmake_module/cmake)
-- Found PythonLibs: /usr/lib/x86_64-linux-gnu/libpython3.10.so (found suitable version "3.10.12", minimum required is "3.5") 
-- Using PYTHON_EXECUTABLE: /usr/bin/python3
-- Using PYTHON_INCLUDE_DIRS: /usr/include/python3.10
-- Using PYTHON_LIBRARIES: /usr/lib/x86_64-linux-gnu/libpython3.10.so
-- Found PythonExtra: .so  
-- Added test 'lint_cmake' to check CMake code style
-- Added test 'xmllint' to check XML markup files
-- Configuring done
-- Generating done
-- Build files have been written to: /home/yahboom/Desktop/team_repo/Lab4/wallaa2/intro_ws/build/intro_interfaces
[  2%] [34m[1mGenerating C code for ROS interfaces[0m
[  4%] [34m[1mGenerating C++ code for ROS interfaces[0m
[  4%] Built target ament_cmake_python_copy_intro_interfaces
running egg_info
creating intro_interfaces.egg-info
writing intro_interfaces.egg-info/PKG-INFO
writing dependency_links to intro_interfaces.egg-info/dependency_links.txt
writing top-level names to intro_interfaces.egg-info/top_level.txt
writing manifest file 'intro_interfaces.egg-info/SOURCES.txt'
reading manifest file 'intro_interfaces.egg-info/SOURCES.txt'
writing manifest file 'intro_interfaces.egg-info/SOURCES.txt'
[  4%] Built target ament_cmake_python_build_intro_interfaces_egg
[  4%] Built target intro_interfaces__cpp
[  6%] [34m[1mGenerating C++ introspection for ROS interfaces[0m
[  8%] [34m[1mGenerating C++ type support for eProsima Fast-RTPS[0m
[ 10%] [34m[1mGenerating C++ type support dispatch for ROS interfaces[0m
[ 12%] [32mBuilding C object CMakeFiles/intro_interfaces__rosidl_generator_c.dir/rosidl_generator_c/intro_interfaces/msg/detail/num__functions.c.o[0m
[ 14%] [32mBuilding C object CMakeFiles/intro_interfaces__rosidl_generator_c.dir/rosidl_generator_c/intro_interfaces/msg/detail/sphere__functions.c.o[0m
[ 17%] [32mBuilding C object CMakeFiles/intro_interfaces__rosidl_generator_c.dir/rosidl_generator_c/intro_interfaces/srv/detail/area__functions.c.o[0m
[ 19%] [32m[1mLinking C shared library libintro_interfaces__rosidl_generator_c.so[0m
[ 21%] [32mBuilding CXX object CMakeFiles/intro_interfaces__rosidl_typesupport_cpp.dir/rosidl_typesupport_cpp/intro_interfaces/msg/num__type_support.cpp.o[0m
[ 21%] Built target intro_interfaces__rosidl_generator_c
[ 23%] [34m[1mGenerating C type support for eProsima Fast-RTPS[0m
[ 25%] [32mBuilding CXX object CMakeFiles/intro_interfaces__rosidl_typesupport_introspection_cpp.dir/rosidl_typesupport_introspection_cpp/intro_interfaces/msg/detail/num__type_support.cpp.o[0m
[ 27%] [32mBuilding CXX object CMakeFiles/intro_interfaces__rosidl_typesupport_fastrtps_cpp.dir/rosidl_typesupport_fastrtps_cpp/intro_interfaces/msg/detail/dds_fastrtps/num__type_support.cpp.o[0m
[ 29%] [32mBuilding CXX object CMakeFiles/intro_interfaces__rosidl_typesupport_cpp.dir/rosidl_typesupport_cpp/intro_interfaces/msg/sphere__type_support.cpp.o[0m
[ 31%] [32mBuilding CXX object CMakeFiles/intro_interfaces__rosidl_typesupport_fastrtps_c.dir/rosidl_typesupport_fastrtps_c/intro_interfaces/msg/detail/num__type_support_c.cpp.o[0m
[ 34%] [32mBuilding CXX object CMakeFiles/intro_interfaces__rosidl_typesupport_introspection_cpp.dir/rosidl_typesupport_introspection_cpp/intro_interfaces/msg/detail/sphere__type_support.cpp.o[0m
[ 36%] [32mBuilding CXX object CMakeFiles/intro_interfaces__rosidl_typesupport_fastrtps_cpp.dir/rosidl_typesupport_fastrtps_cpp/intro_interfaces/msg/detail/dds_fastrtps/sphere__type_support.cpp.o[0m
[ 38%] [32mBuilding CXX object CMakeFiles/intro_interfaces__rosidl_typesupport_cpp.dir/rosidl_typesupport_cpp/intro_interfaces/srv/area__type_support.cpp.o[0m
[ 40%] [32mBuilding CXX object CMakeFiles/intro_interfaces__rosidl_typesupport_fastrtps_c.dir/rosidl_typesupport_fastrtps_c/intro_interfaces/msg/detail/sphere__type_support_c.cpp.o[0m
[ 42%] [32mBuilding CXX object CMakeFiles/intro_interfaces__rosidl_typesupport_introspection_cpp.dir/rosidl_typesupport_introspection_cpp/intro_interfaces/srv/detail/area__type_support.cpp.o[0m
[ 44%] [32mBuilding CXX object CMakeFiles/intro_interfaces__rosidl_typesupport_fastrtps_cpp.dir/rosidl_typesupport_fastrtps_cpp/intro_interfaces/srv/detail/dds_fastrtps/area__type_support.cpp.o[0m
[ 46%] [32m[1mLinking CXX shared library libintro_interfaces__rosidl_typesupport_cpp.so[0m
[ 46%] Built target intro_interfaces__rosidl_typesupport_cpp
[ 48%] [32mBuilding CXX object CMakeFiles/intro_interfaces__rosidl_typesupport_fastrtps_c.dir/rosidl_typesupport_fastrtps_c/intro_interfaces/srv/detail/area__type_support_c.cpp.o[0m
[ 51%] [32m[1mLinking CXX shared library libintro_interfaces__rosidl_typesupport_introspection_cpp.so[0m
[ 51%] Built target intro_interfaces__rosidl_typesupport_introspection_cpp
[ 53%] [32m[1mLinking CXX shared library libintro_interfaces__rosidl_typesupport_fastrtps_cpp.so[0m
[ 53%] Built target intro_interfaces__rosidl_typesupport_fastrtps_cpp
[ 55%] [32m[1mLinking CXX shared library libintro_interfaces__rosidl_typesupport_fastrtps_c.so[0m
[ 55%] Built target intro_interfaces__rosidl_typesupport_fastrtps_c
[ 57%] [34m[1mGenerating C type support dispatch for ROS interfaces[0m
[ 59%] [32mBuilding CXX object CMakeFiles/intro_interfaces__rosidl_typesupport_c.dir/rosidl_typesupport_c/intro_interfaces/msg/num__type_support.cpp.o[0m
[ 61%] [32mBuilding CXX object CMakeFiles/intro_interfaces__rosidl_typesupport_c.dir/rosidl_typesupport_c/intro_interfaces/srv/area__type_support.cpp.o[0m
[ 63%] [32mBuilding CXX object CMakeFiles/intro_interfaces__rosidl_typesupport_c.dir/rosidl_typesupport_c/intro_interfaces/msg/sphere__type_support.cpp.o[0m
[ 65%] [32m[1mLinking CXX shared library libintro_interfaces__rosidl_typesupport_c.so[0m
[ 65%] Built target intro_interfaces__rosidl_typesupport_c
[ 68%] [34m[1mGenerating C introspection for ROS interfaces[0m
[ 70%] [32mBuilding C object CMakeFiles/intro_interfaces__rosidl_typesupport_introspection_c.dir/rosidl_typesupport_introspection_c/intro_interfaces/msg/detail/num__type_support.c.o[0m
[ 72%] [32mBuilding C object CMakeFiles/intro_interfaces__rosidl_typesupport_introspection_c.dir/rosidl_typesupport_introspection_c/intro_interfaces/srv/detail/area__type_support.c.o[0m
[ 74%] [32mBuilding C object CMakeFiles/intro_interfaces__rosidl_typesupport_introspection_c.dir/rosidl_typesupport_introspection_c/intro_interfaces/msg/detail/sphere__type_support.c.o[0m
[ 76%] [32m[1mLinking C shared library libintro_interfaces__rosidl_typesupport_introspection_c.so[0m
[ 76%] Built target intro_interfaces__rosidl_typesupport_introspection_c
[ 76%] Built target intro_interfaces
[ 78%] [34m[1mGenerating Python code for ROS interfaces[0m
[ 78%] Built target intro_interfaces__py
[ 80%] [32mBuilding C object CMakeFiles/intro_interfaces__rosidl_generator_py.dir/rosidl_generator_py/intro_interfaces/msg/_num_s.c.o[0m
[ 82%] [32mBuilding C object CMakeFiles/intro_interfaces__rosidl_generator_py.dir/rosidl_generator_py/intro_interfaces/srv/_area_s.c.o[0m
[ 85%] [32mBuilding C object CMakeFiles/intro_interfaces__rosidl_generator_py.dir/rosidl_generator_py/intro_interfaces/msg/_sphere_s.c.o[0m
[ 87%] [32m[1mLinking C shared library rosidl_generator_py/intro_interfaces/libintro_interfaces__rosidl_generator_py.so[0m
[ 87%] Built target intro_interfaces__rosidl_generator_py
[ 89%] [32mBuilding C object CMakeFiles/intro_interfaces__rosidl_typesupport_fastrtps_c__pyext.dir/rosidl_generator_py/intro_interfaces/_intro_interfaces_s.ep.rosidl_typesupport_fastrtps_c.c.o[0m
[ 91%] [32m[1mLinking C shared library rosidl_generator_py/intro_interfaces/intro_interfaces_s__rosidl_typesupport_fastrtps_c.cpython-310-x86_64-linux-gnu.so[0m
[ 91%] Built target intro_interfaces__rosidl_typesupport_fastrtps_c__pyext
[ 93%] [32mBuilding C object CMakeFiles/intro_interfaces__rosidl_typesupport_c__pyext.dir/rosidl_generator_py/intro_interfaces/_intro_interfaces_s.ep.rosidl_typesupport_c.c.o[0m
[ 95%] [32m[1mLinking C shared library rosidl_generator_py/intro_interfaces/intro_interfaces_s__rosidl_typesupport_c.cpython-310-x86_64-linux-gnu.so[0m
[ 95%] Built target intro_interfaces__rosidl_typesupport_c__pyext
[ 97%] [32mBuilding C object CMakeFiles/intro_interfaces__rosidl_typesupport_introspection_c__pyext.dir/rosidl_generator_py/intro_interfaces/_intro_interfaces_s.ep.rosidl_typesupport_introspection_c.c.o[0m
[100%] [32m[1mLinking C shared library rosidl_generator_py/intro_interfaces/intro_interfaces_s__rosidl_typesupport_introspection_c.cpython-310-x86_64-linux-gnu.so[0m
[100%] Built target intro_interfaces__rosidl_typesupport_introspection_c__pyext
-- Install configuration: ""
-- Installing: /home/yahboom/Desktop/team_repo/Lab4/wallaa2/intro_ws/install/intro_interfaces/share/ament_index/resource_index/rosidl_interfaces/intro_interfaces
-- Installing: /home/yahboom/Desktop/team_repo/Lab4/wallaa2/intro_ws/install/intro_interfaces/include/intro_interfaces/intro_interfaces
-- Installing: /home/yahboom/Desktop/team_repo/Lab4/wallaa2/intro_ws/install/intro_interfaces/include/intro_interfaces/intro_interfaces/srv
-- Installing: /home/yahboom/Desktop/team_repo/Lab4/wallaa2/intro_ws/install/intro_interfaces/include/intro_interfaces/intro_interfaces/srv/detail
-- Installing: /home/yahboom/Desktop/team_repo/Lab4/wallaa2/intro_ws/install/intro_interfaces/include/intro_interfaces/intro_interfaces/srv/detail/area__struct.h
-- Installing: /home/yahboom/Desktop/team_repo/Lab4/wallaa2/intro_ws/install/intro_interfaces/include/intro_interfaces/intro_interfaces/srv/detail/area__type_support.h
-- Installing: /home/yahboom/Desktop/team_repo/Lab4/wallaa2/intro_ws/install/intro_interfaces/include/intro_interfaces/intro_interfaces/srv/detail/area__functions.c
-- Installing: /home/yahboom/Desktop/team_repo/Lab4/wallaa2/intro_ws/install/intro_interfaces/include/intro_interfaces/intro_interfaces/srv/detail/area__functions.h
-- Installing: /home/yahboom/Desktop/team_repo/Lab4/wallaa2/intro_ws/install/intro_interfaces/include/intro_interfaces/intro_interfaces/srv/area.h
-- Installing: /home/yahboom/Desktop/team_repo/Lab4/wallaa2/intro_ws/install/intro_interfaces/include/intro_interfaces/intro_interfaces/msg
-- Installing: /home/yahboom/Desktop/team_repo/Lab4/wallaa2/intro_ws/install/intro_interfaces/include/intro_interfaces/intro_interfaces/msg/detail
-- Installing: /home/yahboom/Desktop/team_repo/Lab4/wallaa2/intro_ws/install/intro_interfaces/include/intro_interfaces/intro_interfaces/msg/detail/num__functions.h
-- Installing: /home/yahboom/Desktop/team_repo/Lab4/wallaa2/intro_ws/install/intro_interfaces/include/intro_interfaces/intro_interfaces/msg/detail/sphere__type_support.h
-- Installing: /home/yahboom/Desktop/team_repo/Lab4/wallaa2/intro_ws/install/intro_interfaces/include/intro_interfaces/intro_interfaces/msg/detail/sphere__struct.h
-- Installing: /home/yahboom/Desktop/team_repo/Lab4/wallaa2/intro_ws/install/intro_interfaces/include/intro_interfaces/intro_interfaces/msg/detail/num__struct.h
-- Installing: /home/yahboom/Desktop/team_repo/Lab4/wallaa2/intro_ws/install/intro_interfaces/include/intro_interfaces/intro_interfaces/msg/detail/sphere__functions.c
-- Installing: /home/yahboom/Desktop/team_repo/Lab4/wallaa2/intro_ws/install/intro_interfaces/include/intro_interfaces/intro_interfaces/msg/detail/num__type_support.h
-- Installing: /home/yahboom/Desktop/team_repo/Lab4/wallaa2/intro_ws/install/intro_interfaces/include/intro_interfaces/intro_interfaces/msg/detail/sphere__functions.h
-- Installing: /home/yahboom/Desktop/team_repo/Lab4/wallaa2/intro_ws/install/intro_interfaces/include/intro_interfaces/intro_interfaces/msg/detail/num__functions.c
-- Installing: /home/yahboom/Desktop/team_repo/Lab4/wallaa2/intro_ws/install/intro_interfaces/include/intro_interfaces/intro_interfaces/msg/num.h
-- Installing: /home/yahboom/Desktop/team_repo/Lab4/wallaa2/intro_ws/install/intro_interfaces/include/intro_interfaces/intro_interfaces/msg/sphere.h
-- Installing: /home/yahboom/Desktop/team_repo/Lab4/wallaa2/intro_ws/install/intro_interfaces/include/intro_interfaces/intro_interfaces/msg/rosidl_generator_c__visibility_control.h
-- Installing: /home/yahboom/Desktop/team_repo/Lab4/wallaa2/intro_ws/install/intro_interfaces/share/intro_interfaces/environment/library_path.sh
-- Installing: /home/yahboom/Desktop/team_repo/Lab4/wallaa2/intro_ws/install/intro_interfaces/share/intro_interfaces/environment/library_path.dsv
-- Installing: /home/yahboom/Desktop/team_repo/Lab4/wallaa2/intro_ws/install/intro_interfaces/lib/libintro_interfaces__rosidl_generator_c.so
-- Set runtime path of "/home/yahboom/Desktop/team_repo/Lab4/wallaa2/intro_ws/install/intro_interfaces/lib/libintro_interfaces__rosidl_generator_c.so" to ""
-- Up-to-date: /home/yahboom/Desktop/team_repo/Lab4/wallaa2/intro_ws/install/intro_interfaces/include/intro_interfaces/intro_interfaces
-- Up-to-date: /home/yahboom/Desktop/team_repo/Lab4/wallaa2/intro_ws/install/intro_interfaces/include/intro_interfaces/intro_interfaces/srv
-- Up-to-date: /home/yahboom/Desktop/team_repo/Lab4/wallaa2/intro_ws/install/intro_interfaces/include/intro_interfaces/intro_interfaces/srv/detail
-- Installing: /home/yahboom/Desktop/team_repo/Lab4/wallaa2/intro_ws/install/intro_interfaces/include/intro_interfaces/intro_interfaces/srv/detail/area__rosidl_typesupport_fastrtps_c.h
-- Up-to-date: /home/yahboom/Desktop/team_repo/Lab4/wallaa2/intro_ws/install/intro_interfaces/include/intro_interfaces/intro_interfaces/msg
-- Up-to-date: /home/yahboom/Desktop/team_repo/Lab4/wallaa2/intro_ws/install/intro_interfaces/include/intro_interfaces/intro_interfaces/msg/detail
-- Installing: /home/yahboom/Desktop/team_repo/Lab4/wallaa2/intro_ws/install/intro_interfaces/include/intro_interfaces/intro_interfaces/msg/detail/sphere__rosidl_typesupport_fastrtps_c.h
-- Installing: /home/yahboom/Desktop/team_repo/Lab4/wallaa2/intro_ws/install/intro_interfaces/include/intro_interfaces/intro_interfaces/msg/detail/num__rosidl_typesupport_fastrtps_c.h
-- Installing: /home/yahboom/Desktop/team_repo/Lab4/wallaa2/intro_ws/install/intro_interfaces/include/intro_interfaces/intro_interfaces/msg/rosidl_typesupport_fastrtps_c__visibility_control.h
-- Installing: /home/yahboom/Desktop/team_repo/Lab4/wallaa2/intro_ws/install/intro_interfaces/lib/libintro_interfaces__rosidl_typesupport_fastrtps_c.so
-- Set runtime path of "/home/yahboom/Desktop/team_repo/Lab4/wallaa2/intro_ws/install/intro_interfaces/lib/libintro_interfaces__rosidl_typesupport_fastrtps_c.so" to ""
-- Up-to-date: /home/yahboom/Desktop/team_repo/Lab4/wallaa2/intro_ws/install/intro_interfaces/include/intro_interfaces/intro_interfaces
-- Up-to-date: /home/yahboom/Desktop/team_repo/Lab4/wallaa2/intro_ws/install/intro_interfaces/include/intro_interfaces/intro_interfaces/srv
-- Installing: /home/yahboom/Desktop/team_repo/Lab4/wallaa2/intro_ws/install/intro_interfaces/include/intro_interfaces/intro_interfaces/srv/area.hpp
-- Up-to-date: /home/yahboom/Desktop/team_repo/Lab4/wallaa2/intro_ws/install/intro_interfaces/include/intro_interfaces/intro_interfaces/srv/detail
-- Installing: /home/yahboom/Desktop/team_repo/Lab4/wallaa2/intro_ws/install/intro_interfaces/include/intro_interfaces/intro_interfaces/srv/detail/area__type_support.hpp
-- Installing: /home/yahboom/Desktop/team_repo/Lab4/wallaa2/intro_ws/install/intro_interfaces/include/intro_interfaces/intro_interfaces/srv/detail/area__builder.hpp
-- Installing: /home/yahboom/Desktop/team_repo/Lab4/wallaa2/intro_ws/install/intro_interfaces/include/intro_interfaces/intro_interfaces/srv/detail/area__traits.hpp
-- Installing: /home/yahboom/Desktop/team_repo/Lab4/wallaa2/intro_ws/install/intro_interfaces/include/intro_interfaces/intro_interfaces/srv/detail/area__struct.hpp
-- Up-to-date: /home/yahboom/Desktop/team_repo/Lab4/wallaa2/intro_ws/install/intro_interfaces/include/intro_interfaces/intro_interfaces/msg
-- Installing: /home/yahboom/Desktop/team_repo/Lab4/wallaa2/intro_ws/install/intro_interfaces/include/intro_interfaces/intro_interfaces/msg/rosidl_generator_cpp__visibility_control.hpp
-- Up-to-date: /home/yahboom/Desktop/team_repo/Lab4/wallaa2/intro_ws/install/intro_interfaces/include/intro_interfaces/intro_interfaces/msg/detail
-- Installing: /home/yahboom/Desktop/team_repo/Lab4/wallaa2/intro_ws/install/intro_interfaces/include/intro_interfaces/intro_interfaces/msg/detail/sphere__traits.hpp
-- Installing: /home/yahboom/Desktop/team_repo/Lab4/wallaa2/intro_ws/install/intro_interfaces/include/intro_interfaces/intro_interfaces/msg/detail/sphere__type_support.hpp
-- Installing: /home/yahboom/Desktop/team_repo/Lab4/wallaa2/intro_ws/install/intro_interfaces/include/intro_interfaces/intro_interfaces/msg/detail/num__type_support.hpp
-- Installing: /home/yahboom/Desktop/team_repo/Lab4/wallaa2/intro_ws/install/intro_interfaces/include/intro_interfaces/intro_interfaces/msg/detail/num__traits.hpp
-- Installing: /home/yahboom/Desktop/team_repo/Lab4/wallaa2/intro_ws/install/intro_interfaces/include/intro_interfaces/intro_interfaces/msg/detail/sphere__builder.hpp
-- Installing: /home/yahboom/Desktop/team_repo/Lab4/wallaa2/intro_ws/install/intro_interfaces/include/intro_interfaces/intro_interfaces/msg/detail/sphere__struct.hpp
-- Installing: /home/yahboom/Desktop/team_repo/Lab4/wallaa2/intro_ws/install/intro_interfaces/include/intro_interfaces/intro_interfaces/msg/detail/num__struct.hpp
-- Installing: /home/yahboom/Desktop/team_repo/Lab4/wallaa2/intro_ws/install/intro_interfaces/include/intro_interfaces/intro_interfaces/msg/detail/num__builder.hpp
-- Installing: /home/yahboom/Desktop/team_repo/Lab4/wallaa2/intro_ws/install/intro_interfaces/include/intro_interfaces/intro_interfaces/msg/sphere.hpp
-- Installing: /home/yahboom/Desktop/team_repo/Lab4/wallaa2/intro_ws/install/intro_interfaces/include/intro_interfaces/intro_interfaces/msg/num.hpp
-- Up-to-date: /home/yahboom/Desktop/team_repo/Lab4/wallaa2/intro_ws/install/intro_interfaces/include/intro_interfaces/intro_interfaces
-- Up-to-date: /home/yahboom/Desktop/team_repo/Lab4/wallaa2/intro_ws/install/intro_interfaces/include/intro_interfaces/intro_interfaces/srv
-- Up-to-date: /home/yahboom/Desktop/team_repo/Lab4/wallaa2/intro_ws/install/intro_interfaces/include/intro_interfaces/intro_interfaces/srv/detail
-- Installing: /home/yahboom/Desktop/team_repo/Lab4/wallaa2/intro_ws/install/intro_interfaces/include/intro_interfaces/intro_interfaces/srv/detail/dds_fastrtps
-- Installing: /home/yahboom/Desktop/team_repo/Lab4/wallaa2/intro_ws/install/intro_interfaces/include/intro_interfaces/intro_interfaces/srv/detail/area__rosidl_typesupport_fastrtps_cpp.hpp
-- Up-to-date: /home/yahboom/Desktop/team_repo/Lab4/wallaa2/intro_ws/install/intro_interfaces/include/intro_interfaces/intro_interfaces/msg
-- Up-to-date: /home/yahboom/Desktop/team_repo/Lab4/wallaa2/intro_ws/install/intro_interfaces/include/intro_interfaces/intro_interfaces/msg/detail
-- Installing: /home/yahboom/Desktop/team_repo/Lab4/wallaa2/intro_ws/install/intro_interfaces/include/intro_interfaces/intro_interfaces/msg/detail/sphere__rosidl_typesupport_fastrtps_cpp.hpp
-- Installing: /home/yahboom/Desktop/team_repo/Lab4/wallaa2/intro_ws/install/intro_interfaces/include/intro_interfaces/intro_interfaces/msg/detail/num__rosidl_typesupport_fastrtps_cpp.hpp
-- Installing: /home/yahboom/Desktop/team_repo/Lab4/wallaa2/intro_ws/install/intro_interfaces/include/intro_interfaces/intro_interfaces/msg/detail/dds_fastrtps
-- Installing: /home/yahboom/Desktop/team_repo/Lab4/wallaa2/intro_ws/install/intro_interfaces/include/intro_interfaces/intro_interfaces/msg/rosidl_typesupport_fastrtps_cpp__visibility_control.h
-- Installing: /home/yahboom/Desktop/team_repo/Lab4/wallaa2/intro_ws/install/intro_interfaces/lib/libintro_interfaces__rosidl_typesupport_fastrtps_cpp.so
-- Set runtime path of "/home/yahboom/Desktop/team_repo/Lab4/wallaa2/intro_ws/install/intro_interfaces/lib/libintro_interfaces__rosidl_typesupport_fastrtps_cpp.so" to ""
-- Up-to-date: /home/yahboom/Desktop/team_repo/Lab4/wallaa2/intro_ws/install/intro_interfaces/include/intro_interfaces/intro_interfaces
-- Up-to-date: /home/yahboom/Desktop/team_repo/Lab4/wallaa2/intro_ws/install/intro_interfaces/include/intro_interfaces/intro_interfaces/srv
-- Up-to-date: /home/yahboom/Desktop/team_repo/Lab4/wallaa2/intro_ws/install/intro_interfaces/include/intro_interfaces/intro_interfaces/srv/detail
-- Installing: /home/yahboom/Desktop/team_repo/Lab4/wallaa2/intro_ws/install/intro_interfaces/include/intro_interfaces/intro_interfaces/srv/detail/area__type_support.c
-- Installing: /home/yahboom/Desktop/team_repo/Lab4/wallaa2/intro_ws/install/intro_interfaces/include/intro_interfaces/intro_interfaces/srv/detail/area__rosidl_typesupport_introspection_c.h
-- Up-to-date: /home/yahboom/Desktop/team_repo/Lab4/wallaa2/intro_ws/install/intro_interfaces/include/intro_interfaces/intro_interfaces/msg
-- Up-to-date: /home/yahboom/Desktop/team_repo/Lab4/wallaa2/intro_ws/install/intro_interfaces/include/intro_interfaces/intro_interfaces/msg/detail
-- Installing: /home/yahboom/Desktop/team_repo/Lab4/wallaa2/intro_ws/install/intro_interfaces/include/intro_interfaces/intro_interfaces/msg/detail/sphere__rosidl_typesupport_introspection_c.h
-- Installing: /home/yahboom/Desktop/team_repo/Lab4/wallaa2/intro_ws/install/intro_interfaces/include/intro_interfaces/intro_interfaces/msg/detail/num__rosidl_typesupport_introspection_c.h
-- Installing: /home/yahboom/Desktop/team_repo/Lab4/wallaa2/intro_ws/install/intro_interfaces/include/intro_interfaces/intro_interfaces/msg/detail/sphere__type_support.c
-- Installing: /home/yahboom/Desktop/team_repo/Lab4/wallaa2/intro_ws/install/intro_interfaces/include/intro_interfaces/intro_interfaces/msg/detail/num__type_support.c
-- Installing: /home/yahboom/Desktop/team_repo/Lab4/wallaa2/intro_ws/install/intro_interfaces/include/intro_interfaces/intro_interfaces/msg/rosidl_typesupport_introspection_c__visibility_control.h
-- Installing: /home/yahboom/Desktop/team_repo/Lab4/wallaa2/intro_ws/install/intro_interfaces/lib/libintro_interfaces__rosidl_typesupport_introspection_c.so
-- Set runtime path of "/home/yahboom/Desktop/team_repo/Lab4/wallaa2/intro_ws/install/intro_interfaces/lib/libintro_interfaces__rosidl_typesupport_introspection_c.so" to ""
-- Installing: /home/yahboom/Desktop/team_repo/Lab4/wallaa2/intro_ws/install/intro_interfaces/lib/libintro_interfaces__rosidl_typesupport_c.so
-- Set runtime path of "/home/yahboom/Desktop/team_repo/Lab4/wallaa2/intro_ws/install/intro_interfaces/lib/libintro_interfaces__rosidl_typesupport_c.so" to ""
-- Up-to-date: /home/yahboom/Desktop/team_repo/Lab4/wallaa2/intro_ws/install/intro_interfaces/include/intro_interfaces/intro_interfaces
-- Up-to-date: /home/yahboom/Desktop/team_repo/Lab4/wallaa2/intro_ws/install/intro_interfaces/include/intro_interfaces/intro_interfaces/srv
-- Up-to-date: /home/yahboom/Desktop/team_repo/Lab4/wallaa2/intro_ws/install/intro_interfaces/include/intro_interfaces/intro_interfaces/srv/detail
-- Installing: /home/yahboom/Desktop/team_repo/Lab4/wallaa2/intro_ws/install/intro_interfaces/include/intro_interfaces/intro_interfaces/srv/detail/area__rosidl_typesupport_introspection_cpp.hpp
-- Installing: /home/yahboom/Desktop/team_repo/Lab4/wallaa2/intro_ws/install/intro_interfaces/include/intro_interfaces/intro_interfaces/srv/detail/area__type_support.cpp
-- Up-to-date: /home/yahboom/Desktop/team_repo/Lab4/wallaa2/intro_ws/install/intro_interfaces/include/intro_interfaces/intro_interfaces/msg
-- Up-to-date: /home/yahboom/Desktop/team_repo/Lab4/wallaa2/intro_ws/install/intro_interfaces/include/intro_interfaces/intro_interfaces/msg/detail
-- Installing: /home/yahboom/Desktop/team_repo/Lab4/wallaa2/intro_ws/install/intro_interfaces/include/intro_interfaces/intro_interfaces/msg/detail/num__rosidl_typesupport_introspection_cpp.hpp
-- Installing: /home/yahboom/Desktop/team_repo/Lab4/wallaa2/intro_ws/install/intro_interfaces/include/intro_interfaces/intro_interfaces/msg/detail/sphere__rosidl_typesupport_introspection_cpp.hpp
-- Installing: /home/yahboom/Desktop/team_repo/Lab4/wallaa2/intro_ws/install/intro_interfaces/include/intro_interfaces/intro_interfaces/msg/detail/sphere__type_support.cpp
-- Installing: /home/yahboom/Desktop/team_repo/Lab4/wallaa2/intro_ws/install/intro_interfaces/include/intro_interfaces/intro_interfaces/msg/detail/num__type_support.cpp
-- Installing: /home/yahboom/Desktop/team_repo/Lab4/wallaa2/intro_ws/install/intro_interfaces/lib/libintro_interfaces__rosidl_typesupport_introspection_cpp.so
-- Set runtime path of "/home/yahboom/Desktop/team_repo/Lab4/wallaa2/intro_ws/install/intro_interfaces/lib/libintro_interfaces__rosidl_typesupport_introspection_cpp.so" to ""
-- Installing: /home/yahboom/Desktop/team_repo/Lab4/wallaa2/intro_ws/install/intro_interfaces/lib/libintro_interfaces__rosidl_typesupport_cpp.so
-- Set runtime path of "/home/yahboom/Desktop/team_repo/Lab4/wallaa2/intro_ws/install/intro_interfaces/lib/libintro_interfaces__rosidl_typesupport_cpp.so" to ""
-- Installing: /home/yahboom/Desktop/team_repo/Lab4/wallaa2/intro_ws/install/intro_interfaces/share/intro_interfaces/environment/pythonpath.sh
-- Installing: /home/yahboom/Desktop/team_repo/Lab4/wallaa2/intro_ws/install/intro_interfaces/share/intro_interfaces/environment/pythonpath.dsv
-- Installing: /home/yahboom/Desktop/team_repo/Lab4/wallaa2/intro_ws/install/intro_interfaces/local/lib/python3.10/dist-packages/intro_interfaces-0.0.0-py3.10.egg-info
-- Installing: /home/yahboom/Desktop/team_repo/Lab4/wallaa2/intro_ws/install/intro_interfaces/local/lib/python3.10/dist-packages/intro_interfaces-0.0.0-py3.10.egg-info/top_level.txt
-- Installing: /home/yahboom/Desktop/team_repo/Lab4/wallaa2/intro_ws/install/intro_interfaces/local/lib/python3.10/dist-packages/intro_interfaces-0.0.0-py3.10.egg-info/PKG-INFO
-- Installing: /home/yahboom/Desktop/team_repo/Lab4/wallaa2/intro_ws/install/intro_interfaces/local/lib/python3.10/dist-packages/intro_interfaces-0.0.0-py3.10.egg-info/dependency_links.txt
-- Installing: /home/yahboom/Desktop/team_repo/Lab4/wallaa2/intro_ws/install/intro_interfaces/local/lib/python3.10/dist-packages/intro_interfaces-0.0.0-py3.10.egg-info/SOURCES.txt
-- Installing: /home/yahboom/Desktop/team_repo/Lab4/wallaa2/intro_ws/install/intro_interfaces/local/lib/python3.10/dist-packages/intro_interfaces
-- Installing: /home/yahboom/Desktop/team_repo/Lab4/wallaa2/intro_ws/install/intro_interfaces/local/lib/python3.10/dist-packages/intro_interfaces/_intro_interfaces_s.ep.rosidl_typesupport_introspection_c.c
-- Installing: /home/yahboom/Desktop/team_repo/Lab4/wallaa2/intro_ws/install/intro_interfaces/local/lib/python3.10/dist-packages/intro_interfaces/_intro_interfaces_s.ep.rosidl_typesupport_fastrtps_c.c
-- Installing: /home/yahboom/Desktop/team_repo/Lab4/wallaa2/intro_ws/install/intro_interfaces/local/lib/python3.10/dist-packages/intro_interfaces/intro_interfaces_s__rosidl_typesupport_fastrtps_c.cpython-310-x86_64-linux-gnu.so
-- Installing: /home/yahboom/Desktop/team_repo/Lab4/wallaa2/intro_ws/install/intro_interfaces/local/lib/python3.10/dist-packages/intro_interfaces/srv
-- Installing: /home/yahboom/Desktop/team_repo/Lab4/wallaa2/intro_ws/install/intro_interfaces/local/lib/python3.10/dist-packages/intro_interfaces/srv/_area.py
-- Installing: /home/yahboom/Desktop/team_repo/Lab4/wallaa2/intro_ws/install/intro_interfaces/local/lib/python3.10/dist-packages/intro_interfaces/srv/__init__.py
-- Installing: /home/yahboom/Desktop/team_repo/Lab4/wallaa2/intro_ws/install/intro_interfaces/local/lib/python3.10/dist-packages/intro_interfaces/srv/_area_s.c
-- Installing: /home/yahboom/Desktop/team_repo/Lab4/wallaa2/intro_ws/install/intro_interfaces/local/lib/python3.10/dist-packages/intro_interfaces/_intro_interfaces_s.ep.rosidl_typesupport_c.c
-- Installing: /home/yahboom/Desktop/team_repo/Lab4/wallaa2/intro_ws/install/intro_interfaces/local/lib/python3.10/dist-packages/intro_interfaces/__init__.py
-- Installing: /home/yahboom/Desktop/team_repo/Lab4/wallaa2/intro_ws/install/intro_interfaces/local/lib/python3.10/dist-packages/intro_interfaces/msg
-- Installing: /home/yahboom/Desktop/team_repo/Lab4/wallaa2/intro_ws/install/intro_interfaces/local/lib/python3.10/dist-packages/intro_interfaces/msg/_num.py
-- Installing: /home/yahboom/Desktop/team_repo/Lab4/wallaa2/intro_ws/install/intro_interfaces/local/lib/python3.10/dist-packages/intro_interfaces/msg/_sphere_s.c
-- Installing: /home/yahboom/Desktop/team_repo/Lab4/wallaa2/intro_ws/install/intro_interfaces/local/lib/python3.10/dist-packages/intro_interfaces/msg/__init__.py
-- Installing: /home/yahboom/Desktop/team_repo/Lab4/wallaa2/intro_ws/install/intro_interfaces/local/lib/python3.10/dist-packages/intro_interfaces/msg/_num_s.c
-- Installing: /home/yahboom/Desktop/team_repo/Lab4/wallaa2/intro_ws/install/intro_interfaces/local/lib/python3.10/dist-packages/intro_interfaces/msg/_sphere.py
-- Installing: /home/yahboom/Desktop/team_repo/Lab4/wallaa2/intro_ws/install/intro_interfaces/local/lib/python3.10/dist-packages/intro_interfaces/libintro_interfaces__rosidl_generator_py.so
-- Installing: /home/yahboom/Desktop/team_repo/Lab4/wallaa2/intro_ws/install/intro_interfaces/local/lib/python3.10/dist-packages/intro_interfaces/intro_interfaces_s__rosidl_typesupport_introspection_c.cpython-310-x86_64-linux-gnu.so
-- Installing: /home/yahboom/Desktop/team_repo/Lab4/wallaa2/intro_ws/install/intro_interfaces/local/lib/python3.10/dist-packages/intro_interfaces/intro_interfaces_s__rosidl_typesupport_c.cpython-310-x86_64-linux-gnu.so
Listing '/home/yahboom/Desktop/team_repo/Lab4/wallaa2/intro_ws/install/intro_interfaces/local/lib/python3.10/dist-packages/intro_interfaces'...
Compiling '/home/yahboom/Desktop/team_repo/Lab4/wallaa2/intro_ws/install/intro_interfaces/local/lib/python3.10/dist-packages/intro_interfaces/__init__.py'...
Listing '/home/yahboom/Desktop/team_repo/Lab4/wallaa2/intro_ws/install/intro_interfaces/local/lib/python3.10/dist-packages/intro_interfaces/msg'...
Compiling '/home/yahboom/Desktop/team_repo/Lab4/wallaa2/intro_ws/install/intro_interfaces/local/lib/python3.10/dist-packages/intro_interfaces/msg/__init__.py'...
Compiling '/home/yahboom/Desktop/team_repo/Lab4/wallaa2/intro_ws/install/intro_interfaces/local/lib/python3.10/dist-packages/intro_interfaces/msg/_num.py'...
Compiling '/home/yahboom/Desktop/team_repo/Lab4/wallaa2/intro_ws/install/intro_interfaces/local/lib/python3.10/dist-packages/intro_interfaces/msg/_sphere.py'...
Listing '/home/yahboom/Desktop/team_repo/Lab4/wallaa2/intro_ws/install/intro_interfaces/local/lib/python3.10/dist-packages/intro_interfaces/srv'...
Compiling '/home/yahboom/Desktop/team_repo/Lab4/wallaa2/intro_ws/install/intro_interfaces/local/lib/python3.10/dist-packages/intro_interfaces/srv/__init__.py'...
Compiling '/home/yahboom/Desktop/team_repo/Lab4/wallaa2/intro_ws/install/intro_interfaces/local/lib/python3.10/dist-packages/intro_interfaces/srv/_area.py'...
-- Installing: /home/yahboom/Desktop/team_repo/Lab4/wallaa2/intro_ws/install/intro_interfaces/local/lib/python3.10/dist-packages/intro_interfaces/intro_interfaces_s__rosidl_typesupport_fastrtps_c.cpython-310-x86_64-linux-gnu.so
-- Set runtime path of "/home/yahboom/Desktop/team_repo/Lab4/wallaa2/intro_ws/install/intro_interfaces/local/lib/python3.10/dist-packages/intro_interfaces/intro_interfaces_s__rosidl_typesupport_fastrtps_c.cpython-310-x86_64-linux-gnu.so" to ""
-- Installing: /home/yahboom/Desktop/team_repo/Lab4/wallaa2/intro_ws/install/intro_interfaces/local/lib/python3.10/dist-packages/intro_interfaces/intro_interfaces_s__rosidl_typesupport_introspection_c.cpython-310-x86_64-linux-gnu.so
-- Set runtime path of "/home/yahboom/Desktop/team_repo/Lab4/wallaa2/intro_ws/install/intro_interfaces/local/lib/python3.10/dist-packages/intro_interfaces/intro_interfaces_s__rosidl_typesupport_introspection_c.cpython-310-x86_64-linux-gnu.so" to ""
-- Installing: /home/yahboom/Desktop/team_repo/Lab4/wallaa2/intro_ws/install/intro_interfaces/local/lib/python3.10/dist-packages/intro_interfaces/intro_interfaces_s__rosidl_typesupport_c.cpython-310-x86_64-linux-gnu.so
-- Set runtime path of "/home/yahboom/Desktop/team_repo/Lab4/wallaa2/intro_ws/install/intro_interfaces/local/lib/python3.10/dist-packages/intro_interfaces/intro_interfaces_s__rosidl_typesupport_c.cpython-310-x86_64-linux-gnu.so" to ""
-- Installing: /home/yahboom/Desktop/team_repo/Lab4/wallaa2/intro_ws/install/intro_interfaces/lib/libintro_interfaces__rosidl_generator_py.so
-- Set runtime path of "/home/yahboom/Desktop/team_repo/Lab4/wallaa2/intro_ws/install/intro_interfaces/lib/libintro_interfaces__rosidl_generator_py.so" to ""
-- Installing: /home/yahboom/Desktop/team_repo/Lab4/wallaa2/intro_ws/install/intro_interfaces/share/intro_interfaces/msg/Num.idl
-- Installing: /home/yahboom/Desktop/team_repo/Lab4/wallaa2/intro_ws/install/intro_interfaces/share/intro_interfaces/msg/Sphere.idl
-- Installing: /home/yahboom/Desktop/team_repo/Lab4/wallaa2/intro_ws/install/intro_interfaces/share/intro_interfaces/srv/Area.idl
-- Installing: /home/yahboom/Desktop/team_repo/Lab4/wallaa2/intro_ws/install/intro_interfaces/share/intro_interfaces/msg/Num.msg
-- Installing: /home/yahboom/Desktop/team_repo/Lab4/wallaa2/intro_ws/install/intro_interfaces/share/intro_interfaces/msg/Sphere.msg
-- Installing: /home/yahboom/Desktop/team_repo/Lab4/wallaa2/intro_ws/install/intro_interfaces/share/intro_interfaces/srv/Area.srv
-- Installing: /home/yahboom/Desktop/team_repo/Lab4/wallaa2/intro_ws/install/intro_interfaces/share/intro_interfaces/srv/Area_Request.msg
-- Installing: /home/yahboom/Desktop/team_repo/Lab4/wallaa2/intro_ws/install/intro_interfaces/share/intro_interfaces/srv/Area_Response.msg
-- Installing: /home/yahboom/Desktop/team_repo/Lab4/wallaa2/intro_ws/install/intro_interfaces/share/ament_index/resource_index/package_run_dependencies/intro_interfaces
-- Installing: /home/yahboom/Desktop/team_repo/Lab4/wallaa2/intro_ws/install/intro_interfaces/share/ament_index/resource_index/parent_prefix_path/intro_interfaces
-- Installing: /home/yahboom/Desktop/team_repo/Lab4/wallaa2/intro_ws/install/intro_interfaces/share/intro_interfaces/environment/ament_prefix_path.sh
-- Installing: /home/yahboom/Desktop/team_repo/Lab4/wallaa2/intro_ws/install/intro_interfaces/share/intro_interfaces/environment/ament_prefix_path.dsv
-- Installing: /home/yahboom/Desktop/team_repo/Lab4/wallaa2/intro_ws/install/intro_interfaces/share/intro_interfaces/environment/path.sh
-- Installing: /home/yahboom/Desktop/team_repo/Lab4/wallaa2/intro_ws/install/intro_interfaces/share/intro_interfaces/environment/path.dsv
-- Installing: /home/yahboom/Desktop/team_repo/Lab4/wallaa2/intro_ws/install/intro_interfaces/share/intro_interfaces/local_setup.bash
-- Installing: /home/yahboom/Desktop/team_repo/Lab4/wallaa2/intro_ws/install/intro_interfaces/share/intro_interfaces/local_setup.sh
-- Installing: /home/yahboom/Desktop/team_repo/Lab4/wallaa2/intro_ws/install/intro_interfaces/share/intro_interfaces/local_setup.zsh
-- Installing: /home/yahboom/Desktop/team_repo/Lab4/wallaa2/intro_ws/install/intro_interfaces/share/intro_interfaces/local_setup.dsv
-- Installing: /home/yahboom/Desktop/team_repo/Lab4/wallaa2/intro_ws/install/intro_interfaces/share/intro_interfaces/package.dsv
-- Installing: /home/yahboom/Desktop/team_repo/Lab4/wallaa2/intro_ws/install/intro_interfaces/share/ament_index/resource_index/packages/intro_interfaces
-- Installing: /home/yahboom/Desktop/team_repo/Lab4/wallaa2/intro_ws/install/intro_interfaces/share/intro_interfaces/cmake/export_intro_interfaces__rosidl_generator_cExport.cmake
-- Installing: /home/yahboom/Desktop/team_repo/Lab4/wallaa2/intro_ws/install/intro_interfaces/share/intro_interfaces/cmake/export_intro_interfaces__rosidl_generator_cExport-noconfig.cmake
-- Installing: /home/yahboom/Desktop/team_repo/Lab4/wallaa2/intro_ws/install/intro_interfaces/share/intro_interfaces/cmake/export_intro_interfaces__rosidl_typesupport_fastrtps_cExport.cmake
-- Installing: /home/yahboom/Desktop/team_repo/Lab4/wallaa2/intro_ws/install/intro_interfaces/share/intro_interfaces/cmake/export_intro_interfaces__rosidl_typesupport_fastrtps_cExport-noconfig.cmake
-- Installing: /home/yahboom/Desktop/team_repo/Lab4/wallaa2/intro_ws/install/intro_interfaces/share/intro_interfaces/cmake/export_intro_interfaces__rosidl_generator_cppExport.cmake
-- Installing: /home/yahboom/Desktop/team_repo/Lab4/wallaa2/intro_ws/install/intro_interfaces/share/intro_interfaces/cmake/export_intro_interfaces__rosidl_typesupport_fastrtps_cppExport.cmake
-- Installing: /home/yahboom/Desktop/team_repo/Lab4/wallaa2/intro_ws/install/intro_interfaces/share/intro_interfaces/cmake/export_intro_interfaces__rosidl_typesupport_fastrtps_cppExport-noconfig.cmake
-- Installing: /home/yahboom/Desktop/team_repo/Lab4/wallaa2/intro_ws/install/intro_interfaces/share/intro_interfaces/cmake/intro_interfaces__rosidl_typesupport_introspection_cExport.cmake
-- Installing: /home/yahboom/Desktop/team_repo/Lab4/wallaa2/intro_ws/install/intro_interfaces/share/intro_interfaces/cmake/intro_interfaces__rosidl_typesupport_introspection_cExport-noconfig.cmake
-- Installing: /home/yahboom/Desktop/team_repo/Lab4/wallaa2/intro_ws/install/intro_interfaces/share/intro_interfaces/cmake/intro_interfaces__rosidl_typesupport_cExport.cmake
-- Installing: /home/yahboom/Desktop/team_repo/Lab4/wallaa2/intro_ws/install/intro_interfaces/share/intro_interfaces/cmake/intro_interfaces__rosidl_typesupport_cExport-noconfig.cmake
-- Installing: /home/yahboom/Desktop/team_repo/Lab4/wallaa2/intro_ws/install/intro_interfaces/share/intro_interfaces/cmake/intro_interfaces__rosidl_typesupport_introspection_cppExport.cmake
-- Installing: /home/yahboom/Desktop/team_repo/Lab4/wallaa2/intro_ws/install/intro_interfaces/share/intro_interfaces/cmake/intro_interfaces__rosidl_typesupport_introspection_cppExport-noconfig.cmake
-- Installing: /home/yahboom/Desktop/team_repo/Lab4/wallaa2/intro_ws/install/intro_interfaces/share/intro_interfaces/cmake/intro_interfaces__rosidl_typesupport_cppExport.cmake
-- Installing: /home/yahboom/Desktop/team_repo/Lab4/wallaa2/intro_ws/install/intro_interfaces/share/intro_interfaces/cmake/intro_interfaces__rosidl_typesupport_cppExport-noconfig.cmake
-- Installing: /home/yahboom/Desktop/team_repo/Lab4/wallaa2/intro_ws/install/intro_interfaces/share/intro_interfaces/cmake/export_intro_interfaces__rosidl_generator_pyExport.cmake
-- Installing: /home/yahboom/Desktop/team_repo/Lab4/wallaa2/intro_ws/install/intro_interfaces/share/intro_interfaces/cmake/export_intro_interfaces__rosidl_generator_pyExport-noconfig.cmake
-- Installing: /home/yahboom/Desktop/team_repo/Lab4/wallaa2/intro_ws/install/intro_interfaces/share/intro_interfaces/cmake/rosidl_cmake-extras.cmake
-- Installing: /home/yahboom/Desktop/team_repo/Lab4/wallaa2/intro_ws/install/intro_interfaces/share/intro_interfaces/cmake/ament_cmake_export_dependencies-extras.cmake
-- Installing: /home/yahboom/Desktop/team_repo/Lab4/wallaa2/intro_ws/install/intro_interfaces/share/intro_interfaces/cmake/ament_cmake_export_include_directories-extras.cmake
-- Installing: /home/yahboom/Desktop/team_repo/Lab4/wallaa2/intro_ws/install/intro_interfaces/share/intro_interfaces/cmake/ament_cmake_export_libraries-extras.cmake
-- Installing: /home/yahboom/Desktop/team_repo/Lab4/wallaa2/intro_ws/install/intro_interfaces/share/intro_interfaces/cmake/ament_cmake_export_targets-extras.cmake
-- Installing: /home/yahboom/Desktop/team_repo/Lab4/wallaa2/intro_ws/install/intro_interfaces/share/intro_interfaces/cmake/rosidl_cmake_export_typesupport_targets-extras.cmake
-- Installing: /home/yahboom/Desktop/team_repo/Lab4/wallaa2/intro_ws/install/intro_interfaces/share/intro_interfaces/cmake/rosidl_cmake_export_typesupport_libraries-extras.cmake
-- Installing: /home/yahboom/Desktop/team_repo/Lab4/wallaa2/intro_ws/install/intro_interfaces/share/intro_interfaces/cmake/intro_interfacesConfig.cmake
-- Installing: /home/yahboom/Desktop/team_repo/Lab4/wallaa2/intro_ws/install/intro_interfaces/share/intro_interfaces/cmake/intro_interfacesConfig-version.cmake
-- Installing: /home/yahboom/Desktop/team_repo/Lab4/wallaa2/intro_ws/install/intro_interfaces/share/intro_interfaces/package.xml
