[3.303s] Invoking command in '/home/yahboom/Desktop/team_repo/Lab4/wallaa2/intro_ws/src/examples/rclpy/services/minimal_service': PYTHONPATH=/home/yahboom/Desktop/team_repo/Lab4/wallaa2/intro_ws/build/examples_rclpy_minimal_service/prefix_override:/usr/lib/python3/dist-packages/colcon_core/task/python/colcon_distutils_commands:/home/yahboom/Desktop/team_repo/Lab4/wallaa2/intro_ws/install/examples_rclpy_minimal_service/lib/python3.10/site-packages:${PYTHONPATH} /usr/bin/python3 -W ignore:setup.py install is deprecated -W ignore:easy_install command is deprecated setup.py egg_info --egg-base ../../../../../build/examples_rclpy_minimal_service build --build-base /home/yahboom/Desktop/team_repo/Lab4/wallaa2/intro_ws/build/examples_rclpy_minimal_service/build install --record /home/yahboom/Desktop/team_repo/Lab4/wallaa2/intro_ws/build/examples_rclpy_minimal_service/install.log --single-version-externally-managed install_data
[4.238s] running egg_info
[4.240s] creating ../../../../../build/examples_rclpy_minimal_service/examples_rclpy_minimal_service.egg-info
[4.241s] writing ../../../../../build/examples_rclpy_minimal_service/examples_rclpy_minimal_service.egg-info/PKG-INFO
[4.244s] writing dependency_links to ../../../../../build/examples_rclpy_minimal_service/examples_rclpy_minimal_service.egg-info/dependency_links.txt
[4.245s] writing entry points to ../../../../../build/examples_rclpy_minimal_service/examples_rclpy_minimal_service.egg-info/entry_points.txt
[4.245s] writing requirements to ../../../../../build/examples_rclpy_minimal_service/examples_rclpy_minimal_service.egg-info/requires.txt
[4.245s] writing top-level names to ../../../../../build/examples_rclpy_minimal_service/examples_rclpy_minimal_service.egg-info/top_level.txt
[4.245s] writing manifest file '../../../../../build/examples_rclpy_minimal_service/examples_rclpy_minimal_service.egg-info/SOURCES.txt'
[4.248s] reading manifest file '../../../../../build/examples_rclpy_minimal_service/examples_rclpy_minimal_service.egg-info/SOURCES.txt'
[4.250s] writing manifest file '../../../../../build/examples_rclpy_minimal_service/examples_rclpy_minimal_service.egg-info/SOURCES.txt'
[4.253s] running build
[4.254s] running build_py
[4.254s] creating /home/yahboom/Desktop/team_repo/Lab4/wallaa2/intro_ws/build/examples_rclpy_minimal_service/build
[4.254s] creating /home/yahboom/Desktop/team_repo/Lab4/wallaa2/intro_ws/build/examples_rclpy_minimal_service/build/lib
[4.254s] creating /home/yahboom/Desktop/team_repo/Lab4/wallaa2/intro_ws/build/examples_rclpy_minimal_service/build/lib/examples_rclpy_minimal_service
[4.257s] copying examples_rclpy_minimal_service/service_member_function.py -> /home/yahboom/Desktop/team_repo/Lab4/wallaa2/intro_ws/build/examples_rclpy_minimal_service/build/lib/examples_rclpy_minimal_service
[4.257s] copying examples_rclpy_minimal_service/__init__.py -> /home/yahboom/Desktop/team_repo/Lab4/wallaa2/intro_ws/build/examples_rclpy_minimal_service/build/lib/examples_rclpy_minimal_service
[4.257s] copying examples_rclpy_minimal_service/service.py -> /home/yahboom/Desktop/team_repo/Lab4/wallaa2/intro_ws/build/examples_rclpy_minimal_service/build/lib/examples_rclpy_minimal_service
[4.258s] running install
[4.258s] running install_lib
[4.258s] creating /home/yahboom/Desktop/team_repo/Lab4/wallaa2/intro_ws/install/examples_rclpy_minimal_service/lib/python3.10/site-packages/examples_rclpy_minimal_service
[4.258s] copying /home/yahboom/Desktop/team_repo/Lab4/wallaa2/intro_ws/build/examples_rclpy_minimal_service/build/lib/examples_rclpy_minimal_service/service_member_function.py -> /home/yahboom/Desktop/team_repo/Lab4/wallaa2/intro_ws/install/examples_rclpy_minimal_service/lib/python3.10/site-packages/examples_rclpy_minimal_service
[4.258s] copying /home/yahboom/Desktop/team_repo/Lab4/wallaa2/intro_ws/build/examples_rclpy_minimal_service/build/lib/examples_rclpy_minimal_service/__init__.py -> /home/yahboom/Desktop/team_repo/Lab4/wallaa2/intro_ws/install/examples_rclpy_minimal_service/lib/python3.10/site-packages/examples_rclpy_minimal_service
[4.258s] copying /home/yahboom/Desktop/team_repo/Lab4/wallaa2/intro_ws/build/examples_rclpy_minimal_service/build/lib/examples_rclpy_minimal_service/service.py -> /home/yahboom/Desktop/team_repo/Lab4/wallaa2/intro_ws/install/examples_rclpy_minimal_service/lib/python3.10/site-packages/examples_rclpy_minimal_service
[4.259s] byte-compiling /home/yahboom/Desktop/team_repo/Lab4/wallaa2/intro_ws/install/examples_rclpy_minimal_service/lib/python3.10/site-packages/examples_rclpy_minimal_service/service_member_function.py to service_member_function.cpython-310.pyc
[4.260s] byte-compiling /home/yahboom/Desktop/team_repo/Lab4/wallaa2/intro_ws/install/examples_rclpy_minimal_service/lib/python3.10/site-packages/examples_rclpy_minimal_service/__init__.py to __init__.cpython-310.pyc
[4.261s] byte-compiling /home/yahboom/Desktop/team_repo/Lab4/wallaa2/intro_ws/install/examples_rclpy_minimal_service/lib/python3.10/site-packages/examples_rclpy_minimal_service/service.py to service.cpython-310.pyc
[4.263s] running install_data
[4.263s] creating /home/yahboom/Desktop/team_repo/Lab4/wallaa2/intro_ws/install/examples_rclpy_minimal_service/share/ament_index
[4.266s] creating /home/yahboom/Desktop/team_repo/Lab4/wallaa2/intro_ws/install/examples_rclpy_minimal_service/share/ament_index/resource_index
[4.266s] creating /home/yahboom/Desktop/team_repo/Lab4/wallaa2/intro_ws/install/examples_rclpy_minimal_service/share/ament_index/resource_index/packages
[4.266s] copying resource/examples_rclpy_minimal_service -> /home/yahboom/Desktop/team_repo/Lab4/wallaa2/intro_ws/install/examples_rclpy_minimal_service/share/ament_index/resource_index/packages
[4.266s] copying package.xml -> /home/yahboom/Desktop/team_repo/Lab4/wallaa2/intro_ws/install/examples_rclpy_minimal_service/share/examples_rclpy_minimal_service
[4.266s] running install_egg_info
[4.268s] Copying ../../../../../build/examples_rclpy_minimal_service/examples_rclpy_minimal_service.egg-info to /home/yahboom/Desktop/team_repo/Lab4/wallaa2/intro_ws/install/examples_rclpy_minimal_service/lib/python3.10/site-packages/examples_rclpy_minimal_service-0.15.5-py3.10.egg-info
[4.270s] running install_scripts
[4.333s] Installing service script to /home/yahboom/Desktop/team_repo/Lab4/wallaa2/intro_ws/install/examples_rclpy_minimal_service/lib/examples_rclpy_minimal_service
[4.337s] Installing service_member_function script to /home/yahboom/Desktop/team_repo/Lab4/wallaa2/intro_ws/install/examples_rclpy_minimal_service/lib/examples_rclpy_minimal_service
[4.338s] writing list of installed files to '/home/yahboom/Desktop/team_repo/Lab4/wallaa2/intro_ws/build/examples_rclpy_minimal_service/install.log'
[4.412s] Invoked command in '/home/yahboom/Desktop/team_repo/Lab4/wallaa2/intro_ws/src/examples/rclpy/services/minimal_service' returned '0': PYTHONPATH=/home/yahboom/Desktop/team_repo/Lab4/wallaa2/intro_ws/build/examples_rclpy_minimal_service/prefix_override:/usr/lib/python3/dist-packages/colcon_core/task/python/colcon_distutils_commands:/home/yahboom/Desktop/team_repo/Lab4/wallaa2/intro_ws/install/examples_rclpy_minimal_service/lib/python3.10/site-packages:${PYTHONPATH} /usr/bin/python3 -W ignore:setup.py install is deprecated -W ignore:easy_install command is deprecated setup.py egg_info --egg-base ../../../../../build/examples_rclpy_minimal_service build --build-base /home/yahboom/Desktop/team_repo/Lab4/wallaa2/intro_ws/build/examples_rclpy_minimal_service/build install --record /home/yahboom/Desktop/team_repo/Lab4/wallaa2/intro_ws/build/examples_rclpy_minimal_service/install.log --single-version-externally-managed install_data
