[0.080s] Invoking command in '/home/yahboom/Desktop/team_repo/Lab7/wallaa2/prelab/intro_ws/build/examples_rclcpp_minimal_subscriber': CMAKE_PREFIX_PATH=${CMAKE_PREFIX_PATH}:/home/yahboom/cartoros2/install/yahboomcar_nav:/home/yahboom/cartoros2/install/yahboomcar_ctrl:/home/yahboom/cartoros2/install/yahboom_visual:/home/yahboom/cartoros2/install/yahboom_dog_joint_state:/home/yahboom/cartoros2/install/yahboom_description:/home/yahboom/cartoros2/install/yahboom_color_identify_server:/home/yahboom/cartoros2/install/yahboom_bringup:/home/yahboom/cartoros2/install/yahboom_base:/home/yahboom/cartoros2/install/yahboom_app_save_map:/home/yahboom/cartoros2/install/update_map:/home/yahboom/cartoros2/install/rosboard:/home/yahboom/cartoros2/install/path_planner_server:/home/yahboom/cartoros2/install/nav2_simple_commander:/home/yahboom/cartoros2/install/nav2_gazebo_spawner:/home/yahboom/cartoros2/install/localization_server:/home/yahboom/cartoros2/install/laserscan_to_point_pulisher:/home/yahboom/yahboomcar_ws/install/yahboom_dog_example:/opt/ros/humble /usr/bin/cmake /home/yahboom/Desktop/team_repo/Lab7/wallaa2/prelab/intro_ws/src/examples/rclcpp/topics/minimal_subscriber -DCMAKE_INSTALL_PREFIX=/home/yahboom/Desktop/team_repo/Lab7/wallaa2/prelab/intro_ws/install/examples_rclcpp_minimal_subscriber
[0.357s] -- The C compiler identification is GNU 11.4.0
[0.556s] -- The CXX compiler identification is GNU 11.4.0
[0.581s] -- Detecting C compiler ABI info
[0.951s] -- Detecting C compiler ABI info - done
[0.977s] -- Check for working C compiler: /usr/bin/cc - skipped
[0.980s] -- Detecting C compile features
[0.994s] -- Detecting C compile features - done
[0.995s] -- Detecting CXX compiler ABI info
[1.378s] -- Detecting CXX compiler ABI info - done
[1.396s] -- Check for working CXX compiler: /usr/bin/c++ - skipped
[1.397s] -- Detecting CXX compile features
[1.399s] -- Detecting CXX compile features - done
[1.441s] -- Found ament_cmake: 1.3.14 (/opt/ros/humble/share/ament_cmake/cmake)
[2.259s] -- Found Python3: /usr/bin/python3 (found version "3.10.12") found components: Interpreter 
[3.188s] -- Found rclcpp: 16.0.19 (/opt/ros/humble/share/rclcpp/cmake)
[3.741s] -- Found rosidl_generator_c: 3.1.8 (/opt/ros/humble/share/rosidl_generator_c/cmake)
[3.827s] -- Found rosidl_adapter: 3.1.8 (/opt/ros/humble/share/rosidl_adapter/cmake)
[3.926s] -- Found rosidl_generator_cpp: 3.1.8 (/opt/ros/humble/share/rosidl_generator_cpp/cmake)
[4.075s] -- Using all available rosidl_typesupport_c: rosidl_typesupport_fastrtps_c;rosidl_typesupport_introspection_c
[4.249s] -- Using all available rosidl_typesupport_cpp: rosidl_typesupport_fastrtps_cpp;rosidl_typesupport_introspection_cpp
[4.743s] -- Found rmw_implementation_cmake: 6.1.2 (/opt/ros/humble/share/rmw_implementation_cmake/cmake)
[4.796s] -- Found rmw_fastrtps_cpp: 6.2.10 (/opt/ros/humble/share/rmw_fastrtps_cpp/cmake)
[5.491s] -- Found OpenSSL: /usr/lib/x86_64-linux-gnu/libcrypto.so (found version "3.0.2")  
[5.664s] -- Found FastRTPS: /opt/ros/humble/include  
[5.894s] -- Using RMW implementation 'rmw_fastrtps_cpp' as default
[6.029s] -- Looking for pthread.h
[6.417s] -- Looking for pthread.h - found
[6.421s] -- Performing Test CMAKE_HAVE_LIBC_PTHREAD
[6.800s] -- Performing Test CMAKE_HAVE_LIBC_PTHREAD - Success
[6.809s] -- Found Threads: TRUE  
[7.125s] -- Found rclcpp_components: 16.0.19 (/opt/ros/humble/share/rclcpp_components/cmake)
[7.620s] -- Found ament_lint_auto: 0.12.15 (/opt/ros/humble/share/ament_lint_auto/cmake)
[8.355s] -- Added test 'copyright' to check source files copyright and LICENSE
[8.365s] -- Added test 'cppcheck' to perform static code analysis on C / C++ code
[8.366s] -- Configured cppcheck include dirs: 
[8.366s] -- Configured cppcheck exclude dirs and/or files: 
[8.378s] -- Added test 'cpplint' to check C / C++ code against the Google style
[8.378s] -- Configured cpplint exclude dirs and/or files: 
[8.389s] -- Added test 'lint_cmake' to check CMake code style
[8.398s] -- Added test 'uncrustify' to check C / C++ code style
[8.398s] -- Configured uncrustify additional arguments: 
[8.403s] -- Added test 'xmllint' to check XML markup files
[8.421s] -- Configuring done
[8.571s] -- Generating done
[8.628s] -- Build files have been written to: /home/yahboom/Desktop/team_repo/Lab7/wallaa2/prelab/intro_ws/build/examples_rclcpp_minimal_subscriber
[8.662s] Invoked command in '/home/yahboom/Desktop/team_repo/Lab7/wallaa2/prelab/intro_ws/build/examples_rclcpp_minimal_subscriber' returned '0': CMAKE_PREFIX_PATH=${CMAKE_PREFIX_PATH}:/home/yahboom/cartoros2/install/yahboomcar_nav:/home/yahboom/cartoros2/install/yahboomcar_ctrl:/home/yahboom/cartoros2/install/yahboom_visual:/home/yahboom/cartoros2/install/yahboom_dog_joint_state:/home/yahboom/cartoros2/install/yahboom_description:/home/yahboom/cartoros2/install/yahboom_color_identify_server:/home/yahboom/cartoros2/install/yahboom_bringup:/home/yahboom/cartoros2/install/yahboom_base:/home/yahboom/cartoros2/install/yahboom_app_save_map:/home/yahboom/cartoros2/install/update_map:/home/yahboom/cartoros2/install/rosboard:/home/yahboom/cartoros2/install/path_planner_server:/home/yahboom/cartoros2/install/nav2_simple_commander:/home/yahboom/cartoros2/install/nav2_gazebo_spawner:/home/yahboom/cartoros2/install/localization_server:/home/yahboom/cartoros2/install/laserscan_to_point_pulisher:/home/yahboom/yahboomcar_ws/install/yahboom_dog_example:/opt/ros/humble /usr/bin/cmake /home/yahboom/Desktop/team_repo/Lab7/wallaa2/prelab/intro_ws/src/examples/rclcpp/topics/minimal_subscriber -DCMAKE_INSTALL_PREFIX=/home/yahboom/Desktop/team_repo/Lab7/wallaa2/prelab/intro_ws/install/examples_rclcpp_minimal_subscriber
[8.671s] Invoking command in '/home/yahboom/Desktop/team_repo/Lab7/wallaa2/prelab/intro_ws/build/examples_rclcpp_minimal_subscriber': CMAKE_PREFIX_PATH=${CMAKE_PREFIX_PATH}:/home/yahboom/cartoros2/install/yahboomcar_nav:/home/yahboom/cartoros2/install/yahboomcar_ctrl:/home/yahboom/cartoros2/install/yahboom_visual:/home/yahboom/cartoros2/install/yahboom_dog_joint_state:/home/yahboom/cartoros2/install/yahboom_description:/home/yahboom/cartoros2/install/yahboom_color_identify_server:/home/yahboom/cartoros2/install/yahboom_bringup:/home/yahboom/cartoros2/install/yahboom_base:/home/yahboom/cartoros2/install/yahboom_app_save_map:/home/yahboom/cartoros2/install/update_map:/home/yahboom/cartoros2/install/rosboard:/home/yahboom/cartoros2/install/path_planner_server:/home/yahboom/cartoros2/install/nav2_simple_commander:/home/yahboom/cartoros2/install/nav2_gazebo_spawner:/home/yahboom/cartoros2/install/localization_server:/home/yahboom/cartoros2/install/laserscan_to_point_pulisher:/home/yahboom/yahboomcar_ws/install/yahboom_dog_example:/opt/ros/humble /usr/bin/cmake --build /home/yahboom/Desktop/team_repo/Lab7/wallaa2/prelab/intro_ws/build/examples_rclcpp_minimal_subscriber -- -j4 -l4
[8.977s] [  4%] [32mBuilding CXX object CMakeFiles/subscriber_lambda.dir/lambda.cpp.o[0m
[32.136s] [  8%] [32m[1mLinking CXX executable subscriber_lambda[0m
[33.182s] [  8%] Built target subscriber_lambda
[33.333s] [ 12%] [32mBuilding CXX object CMakeFiles/subscriber_member_function_with_type_adapter.dir/member_function_with_type_adapter.cpp.o[0m
[59.880s] [ 16%] [32m[1mLinking CXX executable subscriber_member_function_with_type_adapter[0m
[61.145s] [ 16%] Built target subscriber_member_function_with_type_adapter
[61.288s] [ 20%] [32mBuilding CXX object CMakeFiles/subscriber_member_function_with_unique_network_flow_endpoints.dir/member_function_with_unique_network_flow_endpoints.cpp.o[0m
[84.733s] [ 25%] [32m[1mLinking CXX executable subscriber_member_function_with_unique_network_flow_endpoints[0m
[85.719s] [ 25%] Built target subscriber_member_function_with_unique_network_flow_endpoints
[85.859s] [ 29%] [32mBuilding CXX object CMakeFiles/subscriber_not_composable.dir/not_composable.cpp.o[0m
[106.792s] [ 33%] [32m[1mLinking CXX executable subscriber_not_composable[0m
[106.987s] [ 37%] [32mBuilding CXX object CMakeFiles/subscriber_content_filtering.dir/content_filtering.cpp.o[0m
[107.897s] [ 37%] Built target subscriber_not_composable
[109.086s] [ 41%] [32mBuilding CXX object CMakeFiles/wait_set_subscriber_library.dir/wait_set_subscriber.cpp.o[0m
[111.254s] [ 45%] [32mBuilding CXX object CMakeFiles/subscriber_member_function_with_topic_statistics.dir/member_function_with_topic_statistics.cpp.o[0m
[148.139s] [ 50%] [32m[1mLinking CXX executable subscriber_content_filtering[0m
[149.456s] [ 50%] Built target subscriber_content_filtering
[150.724s] [ 54%] [32mBuilding CXX object CMakeFiles/wait_set_subscriber_library.dir/static_wait_set_subscriber.cpp.o[0m
[151.406s] [ 58%] [32m[1mLinking CXX executable subscriber_member_function_with_topic_statistics[0m
[152.380s] [ 58%] Built target subscriber_member_function_with_topic_statistics
[171.313s] [ 62%] [32mBuilding CXX object CMakeFiles/wait_set_subscriber_library.dir/time_triggered_wait_set_subscriber.cpp.o[0m
[181.549s] [ 66%] [32mBuilding CXX object CMakeFiles/static_wait_set_subscriber.dir/rclcpp_components/node_main_static_wait_set_subscriber.cpp.o[0m
[183.628s] [ 70%] [32mBuilding CXX object CMakeFiles/wait_set_subscriber.dir/rclcpp_components/node_main_wait_set_subscriber.cpp.o[0m
[185.802s] [ 75%] [32mBuilding CXX object CMakeFiles/subscriber_member_function.dir/member_function.cpp.o[0m
[192.628s] [ 79%] [32m[1mLinking CXX executable static_wait_set_subscriber[0m
[193.331s] [ 79%] Built target static_wait_set_subscriber
[195.252s] [ 83%] [32m[1mLinking CXX executable wait_set_subscriber[0m
[195.738s] [ 83%] Built target wait_set_subscriber
[196.609s] [ 87%] [32m[1mLinking CXX shared library libwait_set_subscriber_library.so[0m
[198.672s] [ 87%] Built target wait_set_subscriber_library
[209.307s] [ 91%] [32m[1mLinking CXX executable subscriber_member_function[0m
[210.311s] [ 91%] Built target subscriber_member_function
[210.463s] [ 95%] [32mBuilding CXX object CMakeFiles/time_triggered_wait_set_subscriber.dir/rclcpp_components/node_main_time_triggered_wait_set_subscriber.cpp.o[0m
[219.422s] [100%] [32m[1mLinking CXX executable time_triggered_wait_set_subscriber[0m
[219.807s] [100%] Built target time_triggered_wait_set_subscriber
[219.874s] Invoked command in '/home/yahboom/Desktop/team_repo/Lab7/wallaa2/prelab/intro_ws/build/examples_rclcpp_minimal_subscriber' returned '0': CMAKE_PREFIX_PATH=${CMAKE_PREFIX_PATH}:/home/yahboom/cartoros2/install/yahboomcar_nav:/home/yahboom/cartoros2/install/yahboomcar_ctrl:/home/yahboom/cartoros2/install/yahboom_visual:/home/yahboom/cartoros2/install/yahboom_dog_joint_state:/home/yahboom/cartoros2/install/yahboom_description:/home/yahboom/cartoros2/install/yahboom_color_identify_server:/home/yahboom/cartoros2/install/yahboom_bringup:/home/yahboom/cartoros2/install/yahboom_base:/home/yahboom/cartoros2/install/yahboom_app_save_map:/home/yahboom/cartoros2/install/update_map:/home/yahboom/cartoros2/install/rosboard:/home/yahboom/cartoros2/install/path_planner_server:/home/yahboom/cartoros2/install/nav2_simple_commander:/home/yahboom/cartoros2/install/nav2_gazebo_spawner:/home/yahboom/cartoros2/install/localization_server:/home/yahboom/cartoros2/install/laserscan_to_point_pulisher:/home/yahboom/yahboomcar_ws/install/yahboom_dog_example:/opt/ros/humble /usr/bin/cmake --build /home/yahboom/Desktop/team_repo/Lab7/wallaa2/prelab/intro_ws/build/examples_rclcpp_minimal_subscriber -- -j4 -l4
[219.875s] Invoking command in '/home/yahboom/Desktop/team_repo/Lab7/wallaa2/prelab/intro_ws/build/examples_rclcpp_minimal_subscriber': CMAKE_PREFIX_PATH=${CMAKE_PREFIX_PATH}:/home/yahboom/cartoros2/install/yahboomcar_nav:/home/yahboom/cartoros2/install/yahboomcar_ctrl:/home/yahboom/cartoros2/install/yahboom_visual:/home/yahboom/cartoros2/install/yahboom_dog_joint_state:/home/yahboom/cartoros2/install/yahboom_description:/home/yahboom/cartoros2/install/yahboom_color_identify_server:/home/yahboom/cartoros2/install/yahboom_bringup:/home/yahboom/cartoros2/install/yahboom_base:/home/yahboom/cartoros2/install/yahboom_app_save_map:/home/yahboom/cartoros2/install/update_map:/home/yahboom/cartoros2/install/rosboard:/home/yahboom/cartoros2/install/path_planner_server:/home/yahboom/cartoros2/install/nav2_simple_commander:/home/yahboom/cartoros2/install/nav2_gazebo_spawner:/home/yahboom/cartoros2/install/localization_server:/home/yahboom/cartoros2/install/laserscan_to_point_pulisher:/home/yahboom/yahboomcar_ws/install/yahboom_dog_example:/opt/ros/humble /usr/bin/cmake --install /home/yahboom/Desktop/team_repo/Lab7/wallaa2/prelab/intro_ws/build/examples_rclcpp_minimal_subscriber
[219.924s] -- Install configuration: ""
[219.925s] -- Installing: /home/yahboom/Desktop/team_repo/Lab7/wallaa2/prelab/intro_ws/install/examples_rclcpp_minimal_subscriber/lib/examples_rclcpp_minimal_subscriber/wait_set_subscriber
[219.928s] -- Set runtime path of "/home/yahboom/Desktop/team_repo/Lab7/wallaa2/prelab/intro_ws/install/examples_rclcpp_minimal_subscriber/lib/examples_rclcpp_minimal_subscriber/wait_set_subscriber" to ""
[219.928s] -- Installing: /home/yahboom/Desktop/team_repo/Lab7/wallaa2/prelab/intro_ws/install/examples_rclcpp_minimal_subscriber/lib/examples_rclcpp_minimal_subscriber/static_wait_set_subscriber
[219.930s] -- Set runtime path of "/home/yahboom/Desktop/team_repo/Lab7/wallaa2/prelab/intro_ws/install/examples_rclcpp_minimal_subscriber/lib/examples_rclcpp_minimal_subscriber/static_wait_set_subscriber" to ""
[219.930s] -- Installing: /home/yahboom/Desktop/team_repo/Lab7/wallaa2/prelab/intro_ws/install/examples_rclcpp_minimal_subscriber/lib/examples_rclcpp_minimal_subscriber/time_triggered_wait_set_subscriber
[219.931s] -- Set runtime path of "/home/yahboom/Desktop/team_repo/Lab7/wallaa2/prelab/intro_ws/install/examples_rclcpp_minimal_subscriber/lib/examples_rclcpp_minimal_subscriber/time_triggered_wait_set_subscriber" to ""
[219.932s] -- Installing: /home/yahboom/Desktop/team_repo/Lab7/wallaa2/prelab/intro_ws/install/examples_rclcpp_minimal_subscriber/lib/libwait_set_subscriber_library.so
[219.956s] -- Set runtime path of "/home/yahboom/Desktop/team_repo/Lab7/wallaa2/prelab/intro_ws/install/examples_rclcpp_minimal_subscriber/lib/libwait_set_subscriber_library.so" to ""
[219.956s] -- Installing: /home/yahboom/Desktop/team_repo/Lab7/wallaa2/prelab/intro_ws/install/examples_rclcpp_minimal_subscriber/lib/examples_rclcpp_minimal_subscriber/subscriber_lambda
[219.979s] -- Set runtime path of "/home/yahboom/Desktop/team_repo/Lab7/wallaa2/prelab/intro_ws/install/examples_rclcpp_minimal_subscriber/lib/examples_rclcpp_minimal_subscriber/subscriber_lambda" to ""
[219.981s] -- Installing: /home/yahboom/Desktop/team_repo/Lab7/wallaa2/prelab/intro_ws/install/examples_rclcpp_minimal_subscriber/lib/examples_rclcpp_minimal_subscriber/subscriber_member_function
[219.994s] -- Set runtime path of "/home/yahboom/Desktop/team_repo/Lab7/wallaa2/prelab/intro_ws/install/examples_rclcpp_minimal_subscriber/lib/examples_rclcpp_minimal_subscriber/subscriber_member_function" to ""
[219.994s] -- Installing: /home/yahboom/Desktop/team_repo/Lab7/wallaa2/prelab/intro_ws/install/examples_rclcpp_minimal_subscriber/lib/examples_rclcpp_minimal_subscriber/subscriber_member_function_with_topic_statistics
[220.006s] -- Set runtime path of "/home/yahboom/Desktop/team_repo/Lab7/wallaa2/prelab/intro_ws/install/examples_rclcpp_minimal_subscriber/lib/examples_rclcpp_minimal_subscriber/subscriber_member_function_with_topic_statistics" to ""
[220.007s] -- Installing: /home/yahboom/Desktop/team_repo/Lab7/wallaa2/prelab/intro_ws/install/examples_rclcpp_minimal_subscriber/lib/examples_rclcpp_minimal_subscriber/subscriber_member_function_with_type_adapter
[220.022s] -- Set runtime path of "/home/yahboom/Desktop/team_repo/Lab7/wallaa2/prelab/intro_ws/install/examples_rclcpp_minimal_subscriber/lib/examples_rclcpp_minimal_subscriber/subscriber_member_function_with_type_adapter" to ""
[220.022s] -- Installing: /home/yahboom/Desktop/team_repo/Lab7/wallaa2/prelab/intro_ws/install/examples_rclcpp_minimal_subscriber/lib/examples_rclcpp_minimal_subscriber/subscriber_member_function_with_unique_network_flow_endpoints
[220.045s] -- Set runtime path of "/home/yahboom/Desktop/team_repo/Lab7/wallaa2/prelab/intro_ws/install/examples_rclcpp_minimal_subscriber/lib/examples_rclcpp_minimal_subscriber/subscriber_member_function_with_unique_network_flow_endpoints" to ""
[220.045s] -- Installing: /home/yahboom/Desktop/team_repo/Lab7/wallaa2/prelab/intro_ws/install/examples_rclcpp_minimal_subscriber/lib/examples_rclcpp_minimal_subscriber/subscriber_not_composable
[220.057s] -- Set runtime path of "/home/yahboom/Desktop/team_repo/Lab7/wallaa2/prelab/intro_ws/install/examples_rclcpp_minimal_subscriber/lib/examples_rclcpp_minimal_subscriber/subscriber_not_composable" to ""
[220.057s] -- Installing: /home/yahboom/Desktop/team_repo/Lab7/wallaa2/prelab/intro_ws/install/examples_rclcpp_minimal_subscriber/lib/examples_rclcpp_minimal_subscriber/subscriber_content_filtering
[220.067s] -- Set runtime path of "/home/yahboom/Desktop/team_repo/Lab7/wallaa2/prelab/intro_ws/install/examples_rclcpp_minimal_subscriber/lib/examples_rclcpp_minimal_subscriber/subscriber_content_filtering" to ""
[220.068s] -- Installing: /home/yahboom/Desktop/team_repo/Lab7/wallaa2/prelab/intro_ws/install/examples_rclcpp_minimal_subscriber/share/ament_index/resource_index/package_run_dependencies/examples_rclcpp_minimal_subscriber
[220.070s] -- Installing: /home/yahboom/Desktop/team_repo/Lab7/wallaa2/prelab/intro_ws/install/examples_rclcpp_minimal_subscriber/share/ament_index/resource_index/parent_prefix_path/examples_rclcpp_minimal_subscriber
[220.071s] -- Installing: /home/yahboom/Desktop/team_repo/Lab7/wallaa2/prelab/intro_ws/install/examples_rclcpp_minimal_subscriber/share/examples_rclcpp_minimal_subscriber/environment/ament_prefix_path.sh
[220.071s] -- Installing: /home/yahboom/Desktop/team_repo/Lab7/wallaa2/prelab/intro_ws/install/examples_rclcpp_minimal_subscriber/share/examples_rclcpp_minimal_subscriber/environment/ament_prefix_path.dsv
[220.072s] -- Installing: /home/yahboom/Desktop/team_repo/Lab7/wallaa2/prelab/intro_ws/install/examples_rclcpp_minimal_subscriber/share/examples_rclcpp_minimal_subscriber/environment/path.sh
[220.072s] -- Installing: /home/yahboom/Desktop/team_repo/Lab7/wallaa2/prelab/intro_ws/install/examples_rclcpp_minimal_subscriber/share/examples_rclcpp_minimal_subscriber/environment/path.dsv
[220.073s] -- Installing: /home/yahboom/Desktop/team_repo/Lab7/wallaa2/prelab/intro_ws/install/examples_rclcpp_minimal_subscriber/share/examples_rclcpp_minimal_subscriber/local_setup.bash
[220.075s] -- Installing: /home/yahboom/Desktop/team_repo/Lab7/wallaa2/prelab/intro_ws/install/examples_rclcpp_minimal_subscriber/share/examples_rclcpp_minimal_subscriber/local_setup.sh
[220.075s] -- Installing: /home/yahboom/Desktop/team_repo/Lab7/wallaa2/prelab/intro_ws/install/examples_rclcpp_minimal_subscriber/share/examples_rclcpp_minimal_subscriber/local_setup.zsh
[220.075s] -- Installing: /home/yahboom/Desktop/team_repo/Lab7/wallaa2/prelab/intro_ws/install/examples_rclcpp_minimal_subscriber/share/examples_rclcpp_minimal_subscriber/local_setup.dsv
[220.076s] -- Installing: /home/yahboom/Desktop/team_repo/Lab7/wallaa2/prelab/intro_ws/install/examples_rclcpp_minimal_subscriber/share/examples_rclcpp_minimal_subscriber/package.dsv
[220.077s] -- Installing: /home/yahboom/Desktop/team_repo/Lab7/wallaa2/prelab/intro_ws/install/examples_rclcpp_minimal_subscriber/share/ament_index/resource_index/packages/examples_rclcpp_minimal_subscriber
[220.079s] -- Installing: /home/yahboom/Desktop/team_repo/Lab7/wallaa2/prelab/intro_ws/install/examples_rclcpp_minimal_subscriber/share/ament_index/resource_index/rclcpp_components/examples_rclcpp_minimal_subscriber
[220.080s] -- Installing: /home/yahboom/Desktop/team_repo/Lab7/wallaa2/prelab/intro_ws/install/examples_rclcpp_minimal_subscriber/share/examples_rclcpp_minimal_subscriber/cmake/examples_rclcpp_minimal_subscriberConfig.cmake
[220.081s] -- Installing: /home/yahboom/Desktop/team_repo/Lab7/wallaa2/prelab/intro_ws/install/examples_rclcpp_minimal_subscriber/share/examples_rclcpp_minimal_subscriber/cmake/examples_rclcpp_minimal_subscriberConfig-version.cmake
[220.081s] -- Installing: /home/yahboom/Desktop/team_repo/Lab7/wallaa2/prelab/intro_ws/install/examples_rclcpp_minimal_subscriber/share/examples_rclcpp_minimal_subscriber/package.xml
[220.088s] Invoked command in '/home/yahboom/Desktop/team_repo/Lab7/wallaa2/prelab/intro_ws/build/examples_rclcpp_minimal_subscriber' returned '0': CMAKE_PREFIX_PATH=${CMAKE_PREFIX_PATH}:/home/yahboom/cartoros2/install/yahboomcar_nav:/home/yahboom/cartoros2/install/yahboomcar_ctrl:/home/yahboom/cartoros2/install/yahboom_visual:/home/yahboom/cartoros2/install/yahboom_dog_joint_state:/home/yahboom/cartoros2/install/yahboom_description:/home/yahboom/cartoros2/install/yahboom_color_identify_server:/home/yahboom/cartoros2/install/yahboom_bringup:/home/yahboom/cartoros2/install/yahboom_base:/home/yahboom/cartoros2/install/yahboom_app_save_map:/home/yahboom/cartoros2/install/update_map:/home/yahboom/cartoros2/install/rosboard:/home/yahboom/cartoros2/install/path_planner_server:/home/yahboom/cartoros2/install/nav2_simple_commander:/home/yahboom/cartoros2/install/nav2_gazebo_spawner:/home/yahboom/cartoros2/install/localization_server:/home/yahboom/cartoros2/install/laserscan_to_point_pulisher:/home/yahboom/yahboomcar_ws/install/yahboom_dog_example:/opt/ros/humble /usr/bin/cmake --install /home/yahboom/Desktop/team_repo/Lab7/wallaa2/prelab/intro_ws/build/examples_rclcpp_minimal_subscriber
