[0.872s] Invoking command in '/home/yahboom/Desktop/intro_ws/src/python_parameters': PYTHONPATH=/home/yahboom/Desktop/intro_ws/build/python_parameters/prefix_override:/home/yahboom/Desktop/intro_ws/install/python_parameters/lib/python3.10/site-packages:${PYTHONPATH} /usr/bin/python3 -W ignore:setup.py install is deprecated setup.py egg_info --egg-base ../../build/python_parameters build --build-base /home/yahboom/Desktop/intro_ws/build/python_parameters/build install --record /home/yahboom/Desktop/intro_ws/build/python_parameters/install.log --single-version-externally-managed install_data
[1.177s] running egg_info
[1.177s] writing ../../build/python_parameters/UNKNOWN.egg-info/PKG-INFO
[1.177s] writing dependency_links to ../../build/python_parameters/UNKNOWN.egg-info/dependency_links.txt
[1.178s] writing top-level names to ../../build/python_parameters/UNKNOWN.egg-info/top_level.txt
[1.179s] reading manifest file '../../build/python_parameters/UNKNOWN.egg-info/SOURCES.txt'
[1.180s] writing manifest file '../../build/python_parameters/UNKNOWN.egg-info/SOURCES.txt'
[1.180s] running build
[1.180s] running install
[1.182s] running install_data
[1.182s] running install_egg_info
[1.184s] removing '/home/yahboom/Desktop/intro_ws/install/python_parameters/lib/python3.10/site-packages/UNKNOWN-0.0.0-py3.10.egg-info' (and everything under it)
[1.185s] Copying ../../build/python_parameters/UNKNOWN.egg-info to /home/yahboom/Desktop/intro_ws/install/python_parameters/lib/python3.10/site-packages/UNKNOWN-0.0.0-py3.10.egg-info
[1.186s] running install_scripts
[1.218s] writing list of installed files to '/home/yahboom/Desktop/intro_ws/build/python_parameters/install.log'
[1.227s] running egg_info
[1.228s] writing ../../build/python_parameters/python_parameters.egg-info/PKG-INFO
[1.229s] writing dependency_links to ../../build/python_parameters/python_parameters.egg-info/dependency_links.txt
[1.233s] writing entry points to ../../build/python_parameters/python_parameters.egg-info/entry_points.txt
[1.238s] writing requirements to ../../build/python_parameters/python_parameters.egg-info/requires.txt
[1.240s] writing top-level names to ../../build/python_parameters/python_parameters.egg-info/top_level.txt
[1.241s] reading manifest file '../../build/python_parameters/python_parameters.egg-info/SOURCES.txt'
[1.244s] writing manifest file '../../build/python_parameters/python_parameters.egg-info/SOURCES.txt'
[1.244s] running build
[1.245s] running build_py
[1.245s] copying python_parameters/python_parameters_node.py -> /home/yahboom/Desktop/intro_ws/build/python_parameters/build/lib/python_parameters
[1.245s] running install
[1.245s] running install_lib
[1.245s] copying /home/yahboom/Desktop/intro_ws/build/python_parameters/build/lib/python_parameters/python_parameters_node.py -> /home/yahboom/Desktop/intro_ws/install/python_parameters/lib/python3.10/site-packages/python_parameters
[1.245s] byte-compiling /home/yahboom/Desktop/intro_ws/install/python_parameters/lib/python3.10/site-packages/python_parameters/python_parameters_node.py to python_parameters_node.cpython-310.pyc
[1.245s] Sorry: TabError: inconsistent use of tabs and spaces in indentation (python_parameters_node.py, line 12)
[1.247s] running install_data
[1.247s] running install_egg_info
[1.247s] removing '/home/yahboom/Desktop/intro_ws/install/python_parameters/lib/python3.10/site-packages/python_parameters-0.0.0-py3.10.egg-info' (and everything under it)
[1.251s] Copying ../../build/python_parameters/python_parameters.egg-info to /home/yahboom/Desktop/intro_ws/install/python_parameters/lib/python3.10/site-packages/python_parameters-0.0.0-py3.10.egg-info
[1.252s] running install_scripts
[1.253s] Installing minimal_param_node script to /home/yahboom/Desktop/intro_ws/install/python_parameters/lib/python_parameters
[1.253s] writing list of installed files to '/home/yahboom/Desktop/intro_ws/build/python_parameters/install.log'
[1.285s] Invoked command in '/home/yahboom/Desktop/intro_ws/src/python_parameters' returned '0': PYTHONPATH=/home/yahboom/Desktop/intro_ws/build/python_parameters/prefix_override:/home/yahboom/Desktop/intro_ws/install/python_parameters/lib/python3.10/site-packages:${PYTHONPATH} /usr/bin/python3 -W ignore:setup.py install is deprecated setup.py egg_info --egg-base ../../build/python_parameters build --build-base /home/yahboom/Desktop/intro_ws/build/python_parameters/build install --record /home/yahboom/Desktop/intro_ws/build/python_parameters/install.log --single-version-externally-managed install_data
