[0.074s] Invoking command in '/home/yahboom/S26_RobotProgramming_Eloquent_Elusor/Lab4/so/roscourse_ws/build/turtle_interfaces': CMAKE_PREFIX_PATH=${CMAKE_PREFIX_PATH}:/home/yahboom/cartoros2/install/yahboomcar_nav:/home/yahboom/cartoros2/install/yahboomcar_ctrl:/home/yahboom/cartoros2/install/yahboom_visual:/home/yahboom/cartoros2/install/yahboom_dog_joint_state:/home/yahboom/cartoros2/install/yahboom_description:/home/yahboom/cartoros2/install/yahboom_color_identify_server:/home/yahboom/cartoros2/install/yahboom_bringup:/home/yahboom/cartoros2/install/yahboom_base:/home/yahboom/cartoros2/install/yahboom_app_save_map:/home/yahboom/cartoros2/install/update_map:/home/yahboom/cartoros2/install/rosboard:/home/yahboom/cartoros2/install/path_planner_server:/home/yahboom/cartoros2/install/nav2_simple_commander:/home/yahboom/cartoros2/install/nav2_gazebo_spawner:/home/yahboom/cartoros2/install/localization_server:/home/yahboom/cartoros2/install/laserscan_to_point_pulisher:/home/yahboom/yahboomcar_ws/install/yahboom_dog_example:/opt/ros/humble /usr/bin/cmake /home/yahboom/S26_RobotProgramming_Eloquent_Elusor/Lab4/so/roscourse_ws/src/turtle_interfaces -DCMAKE_INSTALL_PREFIX=/home/yahboom/S26_RobotProgramming_Eloquent_Elusor/Lab4/so/roscourse_ws/install/turtle_interfaces
[0.662s] -- The C compiler identification is GNU 11.4.0
[0.705s] -- The CXX compiler identification is GNU 11.4.0
[0.734s] -- Detecting C compiler ABI info
[0.989s] -- Detecting C compiler ABI info - done
[0.996s] -- Check for working C compiler: /usr/bin/cc - skipped
[0.998s] -- Detecting C compile features
[0.999s] -- Detecting C compile features - done
[1.006s] -- Detecting CXX compiler ABI info
[1.257s] -- Detecting CXX compiler ABI info - done
[1.270s] -- Check for working CXX compiler: /usr/bin/c++ - skipped
[1.271s] -- Detecting CXX compile features
[1.271s] -- Detecting CXX compile features - done
[1.311s] -- Found ament_cmake: 1.3.8 (/opt/ros/humble/share/ament_cmake/cmake)
[1.847s] -- Found Python3: /usr/bin/python3 (found version "3.10.12") found components: Interpreter 
[2.421s] -- Found ament_lint_auto: 0.12.10 (/opt/ros/humble/share/ament_lint_auto/cmake)
[2.765s] -- Found geometry_msgs: 4.2.3 (/opt/ros/humble/share/geometry_msgs/cmake)
[3.023s] -- Found rosidl_generator_c: 3.1.5 (/opt/ros/humble/share/rosidl_generator_c/cmake)
[3.068s] -- Found rosidl_adapter: 3.1.5 (/opt/ros/humble/share/rosidl_adapter/cmake)
[3.117s] -- Found rosidl_generator_cpp: 3.1.5 (/opt/ros/humble/share/rosidl_generator_cpp/cmake)
[3.200s] -- Using all available rosidl_typesupport_c: rosidl_typesupport_fastrtps_c;rosidl_typesupport_introspection_c
[3.302s] -- Using all available rosidl_typesupport_cpp: rosidl_typesupport_fastrtps_cpp;rosidl_typesupport_introspection_cpp
[3.574s] -- Found rosidl_default_generators: 1.2.0 (/opt/ros/humble/share/rosidl_default_generators/cmake)
[4.104s] -- Found ament_cmake_ros: 0.10.0 (/opt/ros/humble/share/ament_cmake_ros/cmake)
[4.947s] -- Using all available rosidl_typesupport_c: rosidl_typesupport_fastrtps_c;rosidl_typesupport_introspection_c
[5.282s] -- Using all available rosidl_typesupport_cpp: rosidl_typesupport_fastrtps_cpp;rosidl_typesupport_introspection_cpp
[5.360s] -- Found PythonInterp: /usr/bin/python3 (found suitable version "3.10.12", minimum required is "3.6") 
[5.381s] -- Found python_cmake_module: 0.10.0 (/opt/ros/humble/share/python_cmake_module/cmake)
[5.476s] -- Found PythonLibs: /usr/lib/x86_64-linux-gnu/libpython3.10.so (found suitable version "3.10.12", minimum required is "3.5") 
[5.476s] -- Using PYTHON_EXECUTABLE: /usr/bin/python3
[5.476s] -- Using PYTHON_INCLUDE_DIRS: /usr/include/python3.10
[5.476s] -- Using PYTHON_LIBRARIES: /usr/lib/x86_64-linux-gnu/libpython3.10.so
[5.518s] -- Found PythonExtra: .so  
[5.726s] -- Added test 'lint_cmake' to check CMake code style
[5.732s] -- Added test 'xmllint' to check XML markup files
[5.753s] -- Configuring done
[5.820s] -- Generating done
[5.824s] -- Build files have been written to: /home/yahboom/S26_RobotProgramming_Eloquent_Elusor/Lab4/so/roscourse_ws/build/turtle_interfaces
[5.837s] Invoked command in '/home/yahboom/S26_RobotProgramming_Eloquent_Elusor/Lab4/so/roscourse_ws/build/turtle_interfaces' returned '0': CMAKE_PREFIX_PATH=${CMAKE_PREFIX_PATH}:/home/yahboom/cartoros2/install/yahboomcar_nav:/home/yahboom/cartoros2/install/yahboomcar_ctrl:/home/yahboom/cartoros2/install/yahboom_visual:/home/yahboom/cartoros2/install/yahboom_dog_joint_state:/home/yahboom/cartoros2/install/yahboom_description:/home/yahboom/cartoros2/install/yahboom_color_identify_server:/home/yahboom/cartoros2/install/yahboom_bringup:/home/yahboom/cartoros2/install/yahboom_base:/home/yahboom/cartoros2/install/yahboom_app_save_map:/home/yahboom/cartoros2/install/update_map:/home/yahboom/cartoros2/install/rosboard:/home/yahboom/cartoros2/install/path_planner_server:/home/yahboom/cartoros2/install/nav2_simple_commander:/home/yahboom/cartoros2/install/nav2_gazebo_spawner:/home/yahboom/cartoros2/install/localization_server:/home/yahboom/cartoros2/install/laserscan_to_point_pulisher:/home/yahboom/yahboomcar_ws/install/yahboom_dog_example:/opt/ros/humble /usr/bin/cmake /home/yahboom/S26_RobotProgramming_Eloquent_Elusor/Lab4/so/roscourse_ws/src/turtle_interfaces -DCMAKE_INSTALL_PREFIX=/home/yahboom/S26_RobotProgramming_Eloquent_Elusor/Lab4/so/roscourse_ws/install/turtle_interfaces
[5.841s] Invoking command in '/home/yahboom/S26_RobotProgramming_Eloquent_Elusor/Lab4/so/roscourse_ws/build/turtle_interfaces': CMAKE_PREFIX_PATH=${CMAKE_PREFIX_PATH}:/home/yahboom/cartoros2/install/yahboomcar_nav:/home/yahboom/cartoros2/install/yahboomcar_ctrl:/home/yahboom/cartoros2/install/yahboom_visual:/home/yahboom/cartoros2/install/yahboom_dog_joint_state:/home/yahboom/cartoros2/install/yahboom_description:/home/yahboom/cartoros2/install/yahboom_color_identify_server:/home/yahboom/cartoros2/install/yahboom_bringup:/home/yahboom/cartoros2/install/yahboom_base:/home/yahboom/cartoros2/install/yahboom_app_save_map:/home/yahboom/cartoros2/install/update_map:/home/yahboom/cartoros2/install/rosboard:/home/yahboom/cartoros2/install/path_planner_server:/home/yahboom/cartoros2/install/nav2_simple_commander:/home/yahboom/cartoros2/install/nav2_gazebo_spawner:/home/yahboom/cartoros2/install/localization_server:/home/yahboom/cartoros2/install/laserscan_to_point_pulisher:/home/yahboom/yahboomcar_ws/install/yahboom_dog_example:/opt/ros/humble /usr/bin/cmake --build /home/yahboom/S26_RobotProgramming_Eloquent_Elusor/Lab4/so/roscourse_ws/build/turtle_interfaces -- -j4 -l4
[5.969s] [  2%] [34m[1mGenerating C code for ROS interfaces[0m
[5.992s] [  4%] [34m[1mGenerating C++ code for ROS interfaces[0m
[6.021s] [  4%] Built target ament_cmake_python_copy_turtle_interfaces
[6.519s] running egg_info
[6.521s] creating turtle_interfaces.egg-info
[6.521s] writing turtle_interfaces.egg-info/PKG-INFO
[6.521s] writing dependency_links to turtle_interfaces.egg-info/dependency_links.txt
[6.522s] writing top-level names to turtle_interfaces.egg-info/top_level.txt
[6.522s] writing manifest file 'turtle_interfaces.egg-info/SOURCES.txt'
[6.523s] reading manifest file 'turtle_interfaces.egg-info/SOURCES.txt'
[6.524s] writing manifest file 'turtle_interfaces.egg-info/SOURCES.txt'
[6.582s] [  4%] Built target ament_cmake_python_build_turtle_interfaces_egg
[6.695s] [  4%] Built target turtle_interfaces__cpp
[6.732s] [  6%] [34m[1mGenerating C++ type support dispatch for ROS interfaces[0m
[6.742s] [  8%] [34m[1mGenerating C++ type support for eProsima Fast-RTPS[0m
[6.747s] [ 10%] [34m[1mGenerating C++ introspection for ROS interfaces[0m
[6.956s] [ 12%] [32mBuilding C object CMakeFiles/turtle_interfaces__rosidl_generator_c.dir/rosidl_generator_c/turtle_interfaces/msg/detail/turtle_msg__functions.c.o[0m
[7.142s] [ 14%] [32mBuilding C object CMakeFiles/turtle_interfaces__rosidl_generator_c.dir/rosidl_generator_c/turtle_interfaces/srv/detail/set_pose__functions.c.o[0m
[7.270s] [ 17%] [32mBuilding C object CMakeFiles/turtle_interfaces__rosidl_generator_c.dir/rosidl_generator_c/turtle_interfaces/srv/detail/set_color__functions.c.o[0m
[7.352s] [ 19%] [32mBuilding CXX object CMakeFiles/turtle_interfaces__rosidl_typesupport_cpp.dir/rosidl_typesupport_cpp/turtle_interfaces/msg/turtle_msg__type_support.cpp.o[0m
[7.383s] [ 21%] [32m[1mLinking C shared library libturtle_interfaces__rosidl_generator_c.so[0m
[7.475s] [ 23%] [32mBuilding CXX object CMakeFiles/turtle_interfaces__rosidl_typesupport_fastrtps_cpp.dir/rosidl_typesupport_fastrtps_cpp/turtle_interfaces/msg/detail/dds_fastrtps/turtle_msg__type_support.cpp.o[0m
[7.499s] [ 25%] [32mBuilding CXX object CMakeFiles/turtle_interfaces__rosidl_typesupport_introspection_cpp.dir/rosidl_typesupport_introspection_cpp/turtle_interfaces/msg/detail/turtle_msg__type_support.cpp.o[0m
[7.501s] [ 25%] Built target turtle_interfaces__rosidl_generator_c
[7.529s] [ 27%] [32mBuilding CXX object CMakeFiles/turtle_interfaces__rosidl_typesupport_cpp.dir/rosidl_typesupport_cpp/turtle_interfaces/srv/set_pose__type_support.cpp.o[0m
[8.308s] [ 29%] [32mBuilding CXX object CMakeFiles/turtle_interfaces__rosidl_typesupport_cpp.dir/rosidl_typesupport_cpp/turtle_interfaces/srv/set_color__type_support.cpp.o[0m
[8.406s] [ 31%] [32mBuilding CXX object CMakeFiles/turtle_interfaces__rosidl_typesupport_introspection_cpp.dir/rosidl_typesupport_introspection_cpp/turtle_interfaces/srv/detail/set_pose__type_support.cpp.o[0m
[8.760s] [ 34%] [32mBuilding CXX object CMakeFiles/turtle_interfaces__rosidl_typesupport_fastrtps_cpp.dir/rosidl_typesupport_fastrtps_cpp/turtle_interfaces/srv/detail/dds_fastrtps/set_pose__type_support.cpp.o[0m
[8.766s] [ 36%] [32m[1mLinking CXX shared library libturtle_interfaces__rosidl_typesupport_cpp.so[0m
[8.881s] [ 36%] Built target turtle_interfaces__rosidl_typesupport_cpp
[8.884s] [ 38%] [34m[1mGenerating C type support for eProsima Fast-RTPS[0m
[8.912s] [ 40%] [32mBuilding CXX object CMakeFiles/turtle_interfaces__rosidl_typesupport_introspection_cpp.dir/rosidl_typesupport_introspection_cpp/turtle_interfaces/srv/detail/set_color__type_support.cpp.o[0m
[9.247s] [ 42%] [32mBuilding CXX object CMakeFiles/turtle_interfaces__rosidl_typesupport_fastrtps_cpp.dir/rosidl_typesupport_fastrtps_cpp/turtle_interfaces/srv/detail/dds_fastrtps/set_color__type_support.cpp.o[0m
[9.459s] [ 44%] [34m[1mGenerating C introspection for ROS interfaces[0m
[9.574s] [ 46%] [32m[1mLinking CXX shared library libturtle_interfaces__rosidl_typesupport_introspection_cpp.so[0m
[9.663s] [ 48%] [32mBuilding CXX object CMakeFiles/turtle_interfaces__rosidl_typesupport_fastrtps_c.dir/rosidl_typesupport_fastrtps_c/turtle_interfaces/msg/detail/turtle_msg__type_support_c.cpp.o[0m
[9.747s] [ 48%] Built target turtle_interfaces__rosidl_typesupport_introspection_cpp
[9.772s] [ 51%] [32mBuilding CXX object CMakeFiles/turtle_interfaces__rosidl_typesupport_fastrtps_c.dir/rosidl_typesupport_fastrtps_c/turtle_interfaces/srv/detail/set_pose__type_support_c.cpp.o[0m
[9.889s] [ 53%] [32m[1mLinking CXX shared library libturtle_interfaces__rosidl_typesupport_fastrtps_cpp.so[0m
[10.078s] [ 53%] Built target turtle_interfaces__rosidl_typesupport_fastrtps_cpp
[10.111s] [ 55%] [32mBuilding CXX object CMakeFiles/turtle_interfaces__rosidl_typesupport_fastrtps_c.dir/rosidl_typesupport_fastrtps_c/turtle_interfaces/srv/detail/set_color__type_support_c.cpp.o[0m
[10.208s] [ 57%] [32mBuilding C object CMakeFiles/turtle_interfaces__rosidl_typesupport_introspection_c.dir/rosidl_typesupport_introspection_c/turtle_interfaces/msg/detail/turtle_msg__type_support.c.o[0m
[10.248s] [ 59%] [32mBuilding C object CMakeFiles/turtle_interfaces__rosidl_typesupport_introspection_c.dir/rosidl_typesupport_introspection_c/turtle_interfaces/srv/detail/set_pose__type_support.c.o[0m
[10.309s] [ 61%] [34m[1mGenerating C type support dispatch for ROS interfaces[0m
[10.354s] [ 63%] [32mBuilding C object CMakeFiles/turtle_interfaces__rosidl_typesupport_introspection_c.dir/rosidl_typesupport_introspection_c/turtle_interfaces/srv/detail/set_color__type_support.c.o[0m
[10.464s] [ 65%] [32m[1mLinking C shared library libturtle_interfaces__rosidl_typesupport_introspection_c.so[0m
[10.560s] [ 65%] Built target turtle_interfaces__rosidl_typesupport_introspection_c
[10.618s] [ 68%] [32m[1mLinking CXX shared library libturtle_interfaces__rosidl_typesupport_fastrtps_c.so[0m
[10.748s] [ 68%] Built target turtle_interfaces__rosidl_typesupport_fastrtps_c
[10.782s] [ 70%] [32mBuilding CXX object CMakeFiles/turtle_interfaces__rosidl_typesupport_c.dir/rosidl_typesupport_c/turtle_interfaces/srv/set_color__type_support.cpp.o[0m
[10.782s] [ 72%] [32mBuilding CXX object CMakeFiles/turtle_interfaces__rosidl_typesupport_c.dir/rosidl_typesupport_c/turtle_interfaces/msg/turtle_msg__type_support.cpp.o[0m
[10.782s] [ 74%] [32mBuilding CXX object CMakeFiles/turtle_interfaces__rosidl_typesupport_c.dir/rosidl_typesupport_c/turtle_interfaces/srv/set_pose__type_support.cpp.o[0m
[10.857s] [ 76%] [32m[1mLinking CXX shared library libturtle_interfaces__rosidl_typesupport_c.so[0m
[10.965s] [ 76%] Built target turtle_interfaces__rosidl_typesupport_c
[11.042s] [ 76%] Built target turtle_interfaces
[11.093s] [ 78%] [34m[1mGenerating Python code for ROS interfaces[0m
[11.964s] [ 78%] Built target turtle_interfaces__py
[12.027s] [ 80%] [32mBuilding C object CMakeFiles/turtle_interfaces__rosidl_generator_py.dir/rosidl_generator_py/turtle_interfaces/srv/_set_color_s.c.o[0m
[12.028s] [ 82%] [32mBuilding C object CMakeFiles/turtle_interfaces__rosidl_generator_py.dir/rosidl_generator_py/turtle_interfaces/msg/_turtle_msg_s.c.o[0m
[12.028s] [ 85%] [32mBuilding C object CMakeFiles/turtle_interfaces__rosidl_generator_py.dir/rosidl_generator_py/turtle_interfaces/srv/_set_pose_s.c.o[0m
[12.307s] [ 87%] [32m[1mLinking C shared library rosidl_generator_py/turtle_interfaces/libturtle_interfaces__rosidl_generator_py.so[0m
[12.404s] [ 87%] Built target turtle_interfaces__rosidl_generator_py
[12.464s] [ 89%] [32mBuilding C object CMakeFiles/turtle_interfaces__rosidl_typesupport_fastrtps_c__pyext.dir/rosidl_generator_py/turtle_interfaces/_turtle_interfaces_s.ep.rosidl_typesupport_fastrtps_c.c.o[0m
[12.464s] [ 91%] [32mBuilding C object CMakeFiles/turtle_interfaces__rosidl_typesupport_c__pyext.dir/rosidl_generator_py/turtle_interfaces/_turtle_interfaces_s.ep.rosidl_typesupport_c.c.o[0m
[12.472s] [ 93%] [32mBuilding C object CMakeFiles/turtle_interfaces__rosidl_typesupport_introspection_c__pyext.dir/rosidl_generator_py/turtle_interfaces/_turtle_interfaces_s.ep.rosidl_typesupport_introspection_c.c.o[0m
[12.656s] [ 95%] [32m[1mLinking C shared library rosidl_generator_py/turtle_interfaces/turtle_interfaces_s__rosidl_typesupport_introspection_c.cpython-310-x86_64-linux-gnu.so[0m
[12.660s] [ 97%] [32m[1mLinking C shared library rosidl_generator_py/turtle_interfaces/turtle_interfaces_s__rosidl_typesupport_c.cpython-310-x86_64-linux-gnu.so[0m
[12.677s] [100%] [32m[1mLinking C shared library rosidl_generator_py/turtle_interfaces/turtle_interfaces_s__rosidl_typesupport_fastrtps_c.cpython-310-x86_64-linux-gnu.so[0m
[12.751s] [100%] Built target turtle_interfaces__rosidl_typesupport_introspection_c__pyext
[12.755s] [100%] Built target turtle_interfaces__rosidl_typesupport_c__pyext
[12.775s] [100%] Built target turtle_interfaces__rosidl_typesupport_fastrtps_c__pyext
[12.797s] Invoked command in '/home/yahboom/S26_RobotProgramming_Eloquent_Elusor/Lab4/so/roscourse_ws/build/turtle_interfaces' returned '0': CMAKE_PREFIX_PATH=${CMAKE_PREFIX_PATH}:/home/yahboom/cartoros2/install/yahboomcar_nav:/home/yahboom/cartoros2/install/yahboomcar_ctrl:/home/yahboom/cartoros2/install/yahboom_visual:/home/yahboom/cartoros2/install/yahboom_dog_joint_state:/home/yahboom/cartoros2/install/yahboom_description:/home/yahboom/cartoros2/install/yahboom_color_identify_server:/home/yahboom/cartoros2/install/yahboom_bringup:/home/yahboom/cartoros2/install/yahboom_base:/home/yahboom/cartoros2/install/yahboom_app_save_map:/home/yahboom/cartoros2/install/update_map:/home/yahboom/cartoros2/install/rosboard:/home/yahboom/cartoros2/install/path_planner_server:/home/yahboom/cartoros2/install/nav2_simple_commander:/home/yahboom/cartoros2/install/nav2_gazebo_spawner:/home/yahboom/cartoros2/install/localization_server:/home/yahboom/cartoros2/install/laserscan_to_point_pulisher:/home/yahboom/yahboomcar_ws/install/yahboom_dog_example:/opt/ros/humble /usr/bin/cmake --build /home/yahboom/S26_RobotProgramming_Eloquent_Elusor/Lab4/so/roscourse_ws/build/turtle_interfaces -- -j4 -l4
[13.232s] Invoking command in '/home/yahboom/S26_RobotProgramming_Eloquent_Elusor/Lab4/so/roscourse_ws/build/turtle_interfaces': CMAKE_PREFIX_PATH=${CMAKE_PREFIX_PATH}:/home/yahboom/cartoros2/install/yahboomcar_nav:/home/yahboom/cartoros2/install/yahboomcar_ctrl:/home/yahboom/cartoros2/install/yahboom_visual:/home/yahboom/cartoros2/install/yahboom_dog_joint_state:/home/yahboom/cartoros2/install/yahboom_description:/home/yahboom/cartoros2/install/yahboom_color_identify_server:/home/yahboom/cartoros2/install/yahboom_bringup:/home/yahboom/cartoros2/install/yahboom_base:/home/yahboom/cartoros2/install/yahboom_app_save_map:/home/yahboom/cartoros2/install/update_map:/home/yahboom/cartoros2/install/rosboard:/home/yahboom/cartoros2/install/path_planner_server:/home/yahboom/cartoros2/install/nav2_simple_commander:/home/yahboom/cartoros2/install/nav2_gazebo_spawner:/home/yahboom/cartoros2/install/localization_server:/home/yahboom/cartoros2/install/laserscan_to_point_pulisher:/home/yahboom/yahboomcar_ws/install/yahboom_dog_example:/opt/ros/humble /usr/bin/cmake --install /home/yahboom/S26_RobotProgramming_Eloquent_Elusor/Lab4/so/roscourse_ws/build/turtle_interfaces
[13.251s] -- Install configuration: ""
[13.251s] -- Installing: /home/yahboom/S26_RobotProgramming_Eloquent_Elusor/Lab4/so/roscourse_ws/install/turtle_interfaces/share/ament_index/resource_index/rosidl_interfaces/turtle_interfaces
[13.252s] -- Installing: /home/yahboom/S26_RobotProgramming_Eloquent_Elusor/Lab4/so/roscourse_ws/install/turtle_interfaces/include/turtle_interfaces/turtle_interfaces
[13.252s] -- Installing: /home/yahboom/S26_RobotProgramming_Eloquent_Elusor/Lab4/so/roscourse_ws/install/turtle_interfaces/include/turtle_interfaces/turtle_interfaces/srv
[13.252s] -- Installing: /home/yahboom/S26_RobotProgramming_Eloquent_Elusor/Lab4/so/roscourse_ws/install/turtle_interfaces/include/turtle_interfaces/turtle_interfaces/srv/detail
[13.253s] -- Installing: /home/yahboom/S26_RobotProgramming_Eloquent_Elusor/Lab4/so/roscourse_ws/install/turtle_interfaces/include/turtle_interfaces/turtle_interfaces/srv/detail/set_color__type_support.h
[13.253s] -- Installing: /home/yahboom/S26_RobotProgramming_Eloquent_Elusor/Lab4/so/roscourse_ws/install/turtle_interfaces/include/turtle_interfaces/turtle_interfaces/srv/detail/set_color__functions.h
[13.253s] -- Installing: /home/yahboom/S26_RobotProgramming_Eloquent_Elusor/Lab4/so/roscourse_ws/install/turtle_interfaces/include/turtle_interfaces/turtle_interfaces/srv/detail/set_pose__functions.h
[13.253s] -- Installing: /home/yahboom/S26_RobotProgramming_Eloquent_Elusor/Lab4/so/roscourse_ws/install/turtle_interfaces/include/turtle_interfaces/turtle_interfaces/srv/detail/set_color__functions.c
[13.254s] -- Installing: /home/yahboom/S26_RobotProgramming_Eloquent_Elusor/Lab4/so/roscourse_ws/install/turtle_interfaces/include/turtle_interfaces/turtle_interfaces/srv/detail/set_pose__struct.h
[13.255s] -- Installing: /home/yahboom/S26_RobotProgramming_Eloquent_Elusor/Lab4/so/roscourse_ws/install/turtle_interfaces/include/turtle_interfaces/turtle_interfaces/srv/detail/set_pose__type_support.h
[13.255s] -- Installing: /home/yahboom/S26_RobotProgramming_Eloquent_Elusor/Lab4/so/roscourse_ws/install/turtle_interfaces/include/turtle_interfaces/turtle_interfaces/srv/detail/set_color__struct.h
[13.255s] -- Installing: /home/yahboom/S26_RobotProgramming_Eloquent_Elusor/Lab4/so/roscourse_ws/install/turtle_interfaces/include/turtle_interfaces/turtle_interfaces/srv/detail/set_pose__functions.c
[13.269s] -- Installing: /home/yahboom/S26_RobotProgramming_Eloquent_Elusor/Lab4/so/roscourse_ws/install/turtle_interfaces/include/turtle_interfaces/turtle_interfaces/srv/set_pose.h
[13.269s] -- Installing: /home/yahboom/S26_RobotProgramming_Eloquent_Elusor/Lab4/so/roscourse_ws/install/turtle_interfaces/include/turtle_interfaces/turtle_interfaces/srv/set_color.h
[13.269s] -- Installing: /home/yahboom/S26_RobotProgramming_Eloquent_Elusor/Lab4/so/roscourse_ws/install/turtle_interfaces/include/turtle_interfaces/turtle_interfaces/msg
[13.270s] -- Installing: /home/yahboom/S26_RobotProgramming_Eloquent_Elusor/Lab4/so/roscourse_ws/install/turtle_interfaces/include/turtle_interfaces/turtle_interfaces/msg/detail
[13.270s] -- Installing: /home/yahboom/S26_RobotProgramming_Eloquent_Elusor/Lab4/so/roscourse_ws/install/turtle_interfaces/include/turtle_interfaces/turtle_interfaces/msg/detail/turtle_msg__functions.c
[13.270s] -- Installing: /home/yahboom/S26_RobotProgramming_Eloquent_Elusor/Lab4/so/roscourse_ws/install/turtle_interfaces/include/turtle_interfaces/turtle_interfaces/msg/detail/turtle_msg__type_support.h
[13.270s] -- Installing: /home/yahboom/S26_RobotProgramming_Eloquent_Elusor/Lab4/so/roscourse_ws/install/turtle_interfaces/include/turtle_interfaces/turtle_interfaces/msg/detail/turtle_msg__functions.h
[13.270s] -- Installing: /home/yahboom/S26_RobotProgramming_Eloquent_Elusor/Lab4/so/roscourse_ws/install/turtle_interfaces/include/turtle_interfaces/turtle_interfaces/msg/detail/turtle_msg__struct.h
[13.270s] -- Installing: /home/yahboom/S26_RobotProgramming_Eloquent_Elusor/Lab4/so/roscourse_ws/install/turtle_interfaces/include/turtle_interfaces/turtle_interfaces/msg/turtle_msg.h
[13.271s] -- Installing: /home/yahboom/S26_RobotProgramming_Eloquent_Elusor/Lab4/so/roscourse_ws/install/turtle_interfaces/include/turtle_interfaces/turtle_interfaces/msg/rosidl_generator_c__visibility_control.h
[13.271s] -- Installing: /home/yahboom/S26_RobotProgramming_Eloquent_Elusor/Lab4/so/roscourse_ws/install/turtle_interfaces/share/turtle_interfaces/environment/library_path.sh
[13.271s] -- Installing: /home/yahboom/S26_RobotProgramming_Eloquent_Elusor/Lab4/so/roscourse_ws/install/turtle_interfaces/share/turtle_interfaces/environment/library_path.dsv
[13.271s] -- Installing: /home/yahboom/S26_RobotProgramming_Eloquent_Elusor/Lab4/so/roscourse_ws/install/turtle_interfaces/lib/libturtle_interfaces__rosidl_generator_c.so
[13.272s] -- Set runtime path of "/home/yahboom/S26_RobotProgramming_Eloquent_Elusor/Lab4/so/roscourse_ws/install/turtle_interfaces/lib/libturtle_interfaces__rosidl_generator_c.so" to ""
[13.272s] -- Up-to-date: /home/yahboom/S26_RobotProgramming_Eloquent_Elusor/Lab4/so/roscourse_ws/install/turtle_interfaces/include/turtle_interfaces/turtle_interfaces
[13.272s] -- Up-to-date: /home/yahboom/S26_RobotProgramming_Eloquent_Elusor/Lab4/so/roscourse_ws/install/turtle_interfaces/include/turtle_interfaces/turtle_interfaces/srv
[13.272s] -- Up-to-date: /home/yahboom/S26_RobotProgramming_Eloquent_Elusor/Lab4/so/roscourse_ws/install/turtle_interfaces/include/turtle_interfaces/turtle_interfaces/srv/detail
[13.272s] -- Installing: /home/yahboom/S26_RobotProgramming_Eloquent_Elusor/Lab4/so/roscourse_ws/install/turtle_interfaces/include/turtle_interfaces/turtle_interfaces/srv/detail/set_color__rosidl_typesupport_fastrtps_c.h
[13.273s] -- Installing: /home/yahboom/S26_RobotProgramming_Eloquent_Elusor/Lab4/so/roscourse_ws/install/turtle_interfaces/include/turtle_interfaces/turtle_interfaces/srv/detail/set_pose__rosidl_typesupport_fastrtps_c.h
[13.273s] -- Up-to-date: /home/yahboom/S26_RobotProgramming_Eloquent_Elusor/Lab4/so/roscourse_ws/install/turtle_interfaces/include/turtle_interfaces/turtle_interfaces/msg
[13.273s] -- Up-to-date: /home/yahboom/S26_RobotProgramming_Eloquent_Elusor/Lab4/so/roscourse_ws/install/turtle_interfaces/include/turtle_interfaces/turtle_interfaces/msg/detail
[13.273s] -- Installing: /home/yahboom/S26_RobotProgramming_Eloquent_Elusor/Lab4/so/roscourse_ws/install/turtle_interfaces/include/turtle_interfaces/turtle_interfaces/msg/detail/turtle_msg__rosidl_typesupport_fastrtps_c.h
[13.273s] -- Installing: /home/yahboom/S26_RobotProgramming_Eloquent_Elusor/Lab4/so/roscourse_ws/install/turtle_interfaces/include/turtle_interfaces/turtle_interfaces/msg/rosidl_typesupport_fastrtps_c__visibility_control.h
[13.273s] -- Installing: /home/yahboom/S26_RobotProgramming_Eloquent_Elusor/Lab4/so/roscourse_ws/install/turtle_interfaces/lib/libturtle_interfaces__rosidl_typesupport_fastrtps_c.so
[13.273s] -- Set runtime path of "/home/yahboom/S26_RobotProgramming_Eloquent_Elusor/Lab4/so/roscourse_ws/install/turtle_interfaces/lib/libturtle_interfaces__rosidl_typesupport_fastrtps_c.so" to ""
[13.273s] -- Up-to-date: /home/yahboom/S26_RobotProgramming_Eloquent_Elusor/Lab4/so/roscourse_ws/install/turtle_interfaces/include/turtle_interfaces/turtle_interfaces
[13.274s] -- Up-to-date: /home/yahboom/S26_RobotProgramming_Eloquent_Elusor/Lab4/so/roscourse_ws/install/turtle_interfaces/include/turtle_interfaces/turtle_interfaces/srv
[13.274s] -- Installing: /home/yahboom/S26_RobotProgramming_Eloquent_Elusor/Lab4/so/roscourse_ws/install/turtle_interfaces/include/turtle_interfaces/turtle_interfaces/srv/set_pose.hpp
[13.274s] -- Up-to-date: /home/yahboom/S26_RobotProgramming_Eloquent_Elusor/Lab4/so/roscourse_ws/install/turtle_interfaces/include/turtle_interfaces/turtle_interfaces/srv/detail
[13.274s] -- Installing: /home/yahboom/S26_RobotProgramming_Eloquent_Elusor/Lab4/so/roscourse_ws/install/turtle_interfaces/include/turtle_interfaces/turtle_interfaces/srv/detail/set_color__struct.hpp
[13.275s] -- Installing: /home/yahboom/S26_RobotProgramming_Eloquent_Elusor/Lab4/so/roscourse_ws/install/turtle_interfaces/include/turtle_interfaces/turtle_interfaces/srv/detail/set_color__builder.hpp
[13.275s] -- Installing: /home/yahboom/S26_RobotProgramming_Eloquent_Elusor/Lab4/so/roscourse_ws/install/turtle_interfaces/include/turtle_interfaces/turtle_interfaces/srv/detail/set_pose__traits.hpp
[13.275s] -- Installing: /home/yahboom/S26_RobotProgramming_Eloquent_Elusor/Lab4/so/roscourse_ws/install/turtle_interfaces/include/turtle_interfaces/turtle_interfaces/srv/detail/set_color__traits.hpp
[13.275s] -- Installing: /home/yahboom/S26_RobotProgramming_Eloquent_Elusor/Lab4/so/roscourse_ws/install/turtle_interfaces/include/turtle_interfaces/turtle_interfaces/srv/detail/set_pose__builder.hpp
[13.275s] -- Installing: /home/yahboom/S26_RobotProgramming_Eloquent_Elusor/Lab4/so/roscourse_ws/install/turtle_interfaces/include/turtle_interfaces/turtle_interfaces/srv/detail/set_pose__struct.hpp
[13.276s] -- Installing: /home/yahboom/S26_RobotProgramming_Eloquent_Elusor/Lab4/so/roscourse_ws/install/turtle_interfaces/include/turtle_interfaces/turtle_interfaces/srv/set_color.hpp
[13.276s] -- Up-to-date: /home/yahboom/S26_RobotProgramming_Eloquent_Elusor/Lab4/so/roscourse_ws/install/turtle_interfaces/include/turtle_interfaces/turtle_interfaces/msg
[13.276s] -- Up-to-date: /home/yahboom/S26_RobotProgramming_Eloquent_Elusor/Lab4/so/roscourse_ws/install/turtle_interfaces/include/turtle_interfaces/turtle_interfaces/msg/detail
[13.276s] -- Installing: /home/yahboom/S26_RobotProgramming_Eloquent_Elusor/Lab4/so/roscourse_ws/install/turtle_interfaces/include/turtle_interfaces/turtle_interfaces/msg/detail/turtle_msg__traits.hpp
[13.276s] -- Installing: /home/yahboom/S26_RobotProgramming_Eloquent_Elusor/Lab4/so/roscourse_ws/install/turtle_interfaces/include/turtle_interfaces/turtle_interfaces/msg/detail/turtle_msg__struct.hpp
[13.277s] -- Installing: /home/yahboom/S26_RobotProgramming_Eloquent_Elusor/Lab4/so/roscourse_ws/install/turtle_interfaces/include/turtle_interfaces/turtle_interfaces/msg/detail/turtle_msg__builder.hpp
[13.277s] -- Installing: /home/yahboom/S26_RobotProgramming_Eloquent_Elusor/Lab4/so/roscourse_ws/install/turtle_interfaces/include/turtle_interfaces/turtle_interfaces/msg/turtle_msg.hpp
[13.277s] -- Up-to-date: /home/yahboom/S26_RobotProgramming_Eloquent_Elusor/Lab4/so/roscourse_ws/install/turtle_interfaces/include/turtle_interfaces/turtle_interfaces
[13.277s] -- Up-to-date: /home/yahboom/S26_RobotProgramming_Eloquent_Elusor/Lab4/so/roscourse_ws/install/turtle_interfaces/include/turtle_interfaces/turtle_interfaces/srv
[13.277s] -- Up-to-date: /home/yahboom/S26_RobotProgramming_Eloquent_Elusor/Lab4/so/roscourse_ws/install/turtle_interfaces/include/turtle_interfaces/turtle_interfaces/srv/detail
[13.277s] -- Installing: /home/yahboom/S26_RobotProgramming_Eloquent_Elusor/Lab4/so/roscourse_ws/install/turtle_interfaces/include/turtle_interfaces/turtle_interfaces/srv/detail/set_color__rosidl_typesupport_fastrtps_cpp.hpp
[13.277s] -- Installing: /home/yahboom/S26_RobotProgramming_Eloquent_Elusor/Lab4/so/roscourse_ws/install/turtle_interfaces/include/turtle_interfaces/turtle_interfaces/srv/detail/set_pose__rosidl_typesupport_fastrtps_cpp.hpp
[13.277s] -- Installing: /home/yahboom/S26_RobotProgramming_Eloquent_Elusor/Lab4/so/roscourse_ws/install/turtle_interfaces/include/turtle_interfaces/turtle_interfaces/srv/detail/dds_fastrtps
[13.277s] -- Up-to-date: /home/yahboom/S26_RobotProgramming_Eloquent_Elusor/Lab4/so/roscourse_ws/install/turtle_interfaces/include/turtle_interfaces/turtle_interfaces/msg
[13.278s] -- Up-to-date: /home/yahboom/S26_RobotProgramming_Eloquent_Elusor/Lab4/so/roscourse_ws/install/turtle_interfaces/include/turtle_interfaces/turtle_interfaces/msg/detail
[13.278s] -- Installing: /home/yahboom/S26_RobotProgramming_Eloquent_Elusor/Lab4/so/roscourse_ws/install/turtle_interfaces/include/turtle_interfaces/turtle_interfaces/msg/detail/turtle_msg__rosidl_typesupport_fastrtps_cpp.hpp
[13.278s] -- Installing: /home/yahboom/S26_RobotProgramming_Eloquent_Elusor/Lab4/so/roscourse_ws/install/turtle_interfaces/include/turtle_interfaces/turtle_interfaces/msg/detail/dds_fastrtps
[13.278s] -- Installing: /home/yahboom/S26_RobotProgramming_Eloquent_Elusor/Lab4/so/roscourse_ws/install/turtle_interfaces/include/turtle_interfaces/turtle_interfaces/msg/rosidl_typesupport_fastrtps_cpp__visibility_control.h
[13.278s] -- Installing: /home/yahboom/S26_RobotProgramming_Eloquent_Elusor/Lab4/so/roscourse_ws/install/turtle_interfaces/lib/libturtle_interfaces__rosidl_typesupport_fastrtps_cpp.so
[13.278s] -- Set runtime path of "/home/yahboom/S26_RobotProgramming_Eloquent_Elusor/Lab4/so/roscourse_ws/install/turtle_interfaces/lib/libturtle_interfaces__rosidl_typesupport_fastrtps_cpp.so" to ""
[13.278s] -- Up-to-date: /home/yahboom/S26_RobotProgramming_Eloquent_Elusor/Lab4/so/roscourse_ws/install/turtle_interfaces/include/turtle_interfaces/turtle_interfaces
[13.278s] -- Up-to-date: /home/yahboom/S26_RobotProgramming_Eloquent_Elusor/Lab4/so/roscourse_ws/install/turtle_interfaces/include/turtle_interfaces/turtle_interfaces/srv
[13.278s] -- Up-to-date: /home/yahboom/S26_RobotProgramming_Eloquent_Elusor/Lab4/so/roscourse_ws/install/turtle_interfaces/include/turtle_interfaces/turtle_interfaces/srv/detail
[13.279s] -- Installing: /home/yahboom/S26_RobotProgramming_Eloquent_Elusor/Lab4/so/roscourse_ws/install/turtle_interfaces/include/turtle_interfaces/turtle_interfaces/srv/detail/set_color__type_support.c
[13.279s] -- Installing: /home/yahboom/S26_RobotProgramming_Eloquent_Elusor/Lab4/so/roscourse_ws/install/turtle_interfaces/include/turtle_interfaces/turtle_interfaces/srv/detail/set_pose__rosidl_typesupport_introspection_c.h
[13.279s] -- Installing: /home/yahboom/S26_RobotProgramming_Eloquent_Elusor/Lab4/so/roscourse_ws/install/turtle_interfaces/include/turtle_interfaces/turtle_interfaces/srv/detail/set_pose__type_support.c
[13.279s] -- Installing: /home/yahboom/S26_RobotProgramming_Eloquent_Elusor/Lab4/so/roscourse_ws/install/turtle_interfaces/include/turtle_interfaces/turtle_interfaces/srv/detail/set_color__rosidl_typesupport_introspection_c.h
[13.279s] -- Up-to-date: /home/yahboom/S26_RobotProgramming_Eloquent_Elusor/Lab4/so/roscourse_ws/install/turtle_interfaces/include/turtle_interfaces/turtle_interfaces/msg
[13.279s] -- Up-to-date: /home/yahboom/S26_RobotProgramming_Eloquent_Elusor/Lab4/so/roscourse_ws/install/turtle_interfaces/include/turtle_interfaces/turtle_interfaces/msg/detail
[13.279s] -- Installing: /home/yahboom/S26_RobotProgramming_Eloquent_Elusor/Lab4/so/roscourse_ws/install/turtle_interfaces/include/turtle_interfaces/turtle_interfaces/msg/detail/turtle_msg__rosidl_typesupport_introspection_c.h
[13.279s] -- Installing: /home/yahboom/S26_RobotProgramming_Eloquent_Elusor/Lab4/so/roscourse_ws/install/turtle_interfaces/include/turtle_interfaces/turtle_interfaces/msg/detail/turtle_msg__type_support.c
[13.279s] -- Installing: /home/yahboom/S26_RobotProgramming_Eloquent_Elusor/Lab4/so/roscourse_ws/install/turtle_interfaces/include/turtle_interfaces/turtle_interfaces/msg/rosidl_typesupport_introspection_c__visibility_control.h
[13.279s] -- Installing: /home/yahboom/S26_RobotProgramming_Eloquent_Elusor/Lab4/so/roscourse_ws/install/turtle_interfaces/lib/libturtle_interfaces__rosidl_typesupport_introspection_c.so
[13.279s] -- Set runtime path of "/home/yahboom/S26_RobotProgramming_Eloquent_Elusor/Lab4/so/roscourse_ws/install/turtle_interfaces/lib/libturtle_interfaces__rosidl_typesupport_introspection_c.so" to ""
[13.280s] -- Installing: /home/yahboom/S26_RobotProgramming_Eloquent_Elusor/Lab4/so/roscourse_ws/install/turtle_interfaces/lib/libturtle_interfaces__rosidl_typesupport_c.so
[13.280s] -- Set runtime path of "/home/yahboom/S26_RobotProgramming_Eloquent_Elusor/Lab4/so/roscourse_ws/install/turtle_interfaces/lib/libturtle_interfaces__rosidl_typesupport_c.so" to ""
[13.280s] -- Up-to-date: /home/yahboom/S26_RobotProgramming_Eloquent_Elusor/Lab4/so/roscourse_ws/install/turtle_interfaces/include/turtle_interfaces/turtle_interfaces
[13.281s] -- Up-to-date: /home/yahboom/S26_RobotProgramming_Eloquent_Elusor/Lab4/so/roscourse_ws/install/turtle_interfaces/include/turtle_interfaces/turtle_interfaces/srv
[13.281s] -- Up-to-date: /home/yahboom/S26_RobotProgramming_Eloquent_Elusor/Lab4/so/roscourse_ws/install/turtle_interfaces/include/turtle_interfaces/turtle_interfaces/srv/detail
[13.281s] -- Installing: /home/yahboom/S26_RobotProgramming_Eloquent_Elusor/Lab4/so/roscourse_ws/install/turtle_interfaces/include/turtle_interfaces/turtle_interfaces/srv/detail/set_color__type_support.cpp
[13.281s] -- Installing: /home/yahboom/S26_RobotProgramming_Eloquent_Elusor/Lab4/so/roscourse_ws/install/turtle_interfaces/include/turtle_interfaces/turtle_interfaces/srv/detail/set_pose__rosidl_typesupport_introspection_cpp.hpp
[13.282s] -- Installing: /home/yahboom/S26_RobotProgramming_Eloquent_Elusor/Lab4/so/roscourse_ws/install/turtle_interfaces/include/turtle_interfaces/turtle_interfaces/srv/detail/set_pose__type_support.cpp
[13.282s] -- Installing: /home/yahboom/S26_RobotProgramming_Eloquent_Elusor/Lab4/so/roscourse_ws/install/turtle_interfaces/include/turtle_interfaces/turtle_interfaces/srv/detail/set_color__rosidl_typesupport_introspection_cpp.hpp
[13.282s] -- Up-to-date: /home/yahboom/S26_RobotProgramming_Eloquent_Elusor/Lab4/so/roscourse_ws/install/turtle_interfaces/include/turtle_interfaces/turtle_interfaces/msg
[13.282s] -- Up-to-date: /home/yahboom/S26_RobotProgramming_Eloquent_Elusor/Lab4/so/roscourse_ws/install/turtle_interfaces/include/turtle_interfaces/turtle_interfaces/msg/detail
[13.282s] -- Installing: /home/yahboom/S26_RobotProgramming_Eloquent_Elusor/Lab4/so/roscourse_ws/install/turtle_interfaces/include/turtle_interfaces/turtle_interfaces/msg/detail/turtle_msg__type_support.cpp
[13.282s] -- Installing: /home/yahboom/S26_RobotProgramming_Eloquent_Elusor/Lab4/so/roscourse_ws/install/turtle_interfaces/include/turtle_interfaces/turtle_interfaces/msg/detail/turtle_msg__rosidl_typesupport_introspection_cpp.hpp
[13.282s] -- Installing: /home/yahboom/S26_RobotProgramming_Eloquent_Elusor/Lab4/so/roscourse_ws/install/turtle_interfaces/lib/libturtle_interfaces__rosidl_typesupport_introspection_cpp.so
[13.283s] -- Set runtime path of "/home/yahboom/S26_RobotProgramming_Eloquent_Elusor/Lab4/so/roscourse_ws/install/turtle_interfaces/lib/libturtle_interfaces__rosidl_typesupport_introspection_cpp.so" to ""
[13.283s] -- Installing: /home/yahboom/S26_RobotProgramming_Eloquent_Elusor/Lab4/so/roscourse_ws/install/turtle_interfaces/lib/libturtle_interfaces__rosidl_typesupport_cpp.so
[13.284s] -- Set runtime path of "/home/yahboom/S26_RobotProgramming_Eloquent_Elusor/Lab4/so/roscourse_ws/install/turtle_interfaces/lib/libturtle_interfaces__rosidl_typesupport_cpp.so" to ""
[13.284s] -- Installing: /home/yahboom/S26_RobotProgramming_Eloquent_Elusor/Lab4/so/roscourse_ws/install/turtle_interfaces/share/turtle_interfaces/environment/pythonpath.sh
[13.284s] -- Installing: /home/yahboom/S26_RobotProgramming_Eloquent_Elusor/Lab4/so/roscourse_ws/install/turtle_interfaces/share/turtle_interfaces/environment/pythonpath.dsv
[13.284s] -- Installing: /home/yahboom/S26_RobotProgramming_Eloquent_Elusor/Lab4/so/roscourse_ws/install/turtle_interfaces/local/lib/python3.10/dist-packages/turtle_interfaces-0.0.0-py3.10.egg-info
[13.285s] -- Installing: /home/yahboom/S26_RobotProgramming_Eloquent_Elusor/Lab4/so/roscourse_ws/install/turtle_interfaces/local/lib/python3.10/dist-packages/turtle_interfaces-0.0.0-py3.10.egg-info/top_level.txt
[13.285s] -- Installing: /home/yahboom/S26_RobotProgramming_Eloquent_Elusor/Lab4/so/roscourse_ws/install/turtle_interfaces/local/lib/python3.10/dist-packages/turtle_interfaces-0.0.0-py3.10.egg-info/PKG-INFO
[13.285s] -- Installing: /home/yahboom/S26_RobotProgramming_Eloquent_Elusor/Lab4/so/roscourse_ws/install/turtle_interfaces/local/lib/python3.10/dist-packages/turtle_interfaces-0.0.0-py3.10.egg-info/dependency_links.txt
[13.285s] -- Installing: /home/yahboom/S26_RobotProgramming_Eloquent_Elusor/Lab4/so/roscourse_ws/install/turtle_interfaces/local/lib/python3.10/dist-packages/turtle_interfaces-0.0.0-py3.10.egg-info/SOURCES.txt
[13.285s] -- Installing: /home/yahboom/S26_RobotProgramming_Eloquent_Elusor/Lab4/so/roscourse_ws/install/turtle_interfaces/local/lib/python3.10/dist-packages/turtle_interfaces
[13.286s] -- Installing: /home/yahboom/S26_RobotProgramming_Eloquent_Elusor/Lab4/so/roscourse_ws/install/turtle_interfaces/local/lib/python3.10/dist-packages/turtle_interfaces/libturtle_interfaces__rosidl_generator_py.so
[13.286s] -- Installing: /home/yahboom/S26_RobotProgramming_Eloquent_Elusor/Lab4/so/roscourse_ws/install/turtle_interfaces/local/lib/python3.10/dist-packages/turtle_interfaces/_turtle_interfaces_s.ep.rosidl_typesupport_c.c
[13.286s] -- Installing: /home/yahboom/S26_RobotProgramming_Eloquent_Elusor/Lab4/so/roscourse_ws/install/turtle_interfaces/local/lib/python3.10/dist-packages/turtle_interfaces/srv
[13.286s] -- Installing: /home/yahboom/S26_RobotProgramming_Eloquent_Elusor/Lab4/so/roscourse_ws/install/turtle_interfaces/local/lib/python3.10/dist-packages/turtle_interfaces/srv/_set_color.py
[13.287s] -- Installing: /home/yahboom/S26_RobotProgramming_Eloquent_Elusor/Lab4/so/roscourse_ws/install/turtle_interfaces/local/lib/python3.10/dist-packages/turtle_interfaces/srv/_set_pose_s.c
[13.287s] -- Installing: /home/yahboom/S26_RobotProgramming_Eloquent_Elusor/Lab4/so/roscourse_ws/install/turtle_interfaces/local/lib/python3.10/dist-packages/turtle_interfaces/srv/__init__.py
[13.287s] -- Installing: /home/yahboom/S26_RobotProgramming_Eloquent_Elusor/Lab4/so/roscourse_ws/install/turtle_interfaces/local/lib/python3.10/dist-packages/turtle_interfaces/srv/_set_color_s.c
[13.287s] -- Installing: /home/yahboom/S26_RobotProgramming_Eloquent_Elusor/Lab4/so/roscourse_ws/install/turtle_interfaces/local/lib/python3.10/dist-packages/turtle_interfaces/srv/_set_pose.py
[13.287s] -- Installing: /home/yahboom/S26_RobotProgramming_Eloquent_Elusor/Lab4/so/roscourse_ws/install/turtle_interfaces/local/lib/python3.10/dist-packages/turtle_interfaces/turtle_interfaces_s__rosidl_typesupport_introspection_c.cpython-310-x86_64-linux-gnu.so
[13.287s] -- Installing: /home/yahboom/S26_RobotProgramming_Eloquent_Elusor/Lab4/so/roscourse_ws/install/turtle_interfaces/local/lib/python3.10/dist-packages/turtle_interfaces/__init__.py
[13.288s] -- Installing: /home/yahboom/S26_RobotProgramming_Eloquent_Elusor/Lab4/so/roscourse_ws/install/turtle_interfaces/local/lib/python3.10/dist-packages/turtle_interfaces/turtle_interfaces_s__rosidl_typesupport_fastrtps_c.cpython-310-x86_64-linux-gnu.so
[13.288s] -- Installing: /home/yahboom/S26_RobotProgramming_Eloquent_Elusor/Lab4/so/roscourse_ws/install/turtle_interfaces/local/lib/python3.10/dist-packages/turtle_interfaces/_turtle_interfaces_s.ep.rosidl_typesupport_introspection_c.c
[13.288s] -- Installing: /home/yahboom/S26_RobotProgramming_Eloquent_Elusor/Lab4/so/roscourse_ws/install/turtle_interfaces/local/lib/python3.10/dist-packages/turtle_interfaces/msg
[13.288s] -- Installing: /home/yahboom/S26_RobotProgramming_Eloquent_Elusor/Lab4/so/roscourse_ws/install/turtle_interfaces/local/lib/python3.10/dist-packages/turtle_interfaces/msg/_turtle_msg.py
[13.289s] -- Installing: /home/yahboom/S26_RobotProgramming_Eloquent_Elusor/Lab4/so/roscourse_ws/install/turtle_interfaces/local/lib/python3.10/dist-packages/turtle_interfaces/msg/__init__.py
[13.289s] -- Installing: /home/yahboom/S26_RobotProgramming_Eloquent_Elusor/Lab4/so/roscourse_ws/install/turtle_interfaces/local/lib/python3.10/dist-packages/turtle_interfaces/msg/_turtle_msg_s.c
[13.289s] -- Installing: /home/yahboom/S26_RobotProgramming_Eloquent_Elusor/Lab4/so/roscourse_ws/install/turtle_interfaces/local/lib/python3.10/dist-packages/turtle_interfaces/turtle_interfaces_s__rosidl_typesupport_c.cpython-310-x86_64-linux-gnu.so
[13.289s] -- Installing: /home/yahboom/S26_RobotProgramming_Eloquent_Elusor/Lab4/so/roscourse_ws/install/turtle_interfaces/local/lib/python3.10/dist-packages/turtle_interfaces/_turtle_interfaces_s.ep.rosidl_typesupport_fastrtps_c.c
[13.361s] Listing '/home/yahboom/S26_RobotProgramming_Eloquent_Elusor/Lab4/so/roscourse_ws/install/turtle_interfaces/local/lib/python3.10/dist-packages/turtle_interfaces'...
[13.361s] Compiling '/home/yahboom/S26_RobotProgramming_Eloquent_Elusor/Lab4/so/roscourse_ws/install/turtle_interfaces/local/lib/python3.10/dist-packages/turtle_interfaces/__init__.py'...
[13.361s] Listing '/home/yahboom/S26_RobotProgramming_Eloquent_Elusor/Lab4/so/roscourse_ws/install/turtle_interfaces/local/lib/python3.10/dist-packages/turtle_interfaces/msg'...
[13.361s] Compiling '/home/yahboom/S26_RobotProgramming_Eloquent_Elusor/Lab4/so/roscourse_ws/install/turtle_interfaces/local/lib/python3.10/dist-packages/turtle_interfaces/msg/__init__.py'...
[13.361s] Compiling '/home/yahboom/S26_RobotProgramming_Eloquent_Elusor/Lab4/so/roscourse_ws/install/turtle_interfaces/local/lib/python3.10/dist-packages/turtle_interfaces/msg/_turtle_msg.py'...
[13.361s] Listing '/home/yahboom/S26_RobotProgramming_Eloquent_Elusor/Lab4/so/roscourse_ws/install/turtle_interfaces/local/lib/python3.10/dist-packages/turtle_interfaces/srv'...
[13.361s] Compiling '/home/yahboom/S26_RobotProgramming_Eloquent_Elusor/Lab4/so/roscourse_ws/install/turtle_interfaces/local/lib/python3.10/dist-packages/turtle_interfaces/srv/__init__.py'...
[13.361s] Compiling '/home/yahboom/S26_RobotProgramming_Eloquent_Elusor/Lab4/so/roscourse_ws/install/turtle_interfaces/local/lib/python3.10/dist-packages/turtle_interfaces/srv/_set_color.py'...
[13.361s] Compiling '/home/yahboom/S26_RobotProgramming_Eloquent_Elusor/Lab4/so/roscourse_ws/install/turtle_interfaces/local/lib/python3.10/dist-packages/turtle_interfaces/srv/_set_pose.py'...
[13.367s] -- Installing: /home/yahboom/S26_RobotProgramming_Eloquent_Elusor/Lab4/so/roscourse_ws/install/turtle_interfaces/local/lib/python3.10/dist-packages/turtle_interfaces/turtle_interfaces_s__rosidl_typesupport_fastrtps_c.cpython-310-x86_64-linux-gnu.so
[13.368s] -- Set runtime path of "/home/yahboom/S26_RobotProgramming_Eloquent_Elusor/Lab4/so/roscourse_ws/install/turtle_interfaces/local/lib/python3.10/dist-packages/turtle_interfaces/turtle_interfaces_s__rosidl_typesupport_fastrtps_c.cpython-310-x86_64-linux-gnu.so" to ""
[13.368s] -- Installing: /home/yahboom/S26_RobotProgramming_Eloquent_Elusor/Lab4/so/roscourse_ws/install/turtle_interfaces/local/lib/python3.10/dist-packages/turtle_interfaces/turtle_interfaces_s__rosidl_typesupport_introspection_c.cpython-310-x86_64-linux-gnu.so
[13.369s] -- Set runtime path of "/home/yahboom/S26_RobotProgramming_Eloquent_Elusor/Lab4/so/roscourse_ws/install/turtle_interfaces/local/lib/python3.10/dist-packages/turtle_interfaces/turtle_interfaces_s__rosidl_typesupport_introspection_c.cpython-310-x86_64-linux-gnu.so" to ""
[13.369s] -- Installing: /home/yahboom/S26_RobotProgramming_Eloquent_Elusor/Lab4/so/roscourse_ws/install/turtle_interfaces/local/lib/python3.10/dist-packages/turtle_interfaces/turtle_interfaces_s__rosidl_typesupport_c.cpython-310-x86_64-linux-gnu.so
[13.370s] -- Set runtime path of "/home/yahboom/S26_RobotProgramming_Eloquent_Elusor/Lab4/so/roscourse_ws/install/turtle_interfaces/local/lib/python3.10/dist-packages/turtle_interfaces/turtle_interfaces_s__rosidl_typesupport_c.cpython-310-x86_64-linux-gnu.so" to ""
[13.370s] -- Installing: /home/yahboom/S26_RobotProgramming_Eloquent_Elusor/Lab4/so/roscourse_ws/install/turtle_interfaces/lib/libturtle_interfaces__rosidl_generator_py.so
[13.371s] -- Set runtime path of "/home/yahboom/S26_RobotProgramming_Eloquent_Elusor/Lab4/so/roscourse_ws/install/turtle_interfaces/lib/libturtle_interfaces__rosidl_generator_py.so" to ""
[13.371s] -- Installing: /home/yahboom/S26_RobotProgramming_Eloquent_Elusor/Lab4/so/roscourse_ws/install/turtle_interfaces/share/turtle_interfaces/msg/TurtleMsg.idl
[13.371s] -- Installing: /home/yahboom/S26_RobotProgramming_Eloquent_Elusor/Lab4/so/roscourse_ws/install/turtle_interfaces/share/turtle_interfaces/srv/SetPose.idl
[13.372s] -- Installing: /home/yahboom/S26_RobotProgramming_Eloquent_Elusor/Lab4/so/roscourse_ws/install/turtle_interfaces/share/turtle_interfaces/srv/SetColor.idl
[13.372s] -- Installing: /home/yahboom/S26_RobotProgramming_Eloquent_Elusor/Lab4/so/roscourse_ws/install/turtle_interfaces/share/turtle_interfaces/msg/TurtleMsg.msg
[13.372s] -- Installing: /home/yahboom/S26_RobotProgramming_Eloquent_Elusor/Lab4/so/roscourse_ws/install/turtle_interfaces/share/turtle_interfaces/srv/SetPose.srv
[13.373s] -- Installing: /home/yahboom/S26_RobotProgramming_Eloquent_Elusor/Lab4/so/roscourse_ws/install/turtle_interfaces/share/turtle_interfaces/srv/SetPose_Request.msg
[13.373s] -- Installing: /home/yahboom/S26_RobotProgramming_Eloquent_Elusor/Lab4/so/roscourse_ws/install/turtle_interfaces/share/turtle_interfaces/srv/SetPose_Response.msg
[13.373s] -- Installing: /home/yahboom/S26_RobotProgramming_Eloquent_Elusor/Lab4/so/roscourse_ws/install/turtle_interfaces/share/turtle_interfaces/srv/SetColor.srv
[13.373s] -- Installing: /home/yahboom/S26_RobotProgramming_Eloquent_Elusor/Lab4/so/roscourse_ws/install/turtle_interfaces/share/turtle_interfaces/srv/SetColor_Request.msg
[13.373s] -- Installing: /home/yahboom/S26_RobotProgramming_Eloquent_Elusor/Lab4/so/roscourse_ws/install/turtle_interfaces/share/turtle_interfaces/srv/SetColor_Response.msg
[13.374s] -- Installing: /home/yahboom/S26_RobotProgramming_Eloquent_Elusor/Lab4/so/roscourse_ws/install/turtle_interfaces/share/ament_index/resource_index/package_run_dependencies/turtle_interfaces
[13.374s] -- Installing: /home/yahboom/S26_RobotProgramming_Eloquent_Elusor/Lab4/so/roscourse_ws/install/turtle_interfaces/share/ament_index/resource_index/parent_prefix_path/turtle_interfaces
[13.374s] -- Installing: /home/yahboom/S26_RobotProgramming_Eloquent_Elusor/Lab4/so/roscourse_ws/install/turtle_interfaces/share/turtle_interfaces/environment/ament_prefix_path.sh
[13.374s] -- Installing: /home/yahboom/S26_RobotProgramming_Eloquent_Elusor/Lab4/so/roscourse_ws/install/turtle_interfaces/share/turtle_interfaces/environment/ament_prefix_path.dsv
[13.375s] -- Installing: /home/yahboom/S26_RobotProgramming_Eloquent_Elusor/Lab4/so/roscourse_ws/install/turtle_interfaces/share/turtle_interfaces/environment/path.sh
[13.375s] -- Installing: /home/yahboom/S26_RobotProgramming_Eloquent_Elusor/Lab4/so/roscourse_ws/install/turtle_interfaces/share/turtle_interfaces/environment/path.dsv
[13.375s] -- Installing: /home/yahboom/S26_RobotProgramming_Eloquent_Elusor/Lab4/so/roscourse_ws/install/turtle_interfaces/share/turtle_interfaces/local_setup.bash
[13.375s] -- Installing: /home/yahboom/S26_RobotProgramming_Eloquent_Elusor/Lab4/so/roscourse_ws/install/turtle_interfaces/share/turtle_interfaces/local_setup.sh
[13.375s] -- Installing: /home/yahboom/S26_RobotProgramming_Eloquent_Elusor/Lab4/so/roscourse_ws/install/turtle_interfaces/share/turtle_interfaces/local_setup.zsh
[13.376s] -- Installing: /home/yahboom/S26_RobotProgramming_Eloquent_Elusor/Lab4/so/roscourse_ws/install/turtle_interfaces/share/turtle_interfaces/local_setup.dsv
[13.376s] -- Installing: /home/yahboom/S26_RobotProgramming_Eloquent_Elusor/Lab4/so/roscourse_ws/install/turtle_interfaces/share/turtle_interfaces/package.dsv
[13.376s] -- Installing: /home/yahboom/S26_RobotProgramming_Eloquent_Elusor/Lab4/so/roscourse_ws/install/turtle_interfaces/share/ament_index/resource_index/packages/turtle_interfaces
[13.377s] -- Installing: /home/yahboom/S26_RobotProgramming_Eloquent_Elusor/Lab4/so/roscourse_ws/install/turtle_interfaces/share/turtle_interfaces/cmake/export_turtle_interfaces__rosidl_generator_cExport.cmake
[13.377s] -- Installing: /home/yahboom/S26_RobotProgramming_Eloquent_Elusor/Lab4/so/roscourse_ws/install/turtle_interfaces/share/turtle_interfaces/cmake/export_turtle_interfaces__rosidl_generator_cExport-noconfig.cmake
[13.377s] -- Installing: /home/yahboom/S26_RobotProgramming_Eloquent_Elusor/Lab4/so/roscourse_ws/install/turtle_interfaces/share/turtle_interfaces/cmake/export_turtle_interfaces__rosidl_typesupport_fastrtps_cExport.cmake
[13.379s] -- Installing: /home/yahboom/S26_RobotProgramming_Eloquent_Elusor/Lab4/so/roscourse_ws/install/turtle_interfaces/share/turtle_interfaces/cmake/export_turtle_interfaces__rosidl_typesupport_fastrtps_cExport-noconfig.cmake
[13.380s] -- Installing: /home/yahboom/S26_RobotProgramming_Eloquent_Elusor/Lab4/so/roscourse_ws/install/turtle_interfaces/share/turtle_interfaces/cmake/export_turtle_interfaces__rosidl_generator_cppExport.cmake
[13.380s] -- Installing: /home/yahboom/S26_RobotProgramming_Eloquent_Elusor/Lab4/so/roscourse_ws/install/turtle_interfaces/share/turtle_interfaces/cmake/export_turtle_interfaces__rosidl_typesupport_fastrtps_cppExport.cmake
[13.380s] -- Installing: /home/yahboom/S26_RobotProgramming_Eloquent_Elusor/Lab4/so/roscourse_ws/install/turtle_interfaces/share/turtle_interfaces/cmake/export_turtle_interfaces__rosidl_typesupport_fastrtps_cppExport-noconfig.cmake
[13.381s] -- Installing: /home/yahboom/S26_RobotProgramming_Eloquent_Elusor/Lab4/so/roscourse_ws/install/turtle_interfaces/share/turtle_interfaces/cmake/turtle_interfaces__rosidl_typesupport_introspection_cExport.cmake
[13.381s] -- Installing: /home/yahboom/S26_RobotProgramming_Eloquent_Elusor/Lab4/so/roscourse_ws/install/turtle_interfaces/share/turtle_interfaces/cmake/turtle_interfaces__rosidl_typesupport_introspection_cExport-noconfig.cmake
[13.381s] -- Installing: /home/yahboom/S26_RobotProgramming_Eloquent_Elusor/Lab4/so/roscourse_ws/install/turtle_interfaces/share/turtle_interfaces/cmake/turtle_interfaces__rosidl_typesupport_cExport.cmake
[13.381s] -- Installing: /home/yahboom/S26_RobotProgramming_Eloquent_Elusor/Lab4/so/roscourse_ws/install/turtle_interfaces/share/turtle_interfaces/cmake/turtle_interfaces__rosidl_typesupport_cExport-noconfig.cmake
[13.382s] -- Installing: /home/yahboom/S26_RobotProgramming_Eloquent_Elusor/Lab4/so/roscourse_ws/install/turtle_interfaces/share/turtle_interfaces/cmake/turtle_interfaces__rosidl_typesupport_introspection_cppExport.cmake
[13.382s] -- Installing: /home/yahboom/S26_RobotProgramming_Eloquent_Elusor/Lab4/so/roscourse_ws/install/turtle_interfaces/share/turtle_interfaces/cmake/turtle_interfaces__rosidl_typesupport_introspection_cppExport-noconfig.cmake
[13.382s] -- Installing: /home/yahboom/S26_RobotProgramming_Eloquent_Elusor/Lab4/so/roscourse_ws/install/turtle_interfaces/share/turtle_interfaces/cmake/turtle_interfaces__rosidl_typesupport_cppExport.cmake
[13.382s] -- Installing: /home/yahboom/S26_RobotProgramming_Eloquent_Elusor/Lab4/so/roscourse_ws/install/turtle_interfaces/share/turtle_interfaces/cmake/turtle_interfaces__rosidl_typesupport_cppExport-noconfig.cmake
[13.383s] -- Installing: /home/yahboom/S26_RobotProgramming_Eloquent_Elusor/Lab4/so/roscourse_ws/install/turtle_interfaces/share/turtle_interfaces/cmake/export_turtle_interfaces__rosidl_generator_pyExport.cmake
[13.383s] -- Installing: /home/yahboom/S26_RobotProgramming_Eloquent_Elusor/Lab4/so/roscourse_ws/install/turtle_interfaces/share/turtle_interfaces/cmake/export_turtle_interfaces__rosidl_generator_pyExport-noconfig.cmake
[13.383s] -- Installing: /home/yahboom/S26_RobotProgramming_Eloquent_Elusor/Lab4/so/roscourse_ws/install/turtle_interfaces/share/turtle_interfaces/cmake/rosidl_cmake-extras.cmake
[13.384s] -- Installing: /home/yahboom/S26_RobotProgramming_Eloquent_Elusor/Lab4/so/roscourse_ws/install/turtle_interfaces/share/turtle_interfaces/cmake/ament_cmake_export_dependencies-extras.cmake
[13.384s] -- Installing: /home/yahboom/S26_RobotProgramming_Eloquent_Elusor/Lab4/so/roscourse_ws/install/turtle_interfaces/share/turtle_interfaces/cmake/ament_cmake_export_include_directories-extras.cmake
[13.384s] -- Installing: /home/yahboom/S26_RobotProgramming_Eloquent_Elusor/Lab4/so/roscourse_ws/install/turtle_interfaces/share/turtle_interfaces/cmake/ament_cmake_export_libraries-extras.cmake
[13.384s] -- Installing: /home/yahboom/S26_RobotProgramming_Eloquent_Elusor/Lab4/so/roscourse_ws/install/turtle_interfaces/share/turtle_interfaces/cmake/ament_cmake_export_targets-extras.cmake
[13.385s] -- Installing: /home/yahboom/S26_RobotProgramming_Eloquent_Elusor/Lab4/so/roscourse_ws/install/turtle_interfaces/share/turtle_interfaces/cmake/rosidl_cmake_export_typesupport_targets-extras.cmake
[13.385s] -- Installing: /home/yahboom/S26_RobotProgramming_Eloquent_Elusor/Lab4/so/roscourse_ws/install/turtle_interfaces/share/turtle_interfaces/cmake/rosidl_cmake_export_typesupport_libraries-extras.cmake
[13.385s] -- Installing: /home/yahboom/S26_RobotProgramming_Eloquent_Elusor/Lab4/so/roscourse_ws/install/turtle_interfaces/share/turtle_interfaces/cmake/turtle_interfacesConfig.cmake
[13.385s] -- Installing: /home/yahboom/S26_RobotProgramming_Eloquent_Elusor/Lab4/so/roscourse_ws/install/turtle_interfaces/share/turtle_interfaces/cmake/turtle_interfacesConfig-version.cmake
[13.386s] -- Installing: /home/yahboom/S26_RobotProgramming_Eloquent_Elusor/Lab4/so/roscourse_ws/install/turtle_interfaces/share/turtle_interfaces/package.xml
[13.390s] Invoked command in '/home/yahboom/S26_RobotProgramming_Eloquent_Elusor/Lab4/so/roscourse_ws/build/turtle_interfaces' returned '0': CMAKE_PREFIX_PATH=${CMAKE_PREFIX_PATH}:/home/yahboom/cartoros2/install/yahboomcar_nav:/home/yahboom/cartoros2/install/yahboomcar_ctrl:/home/yahboom/cartoros2/install/yahboom_visual:/home/yahboom/cartoros2/install/yahboom_dog_joint_state:/home/yahboom/cartoros2/install/yahboom_description:/home/yahboom/cartoros2/install/yahboom_color_identify_server:/home/yahboom/cartoros2/install/yahboom_bringup:/home/yahboom/cartoros2/install/yahboom_base:/home/yahboom/cartoros2/install/yahboom_app_save_map:/home/yahboom/cartoros2/install/update_map:/home/yahboom/cartoros2/install/rosboard:/home/yahboom/cartoros2/install/path_planner_server:/home/yahboom/cartoros2/install/nav2_simple_commander:/home/yahboom/cartoros2/install/nav2_gazebo_spawner:/home/yahboom/cartoros2/install/localization_server:/home/yahboom/cartoros2/install/laserscan_to_point_pulisher:/home/yahboom/yahboomcar_ws/install/yahboom_dog_example:/opt/ros/humble /usr/bin/cmake --install /home/yahboom/S26_RobotProgramming_Eloquent_Elusor/Lab4/so/roscourse_ws/build/turtle_interfaces
