[0.253s] DEBUG:colcon:Command line arguments: ['/usr/bin/colcon', 'build']
[0.253s] DEBUG:colcon:Parsed command line arguments: Namespace(log_base=None, log_level=None, verb_name='build', build_base='build', install_base='install', merge_install=False, symlink_install=False, test_result_base=None, continue_on_error=False, executor='parallel', parallel_workers=4, event_handlers=None, ignore_user_meta=False, metas=['./colcon.meta'], base_paths=['.'], packages_ignore=None, packages_ignore_regex=None, paths=None, packages_up_to=None, packages_up_to_regex=None, packages_above=None, packages_above_and_dependencies=None, packages_above_depth=None, packages_select_by_dep=None, packages_skip_by_dep=None, packages_skip_up_to=None, packages_select_build_failed=False, packages_skip_build_finished=False, packages_select_test_failures=False, packages_skip_test_passed=False, packages_select=None, packages_skip=None, packages_select_regex=None, packages_skip_regex=None, packages_start=None, packages_end=None, allow_overriding=[], cmake_args=None, cmake_target=None, cmake_target_skip_unavailable=False, cmake_clean_cache=False, cmake_clean_first=False, cmake_force_configure=False, ament_cmake_args=None, catkin_cmake_args=None, catkin_skip_building_tests=False, verb_parser=<colcon_defaults.argument_parser.defaults.DefaultArgumentsDecorator object at 0x7ab2b137ec50>, verb_extension=<colcon_core.verb.build.BuildVerb object at 0x7ab2b137e740>, main=<bound method BuildVerb.main of <colcon_core.verb.build.BuildVerb object at 0x7ab2b137e740>>)
[0.657s] Level 1:colcon.colcon_core.package_discovery:discover_packages(colcon_meta) check parameters
[0.657s] Level 1:colcon.colcon_core.package_discovery:discover_packages(recursive) check parameters
[0.657s] Level 1:colcon.colcon_core.package_discovery:discover_packages(ignore) check parameters
[0.657s] Level 1:colcon.colcon_core.package_discovery:discover_packages(path) check parameters
[0.657s] Level 1:colcon.colcon_core.package_discovery:discover_packages(colcon_meta) discover
[0.658s] Level 1:colcon.colcon_core.package_discovery:discover_packages(recursive) discover
[0.658s] INFO:colcon.colcon_core.package_discovery:Crawling recursively for packages in '/home/yahboom/Desktop/S26_RobotProgramming_Eloquent_Elusor/Lab7/pailya/roscourse_sim_ws'
[0.658s] Level 1:colcon.colcon_core.package_identification:_identify(.) by extensions ['ignore', 'ignore_ament_install']
[0.658s] Level 1:colcon.colcon_core.package_identification:_identify(.) by extension 'ignore'
[0.658s] Level 1:colcon.colcon_core.package_identification:_identify(.) by extension 'ignore_ament_install'
[0.658s] Level 1:colcon.colcon_core.package_identification:_identify(.) by extensions ['colcon_pkg']
[0.658s] Level 1:colcon.colcon_core.package_identification:_identify(.) by extension 'colcon_pkg'
[0.658s] Level 1:colcon.colcon_core.package_identification:_identify(.) by extensions ['colcon_meta']
[0.658s] Level 1:colcon.colcon_core.package_identification:_identify(.) by extension 'colcon_meta'
[0.658s] Level 1:colcon.colcon_core.package_identification:_identify(.) by extensions ['ros']
[0.658s] Level 1:colcon.colcon_core.package_identification:_identify(.) by extension 'ros'
[0.683s] Level 1:colcon.colcon_core.package_identification:_identify(.) by extensions ['cmake', 'python']
[0.683s] Level 1:colcon.colcon_core.package_identification:_identify(.) by extension 'cmake'
[0.683s] Level 1:colcon.colcon_core.package_identification:_identify(.) by extension 'python'
[0.683s] Level 1:colcon.colcon_core.package_identification:_identify(.) by extensions ['python_setup_py']
[0.683s] Level 1:colcon.colcon_core.package_identification:_identify(.) by extension 'python_setup_py'
[0.683s] Level 1:colcon.colcon_core.package_identification:_identify(build) by extensions ['ignore', 'ignore_ament_install']
[0.683s] Level 1:colcon.colcon_core.package_identification:_identify(build) by extension 'ignore'
[0.683s] Level 1:colcon.colcon_core.package_identification:_identify(build) ignored
[0.684s] Level 1:colcon.colcon_core.package_identification:_identify(install) by extensions ['ignore', 'ignore_ament_install']
[0.684s] Level 1:colcon.colcon_core.package_identification:_identify(install) by extension 'ignore'
[0.684s] Level 1:colcon.colcon_core.package_identification:_identify(install) ignored
[0.684s] Level 1:colcon.colcon_core.package_identification:_identify(log) by extensions ['ignore', 'ignore_ament_install']
[0.684s] Level 1:colcon.colcon_core.package_identification:_identify(log) by extension 'ignore'
[0.684s] Level 1:colcon.colcon_core.package_identification:_identify(log) ignored
[0.684s] Level 1:colcon.colcon_core.package_identification:_identify(src) by extensions ['ignore', 'ignore_ament_install']
[0.684s] Level 1:colcon.colcon_core.package_identification:_identify(src) by extension 'ignore'
[0.684s] Level 1:colcon.colcon_core.package_identification:_identify(src) by extension 'ignore_ament_install'
[0.685s] Level 1:colcon.colcon_core.package_identification:_identify(src) by extensions ['colcon_pkg']
[0.685s] Level 1:colcon.colcon_core.package_identification:_identify(src) by extension 'colcon_pkg'
[0.685s] Level 1:colcon.colcon_core.package_identification:_identify(src) by extensions ['colcon_meta']
[0.685s] Level 1:colcon.colcon_core.package_identification:_identify(src) by extension 'colcon_meta'
[0.685s] Level 1:colcon.colcon_core.package_identification:_identify(src) by extensions ['ros']
[0.685s] Level 1:colcon.colcon_core.package_identification:_identify(src) by extension 'ros'
[0.685s] Level 1:colcon.colcon_core.package_identification:_identify(src) by extensions ['cmake', 'python']
[0.685s] Level 1:colcon.colcon_core.package_identification:_identify(src) by extension 'cmake'
[0.685s] Level 1:colcon.colcon_core.package_identification:_identify(src) by extension 'python'
[0.685s] Level 1:colcon.colcon_core.package_identification:_identify(src) by extensions ['python_setup_py']
[0.685s] Level 1:colcon.colcon_core.package_identification:_identify(src) by extension 'python_setup_py'
[0.686s] Level 1:colcon.colcon_core.package_identification:_identify(src/my_robot) by extensions ['ignore', 'ignore_ament_install']
[0.686s] Level 1:colcon.colcon_core.package_identification:_identify(src/my_robot) by extension 'ignore'
[0.686s] Level 1:colcon.colcon_core.package_identification:_identify(src/my_robot) by extension 'ignore_ament_install'
[0.686s] Level 1:colcon.colcon_core.package_identification:_identify(src/my_robot) by extensions ['colcon_pkg']
[0.686s] Level 1:colcon.colcon_core.package_identification:_identify(src/my_robot) by extension 'colcon_pkg'
[0.686s] Level 1:colcon.colcon_core.package_identification:_identify(src/my_robot) by extensions ['colcon_meta']
[0.686s] Level 1:colcon.colcon_core.package_identification:_identify(src/my_robot) by extension 'colcon_meta'
[0.686s] Level 1:colcon.colcon_core.package_identification:_identify(src/my_robot) by extensions ['ros']
[0.686s] Level 1:colcon.colcon_core.package_identification:_identify(src/my_robot) by extension 'ros'
[0.691s] DEBUG:colcon.colcon_core.package_identification:Package 'src/my_robot' with type 'ros.ament_python' and name 'my_robot'
[0.691s] Level 1:colcon.colcon_core.package_discovery:discover_packages(recursive) using defaults
[0.691s] Level 1:colcon.colcon_core.package_discovery:discover_packages(ignore) discover
[0.691s] Level 1:colcon.colcon_core.package_discovery:discover_packages(ignore) using defaults
[0.691s] Level 1:colcon.colcon_core.package_discovery:discover_packages(path) discover
[0.691s] Level 1:colcon.colcon_core.package_discovery:discover_packages(path) using defaults
[0.781s] Level 1:colcon.colcon_core.package_discovery:discover_packages(prefix_path) check parameters
[0.782s] Level 1:colcon.colcon_core.package_discovery:discover_packages(prefix_path) discover
[0.794s] DEBUG:colcon.colcon_installed_package_information.package_discovery:Found 1 installed packages in /home/yahboom/Desktop/S26_RobotProgramming_Eloquent_Elusor/Lab7/pailya/roscourse_sim_ws/install
[0.796s] DEBUG:colcon.colcon_installed_package_information.package_discovery:Found 19 installed packages in /home/yahboom/yahboomcar_ws/install
[0.797s] DEBUG:colcon.colcon_installed_package_information.package_discovery:Found 2 installed packages in /home/yahboom/gmapping_ws/install
[0.802s] DEBUG:colcon.colcon_installed_package_information.package_discovery:Found 76 installed packages in /home/yahboom/cartoros2/install
[0.807s] DEBUG:colcon.colcon_installed_package_information.package_discovery:Found 377 installed packages in /opt/ros/humble
[0.814s] Level 1:colcon.colcon_core.package_discovery:discover_packages(prefix_path) using defaults
[0.934s] Level 5:colcon.colcon_core.verb:set package 'my_robot' build argument 'cmake_args' from command line to 'None'
[0.934s] Level 5:colcon.colcon_core.verb:set package 'my_robot' build argument 'cmake_target' from command line to 'None'
[0.934s] Level 5:colcon.colcon_core.verb:set package 'my_robot' build argument 'cmake_target_skip_unavailable' from command line to 'False'
[0.934s] Level 5:colcon.colcon_core.verb:set package 'my_robot' build argument 'cmake_clean_cache' from command line to 'False'
[0.935s] Level 5:colcon.colcon_core.verb:set package 'my_robot' build argument 'cmake_clean_first' from command line to 'False'
[0.935s] Level 5:colcon.colcon_core.verb:set package 'my_robot' build argument 'cmake_force_configure' from command line to 'False'
[0.935s] Level 5:colcon.colcon_core.verb:set package 'my_robot' build argument 'ament_cmake_args' from command line to 'None'
[0.935s] Level 5:colcon.colcon_core.verb:set package 'my_robot' build argument 'catkin_cmake_args' from command line to 'None'
[0.935s] Level 5:colcon.colcon_core.verb:set package 'my_robot' build argument 'catkin_skip_building_tests' from command line to 'False'
[0.935s] DEBUG:colcon.colcon_core.verb:Building package 'my_robot' with the following arguments: {'ament_cmake_args': None, 'build_base': '/home/yahboom/Desktop/S26_RobotProgramming_Eloquent_Elusor/Lab7/pailya/roscourse_sim_ws/build/my_robot', 'catkin_cmake_args': None, 'catkin_skip_building_tests': False, 'cmake_args': None, 'cmake_clean_cache': False, 'cmake_clean_first': False, 'cmake_force_configure': False, 'cmake_target': None, 'cmake_target_skip_unavailable': False, 'install_base': '/home/yahboom/Desktop/S26_RobotProgramming_Eloquent_Elusor/Lab7/pailya/roscourse_sim_ws/install/my_robot', 'merge_install': False, 'path': '/home/yahboom/Desktop/S26_RobotProgramming_Eloquent_Elusor/Lab7/pailya/roscourse_sim_ws/src/my_robot', 'symlink_install': False, 'test_result_base': None}
[0.935s] INFO:colcon.colcon_core.executor:Executing jobs using 'parallel' executor
[0.939s] DEBUG:colcon.colcon_parallel_executor.executor.parallel:run_until_complete
[0.939s] INFO:colcon.colcon_ros.task.ament_python.build:Building ROS package in '/home/yahboom/Desktop/S26_RobotProgramming_Eloquent_Elusor/Lab7/pailya/roscourse_sim_ws/src/my_robot' with build type 'ament_python'
[0.939s] Level 1:colcon.colcon_core.shell:create_environment_hook('my_robot', 'ament_prefix_path')
[0.946s] INFO:colcon.colcon_core.plugin_system:Skipping extension 'colcon_core.shell.bat': Not used on non-Windows systems
[0.947s] INFO:colcon.colcon_core.shell:Creating environment hook '/home/yahboom/Desktop/S26_RobotProgramming_Eloquent_Elusor/Lab7/pailya/roscourse_sim_ws/install/my_robot/share/my_robot/hook/ament_prefix_path.ps1'
[0.949s] INFO:colcon.colcon_core.shell:Creating environment descriptor '/home/yahboom/Desktop/S26_RobotProgramming_Eloquent_Elusor/Lab7/pailya/roscourse_sim_ws/install/my_robot/share/my_robot/hook/ament_prefix_path.dsv'
[0.950s] INFO:colcon.colcon_core.shell:Creating environment hook '/home/yahboom/Desktop/S26_RobotProgramming_Eloquent_Elusor/Lab7/pailya/roscourse_sim_ws/install/my_robot/share/my_robot/hook/ament_prefix_path.sh'
[0.953s] INFO:colcon.colcon_core.shell:Skip shell extension 'powershell' for command environment: Not usable outside of PowerShell
[0.953s] DEBUG:colcon.colcon_core.shell:Skip shell extension 'dsv' for command environment
[1.732s] INFO:colcon.colcon_core.task.python.build:Building Python package in '/home/yahboom/Desktop/S26_RobotProgramming_Eloquent_Elusor/Lab7/pailya/roscourse_sim_ws/src/my_robot'
[1.733s] INFO:colcon.colcon_core.shell:Skip shell extension 'powershell' for command environment: Not usable outside of PowerShell
[1.734s] DEBUG:colcon.colcon_core.shell:Skip shell extension 'dsv' for command environment
[2.755s] DEBUG:colcon.colcon_core.event_handler.log_command:Invoking command in '/home/yahboom/Desktop/S26_RobotProgramming_Eloquent_Elusor/Lab7/pailya/roscourse_sim_ws/src/my_robot': PYTHONPATH=/home/yahboom/Desktop/S26_RobotProgramming_Eloquent_Elusor/Lab7/pailya/roscourse_sim_ws/build/my_robot/prefix_override:/home/yahboom/Desktop/S26_RobotProgramming_Eloquent_Elusor/Lab7/pailya/roscourse_sim_ws/install/my_robot/lib/python3.10/site-packages:${PYTHONPATH} /usr/bin/python3 -W ignore:setup.py install is deprecated setup.py egg_info --egg-base ../../build/my_robot build --build-base /home/yahboom/Desktop/S26_RobotProgramming_Eloquent_Elusor/Lab7/pailya/roscourse_sim_ws/build/my_robot/build install --record /home/yahboom/Desktop/S26_RobotProgramming_Eloquent_Elusor/Lab7/pailya/roscourse_sim_ws/build/my_robot/install.log --single-version-externally-managed install_data
[3.592s] DEBUG:colcon.colcon_core.event_handler.log_command:Invoked command in '/home/yahboom/Desktop/S26_RobotProgramming_Eloquent_Elusor/Lab7/pailya/roscourse_sim_ws/src/my_robot' returned '0': PYTHONPATH=/home/yahboom/Desktop/S26_RobotProgramming_Eloquent_Elusor/Lab7/pailya/roscourse_sim_ws/build/my_robot/prefix_override:/home/yahboom/Desktop/S26_RobotProgramming_Eloquent_Elusor/Lab7/pailya/roscourse_sim_ws/install/my_robot/lib/python3.10/site-packages:${PYTHONPATH} /usr/bin/python3 -W ignore:setup.py install is deprecated setup.py egg_info --egg-base ../../build/my_robot build --build-base /home/yahboom/Desktop/S26_RobotProgramming_Eloquent_Elusor/Lab7/pailya/roscourse_sim_ws/build/my_robot/build install --record /home/yahboom/Desktop/S26_RobotProgramming_Eloquent_Elusor/Lab7/pailya/roscourse_sim_ws/build/my_robot/install.log --single-version-externally-managed install_data
[3.598s] Level 1:colcon.colcon_core.environment:checking '/home/yahboom/Desktop/S26_RobotProgramming_Eloquent_Elusor/Lab7/pailya/roscourse_sim_ws/install/my_robot' for CMake module files
[3.600s] Level 1:colcon.colcon_core.environment:checking '/home/yahboom/Desktop/S26_RobotProgramming_Eloquent_Elusor/Lab7/pailya/roscourse_sim_ws/install/my_robot' for CMake config files
[3.602s] Level 1:colcon.colcon_core.environment:checking '/home/yahboom/Desktop/S26_RobotProgramming_Eloquent_Elusor/Lab7/pailya/roscourse_sim_ws/install/my_robot/lib'
[3.602s] Level 1:colcon.colcon_core.environment:checking '/home/yahboom/Desktop/S26_RobotProgramming_Eloquent_Elusor/Lab7/pailya/roscourse_sim_ws/install/my_robot/bin'
[3.602s] Level 1:colcon.colcon_core.environment:checking '/home/yahboom/Desktop/S26_RobotProgramming_Eloquent_Elusor/Lab7/pailya/roscourse_sim_ws/install/my_robot/lib/pkgconfig/my_robot.pc'
[3.603s] Level 1:colcon.colcon_core.environment:checking '/home/yahboom/Desktop/S26_RobotProgramming_Eloquent_Elusor/Lab7/pailya/roscourse_sim_ws/install/my_robot/lib/python3.10/site-packages'
[3.603s] Level 1:colcon.colcon_core.shell:create_environment_hook('my_robot', 'pythonpath')
[3.604s] INFO:colcon.colcon_core.shell:Creating environment hook '/home/yahboom/Desktop/S26_RobotProgramming_Eloquent_Elusor/Lab7/pailya/roscourse_sim_ws/install/my_robot/share/my_robot/hook/pythonpath.ps1'
[3.605s] INFO:colcon.colcon_core.shell:Creating environment descriptor '/home/yahboom/Desktop/S26_RobotProgramming_Eloquent_Elusor/Lab7/pailya/roscourse_sim_ws/install/my_robot/share/my_robot/hook/pythonpath.dsv'
[3.606s] INFO:colcon.colcon_core.shell:Creating environment hook '/home/yahboom/Desktop/S26_RobotProgramming_Eloquent_Elusor/Lab7/pailya/roscourse_sim_ws/install/my_robot/share/my_robot/hook/pythonpath.sh'
[3.607s] Level 1:colcon.colcon_core.environment:checking '/home/yahboom/Desktop/S26_RobotProgramming_Eloquent_Elusor/Lab7/pailya/roscourse_sim_ws/install/my_robot/bin'
[3.608s] Level 1:colcon.colcon_core.environment:create_environment_scripts_only(my_robot)
[3.608s] INFO:colcon.colcon_core.shell:Creating package script '/home/yahboom/Desktop/S26_RobotProgramming_Eloquent_Elusor/Lab7/pailya/roscourse_sim_ws/install/my_robot/share/my_robot/package.ps1'
[3.610s] INFO:colcon.colcon_core.shell:Creating package descriptor '/home/yahboom/Desktop/S26_RobotProgramming_Eloquent_Elusor/Lab7/pailya/roscourse_sim_ws/install/my_robot/share/my_robot/package.dsv'
[3.611s] INFO:colcon.colcon_core.shell:Creating package script '/home/yahboom/Desktop/S26_RobotProgramming_Eloquent_Elusor/Lab7/pailya/roscourse_sim_ws/install/my_robot/share/my_robot/package.sh'
[3.612s] INFO:colcon.colcon_core.shell:Creating package script '/home/yahboom/Desktop/S26_RobotProgramming_Eloquent_Elusor/Lab7/pailya/roscourse_sim_ws/install/my_robot/share/my_robot/package.bash'
[3.614s] INFO:colcon.colcon_core.shell:Creating package script '/home/yahboom/Desktop/S26_RobotProgramming_Eloquent_Elusor/Lab7/pailya/roscourse_sim_ws/install/my_robot/share/my_robot/package.zsh'
[3.616s] Level 1:colcon.colcon_core.environment:create_file_with_runtime_dependencies(/home/yahboom/Desktop/S26_RobotProgramming_Eloquent_Elusor/Lab7/pailya/roscourse_sim_ws/install/my_robot/share/colcon-core/packages/my_robot)
[3.618s] DEBUG:colcon.colcon_parallel_executor.executor.parallel:closing loop
[3.620s] DEBUG:colcon.colcon_parallel_executor.executor.parallel:loop closed
[3.621s] DEBUG:colcon.colcon_parallel_executor.executor.parallel:run_until_complete finished with '0'
[3.622s] DEBUG:colcon.colcon_core.event_reactor:joining thread
[3.643s] INFO:colcon.colcon_core.plugin_system:Skipping extension 'colcon_notification.desktop_notification.terminal_notifier': Not used on non-Darwin systems
[3.643s] INFO:colcon.colcon_core.plugin_system:Skipping extension 'colcon_notification.desktop_notification.win32': Not used on non-Windows systems
[3.643s] INFO:colcon.colcon_notification.desktop_notification:Sending desktop notification using 'notify2'
[3.674s] DEBUG:colcon.colcon_core.event_reactor:joined thread
[3.675s] INFO:colcon.colcon_core.shell:Creating prefix script '/home/yahboom/Desktop/S26_RobotProgramming_Eloquent_Elusor/Lab7/pailya/roscourse_sim_ws/install/local_setup.ps1'
[3.677s] INFO:colcon.colcon_core.shell:Creating prefix util module '/home/yahboom/Desktop/S26_RobotProgramming_Eloquent_Elusor/Lab7/pailya/roscourse_sim_ws/install/_local_setup_util_ps1.py'
[3.679s] INFO:colcon.colcon_core.shell:Creating prefix chain script '/home/yahboom/Desktop/S26_RobotProgramming_Eloquent_Elusor/Lab7/pailya/roscourse_sim_ws/install/setup.ps1'
[3.694s] INFO:colcon.colcon_core.shell:Creating prefix script '/home/yahboom/Desktop/S26_RobotProgramming_Eloquent_Elusor/Lab7/pailya/roscourse_sim_ws/install/local_setup.sh'
[3.695s] INFO:colcon.colcon_core.shell:Creating prefix util module '/home/yahboom/Desktop/S26_RobotProgramming_Eloquent_Elusor/Lab7/pailya/roscourse_sim_ws/install/_local_setup_util_sh.py'
[3.697s] INFO:colcon.colcon_core.shell:Creating prefix chain script '/home/yahboom/Desktop/S26_RobotProgramming_Eloquent_Elusor/Lab7/pailya/roscourse_sim_ws/install/setup.sh'
[3.711s] INFO:colcon.colcon_core.shell:Creating prefix script '/home/yahboom/Desktop/S26_RobotProgramming_Eloquent_Elusor/Lab7/pailya/roscourse_sim_ws/install/local_setup.bash'
[3.713s] INFO:colcon.colcon_core.shell:Creating prefix chain script '/home/yahboom/Desktop/S26_RobotProgramming_Eloquent_Elusor/Lab7/pailya/roscourse_sim_ws/install/setup.bash'
[3.727s] INFO:colcon.colcon_core.shell:Creating prefix script '/home/yahboom/Desktop/S26_RobotProgramming_Eloquent_Elusor/Lab7/pailya/roscourse_sim_ws/install/local_setup.zsh'
[3.730s] INFO:colcon.colcon_core.shell:Creating prefix chain script '/home/yahboom/Desktop/S26_RobotProgramming_Eloquent_Elusor/Lab7/pailya/roscourse_sim_ws/install/setup.zsh'
