[0.716s] Invoking command in '/home/yahboom/Desktop/S26_RobotProgramming_Eloquent_Elusor/Lab7/pailya/roscourse_sim_ws/src/my_robot': PYTHONPATH=/home/yahboom/Desktop/S26_RobotProgramming_Eloquent_Elusor/Lab7/pailya/roscourse_sim_ws/build/my_robot/prefix_override:/home/yahboom/Desktop/S26_RobotProgramming_Eloquent_Elusor/Lab7/pailya/roscourse_sim_ws/install/my_robot/lib/python3.10/site-packages:${PYTHONPATH} /usr/bin/python3 -W ignore:setup.py install is deprecated setup.py egg_info --egg-base ../../build/my_robot build --build-base /home/yahboom/Desktop/S26_RobotProgramming_Eloquent_Elusor/Lab7/pailya/roscourse_sim_ws/build/my_robot/build install --record /home/yahboom/Desktop/S26_RobotProgramming_Eloquent_Elusor/Lab7/pailya/roscourse_sim_ws/build/my_robot/install.log --single-version-externally-managed install_data
[0.978s] running egg_info
[0.979s] writing ../../build/my_robot/my_robot.egg-info/PKG-INFO
[0.979s] writing dependency_links to ../../build/my_robot/my_robot.egg-info/dependency_links.txt
[0.980s] writing entry points to ../../build/my_robot/my_robot.egg-info/entry_points.txt
[0.980s] writing requirements to ../../build/my_robot/my_robot.egg-info/requires.txt
[0.980s] writing top-level names to ../../build/my_robot/my_robot.egg-info/top_level.txt
[0.982s] reading manifest file '../../build/my_robot/my_robot.egg-info/SOURCES.txt'
[0.982s] writing manifest file '../../build/my_robot/my_robot.egg-info/SOURCES.txt'
[0.982s] running build
[0.982s] running build_py
[0.983s] running install
[0.983s] running install_lib
[0.985s] running install_data
[0.985s] running install_egg_info
[0.987s] removing '/home/yahboom/Desktop/S26_RobotProgramming_Eloquent_Elusor/Lab7/pailya/roscourse_sim_ws/install/my_robot/lib/python3.10/site-packages/my_robot-0.0.0-py3.10.egg-info' (and everything under it)
[0.987s] Copying ../../build/my_robot/my_robot.egg-info to /home/yahboom/Desktop/S26_RobotProgramming_Eloquent_Elusor/Lab7/pailya/roscourse_sim_ws/install/my_robot/lib/python3.10/site-packages/my_robot-0.0.0-py3.10.egg-info
[0.988s] running install_scripts
[1.007s] writing list of installed files to '/home/yahboom/Desktop/S26_RobotProgramming_Eloquent_Elusor/Lab7/pailya/roscourse_sim_ws/build/my_robot/install.log'
[1.028s] Invoked command in '/home/yahboom/Desktop/S26_RobotProgramming_Eloquent_Elusor/Lab7/pailya/roscourse_sim_ws/src/my_robot' returned '0': PYTHONPATH=/home/yahboom/Desktop/S26_RobotProgramming_Eloquent_Elusor/Lab7/pailya/roscourse_sim_ws/build/my_robot/prefix_override:/home/yahboom/Desktop/S26_RobotProgramming_Eloquent_Elusor/Lab7/pailya/roscourse_sim_ws/install/my_robot/lib/python3.10/site-packages:${PYTHONPATH} /usr/bin/python3 -W ignore:setup.py install is deprecated setup.py egg_info --egg-base ../../build/my_robot build --build-base /home/yahboom/Desktop/S26_RobotProgramming_Eloquent_Elusor/Lab7/pailya/roscourse_sim_ws/build/my_robot/build install --record /home/yahboom/Desktop/S26_RobotProgramming_Eloquent_Elusor/Lab7/pailya/roscourse_sim_ws/build/my_robot/install.log --single-version-externally-managed install_data
