[1.790s] Invoking command in '/home/yahboom/Desktop/intro_ws/src/python_parameters': PYTHONPATH=/home/yahboom/Desktop/intro_ws/build/python_parameters/prefix_override:/home/yahboom/Desktop/intro_ws/install/python_parameters/lib/python3.10/site-packages:${PYTHONPATH} /usr/bin/python3 -W ignore:setup.py install is deprecated setup.py egg_info --egg-base ../../build/python_parameters build --build-base /home/yahboom/Desktop/intro_ws/build/python_parameters/build install --record /home/yahboom/Desktop/intro_ws/build/python_parameters/install.log --single-version-externally-managed install_data
[2.361s] running egg_info
[2.363s] writing ../../build/python_parameters/UNKNOWN.egg-info/PKG-INFO
[2.364s] writing dependency_links to ../../build/python_parameters/UNKNOWN.egg-info/dependency_links.txt
[2.364s] writing top-level names to ../../build/python_parameters/UNKNOWN.egg-info/top_level.txt
[2.365s] reading manifest file '../../build/python_parameters/UNKNOWN.egg-info/SOURCES.txt'
[2.371s] writing manifest file '../../build/python_parameters/UNKNOWN.egg-info/SOURCES.txt'
[2.371s] running build
[2.371s] running install
[2.371s] running install_data
[2.371s] copying launch/run_multi_launch.py -> /home/yahboom/Desktop/intro_ws/install/python_parameters/share/python_parameters/launch
[2.371s] running install_egg_info
[2.375s] removing '/home/yahboom/Desktop/intro_ws/install/python_parameters/lib/python3.10/site-packages/UNKNOWN-0.0.0-py3.10.egg-info' (and everything under it)
[2.377s] Copying ../../build/python_parameters/UNKNOWN.egg-info to /home/yahboom/Desktop/intro_ws/install/python_parameters/lib/python3.10/site-packages/UNKNOWN-0.0.0-py3.10.egg-info
[2.386s] running install_scripts
[2.427s] writing list of installed files to '/home/yahboom/Desktop/intro_ws/build/python_parameters/install.log'
[2.443s] running egg_info
[2.445s] writing ../../build/python_parameters/python_parameters.egg-info/PKG-INFO
[2.449s] writing dependency_links to ../../build/python_parameters/python_parameters.egg-info/dependency_links.txt
[2.449s] writing entry points to ../../build/python_parameters/python_parameters.egg-info/entry_points.txt
[2.450s] writing requirements to ../../build/python_parameters/python_parameters.egg-info/requires.txt
[2.450s] writing top-level names to ../../build/python_parameters/python_parameters.egg-info/top_level.txt
[2.452s] reading manifest file '../../build/python_parameters/python_parameters.egg-info/SOURCES.txt'
[2.454s] writing manifest file '../../build/python_parameters/python_parameters.egg-info/SOURCES.txt'
[2.454s] running build
[2.454s] running build_py
[2.455s] running install
[2.456s] running install_lib
[2.459s] byte-compiling /home/yahboom/Desktop/intro_ws/install/python_parameters/lib/python3.10/site-packages/python_parameters/python_parameters_node.py to python_parameters_node.cpython-310.pyc
[2.459s] running install_data
[2.459s] Sorry: TabError: inconsistent use of tabs and spaces in indentation (python_parameters_node.py, line 12)
[2.459s] running install_egg_info
[2.459s] removing '/home/yahboom/Desktop/intro_ws/install/python_parameters/lib/python3.10/site-packages/python_parameters-0.0.0-py3.10.egg-info' (and everything under it)
[2.460s] Copying ../../build/python_parameters/python_parameters.egg-info to /home/yahboom/Desktop/intro_ws/install/python_parameters/lib/python3.10/site-packages/python_parameters-0.0.0-py3.10.egg-info
[2.463s] running install_scripts
[2.465s] Installing minimal_param_node script to /home/yahboom/Desktop/intro_ws/install/python_parameters/lib/python_parameters
[2.466s] writing list of installed files to '/home/yahboom/Desktop/intro_ws/build/python_parameters/install.log'
[2.542s] Invoked command in '/home/yahboom/Desktop/intro_ws/src/python_parameters' returned '0': PYTHONPATH=/home/yahboom/Desktop/intro_ws/build/python_parameters/prefix_override:/home/yahboom/Desktop/intro_ws/install/python_parameters/lib/python3.10/site-packages:${PYTHONPATH} /usr/bin/python3 -W ignore:setup.py install is deprecated setup.py egg_info --egg-base ../../build/python_parameters build --build-base /home/yahboom/Desktop/intro_ws/build/python_parameters/build install --record /home/yahboom/Desktop/intro_ws/build/python_parameters/install.log --single-version-externally-managed install_data
