[1.738s] Invoking command in '/home/yahboom/Desktop/S26_RobotProgramming_Eloquent_Elusor/Lab3/pailya/roscourse_ws/build/webcam': PYTHONPATH=/home/yahboom/Desktop/S26_RobotProgramming_Eloquent_Elusor/Lab3/pailya/roscourse_ws/build/webcam/prefix_override:/home/yahboom/Desktop/S26_RobotProgramming_Eloquent_Elusor/Lab3/pailya/roscourse_ws/install/webcam/lib/python3.10/site-packages:${PYTHONPATH} /usr/bin/python3 -W ignore:setup.py install is deprecated setup.py develop --editable --build-directory /home/yahboom/Desktop/S26_RobotProgramming_Eloquent_Elusor/Lab3/pailya/roscourse_ws/build/webcam/build --no-deps symlink_data
[2.331s] running develop
[2.334s] /usr/lib/python3/dist-packages/setuptools/command/easy_install.py:158: EasyInstallDeprecationWarning: easy_install command is deprecated. Use build and pip and other standards-based tools.
[2.334s]   warnings.warn(
[2.715s] running egg_info
[2.716s] creating webcam.egg-info
[2.716s] writing webcam.egg-info/PKG-INFO
[2.716s] writing dependency_links to webcam.egg-info/dependency_links.txt
[2.716s] writing entry points to webcam.egg-info/entry_points.txt
[2.716s] writing requirements to webcam.egg-info/requires.txt
[2.717s] writing top-level names to webcam.egg-info/top_level.txt
[2.717s] writing manifest file 'webcam.egg-info/SOURCES.txt'
[2.720s] reading manifest file 'webcam.egg-info/SOURCES.txt'
[2.721s] writing manifest file 'webcam.egg-info/SOURCES.txt'
[2.725s] running build_ext
[2.725s] Creating /home/yahboom/Desktop/S26_RobotProgramming_Eloquent_Elusor/Lab3/pailya/roscourse_ws/install/webcam/lib/python3.10/site-packages/webcam.egg-link (link to .)
[2.726s] Installing webcam_pub script to /home/yahboom/Desktop/S26_RobotProgramming_Eloquent_Elusor/Lab3/pailya/roscourse_ws/install/webcam/lib/webcam
[2.728s] Installing webcam_sub script to /home/yahboom/Desktop/S26_RobotProgramming_Eloquent_Elusor/Lab3/pailya/roscourse_ws/install/webcam/lib/webcam
[2.729s] 
[2.729s] Installed /home/yahboom/Desktop/S26_RobotProgramming_Eloquent_Elusor/Lab3/pailya/roscourse_ws/build/webcam
[2.729s] running symlink_data
[2.729s] creating /home/yahboom/Desktop/S26_RobotProgramming_Eloquent_Elusor/Lab3/pailya/roscourse_ws/install/webcam/share/ament_index
[2.729s] creating /home/yahboom/Desktop/S26_RobotProgramming_Eloquent_Elusor/Lab3/pailya/roscourse_ws/install/webcam/share/ament_index/resource_index
[2.729s] creating /home/yahboom/Desktop/S26_RobotProgramming_Eloquent_Elusor/Lab3/pailya/roscourse_ws/install/webcam/share/ament_index/resource_index/packages
[2.730s] symbolically linking /home/yahboom/Desktop/S26_RobotProgramming_Eloquent_Elusor/Lab3/pailya/roscourse_ws/build/webcam/resource/webcam -> /home/yahboom/Desktop/S26_RobotProgramming_Eloquent_Elusor/Lab3/pailya/roscourse_ws/install/webcam/share/ament_index/resource_index/packages
[2.730s] symbolically linking /home/yahboom/Desktop/S26_RobotProgramming_Eloquent_Elusor/Lab3/pailya/roscourse_ws/build/webcam/package.xml -> /home/yahboom/Desktop/S26_RobotProgramming_Eloquent_Elusor/Lab3/pailya/roscourse_ws/install/webcam/share/webcam
[2.809s] Invoked command in '/home/yahboom/Desktop/S26_RobotProgramming_Eloquent_Elusor/Lab3/pailya/roscourse_ws/build/webcam' returned '0': PYTHONPATH=/home/yahboom/Desktop/S26_RobotProgramming_Eloquent_Elusor/Lab3/pailya/roscourse_ws/build/webcam/prefix_override:/home/yahboom/Desktop/S26_RobotProgramming_Eloquent_Elusor/Lab3/pailya/roscourse_ws/install/webcam/lib/python3.10/site-packages:${PYTHONPATH} /usr/bin/python3 -W ignore:setup.py install is deprecated setup.py develop --editable --build-directory /home/yahboom/Desktop/S26_RobotProgramming_Eloquent_Elusor/Lab3/pailya/roscourse_ws/build/webcam/build --no-deps symlink_data
