[1.065s] Invoking command in '/home/yahboom/Desktop/S26_RobotProgramming_Eloquent_Elusor/Lab4/pailya/roscourse_ws/src/teleop_twist_keyboard': PYTHONPATH=/home/yahboom/Desktop/S26_RobotProgramming_Eloquent_Elusor/Lab4/pailya/roscourse_ws/build/teleop_twist_keyboard/prefix_override:/home/yahboom/Desktop/S26_RobotProgramming_Eloquent_Elusor/Lab4/pailya/roscourse_ws/install/teleop_twist_keyboard/lib/python3.10/site-packages:${PYTHONPATH} /usr/bin/python3 -W ignore:setup.py install is deprecated setup.py egg_info --egg-base ../../build/teleop_twist_keyboard build --build-base /home/yahboom/Desktop/S26_RobotProgramming_Eloquent_Elusor/Lab4/pailya/roscourse_ws/build/teleop_twist_keyboard/build install --record /home/yahboom/Desktop/S26_RobotProgramming_Eloquent_Elusor/Lab4/pailya/roscourse_ws/build/teleop_twist_keyboard/install.log --single-version-externally-managed install_data
[1.299s] running egg_info
[1.299s] writing ../../build/teleop_twist_keyboard/teleop_twist_keyboard.egg-info/PKG-INFO
[1.299s] writing dependency_links to ../../build/teleop_twist_keyboard/teleop_twist_keyboard.egg-info/dependency_links.txt
[1.299s] writing entry points to ../../build/teleop_twist_keyboard/teleop_twist_keyboard.egg-info/entry_points.txt
[1.300s] writing requirements to ../../build/teleop_twist_keyboard/teleop_twist_keyboard.egg-info/requires.txt
[1.300s] writing top-level names to ../../build/teleop_twist_keyboard/teleop_twist_keyboard.egg-info/top_level.txt
[1.304s] reading manifest file '../../build/teleop_twist_keyboard/teleop_twist_keyboard.egg-info/SOURCES.txt'
[1.304s] adding license file 'LICENSE'
[1.304s] writing manifest file '../../build/teleop_twist_keyboard/teleop_twist_keyboard.egg-info/SOURCES.txt'
[1.304s] running build
[1.304s] running build_py
[1.304s] running install
[1.304s] running install_lib
[1.304s] running install_data
[1.304s] running install_egg_info
[1.307s] removing '/home/yahboom/Desktop/S26_RobotProgramming_Eloquent_Elusor/Lab4/pailya/roscourse_ws/install/teleop_twist_keyboard/lib/python3.10/site-packages/teleop_twist_keyboard-2.4.1-py3.10.egg-info' (and everything under it)
[1.307s] Copying ../../build/teleop_twist_keyboard/teleop_twist_keyboard.egg-info to /home/yahboom/Desktop/S26_RobotProgramming_Eloquent_Elusor/Lab4/pailya/roscourse_ws/install/teleop_twist_keyboard/lib/python3.10/site-packages/teleop_twist_keyboard-2.4.1-py3.10.egg-info
[1.307s] running install_scripts
[1.327s] Installing teleop_twist_keyboard script to /home/yahboom/Desktop/S26_RobotProgramming_Eloquent_Elusor/Lab4/pailya/roscourse_ws/install/teleop_twist_keyboard/lib/teleop_twist_keyboard
[1.327s] writing list of installed files to '/home/yahboom/Desktop/S26_RobotProgramming_Eloquent_Elusor/Lab4/pailya/roscourse_ws/build/teleop_twist_keyboard/install.log'
[1.366s] Invoked command in '/home/yahboom/Desktop/S26_RobotProgramming_Eloquent_Elusor/Lab4/pailya/roscourse_ws/src/teleop_twist_keyboard' returned '0': PYTHONPATH=/home/yahboom/Desktop/S26_RobotProgramming_Eloquent_Elusor/Lab4/pailya/roscourse_ws/build/teleop_twist_keyboard/prefix_override:/home/yahboom/Desktop/S26_RobotProgramming_Eloquent_Elusor/Lab4/pailya/roscourse_ws/install/teleop_twist_keyboard/lib/python3.10/site-packages:${PYTHONPATH} /usr/bin/python3 -W ignore:setup.py install is deprecated setup.py egg_info --egg-base ../../build/teleop_twist_keyboard build --build-base /home/yahboom/Desktop/S26_RobotProgramming_Eloquent_Elusor/Lab4/pailya/roscourse_ws/build/teleop_twist_keyboard/build install --record /home/yahboom/Desktop/S26_RobotProgramming_Eloquent_Elusor/Lab4/pailya/roscourse_ws/build/teleop_twist_keyboard/install.log --single-version-externally-managed install_data
