[0.023s] Invoking command in '/home/yahboom/Desktop/intro_ws/build/turtle_interfaces': CMAKE_PREFIX_PATH=${CMAKE_PREFIX_PATH}:/home/yahboom/cartoros2/install/yahboomcar_nav:/home/yahboom/cartoros2/install/yahboomcar_ctrl:/home/yahboom/cartoros2/install/yahboom_visual:/home/yahboom/cartoros2/install/yahboom_dog_joint_state:/home/yahboom/cartoros2/install/yahboom_description:/home/yahboom/cartoros2/install/yahboom_color_identify_server:/home/yahboom/cartoros2/install/yahboom_bringup:/home/yahboom/cartoros2/install/yahboom_base:/home/yahboom/cartoros2/install/yahboom_app_save_map:/home/yahboom/cartoros2/install/update_map:/home/yahboom/cartoros2/install/rosboard:/home/yahboom/cartoros2/install/path_planner_server:/home/yahboom/cartoros2/install/nav2_simple_commander:/home/yahboom/cartoros2/install/nav2_gazebo_spawner:/home/yahboom/cartoros2/install/localization_server:/home/yahboom/cartoros2/install/laserscan_to_point_pulisher:/home/yahboom/yahboomcar_ws/install/yahboom_dog_example:/opt/ros/humble /usr/bin/cmake --build /home/yahboom/Desktop/intro_ws/build/turtle_interfaces -- -j4 -l4
[0.079s] -- Found ament_cmake: 1.3.8 (/opt/ros/humble/share/ament_cmake/cmake)
[0.248s] -- Found rosidl_default_generators: 1.2.0 (/opt/ros/humble/share/rosidl_default_generators/cmake)
[0.261s] -- Using all available rosidl_typesupport_c: rosidl_typesupport_fastrtps_c;rosidl_typesupport_introspection_c
[0.263s] -- Found rosidl_adapter: 3.1.5 (/opt/ros/humble/share/rosidl_adapter/cmake)
[0.289s] -- Using all available rosidl_typesupport_cpp: rosidl_typesupport_fastrtps_cpp;rosidl_typesupport_introspection_cpp
[0.306s] -- Found ament_lint_auto: 0.12.10 (/opt/ros/humble/share/ament_lint_auto/cmake)
[0.665s] [31mCMake Error at /opt/ros/humble/share/rosidl_adapter/cmake/rosidl_adapt_interfaces.cmake:59 (message):
[0.665s]   execute_process(/usr/bin/python3 -m rosidl_adapter --package-name
[0.665s]   turtle_interfaces --arguments-file
[0.665s]   /home/yahboom/Desktop/intro_ws/build/turtle_interfaces/rosidl_adapter__arguments__turtle_interfaces.json
[0.665s]   --output-dir
[0.665s]   /home/yahboom/Desktop/intro_ws/build/turtle_interfaces/rosidl_adapter/turtle_interfaces
[0.665s]   --output-file
[0.665s]   /home/yahboom/Desktop/intro_ws/build/turtle_interfaces/rosidl_adapter/turtle_interfaces.idls)
[0.665s]   returned error code 1:
[0.665s] 
[0.666s]   Error processing 'float32[3] turtleRGB' of
[0.666s]   'turtle_interfaces/SetColors_Request': ''turtleRGB' is an invalid field
[0.666s]   name.  It should have the pattern '^(?!.*__)(?!.*_$)[a-z][a-z0-9_]*$''
[0.666s] 
[0.666s]   Traceback (most recent call last):
[0.666s] 
[0.666s]     File "/usr/lib/python3.10/runpy.py", line 196, in _run_module_as_main
[0.666s]       return _run_code(code, main_globals, None,
[0.666s]     File "/usr/lib/python3.10/runpy.py", line 86, in _run_code
[0.666s]       exec(code, run_globals)
[0.666s]     File "/opt/ros/humble/local/lib/python3.10/dist-packages/rosidl_adapter/__main__.py", line 19, in <module>
[0.666s]       sys.exit(main())
[0.666s]     File "/opt/ros/humble/local/lib/python3.10/dist-packages/rosidl_adapter/main.py", line 53, in main
[0.666s]       abs_idl_file = convert_to_idl(
[0.666s]     File "/opt/ros/humble/local/lib/python3.10/dist-packages/rosidl_adapter/__init__.py", line 24, in convert_to_idl
[0.666s]       return convert_srv_to_idl(
[0.666s]     File "/opt/ros/humble/local/lib/python3.10/dist-packages/rosidl_adapter/srv/__init__.py", line 28, in convert_srv_to_idl
[0.666s]       srv = parse_service_string(package_name, input_file.stem, content)
[0.666s]     File "/opt/ros/humble/local/lib/python3.10/dist-packages/rosidl_adapter/parser.py", line 859, in parse_service_string
[0.666s]       request_message = parse_message_string(
[0.666s]     File "/opt/ros/humble/local/lib/python3.10/dist-packages/rosidl_adapter/parser.py", line 519, in parse_message_string
[0.666s]       fields.append(Field(
[0.667s]     File "/opt/ros/humble/local/lib/python3.10/dist-packages/rosidl_adapter/parser.py", line 354, in __init__
[0.667s]       raise NameError(
[0.667s] 
[0.667s]   NameError: 'turtleRGB' is an invalid field name.  It should have the
[0.667s]   pattern '^(?!.*__)(?!.*_$)[a-z][a-z0-9_]*$'
[0.667s] 
[0.667s] Call Stack (most recent call first):
[0.667s]   /opt/ros/humble/share/rosidl_cmake/cmake/rosidl_generate_interfaces.cmake:130 (rosidl_adapt_interfaces)
[0.667s]   CMakeLists.txt:25 (rosidl_generate_interfaces)
[0.667s] 
[0.667s] [0m
[0.667s] -- Configuring incomplete, errors occurred!
[0.667s] See also "/home/yahboom/Desktop/intro_ws/build/turtle_interfaces/CMakeFiles/CMakeOutput.log".
[0.676s] gmake: *** [Makefile:226: cmake_check_build_system] Error 1
[0.681s] Invoked command in '/home/yahboom/Desktop/intro_ws/build/turtle_interfaces' returned '2': CMAKE_PREFIX_PATH=${CMAKE_PREFIX_PATH}:/home/yahboom/cartoros2/install/yahboomcar_nav:/home/yahboom/cartoros2/install/yahboomcar_ctrl:/home/yahboom/cartoros2/install/yahboom_visual:/home/yahboom/cartoros2/install/yahboom_dog_joint_state:/home/yahboom/cartoros2/install/yahboom_description:/home/yahboom/cartoros2/install/yahboom_color_identify_server:/home/yahboom/cartoros2/install/yahboom_bringup:/home/yahboom/cartoros2/install/yahboom_base:/home/yahboom/cartoros2/install/yahboom_app_save_map:/home/yahboom/cartoros2/install/update_map:/home/yahboom/cartoros2/install/rosboard:/home/yahboom/cartoros2/install/path_planner_server:/home/yahboom/cartoros2/install/nav2_simple_commander:/home/yahboom/cartoros2/install/nav2_gazebo_spawner:/home/yahboom/cartoros2/install/localization_server:/home/yahboom/cartoros2/install/laserscan_to_point_pulisher:/home/yahboom/yahboomcar_ws/install/yahboom_dog_example:/opt/ros/humble /usr/bin/cmake --build /home/yahboom/Desktop/intro_ws/build/turtle_interfaces -- -j4 -l4
