[1.818s] Invoking command in '/home/yahboom/Desktop/intro_ws/src/python_parameters': PYTHONPATH=/home/yahboom/Desktop/intro_ws/build/python_parameters/prefix_override:/home/yahboom/Desktop/intro_ws/install/python_parameters/lib/python3.10/site-packages:${PYTHONPATH} /usr/bin/python3 -W ignore:setup.py install is deprecated setup.py egg_info --egg-base ../../build/python_parameters build --build-base /home/yahboom/Desktop/intro_ws/build/python_parameters/build install --record /home/yahboom/Desktop/intro_ws/build/python_parameters/install.log --single-version-externally-managed install_data
[2.348s] running egg_info
[2.349s] writing ../../build/python_parameters/UNKNOWN.egg-info/PKG-INFO
[2.350s] writing dependency_links to ../../build/python_parameters/UNKNOWN.egg-info/dependency_links.txt
[2.350s] writing top-level names to ../../build/python_parameters/UNKNOWN.egg-info/top_level.txt
[2.351s] reading manifest file '../../build/python_parameters/UNKNOWN.egg-info/SOURCES.txt'
[2.355s] writing manifest file '../../build/python_parameters/UNKNOWN.egg-info/SOURCES.txt'
[2.355s] running build
[2.355s] running install
[2.355s] running install_data
[2.356s] running install_egg_info
[2.360s] removing '/home/yahboom/Desktop/intro_ws/install/python_parameters/lib/python3.10/site-packages/UNKNOWN-0.0.0-py3.10.egg-info' (and everything under it)
[2.361s] Copying ../../build/python_parameters/UNKNOWN.egg-info to /home/yahboom/Desktop/intro_ws/install/python_parameters/lib/python3.10/site-packages/UNKNOWN-0.0.0-py3.10.egg-info
[2.364s] running install_scripts
[2.405s] writing list of installed files to '/home/yahboom/Desktop/intro_ws/build/python_parameters/install.log'
[2.417s] running egg_info
[2.417s] writing ../../build/python_parameters/python_parameters.egg-info/PKG-INFO
[2.418s] writing dependency_links to ../../build/python_parameters/python_parameters.egg-info/dependency_links.txt
[2.419s] writing entry points to ../../build/python_parameters/python_parameters.egg-info/entry_points.txt
[2.419s] writing requirements to ../../build/python_parameters/python_parameters.egg-info/requires.txt
[2.420s] writing top-level names to ../../build/python_parameters/python_parameters.egg-info/top_level.txt
[2.424s] reading manifest file '../../build/python_parameters/python_parameters.egg-info/SOURCES.txt'
[2.426s] writing manifest file '../../build/python_parameters/python_parameters.egg-info/SOURCES.txt'
[2.427s] running build
[2.428s] running build_py
[2.428s] running install
[2.428s] running install_lib
[2.431s] Sorry: TabError: inconsistent use of tabs and spaces in indentation (python_parameters_node.py, line 12)
[2.434s] byte-compiling /home/yahboom/Desktop/intro_ws/install/python_parameters/lib/python3.10/site-packages/python_parameters/python_parameters_node.py to python_parameters_node.cpython-310.pyc
[2.435s] running install_data
[2.437s] running install_egg_info
[2.437s] removing '/home/yahboom/Desktop/intro_ws/install/python_parameters/lib/python3.10/site-packages/python_parameters-0.0.0-py3.10.egg-info' (and everything under it)
[2.437s] Copying ../../build/python_parameters/python_parameters.egg-info to /home/yahboom/Desktop/intro_ws/install/python_parameters/lib/python3.10/site-packages/python_parameters-0.0.0-py3.10.egg-info
[2.439s] running install_scripts
[2.445s] Installing minimal_param_node script to /home/yahboom/Desktop/intro_ws/install/python_parameters/lib/python_parameters
[2.445s] writing list of installed files to '/home/yahboom/Desktop/intro_ws/build/python_parameters/install.log'
[2.508s] Invoked command in '/home/yahboom/Desktop/intro_ws/src/python_parameters' returned '0': PYTHONPATH=/home/yahboom/Desktop/intro_ws/build/python_parameters/prefix_override:/home/yahboom/Desktop/intro_ws/install/python_parameters/lib/python3.10/site-packages:${PYTHONPATH} /usr/bin/python3 -W ignore:setup.py install is deprecated setup.py egg_info --egg-base ../../build/python_parameters build --build-base /home/yahboom/Desktop/intro_ws/build/python_parameters/build install --record /home/yahboom/Desktop/intro_ws/build/python_parameters/install.log --single-version-externally-managed install_data
