[0.056s] Invoking command in '/home/yahboom/S26_RobotProgramming_Eloquent_Elusor/Lab4/so/roscourse_ws/build/turtle_interfaces': CMAKE_PREFIX_PATH=${CMAKE_PREFIX_PATH}:/home/yahboom/S26_RobotProgramming_Eloquent_Elusor/Lab4/so/roscourse_ws/install/webcam:/home/yahboom/S26_RobotProgramming_Eloquent_Elusor/Lab4/so/roscourse_ws/install/teleop_twist_keyboard:/home/yahboom/cartoros2/install/yahboomcar_nav:/home/yahboom/cartoros2/install/yahboomcar_ctrl:/home/yahboom/cartoros2/install/yahboom_visual:/home/yahboom/cartoros2/install/yahboom_dog_joint_state:/home/yahboom/cartoros2/install/yahboom_description:/home/yahboom/cartoros2/install/yahboom_color_identify_server:/home/yahboom/cartoros2/install/yahboom_bringup:/home/yahboom/cartoros2/install/yahboom_base:/home/yahboom/cartoros2/install/yahboom_app_save_map:/home/yahboom/cartoros2/install/update_map:/home/yahboom/cartoros2/install/rosboard:/home/yahboom/cartoros2/install/path_planner_server:/home/yahboom/cartoros2/install/nav2_simple_commander:/home/yahboom/cartoros2/install/nav2_gazebo_spawner:/home/yahboom/cartoros2/install/localization_server:/home/yahboom/cartoros2/install/laserscan_to_point_pulisher:/home/yahboom/yahboomcar_ws/install/yahboom_dog_example:/opt/ros/humble /usr/bin/cmake /home/yahboom/S26_RobotProgramming_Eloquent_Elusor/Lab4/so/roscourse_ws/src/turtle_interfaces -DCMAKE_INSTALL_PREFIX=/home/yahboom/S26_RobotProgramming_Eloquent_Elusor/Lab4/so/roscourse_ws/install/turtle_interfaces
[0.314s] -- The C compiler identification is GNU 11.4.0
[0.314s] -- The CXX compiler identification is GNU 11.4.0
[0.314s] -- Detecting C compiler ABI info
[0.314s] -- Detecting C compiler ABI info - done
[0.314s] -- Check for working C compiler: /usr/bin/cc - skipped
[0.314s] -- Detecting C compile features
[0.314s] -- Detecting C compile features - done
[0.314s] -- Detecting CXX compiler ABI info
[0.414s] -- Detecting CXX compiler ABI info - done
[0.420s] -- Check for working CXX compiler: /usr/bin/c++ - skipped
[0.420s] -- Detecting CXX compile features
[0.420s] -- Detecting CXX compile features - done
[0.438s] -- Found ament_cmake: 1.3.8 (/opt/ros/humble/share/ament_cmake/cmake)
[0.636s] -- Found Python3: /usr/bin/python3 (found version "3.10.12") found components: Interpreter 
[0.870s] -- Found ament_lint_auto: 0.12.10 (/opt/ros/humble/share/ament_lint_auto/cmake)
[1.049s] -- Found geometry_msgs: 4.2.3 (/opt/ros/humble/share/geometry_msgs/cmake)
[1.174s] -- Found rosidl_generator_c: 3.1.5 (/opt/ros/humble/share/rosidl_generator_c/cmake)
[1.197s] -- Found rosidl_adapter: 3.1.5 (/opt/ros/humble/share/rosidl_adapter/cmake)
[1.221s] -- Found rosidl_generator_cpp: 3.1.5 (/opt/ros/humble/share/rosidl_generator_cpp/cmake)
[1.252s] -- Using all available rosidl_typesupport_c: rosidl_typesupport_fastrtps_c;rosidl_typesupport_introspection_c
[1.295s] -- Using all available rosidl_typesupport_cpp: rosidl_typesupport_fastrtps_cpp;rosidl_typesupport_introspection_cpp
[1.416s] -- Found rosidl_default_generators: 1.2.0 (/opt/ros/humble/share/rosidl_default_generators/cmake)
[1.723s] -- Found ament_cmake_ros: 0.10.0 (/opt/ros/humble/share/ament_cmake_ros/cmake)
[2.203s] -- Using all available rosidl_typesupport_c: rosidl_typesupport_fastrtps_c;rosidl_typesupport_introspection_c
[2.367s] -- Using all available rosidl_typesupport_cpp: rosidl_typesupport_fastrtps_cpp;rosidl_typesupport_introspection_cpp
[2.396s] -- Found PythonInterp: /usr/bin/python3 (found suitable version "3.10.12", minimum required is "3.6") 
[2.404s] -- Found python_cmake_module: 0.10.0 (/opt/ros/humble/share/python_cmake_module/cmake)
[2.438s] -- Found PythonLibs: /usr/lib/x86_64-linux-gnu/libpython3.10.so (found suitable version "3.10.12", minimum required is "3.5") 
[2.438s] -- Using PYTHON_EXECUTABLE: /usr/bin/python3
[2.438s] -- Using PYTHON_INCLUDE_DIRS: /usr/include/python3.10
[2.438s] -- Using PYTHON_LIBRARIES: /usr/lib/x86_64-linux-gnu/libpython3.10.so
[2.464s] -- Found PythonExtra: .so  
[2.580s] -- Added test 'lint_cmake' to check CMake code style
[2.582s] -- Added test 'xmllint' to check XML markup files
[2.588s] -- Configuring done
[2.634s] -- Generating done
[2.638s] -- Build files have been written to: /home/yahboom/S26_RobotProgramming_Eloquent_Elusor/Lab4/so/roscourse_ws/build/turtle_interfaces
[2.645s] Invoked command in '/home/yahboom/S26_RobotProgramming_Eloquent_Elusor/Lab4/so/roscourse_ws/build/turtle_interfaces' returned '0': CMAKE_PREFIX_PATH=${CMAKE_PREFIX_PATH}:/home/yahboom/S26_RobotProgramming_Eloquent_Elusor/Lab4/so/roscourse_ws/install/webcam:/home/yahboom/S26_RobotProgramming_Eloquent_Elusor/Lab4/so/roscourse_ws/install/teleop_twist_keyboard:/home/yahboom/cartoros2/install/yahboomcar_nav:/home/yahboom/cartoros2/install/yahboomcar_ctrl:/home/yahboom/cartoros2/install/yahboom_visual:/home/yahboom/cartoros2/install/yahboom_dog_joint_state:/home/yahboom/cartoros2/install/yahboom_description:/home/yahboom/cartoros2/install/yahboom_color_identify_server:/home/yahboom/cartoros2/install/yahboom_bringup:/home/yahboom/cartoros2/install/yahboom_base:/home/yahboom/cartoros2/install/yahboom_app_save_map:/home/yahboom/cartoros2/install/update_map:/home/yahboom/cartoros2/install/rosboard:/home/yahboom/cartoros2/install/path_planner_server:/home/yahboom/cartoros2/install/nav2_simple_commander:/home/yahboom/cartoros2/install/nav2_gazebo_spawner:/home/yahboom/cartoros2/install/localization_server:/home/yahboom/cartoros2/install/laserscan_to_point_pulisher:/home/yahboom/yahboomcar_ws/install/yahboom_dog_example:/opt/ros/humble /usr/bin/cmake /home/yahboom/S26_RobotProgramming_Eloquent_Elusor/Lab4/so/roscourse_ws/src/turtle_interfaces -DCMAKE_INSTALL_PREFIX=/home/yahboom/S26_RobotProgramming_Eloquent_Elusor/Lab4/so/roscourse_ws/install/turtle_interfaces
[2.650s] Invoking command in '/home/yahboom/S26_RobotProgramming_Eloquent_Elusor/Lab4/so/roscourse_ws/build/turtle_interfaces': CMAKE_PREFIX_PATH=${CMAKE_PREFIX_PATH}:/home/yahboom/S26_RobotProgramming_Eloquent_Elusor/Lab4/so/roscourse_ws/install/webcam:/home/yahboom/S26_RobotProgramming_Eloquent_Elusor/Lab4/so/roscourse_ws/install/teleop_twist_keyboard:/home/yahboom/cartoros2/install/yahboomcar_nav:/home/yahboom/cartoros2/install/yahboomcar_ctrl:/home/yahboom/cartoros2/install/yahboom_visual:/home/yahboom/cartoros2/install/yahboom_dog_joint_state:/home/yahboom/cartoros2/install/yahboom_description:/home/yahboom/cartoros2/install/yahboom_color_identify_server:/home/yahboom/cartoros2/install/yahboom_bringup:/home/yahboom/cartoros2/install/yahboom_base:/home/yahboom/cartoros2/install/yahboom_app_save_map:/home/yahboom/cartoros2/install/update_map:/home/yahboom/cartoros2/install/rosboard:/home/yahboom/cartoros2/install/path_planner_server:/home/yahboom/cartoros2/install/nav2_simple_commander:/home/yahboom/cartoros2/install/nav2_gazebo_spawner:/home/yahboom/cartoros2/install/localization_server:/home/yahboom/cartoros2/install/laserscan_to_point_pulisher:/home/yahboom/yahboomcar_ws/install/yahboom_dog_example:/opt/ros/humble /usr/bin/cmake --build /home/yahboom/S26_RobotProgramming_Eloquent_Elusor/Lab4/so/roscourse_ws/build/turtle_interfaces -- -j4 -l4
[2.706s] [  2%] [34m[1mGenerating C code for ROS interfaces[0m
[2.733s] [  4%] [34m[1mGenerating C++ code for ROS interfaces[0m
[2.741s] [  4%] Built target ament_cmake_python_copy_turtle_interfaces
[3.039s] running egg_info
[3.039s] creating turtle_interfaces.egg-info
[3.039s] writing turtle_interfaces.egg-info/PKG-INFO
[3.041s] writing dependency_links to turtle_interfaces.egg-info/dependency_links.txt
[3.041s] writing top-level names to turtle_interfaces.egg-info/top_level.txt
[3.041s] writing manifest file 'turtle_interfaces.egg-info/SOURCES.txt'
[3.043s] reading manifest file 'turtle_interfaces.egg-info/SOURCES.txt'
[3.043s] writing manifest file 'turtle_interfaces.egg-info/SOURCES.txt'
[3.080s] [  4%] Built target ament_cmake_python_build_turtle_interfaces_egg
[3.124s] [  6%] [32mBuilding C object CMakeFiles/turtle_interfaces__rosidl_generator_c.dir/rosidl_generator_c/turtle_interfaces/msg/detail/turtle_msg__functions.c.o[0m
[3.124s] [  6%] Built target turtle_interfaces__cpp
[3.130s] [  8%] [32mBuilding C object CMakeFiles/turtle_interfaces__rosidl_generator_c.dir/rosidl_generator_c/turtle_interfaces/srv/detail/set_pose__functions.c.o[0m
[3.130s] [ 10%] [32mBuilding C object CMakeFiles/turtle_interfaces__rosidl_generator_c.dir/rosidl_generator_c/turtle_interfaces/srv/detail/set_color__functions.c.o[0m
[3.156s] [ 12%] [34m[1mGenerating C++ type support for eProsima Fast-RTPS[0m
[3.186s] [ 14%] [34m[1mGenerating C++ introspection for ROS interfaces[0m
[3.206s] [ 17%] [34m[1mGenerating C++ type support dispatch for ROS interfaces[0m
[3.212s] [ 19%] [32m[1mLinking C shared library libturtle_interfaces__rosidl_generator_c.so[0m
[3.295s] [ 19%] Built target turtle_interfaces__rosidl_generator_c
[3.323s] [ 21%] [34m[1mGenerating C type support for eProsima Fast-RTPS[0m
[3.502s] [ 23%] [32mBuilding CXX object CMakeFiles/turtle_interfaces__rosidl_typesupport_cpp.dir/rosidl_typesupport_cpp/turtle_interfaces/msg/turtle_msg__type_support.cpp.o[0m
[3.560s] [ 25%] [32mBuilding CXX object CMakeFiles/turtle_interfaces__rosidl_typesupport_introspection_cpp.dir/rosidl_typesupport_introspection_cpp/turtle_interfaces/msg/detail/turtle_msg__type_support.cpp.o[0m
[3.608s] [ 27%] [32mBuilding CXX object CMakeFiles/turtle_interfaces__rosidl_typesupport_fastrtps_cpp.dir/rosidl_typesupport_fastrtps_cpp/turtle_interfaces/msg/detail/dds_fastrtps/turtle_msg__type_support.cpp.o[0m
[3.727s] [ 29%] [32mBuilding CXX object CMakeFiles/turtle_interfaces__rosidl_typesupport_fastrtps_c.dir/rosidl_typesupport_fastrtps_c/turtle_interfaces/msg/detail/turtle_msg__type_support_c.cpp.o[0m
[3.772s] [ 31%] [32mBuilding CXX object CMakeFiles/turtle_interfaces__rosidl_typesupport_cpp.dir/rosidl_typesupport_cpp/turtle_interfaces/srv/set_pose__type_support.cpp.o[0m
[3.984s] [ 34%] [32mBuilding CXX object CMakeFiles/turtle_interfaces__rosidl_typesupport_fastrtps_cpp.dir/rosidl_typesupport_fastrtps_cpp/turtle_interfaces/srv/detail/dds_fastrtps/set_pose__type_support.cpp.o[0m
[4.024s] [ 36%] [32mBuilding CXX object CMakeFiles/turtle_interfaces__rosidl_typesupport_introspection_cpp.dir/rosidl_typesupport_introspection_cpp/turtle_interfaces/srv/detail/set_pose__type_support.cpp.o[0m
[4.045s] [ 38%] [32mBuilding CXX object CMakeFiles/turtle_interfaces__rosidl_typesupport_cpp.dir/rosidl_typesupport_cpp/turtle_interfaces/srv/set_color__type_support.cpp.o[0m
[4.107s] [ 40%] [32mBuilding CXX object CMakeFiles/turtle_interfaces__rosidl_typesupport_fastrtps_c.dir/rosidl_typesupport_fastrtps_c/turtle_interfaces/srv/detail/set_pose__type_support_c.cpp.o[0m
[4.291s] [ 42%] [32mBuilding CXX object CMakeFiles/turtle_interfaces__rosidl_typesupport_fastrtps_cpp.dir/rosidl_typesupport_fastrtps_cpp/turtle_interfaces/srv/detail/dds_fastrtps/set_color__type_support.cpp.o[0m
[4.339s] [ 44%] [32m[1mLinking CXX shared library libturtle_interfaces__rosidl_typesupport_cpp.so[0m
[4.400s] [ 44%] Built target turtle_interfaces__rosidl_typesupport_cpp
[4.420s] [ 46%] [32mBuilding CXX object CMakeFiles/turtle_interfaces__rosidl_typesupport_introspection_cpp.dir/rosidl_typesupport_introspection_cpp/turtle_interfaces/srv/detail/set_color__type_support.cpp.o[0m
[4.465s] [ 48%] [32mBuilding CXX object CMakeFiles/turtle_interfaces__rosidl_typesupport_fastrtps_c.dir/rosidl_typesupport_fastrtps_c/turtle_interfaces/srv/detail/set_color__type_support_c.cpp.o[0m
[4.531s] [ 51%] [34m[1mGenerating C introspection for ROS interfaces[0m
[4.649s] [ 53%] [32m[1mLinking CXX shared library libturtle_interfaces__rosidl_typesupport_fastrtps_cpp.so[0m
[4.762s] [ 53%] Built target turtle_interfaces__rosidl_typesupport_fastrtps_cpp
[4.781s] [ 55%] [34m[1mGenerating C type support dispatch for ROS interfaces[0m
[4.797s] [ 57%] [32m[1mLinking CXX shared library libturtle_interfaces__rosidl_typesupport_fastrtps_c.so[0m
[4.802s] [ 59%] [32m[1mLinking CXX shared library libturtle_interfaces__rosidl_typesupport_introspection_cpp.so[0m
[4.883s] [ 59%] Built target turtle_interfaces__rosidl_typesupport_introspection_cpp
[4.892s] [ 59%] Built target turtle_interfaces__rosidl_typesupport_fastrtps_c
[4.932s] [ 61%] [32mBuilding C object CMakeFiles/turtle_interfaces__rosidl_typesupport_introspection_c.dir/rosidl_typesupport_introspection_c/turtle_interfaces/msg/detail/turtle_msg__type_support.c.o[0m
[4.941s] [ 63%] [32mBuilding C object CMakeFiles/turtle_interfaces__rosidl_typesupport_introspection_c.dir/rosidl_typesupport_introspection_c/turtle_interfaces/srv/detail/set_color__type_support.c.o[0m
[4.941s] [ 65%] [32mBuilding C object CMakeFiles/turtle_interfaces__rosidl_typesupport_introspection_c.dir/rosidl_typesupport_introspection_c/turtle_interfaces/srv/detail/set_pose__type_support.c.o[0m
[4.994s] [ 68%] [32m[1mLinking C shared library libturtle_interfaces__rosidl_typesupport_introspection_c.so[0m
[5.041s] [ 68%] Built target turtle_interfaces__rosidl_typesupport_introspection_c
[5.067s] [ 70%] [32mBuilding CXX object CMakeFiles/turtle_interfaces__rosidl_typesupport_c.dir/rosidl_typesupport_c/turtle_interfaces/srv/set_pose__type_support.cpp.o[0m
[5.070s] [ 74%] [32mBuilding CXX object CMakeFiles/turtle_interfaces__rosidl_typesupport_c.dir/rosidl_typesupport_c/turtle_interfaces/srv/set_color__type_support.cpp.o[0m
[5.070s] [ 74%] [32mBuilding CXX object CMakeFiles/turtle_interfaces__rosidl_typesupport_c.dir/rosidl_typesupport_c/turtle_interfaces/msg/turtle_msg__type_support.cpp.o[0m
[5.116s] [ 76%] [32m[1mLinking CXX shared library libturtle_interfaces__rosidl_typesupport_c.so[0m
[5.165s] [ 76%] Built target turtle_interfaces__rosidl_typesupport_c
[5.197s] [ 76%] Built target turtle_interfaces
[5.231s] [ 78%] [34m[1mGenerating Python code for ROS interfaces[0m
[5.640s] [ 78%] Built target turtle_interfaces__py
[5.675s] [ 80%] [32mBuilding C object CMakeFiles/turtle_interfaces__rosidl_generator_py.dir/rosidl_generator_py/turtle_interfaces/srv/_set_pose_s.c.o[0m
[5.675s] [ 82%] [32mBuilding C object CMakeFiles/turtle_interfaces__rosidl_generator_py.dir/rosidl_generator_py/turtle_interfaces/msg/_turtle_msg_s.c.o[0m
[5.678s] [ 85%] [32mBuilding C object CMakeFiles/turtle_interfaces__rosidl_generator_py.dir/rosidl_generator_py/turtle_interfaces/srv/_set_color_s.c.o[0m
[5.787s] [ 87%] [32m[1mLinking C shared library rosidl_generator_py/turtle_interfaces/libturtle_interfaces__rosidl_generator_py.so[0m
[5.839s] [ 87%] Built target turtle_interfaces__rosidl_generator_py
[5.878s] [ 89%] [32mBuilding C object CMakeFiles/turtle_interfaces__rosidl_typesupport_introspection_c__pyext.dir/rosidl_generator_py/turtle_interfaces/_turtle_interfaces_s.ep.rosidl_typesupport_introspection_c.c.o[0m
[5.879s] [ 91%] [32mBuilding C object CMakeFiles/turtle_interfaces__rosidl_typesupport_c__pyext.dir/rosidl_generator_py/turtle_interfaces/_turtle_interfaces_s.ep.rosidl_typesupport_c.c.o[0m
[5.880s] [ 93%] [32mBuilding C object CMakeFiles/turtle_interfaces__rosidl_typesupport_fastrtps_c__pyext.dir/rosidl_generator_py/turtle_interfaces/_turtle_interfaces_s.ep.rosidl_typesupport_fastrtps_c.c.o[0m
[5.977s] [ 95%] [32m[1mLinking C shared library rosidl_generator_py/turtle_interfaces/turtle_interfaces_s__rosidl_typesupport_introspection_c.cpython-310-x86_64-linux-gnu.so[0m
[5.991s] [ 97%] [32m[1mLinking C shared library rosidl_generator_py/turtle_interfaces/turtle_interfaces_s__rosidl_typesupport_c.cpython-310-x86_64-linux-gnu.so[0m
[6.013s] [100%] [32m[1mLinking C shared library rosidl_generator_py/turtle_interfaces/turtle_interfaces_s__rosidl_typesupport_fastrtps_c.cpython-310-x86_64-linux-gnu.so[0m
[6.035s] [100%] Built target turtle_interfaces__rosidl_typesupport_introspection_c__pyext
[6.047s] [100%] Built target turtle_interfaces__rosidl_typesupport_c__pyext
[6.064s] [100%] Built target turtle_interfaces__rosidl_typesupport_fastrtps_c__pyext
[6.080s] Invoked command in '/home/yahboom/S26_RobotProgramming_Eloquent_Elusor/Lab4/so/roscourse_ws/build/turtle_interfaces' returned '0': CMAKE_PREFIX_PATH=${CMAKE_PREFIX_PATH}:/home/yahboom/S26_RobotProgramming_Eloquent_Elusor/Lab4/so/roscourse_ws/install/webcam:/home/yahboom/S26_RobotProgramming_Eloquent_Elusor/Lab4/so/roscourse_ws/install/teleop_twist_keyboard:/home/yahboom/cartoros2/install/yahboomcar_nav:/home/yahboom/cartoros2/install/yahboomcar_ctrl:/home/yahboom/cartoros2/install/yahboom_visual:/home/yahboom/cartoros2/install/yahboom_dog_joint_state:/home/yahboom/cartoros2/install/yahboom_description:/home/yahboom/cartoros2/install/yahboom_color_identify_server:/home/yahboom/cartoros2/install/yahboom_bringup:/home/yahboom/cartoros2/install/yahboom_base:/home/yahboom/cartoros2/install/yahboom_app_save_map:/home/yahboom/cartoros2/install/update_map:/home/yahboom/cartoros2/install/rosboard:/home/yahboom/cartoros2/install/path_planner_server:/home/yahboom/cartoros2/install/nav2_simple_commander:/home/yahboom/cartoros2/install/nav2_gazebo_spawner:/home/yahboom/cartoros2/install/localization_server:/home/yahboom/cartoros2/install/laserscan_to_point_pulisher:/home/yahboom/yahboomcar_ws/install/yahboom_dog_example:/opt/ros/humble /usr/bin/cmake --build /home/yahboom/S26_RobotProgramming_Eloquent_Elusor/Lab4/so/roscourse_ws/build/turtle_interfaces -- -j4 -l4
[6.477s] Invoking command in '/home/yahboom/S26_RobotProgramming_Eloquent_Elusor/Lab4/so/roscourse_ws/build/turtle_interfaces': CMAKE_PREFIX_PATH=${CMAKE_PREFIX_PATH}:/home/yahboom/S26_RobotProgramming_Eloquent_Elusor/Lab4/so/roscourse_ws/install/webcam:/home/yahboom/S26_RobotProgramming_Eloquent_Elusor/Lab4/so/roscourse_ws/install/teleop_twist_keyboard:/home/yahboom/cartoros2/install/yahboomcar_nav:/home/yahboom/cartoros2/install/yahboomcar_ctrl:/home/yahboom/cartoros2/install/yahboom_visual:/home/yahboom/cartoros2/install/yahboom_dog_joint_state:/home/yahboom/cartoros2/install/yahboom_description:/home/yahboom/cartoros2/install/yahboom_color_identify_server:/home/yahboom/cartoros2/install/yahboom_bringup:/home/yahboom/cartoros2/install/yahboom_base:/home/yahboom/cartoros2/install/yahboom_app_save_map:/home/yahboom/cartoros2/install/update_map:/home/yahboom/cartoros2/install/rosboard:/home/yahboom/cartoros2/install/path_planner_server:/home/yahboom/cartoros2/install/nav2_simple_commander:/home/yahboom/cartoros2/install/nav2_gazebo_spawner:/home/yahboom/cartoros2/install/localization_server:/home/yahboom/cartoros2/install/laserscan_to_point_pulisher:/home/yahboom/yahboomcar_ws/install/yahboom_dog_example:/opt/ros/humble /usr/bin/cmake --install /home/yahboom/S26_RobotProgramming_Eloquent_Elusor/Lab4/so/roscourse_ws/build/turtle_interfaces
[6.490s] -- Install configuration: ""
[6.505s] -- Installing: /home/yahboom/S26_RobotProgramming_Eloquent_Elusor/Lab4/so/roscourse_ws/install/turtle_interfaces/share/ament_index/resource_index/rosidl_interfaces/turtle_interfaces
[6.505s] -- Installing: /home/yahboom/S26_RobotProgramming_Eloquent_Elusor/Lab4/so/roscourse_ws/install/turtle_interfaces/include/turtle_interfaces/turtle_interfaces
[6.505s] -- Installing: /home/yahboom/S26_RobotProgramming_Eloquent_Elusor/Lab4/so/roscourse_ws/install/turtle_interfaces/include/turtle_interfaces/turtle_interfaces/srv
[6.506s] -- Installing: /home/yahboom/S26_RobotProgramming_Eloquent_Elusor/Lab4/so/roscourse_ws/install/turtle_interfaces/include/turtle_interfaces/turtle_interfaces/srv/detail
[6.506s] -- Installing: /home/yahboom/S26_RobotProgramming_Eloquent_Elusor/Lab4/so/roscourse_ws/install/turtle_interfaces/include/turtle_interfaces/turtle_interfaces/srv/detail/set_color__type_support.h
[6.506s] -- Installing: /home/yahboom/S26_RobotProgramming_Eloquent_Elusor/Lab4/so/roscourse_ws/install/turtle_interfaces/include/turtle_interfaces/turtle_interfaces/srv/detail/set_color__functions.h
[6.506s] -- Installing: /home/yahboom/S26_RobotProgramming_Eloquent_Elusor/Lab4/so/roscourse_ws/install/turtle_interfaces/include/turtle_interfaces/turtle_interfaces/srv/detail/set_pose__functions.h
[6.507s] -- Installing: /home/yahboom/S26_RobotProgramming_Eloquent_Elusor/Lab4/so/roscourse_ws/install/turtle_interfaces/include/turtle_interfaces/turtle_interfaces/srv/detail/set_color__functions.c
[6.507s] -- Installing: /home/yahboom/S26_RobotProgramming_Eloquent_Elusor/Lab4/so/roscourse_ws/install/turtle_interfaces/include/turtle_interfaces/turtle_interfaces/srv/detail/set_pose__struct.h
[6.507s] -- Installing: /home/yahboom/S26_RobotProgramming_Eloquent_Elusor/Lab4/so/roscourse_ws/install/turtle_interfaces/include/turtle_interfaces/turtle_interfaces/srv/detail/set_pose__type_support.h
[6.508s] -- Installing: /home/yahboom/S26_RobotProgramming_Eloquent_Elusor/Lab4/so/roscourse_ws/install/turtle_interfaces/include/turtle_interfaces/turtle_interfaces/srv/detail/set_color__struct.h
[6.508s] -- Installing: /home/yahboom/S26_RobotProgramming_Eloquent_Elusor/Lab4/so/roscourse_ws/install/turtle_interfaces/include/turtle_interfaces/turtle_interfaces/srv/detail/set_pose__functions.c
[6.508s] -- Installing: /home/yahboom/S26_RobotProgramming_Eloquent_Elusor/Lab4/so/roscourse_ws/install/turtle_interfaces/include/turtle_interfaces/turtle_interfaces/srv/set_pose.h
[6.509s] -- Installing: /home/yahboom/S26_RobotProgramming_Eloquent_Elusor/Lab4/so/roscourse_ws/install/turtle_interfaces/include/turtle_interfaces/turtle_interfaces/srv/set_color.h
[6.509s] -- Installing: /home/yahboom/S26_RobotProgramming_Eloquent_Elusor/Lab4/so/roscourse_ws/install/turtle_interfaces/include/turtle_interfaces/turtle_interfaces/msg
[6.509s] -- Installing: /home/yahboom/S26_RobotProgramming_Eloquent_Elusor/Lab4/so/roscourse_ws/install/turtle_interfaces/include/turtle_interfaces/turtle_interfaces/msg/detail
[6.509s] -- Installing: /home/yahboom/S26_RobotProgramming_Eloquent_Elusor/Lab4/so/roscourse_ws/install/turtle_interfaces/include/turtle_interfaces/turtle_interfaces/msg/detail/turtle_msg__functions.c
[6.509s] -- Installing: /home/yahboom/S26_RobotProgramming_Eloquent_Elusor/Lab4/so/roscourse_ws/install/turtle_interfaces/include/turtle_interfaces/turtle_interfaces/msg/detail/turtle_msg__type_support.h
[6.510s] -- Installing: /home/yahboom/S26_RobotProgramming_Eloquent_Elusor/Lab4/so/roscourse_ws/install/turtle_interfaces/include/turtle_interfaces/turtle_interfaces/msg/detail/turtle_msg__functions.h
[6.510s] -- Installing: /home/yahboom/S26_RobotProgramming_Eloquent_Elusor/Lab4/so/roscourse_ws/install/turtle_interfaces/include/turtle_interfaces/turtle_interfaces/msg/detail/turtle_msg__struct.h
[6.510s] -- Installing: /home/yahboom/S26_RobotProgramming_Eloquent_Elusor/Lab4/so/roscourse_ws/install/turtle_interfaces/include/turtle_interfaces/turtle_interfaces/msg/turtle_msg.h
[6.510s] -- Installing: /home/yahboom/S26_RobotProgramming_Eloquent_Elusor/Lab4/so/roscourse_ws/install/turtle_interfaces/include/turtle_interfaces/turtle_interfaces/msg/rosidl_generator_c__visibility_control.h
[6.510s] -- Installing: /home/yahboom/S26_RobotProgramming_Eloquent_Elusor/Lab4/so/roscourse_ws/install/turtle_interfaces/share/turtle_interfaces/environment/library_path.sh
[6.510s] -- Installing: /home/yahboom/S26_RobotProgramming_Eloquent_Elusor/Lab4/so/roscourse_ws/install/turtle_interfaces/share/turtle_interfaces/environment/library_path.dsv
[6.511s] -- Installing: /home/yahboom/S26_RobotProgramming_Eloquent_Elusor/Lab4/so/roscourse_ws/install/turtle_interfaces/lib/libturtle_interfaces__rosidl_generator_c.so
[6.512s] -- Set runtime path of "/home/yahboom/S26_RobotProgramming_Eloquent_Elusor/Lab4/so/roscourse_ws/install/turtle_interfaces/lib/libturtle_interfaces__rosidl_generator_c.so" to ""
[6.512s] -- Up-to-date: /home/yahboom/S26_RobotProgramming_Eloquent_Elusor/Lab4/so/roscourse_ws/install/turtle_interfaces/include/turtle_interfaces/turtle_interfaces
[6.512s] -- Up-to-date: /home/yahboom/S26_RobotProgramming_Eloquent_Elusor/Lab4/so/roscourse_ws/install/turtle_interfaces/include/turtle_interfaces/turtle_interfaces/srv
[6.512s] -- Up-to-date: /home/yahboom/S26_RobotProgramming_Eloquent_Elusor/Lab4/so/roscourse_ws/install/turtle_interfaces/include/turtle_interfaces/turtle_interfaces/srv/detail
[6.512s] -- Installing: /home/yahboom/S26_RobotProgramming_Eloquent_Elusor/Lab4/so/roscourse_ws/install/turtle_interfaces/include/turtle_interfaces/turtle_interfaces/srv/detail/set_color__rosidl_typesupport_fastrtps_c.h
[6.513s] -- Installing: /home/yahboom/S26_RobotProgramming_Eloquent_Elusor/Lab4/so/roscourse_ws/install/turtle_interfaces/include/turtle_interfaces/turtle_interfaces/srv/detail/set_pose__rosidl_typesupport_fastrtps_c.h
[6.513s] -- Up-to-date: /home/yahboom/S26_RobotProgramming_Eloquent_Elusor/Lab4/so/roscourse_ws/install/turtle_interfaces/include/turtle_interfaces/turtle_interfaces/msg
[6.513s] -- Up-to-date: /home/yahboom/S26_RobotProgramming_Eloquent_Elusor/Lab4/so/roscourse_ws/install/turtle_interfaces/include/turtle_interfaces/turtle_interfaces/msg/detail
[6.513s] -- Installing: /home/yahboom/S26_RobotProgramming_Eloquent_Elusor/Lab4/so/roscourse_ws/install/turtle_interfaces/include/turtle_interfaces/turtle_interfaces/msg/detail/turtle_msg__rosidl_typesupport_fastrtps_c.h
[6.513s] -- Installing: /home/yahboom/S26_RobotProgramming_Eloquent_Elusor/Lab4/so/roscourse_ws/install/turtle_interfaces/include/turtle_interfaces/turtle_interfaces/msg/rosidl_typesupport_fastrtps_c__visibility_control.h
[6.514s] -- Installing: /home/yahboom/S26_RobotProgramming_Eloquent_Elusor/Lab4/so/roscourse_ws/install/turtle_interfaces/lib/libturtle_interfaces__rosidl_typesupport_fastrtps_c.so
[6.514s] -- Set runtime path of "/home/yahboom/S26_RobotProgramming_Eloquent_Elusor/Lab4/so/roscourse_ws/install/turtle_interfaces/lib/libturtle_interfaces__rosidl_typesupport_fastrtps_c.so" to ""
[6.514s] -- Up-to-date: /home/yahboom/S26_RobotProgramming_Eloquent_Elusor/Lab4/so/roscourse_ws/install/turtle_interfaces/include/turtle_interfaces/turtle_interfaces
[6.515s] -- Up-to-date: /home/yahboom/S26_RobotProgramming_Eloquent_Elusor/Lab4/so/roscourse_ws/install/turtle_interfaces/include/turtle_interfaces/turtle_interfaces/srv
[6.515s] -- Installing: /home/yahboom/S26_RobotProgramming_Eloquent_Elusor/Lab4/so/roscourse_ws/install/turtle_interfaces/include/turtle_interfaces/turtle_interfaces/srv/set_pose.hpp
[6.515s] -- Up-to-date: /home/yahboom/S26_RobotProgramming_Eloquent_Elusor/Lab4/so/roscourse_ws/install/turtle_interfaces/include/turtle_interfaces/turtle_interfaces/srv/detail
[6.515s] -- Installing: /home/yahboom/S26_RobotProgramming_Eloquent_Elusor/Lab4/so/roscourse_ws/install/turtle_interfaces/include/turtle_interfaces/turtle_interfaces/srv/detail/set_color__struct.hpp
[6.516s] -- Installing: /home/yahboom/S26_RobotProgramming_Eloquent_Elusor/Lab4/so/roscourse_ws/install/turtle_interfaces/include/turtle_interfaces/turtle_interfaces/srv/detail/set_color__builder.hpp
[6.516s] -- Installing: /home/yahboom/S26_RobotProgramming_Eloquent_Elusor/Lab4/so/roscourse_ws/install/turtle_interfaces/include/turtle_interfaces/turtle_interfaces/srv/detail/set_pose__traits.hpp
[6.516s] -- Installing: /home/yahboom/S26_RobotProgramming_Eloquent_Elusor/Lab4/so/roscourse_ws/install/turtle_interfaces/include/turtle_interfaces/turtle_interfaces/srv/detail/set_color__traits.hpp
[6.516s] -- Installing: /home/yahboom/S26_RobotProgramming_Eloquent_Elusor/Lab4/so/roscourse_ws/install/turtle_interfaces/include/turtle_interfaces/turtle_interfaces/srv/detail/set_pose__builder.hpp
[6.516s] -- Installing: /home/yahboom/S26_RobotProgramming_Eloquent_Elusor/Lab4/so/roscourse_ws/install/turtle_interfaces/include/turtle_interfaces/turtle_interfaces/srv/detail/set_pose__struct.hpp
[6.516s] -- Installing: /home/yahboom/S26_RobotProgramming_Eloquent_Elusor/Lab4/so/roscourse_ws/install/turtle_interfaces/include/turtle_interfaces/turtle_interfaces/srv/set_color.hpp
[6.516s] -- Up-to-date: /home/yahboom/S26_RobotProgramming_Eloquent_Elusor/Lab4/so/roscourse_ws/install/turtle_interfaces/include/turtle_interfaces/turtle_interfaces/msg
[6.516s] -- Up-to-date: /home/yahboom/S26_RobotProgramming_Eloquent_Elusor/Lab4/so/roscourse_ws/install/turtle_interfaces/include/turtle_interfaces/turtle_interfaces/msg/detail
[6.516s] -- Installing: /home/yahboom/S26_RobotProgramming_Eloquent_Elusor/Lab4/so/roscourse_ws/install/turtle_interfaces/include/turtle_interfaces/turtle_interfaces/msg/detail/turtle_msg__traits.hpp
[6.516s] -- Installing: /home/yahboom/S26_RobotProgramming_Eloquent_Elusor/Lab4/so/roscourse_ws/install/turtle_interfaces/include/turtle_interfaces/turtle_interfaces/msg/detail/turtle_msg__struct.hpp
[6.516s] -- Installing: /home/yahboom/S26_RobotProgramming_Eloquent_Elusor/Lab4/so/roscourse_ws/install/turtle_interfaces/include/turtle_interfaces/turtle_interfaces/msg/detail/turtle_msg__builder.hpp
[6.516s] -- Installing: /home/yahboom/S26_RobotProgramming_Eloquent_Elusor/Lab4/so/roscourse_ws/install/turtle_interfaces/include/turtle_interfaces/turtle_interfaces/msg/turtle_msg.hpp
[6.516s] -- Up-to-date: /home/yahboom/S26_RobotProgramming_Eloquent_Elusor/Lab4/so/roscourse_ws/install/turtle_interfaces/include/turtle_interfaces/turtle_interfaces
[6.516s] -- Up-to-date: /home/yahboom/S26_RobotProgramming_Eloquent_Elusor/Lab4/so/roscourse_ws/install/turtle_interfaces/include/turtle_interfaces/turtle_interfaces/srv
[6.516s] -- Up-to-date: /home/yahboom/S26_RobotProgramming_Eloquent_Elusor/Lab4/so/roscourse_ws/install/turtle_interfaces/include/turtle_interfaces/turtle_interfaces/srv/detail
[6.516s] -- Installing: /home/yahboom/S26_RobotProgramming_Eloquent_Elusor/Lab4/so/roscourse_ws/install/turtle_interfaces/include/turtle_interfaces/turtle_interfaces/srv/detail/set_color__rosidl_typesupport_fastrtps_cpp.hpp
[6.517s] -- Installing: /home/yahboom/S26_RobotProgramming_Eloquent_Elusor/Lab4/so/roscourse_ws/install/turtle_interfaces/include/turtle_interfaces/turtle_interfaces/srv/detail/set_pose__rosidl_typesupport_fastrtps_cpp.hpp
[6.518s] -- Installing: /home/yahboom/S26_RobotProgramming_Eloquent_Elusor/Lab4/so/roscourse_ws/install/turtle_interfaces/include/turtle_interfaces/turtle_interfaces/srv/detail/dds_fastrtps
[6.518s] -- Up-to-date: /home/yahboom/S26_RobotProgramming_Eloquent_Elusor/Lab4/so/roscourse_ws/install/turtle_interfaces/include/turtle_interfaces/turtle_interfaces/msg
[6.519s] -- Up-to-date: /home/yahboom/S26_RobotProgramming_Eloquent_Elusor/Lab4/so/roscourse_ws/install/turtle_interfaces/include/turtle_interfaces/turtle_interfaces/msg/detail
[6.519s] -- Installing: /home/yahboom/S26_RobotProgramming_Eloquent_Elusor/Lab4/so/roscourse_ws/install/turtle_interfaces/include/turtle_interfaces/turtle_interfaces/msg/detail/turtle_msg__rosidl_typesupport_fastrtps_cpp.hpp
[6.519s] -- Installing: /home/yahboom/S26_RobotProgramming_Eloquent_Elusor/Lab4/so/roscourse_ws/install/turtle_interfaces/include/turtle_interfaces/turtle_interfaces/msg/detail/dds_fastrtps
[6.519s] -- Installing: /home/yahboom/S26_RobotProgramming_Eloquent_Elusor/Lab4/so/roscourse_ws/install/turtle_interfaces/include/turtle_interfaces/turtle_interfaces/msg/rosidl_typesupport_fastrtps_cpp__visibility_control.h
[6.519s] -- Installing: /home/yahboom/S26_RobotProgramming_Eloquent_Elusor/Lab4/so/roscourse_ws/install/turtle_interfaces/lib/libturtle_interfaces__rosidl_typesupport_fastrtps_cpp.so
[6.520s] -- Set runtime path of "/home/yahboom/S26_RobotProgramming_Eloquent_Elusor/Lab4/so/roscourse_ws/install/turtle_interfaces/lib/libturtle_interfaces__rosidl_typesupport_fastrtps_cpp.so" to ""
[6.520s] -- Up-to-date: /home/yahboom/S26_RobotProgramming_Eloquent_Elusor/Lab4/so/roscourse_ws/install/turtle_interfaces/include/turtle_interfaces/turtle_interfaces
[6.520s] -- Up-to-date: /home/yahboom/S26_RobotProgramming_Eloquent_Elusor/Lab4/so/roscourse_ws/install/turtle_interfaces/include/turtle_interfaces/turtle_interfaces/srv
[6.520s] -- Up-to-date: /home/yahboom/S26_RobotProgramming_Eloquent_Elusor/Lab4/so/roscourse_ws/install/turtle_interfaces/include/turtle_interfaces/turtle_interfaces/srv/detail
[6.521s] -- Installing: /home/yahboom/S26_RobotProgramming_Eloquent_Elusor/Lab4/so/roscourse_ws/install/turtle_interfaces/include/turtle_interfaces/turtle_interfaces/srv/detail/set_color__type_support.c
[6.521s] -- Installing: /home/yahboom/S26_RobotProgramming_Eloquent_Elusor/Lab4/so/roscourse_ws/install/turtle_interfaces/include/turtle_interfaces/turtle_interfaces/srv/detail/set_pose__rosidl_typesupport_introspection_c.h
[6.521s] -- Installing: /home/yahboom/S26_RobotProgramming_Eloquent_Elusor/Lab4/so/roscourse_ws/install/turtle_interfaces/include/turtle_interfaces/turtle_interfaces/srv/detail/set_pose__type_support.c
[6.521s] -- Installing: /home/yahboom/S26_RobotProgramming_Eloquent_Elusor/Lab4/so/roscourse_ws/install/turtle_interfaces/include/turtle_interfaces/turtle_interfaces/srv/detail/set_color__rosidl_typesupport_introspection_c.h
[6.521s] -- Up-to-date: /home/yahboom/S26_RobotProgramming_Eloquent_Elusor/Lab4/so/roscourse_ws/install/turtle_interfaces/include/turtle_interfaces/turtle_interfaces/msg
[6.521s] -- Up-to-date: /home/yahboom/S26_RobotProgramming_Eloquent_Elusor/Lab4/so/roscourse_ws/install/turtle_interfaces/include/turtle_interfaces/turtle_interfaces/msg/detail
[6.521s] -- Installing: /home/yahboom/S26_RobotProgramming_Eloquent_Elusor/Lab4/so/roscourse_ws/install/turtle_interfaces/include/turtle_interfaces/turtle_interfaces/msg/detail/turtle_msg__rosidl_typesupport_introspection_c.h
[6.521s] -- Installing: /home/yahboom/S26_RobotProgramming_Eloquent_Elusor/Lab4/so/roscourse_ws/install/turtle_interfaces/include/turtle_interfaces/turtle_interfaces/msg/detail/turtle_msg__type_support.c
[6.522s] -- Installing: /home/yahboom/S26_RobotProgramming_Eloquent_Elusor/Lab4/so/roscourse_ws/install/turtle_interfaces/include/turtle_interfaces/turtle_interfaces/msg/rosidl_typesupport_introspection_c__visibility_control.h
[6.523s] -- Installing: /home/yahboom/S26_RobotProgramming_Eloquent_Elusor/Lab4/so/roscourse_ws/install/turtle_interfaces/lib/libturtle_interfaces__rosidl_typesupport_introspection_c.so
[6.524s] -- Set runtime path of "/home/yahboom/S26_RobotProgramming_Eloquent_Elusor/Lab4/so/roscourse_ws/install/turtle_interfaces/lib/libturtle_interfaces__rosidl_typesupport_introspection_c.so" to ""
[6.524s] -- Installing: /home/yahboom/S26_RobotProgramming_Eloquent_Elusor/Lab4/so/roscourse_ws/install/turtle_interfaces/lib/libturtle_interfaces__rosidl_typesupport_c.so
[6.524s] -- Set runtime path of "/home/yahboom/S26_RobotProgramming_Eloquent_Elusor/Lab4/so/roscourse_ws/install/turtle_interfaces/lib/libturtle_interfaces__rosidl_typesupport_c.so" to ""
[6.524s] -- Up-to-date: /home/yahboom/S26_RobotProgramming_Eloquent_Elusor/Lab4/so/roscourse_ws/install/turtle_interfaces/include/turtle_interfaces/turtle_interfaces
[6.524s] -- Up-to-date: /home/yahboom/S26_RobotProgramming_Eloquent_Elusor/Lab4/so/roscourse_ws/install/turtle_interfaces/include/turtle_interfaces/turtle_interfaces/srv
[6.524s] -- Up-to-date: /home/yahboom/S26_RobotProgramming_Eloquent_Elusor/Lab4/so/roscourse_ws/install/turtle_interfaces/include/turtle_interfaces/turtle_interfaces/srv/detail
[6.524s] -- Installing: /home/yahboom/S26_RobotProgramming_Eloquent_Elusor/Lab4/so/roscourse_ws/install/turtle_interfaces/include/turtle_interfaces/turtle_interfaces/srv/detail/set_color__type_support.cpp
[6.524s] -- Installing: /home/yahboom/S26_RobotProgramming_Eloquent_Elusor/Lab4/so/roscourse_ws/install/turtle_interfaces/include/turtle_interfaces/turtle_interfaces/srv/detail/set_pose__rosidl_typesupport_introspection_cpp.hpp
[6.524s] -- Installing: /home/yahboom/S26_RobotProgramming_Eloquent_Elusor/Lab4/so/roscourse_ws/install/turtle_interfaces/include/turtle_interfaces/turtle_interfaces/srv/detail/set_pose__type_support.cpp
[6.524s] -- Installing: /home/yahboom/S26_RobotProgramming_Eloquent_Elusor/Lab4/so/roscourse_ws/install/turtle_interfaces/include/turtle_interfaces/turtle_interfaces/srv/detail/set_color__rosidl_typesupport_introspection_cpp.hpp
[6.525s] -- Up-to-date: /home/yahboom/S26_RobotProgramming_Eloquent_Elusor/Lab4/so/roscourse_ws/install/turtle_interfaces/include/turtle_interfaces/turtle_interfaces/msg
[6.525s] -- Up-to-date: /home/yahboom/S26_RobotProgramming_Eloquent_Elusor/Lab4/so/roscourse_ws/install/turtle_interfaces/include/turtle_interfaces/turtle_interfaces/msg/detail
[6.525s] -- Installing: /home/yahboom/S26_RobotProgramming_Eloquent_Elusor/Lab4/so/roscourse_ws/install/turtle_interfaces/include/turtle_interfaces/turtle_interfaces/msg/detail/turtle_msg__type_support.cpp
[6.525s] -- Installing: /home/yahboom/S26_RobotProgramming_Eloquent_Elusor/Lab4/so/roscourse_ws/install/turtle_interfaces/include/turtle_interfaces/turtle_interfaces/msg/detail/turtle_msg__rosidl_typesupport_introspection_cpp.hpp
[6.525s] -- Installing: /home/yahboom/S26_RobotProgramming_Eloquent_Elusor/Lab4/so/roscourse_ws/install/turtle_interfaces/lib/libturtle_interfaces__rosidl_typesupport_introspection_cpp.so
[6.525s] -- Set runtime path of "/home/yahboom/S26_RobotProgramming_Eloquent_Elusor/Lab4/so/roscourse_ws/install/turtle_interfaces/lib/libturtle_interfaces__rosidl_typesupport_introspection_cpp.so" to ""
[6.525s] -- Installing: /home/yahboom/S26_RobotProgramming_Eloquent_Elusor/Lab4/so/roscourse_ws/install/turtle_interfaces/lib/libturtle_interfaces__rosidl_typesupport_cpp.so
[6.526s] -- Set runtime path of "/home/yahboom/S26_RobotProgramming_Eloquent_Elusor/Lab4/so/roscourse_ws/install/turtle_interfaces/lib/libturtle_interfaces__rosidl_typesupport_cpp.so" to ""
[6.526s] -- Installing: /home/yahboom/S26_RobotProgramming_Eloquent_Elusor/Lab4/so/roscourse_ws/install/turtle_interfaces/share/turtle_interfaces/environment/pythonpath.sh
[6.526s] -- Installing: /home/yahboom/S26_RobotProgramming_Eloquent_Elusor/Lab4/so/roscourse_ws/install/turtle_interfaces/share/turtle_interfaces/environment/pythonpath.dsv
[6.526s] -- Installing: /home/yahboom/S26_RobotProgramming_Eloquent_Elusor/Lab4/so/roscourse_ws/install/turtle_interfaces/local/lib/python3.10/dist-packages/turtle_interfaces-0.0.0-py3.10.egg-info
[6.526s] -- Installing: /home/yahboom/S26_RobotProgramming_Eloquent_Elusor/Lab4/so/roscourse_ws/install/turtle_interfaces/local/lib/python3.10/dist-packages/turtle_interfaces-0.0.0-py3.10.egg-info/top_level.txt
[6.527s] -- Installing: /home/yahboom/S26_RobotProgramming_Eloquent_Elusor/Lab4/so/roscourse_ws/install/turtle_interfaces/local/lib/python3.10/dist-packages/turtle_interfaces-0.0.0-py3.10.egg-info/PKG-INFO
[6.527s] -- Installing: /home/yahboom/S26_RobotProgramming_Eloquent_Elusor/Lab4/so/roscourse_ws/install/turtle_interfaces/local/lib/python3.10/dist-packages/turtle_interfaces-0.0.0-py3.10.egg-info/dependency_links.txt
[6.527s] -- Installing: /home/yahboom/S26_RobotProgramming_Eloquent_Elusor/Lab4/so/roscourse_ws/install/turtle_interfaces/local/lib/python3.10/dist-packages/turtle_interfaces-0.0.0-py3.10.egg-info/SOURCES.txt
[6.527s] -- Installing: /home/yahboom/S26_RobotProgramming_Eloquent_Elusor/Lab4/so/roscourse_ws/install/turtle_interfaces/local/lib/python3.10/dist-packages/turtle_interfaces
[6.527s] -- Installing: /home/yahboom/S26_RobotProgramming_Eloquent_Elusor/Lab4/so/roscourse_ws/install/turtle_interfaces/local/lib/python3.10/dist-packages/turtle_interfaces/libturtle_interfaces__rosidl_generator_py.so
[6.527s] -- Installing: /home/yahboom/S26_RobotProgramming_Eloquent_Elusor/Lab4/so/roscourse_ws/install/turtle_interfaces/local/lib/python3.10/dist-packages/turtle_interfaces/_turtle_interfaces_s.ep.rosidl_typesupport_c.c
[6.527s] -- Installing: /home/yahboom/S26_RobotProgramming_Eloquent_Elusor/Lab4/so/roscourse_ws/install/turtle_interfaces/local/lib/python3.10/dist-packages/turtle_interfaces/srv
[6.528s] -- Installing: /home/yahboom/S26_RobotProgramming_Eloquent_Elusor/Lab4/so/roscourse_ws/install/turtle_interfaces/local/lib/python3.10/dist-packages/turtle_interfaces/srv/_set_color.py
[6.528s] -- Installing: /home/yahboom/S26_RobotProgramming_Eloquent_Elusor/Lab4/so/roscourse_ws/install/turtle_interfaces/local/lib/python3.10/dist-packages/turtle_interfaces/srv/_set_pose_s.c
[6.528s] -- Installing: /home/yahboom/S26_RobotProgramming_Eloquent_Elusor/Lab4/so/roscourse_ws/install/turtle_interfaces/local/lib/python3.10/dist-packages/turtle_interfaces/srv/__init__.py
[6.528s] -- Installing: /home/yahboom/S26_RobotProgramming_Eloquent_Elusor/Lab4/so/roscourse_ws/install/turtle_interfaces/local/lib/python3.10/dist-packages/turtle_interfaces/srv/_set_color_s.c
[6.528s] -- Installing: /home/yahboom/S26_RobotProgramming_Eloquent_Elusor/Lab4/so/roscourse_ws/install/turtle_interfaces/local/lib/python3.10/dist-packages/turtle_interfaces/srv/_set_pose.py
[6.528s] -- Installing: /home/yahboom/S26_RobotProgramming_Eloquent_Elusor/Lab4/so/roscourse_ws/install/turtle_interfaces/local/lib/python3.10/dist-packages/turtle_interfaces/turtle_interfaces_s__rosidl_typesupport_introspection_c.cpython-310-x86_64-linux-gnu.so
[6.528s] -- Installing: /home/yahboom/S26_RobotProgramming_Eloquent_Elusor/Lab4/so/roscourse_ws/install/turtle_interfaces/local/lib/python3.10/dist-packages/turtle_interfaces/__init__.py
[6.529s] -- Installing: /home/yahboom/S26_RobotProgramming_Eloquent_Elusor/Lab4/so/roscourse_ws/install/turtle_interfaces/local/lib/python3.10/dist-packages/turtle_interfaces/turtle_interfaces_s__rosidl_typesupport_fastrtps_c.cpython-310-x86_64-linux-gnu.so
[6.529s] -- Installing: /home/yahboom/S26_RobotProgramming_Eloquent_Elusor/Lab4/so/roscourse_ws/install/turtle_interfaces/local/lib/python3.10/dist-packages/turtle_interfaces/_turtle_interfaces_s.ep.rosidl_typesupport_introspection_c.c
[6.529s] -- Installing: /home/yahboom/S26_RobotProgramming_Eloquent_Elusor/Lab4/so/roscourse_ws/install/turtle_interfaces/local/lib/python3.10/dist-packages/turtle_interfaces/msg
[6.529s] -- Installing: /home/yahboom/S26_RobotProgramming_Eloquent_Elusor/Lab4/so/roscourse_ws/install/turtle_interfaces/local/lib/python3.10/dist-packages/turtle_interfaces/msg/_turtle_msg.py
[6.529s] -- Installing: /home/yahboom/S26_RobotProgramming_Eloquent_Elusor/Lab4/so/roscourse_ws/install/turtle_interfaces/local/lib/python3.10/dist-packages/turtle_interfaces/msg/__init__.py
[6.529s] -- Installing: /home/yahboom/S26_RobotProgramming_Eloquent_Elusor/Lab4/so/roscourse_ws/install/turtle_interfaces/local/lib/python3.10/dist-packages/turtle_interfaces/msg/_turtle_msg_s.c
[6.529s] -- Installing: /home/yahboom/S26_RobotProgramming_Eloquent_Elusor/Lab4/so/roscourse_ws/install/turtle_interfaces/local/lib/python3.10/dist-packages/turtle_interfaces/turtle_interfaces_s__rosidl_typesupport_c.cpython-310-x86_64-linux-gnu.so
[6.529s] -- Installing: /home/yahboom/S26_RobotProgramming_Eloquent_Elusor/Lab4/so/roscourse_ws/install/turtle_interfaces/local/lib/python3.10/dist-packages/turtle_interfaces/_turtle_interfaces_s.ep.rosidl_typesupport_fastrtps_c.c
[6.577s] Listing '/home/yahboom/S26_RobotProgramming_Eloquent_Elusor/Lab4/so/roscourse_ws/install/turtle_interfaces/local/lib/python3.10/dist-packages/turtle_interfaces'...
[6.577s] Compiling '/home/yahboom/S26_RobotProgramming_Eloquent_Elusor/Lab4/so/roscourse_ws/install/turtle_interfaces/local/lib/python3.10/dist-packages/turtle_interfaces/__init__.py'...
[6.577s] Listing '/home/yahboom/S26_RobotProgramming_Eloquent_Elusor/Lab4/so/roscourse_ws/install/turtle_interfaces/local/lib/python3.10/dist-packages/turtle_interfaces/msg'...
[6.577s] Compiling '/home/yahboom/S26_RobotProgramming_Eloquent_Elusor/Lab4/so/roscourse_ws/install/turtle_interfaces/local/lib/python3.10/dist-packages/turtle_interfaces/msg/__init__.py'...
[6.577s] Compiling '/home/yahboom/S26_RobotProgramming_Eloquent_Elusor/Lab4/so/roscourse_ws/install/turtle_interfaces/local/lib/python3.10/dist-packages/turtle_interfaces/msg/_turtle_msg.py'...
[6.577s] Listing '/home/yahboom/S26_RobotProgramming_Eloquent_Elusor/Lab4/so/roscourse_ws/install/turtle_interfaces/local/lib/python3.10/dist-packages/turtle_interfaces/srv'...
[6.577s] Compiling '/home/yahboom/S26_RobotProgramming_Eloquent_Elusor/Lab4/so/roscourse_ws/install/turtle_interfaces/local/lib/python3.10/dist-packages/turtle_interfaces/srv/__init__.py'...
[6.577s] Compiling '/home/yahboom/S26_RobotProgramming_Eloquent_Elusor/Lab4/so/roscourse_ws/install/turtle_interfaces/local/lib/python3.10/dist-packages/turtle_interfaces/srv/_set_color.py'...
[6.577s] Compiling '/home/yahboom/S26_RobotProgramming_Eloquent_Elusor/Lab4/so/roscourse_ws/install/turtle_interfaces/local/lib/python3.10/dist-packages/turtle_interfaces/srv/_set_pose.py'...
[6.581s] -- Installing: /home/yahboom/S26_RobotProgramming_Eloquent_Elusor/Lab4/so/roscourse_ws/install/turtle_interfaces/local/lib/python3.10/dist-packages/turtle_interfaces/turtle_interfaces_s__rosidl_typesupport_fastrtps_c.cpython-310-x86_64-linux-gnu.so
[6.581s] -- Set runtime path of "/home/yahboom/S26_RobotProgramming_Eloquent_Elusor/Lab4/so/roscourse_ws/install/turtle_interfaces/local/lib/python3.10/dist-packages/turtle_interfaces/turtle_interfaces_s__rosidl_typesupport_fastrtps_c.cpython-310-x86_64-linux-gnu.so" to ""
[6.582s] -- Installing: /home/yahboom/S26_RobotProgramming_Eloquent_Elusor/Lab4/so/roscourse_ws/install/turtle_interfaces/local/lib/python3.10/dist-packages/turtle_interfaces/turtle_interfaces_s__rosidl_typesupport_introspection_c.cpython-310-x86_64-linux-gnu.so
[6.582s] -- Set runtime path of "/home/yahboom/S26_RobotProgramming_Eloquent_Elusor/Lab4/so/roscourse_ws/install/turtle_interfaces/local/lib/python3.10/dist-packages/turtle_interfaces/turtle_interfaces_s__rosidl_typesupport_introspection_c.cpython-310-x86_64-linux-gnu.so" to ""
[6.582s] -- Installing: /home/yahboom/S26_RobotProgramming_Eloquent_Elusor/Lab4/so/roscourse_ws/install/turtle_interfaces/local/lib/python3.10/dist-packages/turtle_interfaces/turtle_interfaces_s__rosidl_typesupport_c.cpython-310-x86_64-linux-gnu.so
[6.583s] -- Set runtime path of "/home/yahboom/S26_RobotProgramming_Eloquent_Elusor/Lab4/so/roscourse_ws/install/turtle_interfaces/local/lib/python3.10/dist-packages/turtle_interfaces/turtle_interfaces_s__rosidl_typesupport_c.cpython-310-x86_64-linux-gnu.so" to ""
[6.583s] -- Installing: /home/yahboom/S26_RobotProgramming_Eloquent_Elusor/Lab4/so/roscourse_ws/install/turtle_interfaces/lib/libturtle_interfaces__rosidl_generator_py.so
[6.583s] -- Set runtime path of "/home/yahboom/S26_RobotProgramming_Eloquent_Elusor/Lab4/so/roscourse_ws/install/turtle_interfaces/lib/libturtle_interfaces__rosidl_generator_py.so" to ""
[6.584s] -- Installing: /home/yahboom/S26_RobotProgramming_Eloquent_Elusor/Lab4/so/roscourse_ws/install/turtle_interfaces/share/turtle_interfaces/msg/TurtleMsg.idl
[6.584s] -- Installing: /home/yahboom/S26_RobotProgramming_Eloquent_Elusor/Lab4/so/roscourse_ws/install/turtle_interfaces/share/turtle_interfaces/srv/SetPose.idl
[6.585s] -- Installing: /home/yahboom/S26_RobotProgramming_Eloquent_Elusor/Lab4/so/roscourse_ws/install/turtle_interfaces/share/turtle_interfaces/srv/SetColor.idl
[6.585s] -- Installing: /home/yahboom/S26_RobotProgramming_Eloquent_Elusor/Lab4/so/roscourse_ws/install/turtle_interfaces/share/turtle_interfaces/msg/TurtleMsg.msg
[6.586s] -- Installing: /home/yahboom/S26_RobotProgramming_Eloquent_Elusor/Lab4/so/roscourse_ws/install/turtle_interfaces/share/turtle_interfaces/srv/SetPose.srv
[6.586s] -- Installing: /home/yahboom/S26_RobotProgramming_Eloquent_Elusor/Lab4/so/roscourse_ws/install/turtle_interfaces/share/turtle_interfaces/srv/SetPose_Request.msg
[6.586s] -- Installing: /home/yahboom/S26_RobotProgramming_Eloquent_Elusor/Lab4/so/roscourse_ws/install/turtle_interfaces/share/turtle_interfaces/srv/SetPose_Response.msg
[6.586s] -- Installing: /home/yahboom/S26_RobotProgramming_Eloquent_Elusor/Lab4/so/roscourse_ws/install/turtle_interfaces/share/turtle_interfaces/srv/SetColor.srv
[6.586s] -- Installing: /home/yahboom/S26_RobotProgramming_Eloquent_Elusor/Lab4/so/roscourse_ws/install/turtle_interfaces/share/turtle_interfaces/srv/SetColor_Request.msg
[6.586s] -- Installing: /home/yahboom/S26_RobotProgramming_Eloquent_Elusor/Lab4/so/roscourse_ws/install/turtle_interfaces/share/turtle_interfaces/srv/SetColor_Response.msg
[6.587s] -- Installing: /home/yahboom/S26_RobotProgramming_Eloquent_Elusor/Lab4/so/roscourse_ws/install/turtle_interfaces/share/ament_index/resource_index/package_run_dependencies/turtle_interfaces
[6.587s] -- Installing: /home/yahboom/S26_RobotProgramming_Eloquent_Elusor/Lab4/so/roscourse_ws/install/turtle_interfaces/share/ament_index/resource_index/parent_prefix_path/turtle_interfaces
[6.587s] -- Installing: /home/yahboom/S26_RobotProgramming_Eloquent_Elusor/Lab4/so/roscourse_ws/install/turtle_interfaces/share/turtle_interfaces/environment/ament_prefix_path.sh
[6.588s] -- Installing: /home/yahboom/S26_RobotProgramming_Eloquent_Elusor/Lab4/so/roscourse_ws/install/turtle_interfaces/share/turtle_interfaces/environment/ament_prefix_path.dsv
[6.588s] -- Installing: /home/yahboom/S26_RobotProgramming_Eloquent_Elusor/Lab4/so/roscourse_ws/install/turtle_interfaces/share/turtle_interfaces/environment/path.sh
[6.588s] -- Installing: /home/yahboom/S26_RobotProgramming_Eloquent_Elusor/Lab4/so/roscourse_ws/install/turtle_interfaces/share/turtle_interfaces/environment/path.dsv
[6.588s] -- Installing: /home/yahboom/S26_RobotProgramming_Eloquent_Elusor/Lab4/so/roscourse_ws/install/turtle_interfaces/share/turtle_interfaces/local_setup.bash
[6.588s] -- Installing: /home/yahboom/S26_RobotProgramming_Eloquent_Elusor/Lab4/so/roscourse_ws/install/turtle_interfaces/share/turtle_interfaces/local_setup.sh
[6.588s] -- Installing: /home/yahboom/S26_RobotProgramming_Eloquent_Elusor/Lab4/so/roscourse_ws/install/turtle_interfaces/share/turtle_interfaces/local_setup.zsh
[6.588s] -- Installing: /home/yahboom/S26_RobotProgramming_Eloquent_Elusor/Lab4/so/roscourse_ws/install/turtle_interfaces/share/turtle_interfaces/local_setup.dsv
[6.588s] -- Installing: /home/yahboom/S26_RobotProgramming_Eloquent_Elusor/Lab4/so/roscourse_ws/install/turtle_interfaces/share/turtle_interfaces/package.dsv
[6.589s] -- Installing: /home/yahboom/S26_RobotProgramming_Eloquent_Elusor/Lab4/so/roscourse_ws/install/turtle_interfaces/share/ament_index/resource_index/packages/turtle_interfaces
[6.589s] -- Installing: /home/yahboom/S26_RobotProgramming_Eloquent_Elusor/Lab4/so/roscourse_ws/install/turtle_interfaces/share/turtle_interfaces/cmake/export_turtle_interfaces__rosidl_generator_cExport.cmake
[6.590s] -- Installing: /home/yahboom/S26_RobotProgramming_Eloquent_Elusor/Lab4/so/roscourse_ws/install/turtle_interfaces/share/turtle_interfaces/cmake/export_turtle_interfaces__rosidl_generator_cExport-noconfig.cmake
[6.590s] -- Installing: /home/yahboom/S26_RobotProgramming_Eloquent_Elusor/Lab4/so/roscourse_ws/install/turtle_interfaces/share/turtle_interfaces/cmake/export_turtle_interfaces__rosidl_typesupport_fastrtps_cExport.cmake
[6.590s] -- Installing: /home/yahboom/S26_RobotProgramming_Eloquent_Elusor/Lab4/so/roscourse_ws/install/turtle_interfaces/share/turtle_interfaces/cmake/export_turtle_interfaces__rosidl_typesupport_fastrtps_cExport-noconfig.cmake
[6.590s] -- Installing: /home/yahboom/S26_RobotProgramming_Eloquent_Elusor/Lab4/so/roscourse_ws/install/turtle_interfaces/share/turtle_interfaces/cmake/export_turtle_interfaces__rosidl_generator_cppExport.cmake
[6.590s] -- Installing: /home/yahboom/S26_RobotProgramming_Eloquent_Elusor/Lab4/so/roscourse_ws/install/turtle_interfaces/share/turtle_interfaces/cmake/export_turtle_interfaces__rosidl_typesupport_fastrtps_cppExport.cmake
[6.591s] -- Installing: /home/yahboom/S26_RobotProgramming_Eloquent_Elusor/Lab4/so/roscourse_ws/install/turtle_interfaces/share/turtle_interfaces/cmake/export_turtle_interfaces__rosidl_typesupport_fastrtps_cppExport-noconfig.cmake
[6.591s] -- Installing: /home/yahboom/S26_RobotProgramming_Eloquent_Elusor/Lab4/so/roscourse_ws/install/turtle_interfaces/share/turtle_interfaces/cmake/turtle_interfaces__rosidl_typesupport_introspection_cExport.cmake
[6.591s] -- Installing: /home/yahboom/S26_RobotProgramming_Eloquent_Elusor/Lab4/so/roscourse_ws/install/turtle_interfaces/share/turtle_interfaces/cmake/turtle_interfaces__rosidl_typesupport_introspection_cExport-noconfig.cmake
[6.591s] -- Installing: /home/yahboom/S26_RobotProgramming_Eloquent_Elusor/Lab4/so/roscourse_ws/install/turtle_interfaces/share/turtle_interfaces/cmake/turtle_interfaces__rosidl_typesupport_cExport.cmake
[6.591s] -- Installing: /home/yahboom/S26_RobotProgramming_Eloquent_Elusor/Lab4/so/roscourse_ws/install/turtle_interfaces/share/turtle_interfaces/cmake/turtle_interfaces__rosidl_typesupport_cExport-noconfig.cmake
[6.591s] -- Installing: /home/yahboom/S26_RobotProgramming_Eloquent_Elusor/Lab4/so/roscourse_ws/install/turtle_interfaces/share/turtle_interfaces/cmake/turtle_interfaces__rosidl_typesupport_introspection_cppExport.cmake
[6.592s] -- Installing: /home/yahboom/S26_RobotProgramming_Eloquent_Elusor/Lab4/so/roscourse_ws/install/turtle_interfaces/share/turtle_interfaces/cmake/turtle_interfaces__rosidl_typesupport_introspection_cppExport-noconfig.cmake
[6.592s] -- Installing: /home/yahboom/S26_RobotProgramming_Eloquent_Elusor/Lab4/so/roscourse_ws/install/turtle_interfaces/share/turtle_interfaces/cmake/turtle_interfaces__rosidl_typesupport_cppExport.cmake
[6.592s] -- Installing: /home/yahboom/S26_RobotProgramming_Eloquent_Elusor/Lab4/so/roscourse_ws/install/turtle_interfaces/share/turtle_interfaces/cmake/turtle_interfaces__rosidl_typesupport_cppExport-noconfig.cmake
[6.592s] -- Installing: /home/yahboom/S26_RobotProgramming_Eloquent_Elusor/Lab4/so/roscourse_ws/install/turtle_interfaces/share/turtle_interfaces/cmake/export_turtle_interfaces__rosidl_generator_pyExport.cmake
[6.592s] -- Installing: /home/yahboom/S26_RobotProgramming_Eloquent_Elusor/Lab4/so/roscourse_ws/install/turtle_interfaces/share/turtle_interfaces/cmake/export_turtle_interfaces__rosidl_generator_pyExport-noconfig.cmake
[6.592s] -- Installing: /home/yahboom/S26_RobotProgramming_Eloquent_Elusor/Lab4/so/roscourse_ws/install/turtle_interfaces/share/turtle_interfaces/cmake/rosidl_cmake-extras.cmake
[6.592s] -- Installing: /home/yahboom/S26_RobotProgramming_Eloquent_Elusor/Lab4/so/roscourse_ws/install/turtle_interfaces/share/turtle_interfaces/cmake/ament_cmake_export_dependencies-extras.cmake
[6.592s] -- Installing: /home/yahboom/S26_RobotProgramming_Eloquent_Elusor/Lab4/so/roscourse_ws/install/turtle_interfaces/share/turtle_interfaces/cmake/ament_cmake_export_include_directories-extras.cmake
[6.593s] -- Installing: /home/yahboom/S26_RobotProgramming_Eloquent_Elusor/Lab4/so/roscourse_ws/install/turtle_interfaces/share/turtle_interfaces/cmake/ament_cmake_export_libraries-extras.cmake
[6.593s] -- Installing: /home/yahboom/S26_RobotProgramming_Eloquent_Elusor/Lab4/so/roscourse_ws/install/turtle_interfaces/share/turtle_interfaces/cmake/ament_cmake_export_targets-extras.cmake
[6.593s] -- Installing: /home/yahboom/S26_RobotProgramming_Eloquent_Elusor/Lab4/so/roscourse_ws/install/turtle_interfaces/share/turtle_interfaces/cmake/rosidl_cmake_export_typesupport_targets-extras.cmake
[6.593s] -- Installing: /home/yahboom/S26_RobotProgramming_Eloquent_Elusor/Lab4/so/roscourse_ws/install/turtle_interfaces/share/turtle_interfaces/cmake/rosidl_cmake_export_typesupport_libraries-extras.cmake
[6.594s] -- Installing: /home/yahboom/S26_RobotProgramming_Eloquent_Elusor/Lab4/so/roscourse_ws/install/turtle_interfaces/share/turtle_interfaces/cmake/turtle_interfacesConfig.cmake
[6.594s] -- Installing: /home/yahboom/S26_RobotProgramming_Eloquent_Elusor/Lab4/so/roscourse_ws/install/turtle_interfaces/share/turtle_interfaces/cmake/turtle_interfacesConfig-version.cmake
[6.594s] -- Installing: /home/yahboom/S26_RobotProgramming_Eloquent_Elusor/Lab4/so/roscourse_ws/install/turtle_interfaces/share/turtle_interfaces/package.xml
[6.598s] Invoked command in '/home/yahboom/S26_RobotProgramming_Eloquent_Elusor/Lab4/so/roscourse_ws/build/turtle_interfaces' returned '0': CMAKE_PREFIX_PATH=${CMAKE_PREFIX_PATH}:/home/yahboom/S26_RobotProgramming_Eloquent_Elusor/Lab4/so/roscourse_ws/install/webcam:/home/yahboom/S26_RobotProgramming_Eloquent_Elusor/Lab4/so/roscourse_ws/install/teleop_twist_keyboard:/home/yahboom/cartoros2/install/yahboomcar_nav:/home/yahboom/cartoros2/install/yahboomcar_ctrl:/home/yahboom/cartoros2/install/yahboom_visual:/home/yahboom/cartoros2/install/yahboom_dog_joint_state:/home/yahboom/cartoros2/install/yahboom_description:/home/yahboom/cartoros2/install/yahboom_color_identify_server:/home/yahboom/cartoros2/install/yahboom_bringup:/home/yahboom/cartoros2/install/yahboom_base:/home/yahboom/cartoros2/install/yahboom_app_save_map:/home/yahboom/cartoros2/install/update_map:/home/yahboom/cartoros2/install/rosboard:/home/yahboom/cartoros2/install/path_planner_server:/home/yahboom/cartoros2/install/nav2_simple_commander:/home/yahboom/cartoros2/install/nav2_gazebo_spawner:/home/yahboom/cartoros2/install/localization_server:/home/yahboom/cartoros2/install/laserscan_to_point_pulisher:/home/yahboom/yahboomcar_ws/install/yahboom_dog_example:/opt/ros/humble /usr/bin/cmake --install /home/yahboom/S26_RobotProgramming_Eloquent_Elusor/Lab4/so/roscourse_ws/build/turtle_interfaces
