[0.832s] Invoking command in '/home/yahboom/Desktop/team_repo/Lab3/wallaa2/roscourse_ws/build/webcam': PYTHONPATH=/home/yahboom/Desktop/team_repo/Lab3/wallaa2/roscourse_ws/build/webcam/prefix_override:/home/yahboom/Desktop/team_repo/Lab3/wallaa2/roscourse_ws/install/webcam/lib/python3.10/site-packages:${PYTHONPATH} /usr/bin/python3 -W ignore:setup.py install is deprecated setup.py develop --editable --build-directory /home/yahboom/Desktop/team_repo/Lab3/wallaa2/roscourse_ws/build/webcam/build --no-deps symlink_data --force
[1.173s] running develop
[1.175s] /usr/lib/python3/dist-packages/setuptools/command/easy_install.py:158: EasyInstallDeprecationWarning: easy_install command is deprecated. Use build and pip and other standards-based tools.
[1.175s]   warnings.warn(
[1.382s] running egg_info
[1.382s] writing webcam.egg-info/PKG-INFO
[1.383s] writing dependency_links to webcam.egg-info/dependency_links.txt
[1.383s] writing entry points to webcam.egg-info/entry_points.txt
[1.383s] writing requirements to webcam.egg-info/requires.txt
[1.384s] writing top-level names to webcam.egg-info/top_level.txt
[1.386s] reading manifest file 'webcam.egg-info/SOURCES.txt'
[1.387s] writing manifest file 'webcam.egg-info/SOURCES.txt'
[1.389s] running build_ext
[1.390s] Creating /home/yahboom/Desktop/team_repo/Lab3/wallaa2/roscourse_ws/install/webcam/lib/python3.10/site-packages/webcam.egg-link (link to .)
[1.390s] Installing webcam_pub script to /home/yahboom/Desktop/team_repo/Lab3/wallaa2/roscourse_ws/install/webcam/lib/webcam
[1.391s] Installing webcam_sub script to /home/yahboom/Desktop/team_repo/Lab3/wallaa2/roscourse_ws/install/webcam/lib/webcam
[1.391s] 
[1.391s] Installed /home/yahboom/Desktop/team_repo/Lab3/wallaa2/roscourse_ws/build/webcam
[1.391s] running symlink_data
[1.391s] symbolically linking /home/yahboom/Desktop/team_repo/Lab3/wallaa2/roscourse_ws/build/webcam/resource/webcam -> /home/yahboom/Desktop/team_repo/Lab3/wallaa2/roscourse_ws/install/webcam/share/ament_index/resource_index/packages
[1.392s] symbolically linking /home/yahboom/Desktop/team_repo/Lab3/wallaa2/roscourse_ws/build/webcam/package.xml -> /home/yahboom/Desktop/team_repo/Lab3/wallaa2/roscourse_ws/install/webcam/share/webcam
[1.422s] Invoked command in '/home/yahboom/Desktop/team_repo/Lab3/wallaa2/roscourse_ws/build/webcam' returned '0': PYTHONPATH=/home/yahboom/Desktop/team_repo/Lab3/wallaa2/roscourse_ws/build/webcam/prefix_override:/home/yahboom/Desktop/team_repo/Lab3/wallaa2/roscourse_ws/install/webcam/lib/python3.10/site-packages:${PYTHONPATH} /usr/bin/python3 -W ignore:setup.py install is deprecated setup.py develop --editable --build-directory /home/yahboom/Desktop/team_repo/Lab3/wallaa2/roscourse_ws/build/webcam/build --no-deps symlink_data --force
