[0.953s] Invoking command in '/home/yahboom/S26_RobotProgramming_Eloquent_Elusor/Lab4/so/roscourse_ws/src/webcam': PYTHONPATH=/home/yahboom/S26_RobotProgramming_Eloquent_Elusor/Lab4/so/roscourse_ws/build/webcam/prefix_override:/home/yahboom/S26_RobotProgramming_Eloquent_Elusor/Lab4/so/roscourse_ws/install/webcam/lib/python3.10/site-packages:${PYTHONPATH} /usr/bin/python3 -W ignore:setup.py install is deprecated setup.py egg_info --egg-base ../../build/webcam build --build-base /home/yahboom/S26_RobotProgramming_Eloquent_Elusor/Lab4/so/roscourse_ws/build/webcam/build install --record /home/yahboom/S26_RobotProgramming_Eloquent_Elusor/Lab4/so/roscourse_ws/build/webcam/install.log --single-version-externally-managed install_data
[1.196s] running egg_info
[1.197s] writing ../../build/webcam/webcam.egg-info/PKG-INFO
[1.198s] writing dependency_links to ../../build/webcam/webcam.egg-info/dependency_links.txt
[1.198s] writing entry points to ../../build/webcam/webcam.egg-info/entry_points.txt
[1.198s] writing requirements to ../../build/webcam/webcam.egg-info/requires.txt
[1.198s] writing top-level names to ../../build/webcam/webcam.egg-info/top_level.txt
[1.200s] reading manifest file '../../build/webcam/webcam.egg-info/SOURCES.txt'
[1.201s] writing manifest file '../../build/webcam/webcam.egg-info/SOURCES.txt'
[1.202s] running build
[1.202s] running build_py
[1.202s] running install
[1.202s] running install_lib
[1.203s] running install_data
[1.203s] running install_egg_info
[1.204s] removing '/home/yahboom/S26_RobotProgramming_Eloquent_Elusor/Lab4/so/roscourse_ws/install/webcam/lib/python3.10/site-packages/webcam-0.0.0-py3.10.egg-info' (and everything under it)
[1.205s] Copying ../../build/webcam/webcam.egg-info to /home/yahboom/S26_RobotProgramming_Eloquent_Elusor/Lab4/so/roscourse_ws/install/webcam/lib/python3.10/site-packages/webcam-0.0.0-py3.10.egg-info
[1.206s] running install_scripts
[1.225s] Installing webcam_pub script to /home/yahboom/S26_RobotProgramming_Eloquent_Elusor/Lab4/so/roscourse_ws/install/webcam/lib/webcam
[1.225s] Installing webcam_sub script to /home/yahboom/S26_RobotProgramming_Eloquent_Elusor/Lab4/so/roscourse_ws/install/webcam/lib/webcam
[1.226s] writing list of installed files to '/home/yahboom/S26_RobotProgramming_Eloquent_Elusor/Lab4/so/roscourse_ws/build/webcam/install.log'
[1.249s] Invoked command in '/home/yahboom/S26_RobotProgramming_Eloquent_Elusor/Lab4/so/roscourse_ws/src/webcam' returned '0': PYTHONPATH=/home/yahboom/S26_RobotProgramming_Eloquent_Elusor/Lab4/so/roscourse_ws/build/webcam/prefix_override:/home/yahboom/S26_RobotProgramming_Eloquent_Elusor/Lab4/so/roscourse_ws/install/webcam/lib/python3.10/site-packages:${PYTHONPATH} /usr/bin/python3 -W ignore:setup.py install is deprecated setup.py egg_info --egg-base ../../build/webcam build --build-base /home/yahboom/S26_RobotProgramming_Eloquent_Elusor/Lab4/so/roscourse_ws/build/webcam/build install --record /home/yahboom/S26_RobotProgramming_Eloquent_Elusor/Lab4/so/roscourse_ws/build/webcam/install.log --single-version-externally-managed install_data
