[1.886s] Invoking command in '/home/yahboom/S26_RobotProgramming_Eloquent_Elusor/Lab7/so/roscours_sim_ws/src/my_robot': PYTHONPATH=/home/yahboom/S26_RobotProgramming_Eloquent_Elusor/Lab7/so/roscours_sim_ws/build/my_robot/prefix_override:/home/yahboom/S26_RobotProgramming_Eloquent_Elusor/Lab7/so/roscours_sim_ws/install/my_robot/lib/python3.10/site-packages:${PYTHONPATH} /usr/bin/python3 -W ignore:setup.py install is deprecated setup.py egg_info --egg-base ../../build/my_robot build --build-base /home/yahboom/S26_RobotProgramming_Eloquent_Elusor/Lab7/so/roscours_sim_ws/build/my_robot/build install --record /home/yahboom/S26_RobotProgramming_Eloquent_Elusor/Lab7/so/roscours_sim_ws/build/my_robot/install.log --single-version-externally-managed install_data
[2.425s] running egg_info
[2.426s] writing ../../build/my_robot/my_robot.egg-info/PKG-INFO
[2.429s] writing dependency_links to ../../build/my_robot/my_robot.egg-info/dependency_links.txt
[2.431s] writing entry points to ../../build/my_robot/my_robot.egg-info/entry_points.txt
[2.431s] writing requirements to ../../build/my_robot/my_robot.egg-info/requires.txt
[2.431s] writing top-level names to ../../build/my_robot/my_robot.egg-info/top_level.txt
[2.433s] reading manifest file '../../build/my_robot/my_robot.egg-info/SOURCES.txt'
[2.434s] writing manifest file '../../build/my_robot/my_robot.egg-info/SOURCES.txt'
[2.434s] running build
[2.435s] running build_py
[2.435s] running install
[2.435s] running install_lib
[2.440s] running install_data
[2.440s] copying package.xml -> /home/yahboom/S26_RobotProgramming_Eloquent_Elusor/Lab7/so/roscours_sim_ws/install/my_robot/share/my_robot
[2.440s] copying urdf/my_robot.urdf.xacro -> /home/yahboom/S26_RobotProgramming_Eloquent_Elusor/Lab7/so/roscours_sim_ws/install/my_robot/share/my_robot
[2.443s] copying launch/my_robot_gazebo_rviz.launch.py -> /home/yahboom/S26_RobotProgramming_Eloquent_Elusor/Lab7/so/roscours_sim_ws/install/my_robot/share/my_robot/launch
[2.445s] running install_egg_info
[2.448s] removing '/home/yahboom/S26_RobotProgramming_Eloquent_Elusor/Lab7/so/roscours_sim_ws/install/my_robot/lib/python3.10/site-packages/my_robot-0.0.0-py3.10.egg-info' (and everything under it)
[2.450s] Copying ../../build/my_robot/my_robot.egg-info to /home/yahboom/S26_RobotProgramming_Eloquent_Elusor/Lab7/so/roscours_sim_ws/install/my_robot/lib/python3.10/site-packages/my_robot-0.0.0-py3.10.egg-info
[2.452s] running install_scripts
[2.477s] writing list of installed files to '/home/yahboom/S26_RobotProgramming_Eloquent_Elusor/Lab7/so/roscours_sim_ws/build/my_robot/install.log'
[2.498s] Invoked command in '/home/yahboom/S26_RobotProgramming_Eloquent_Elusor/Lab7/so/roscours_sim_ws/src/my_robot' returned '0': PYTHONPATH=/home/yahboom/S26_RobotProgramming_Eloquent_Elusor/Lab7/so/roscours_sim_ws/build/my_robot/prefix_override:/home/yahboom/S26_RobotProgramming_Eloquent_Elusor/Lab7/so/roscours_sim_ws/install/my_robot/lib/python3.10/site-packages:${PYTHONPATH} /usr/bin/python3 -W ignore:setup.py install is deprecated setup.py egg_info --egg-base ../../build/my_robot build --build-base /home/yahboom/S26_RobotProgramming_Eloquent_Elusor/Lab7/so/roscours_sim_ws/build/my_robot/build install --record /home/yahboom/S26_RobotProgramming_Eloquent_Elusor/Lab7/so/roscours_sim_ws/build/my_robot/install.log --single-version-externally-managed install_data
