/home/yahboom/Desktop/team_repo/Lab4/wallaa2/intro_ws/install/examples_rclpy_minimal_publisher/lib/python3.10/site-packages/examples_rclpy_minimal_publisher/publisher_member_function_with_wait_for_all_acked.py
/home/yahboom/Desktop/team_repo/Lab4/wallaa2/intro_ws/install/examples_rclpy_minimal_publisher/lib/python3.10/site-packages/examples_rclpy_minimal_publisher/__init__.py
/home/yahboom/Desktop/team_repo/Lab4/wallaa2/intro_ws/install/examples_rclpy_minimal_publisher/lib/python3.10/site-packages/examples_rclpy_minimal_publisher/publisher_local_function.py
/home/yahboom/Desktop/team_repo/Lab4/wallaa2/intro_ws/install/examples_rclpy_minimal_publisher/lib/python3.10/site-packages/examples_rclpy_minimal_publisher/publisher_old_school.py
/home/yahboom/Desktop/team_repo/Lab4/wallaa2/intro_ws/install/examples_rclpy_minimal_publisher/lib/python3.10/site-packages/examples_rclpy_minimal_publisher/publisher_member_function.py
/home/yahboom/Desktop/team_repo/Lab4/wallaa2/intro_ws/install/examples_rclpy_minimal_publisher/lib/python3.10/site-packages/examples_rclpy_minimal_publisher/__pycache__/publisher_member_function_with_wait_for_all_acked.cpython-310.pyc
/home/yahboom/Desktop/team_repo/Lab4/wallaa2/intro_ws/install/examples_rclpy_minimal_publisher/lib/python3.10/site-packages/examples_rclpy_minimal_publisher/__pycache__/__init__.cpython-310.pyc
/home/yahboom/Desktop/team_repo/Lab4/wallaa2/intro_ws/install/examples_rclpy_minimal_publisher/lib/python3.10/site-packages/examples_rclpy_minimal_publisher/__pycache__/publisher_local_function.cpython-310.pyc
/home/yahboom/Desktop/team_repo/Lab4/wallaa2/intro_ws/install/examples_rclpy_minimal_publisher/lib/python3.10/site-packages/examples_rclpy_minimal_publisher/__pycache__/publisher_old_school.cpython-310.pyc
/home/yahboom/Desktop/team_repo/Lab4/wallaa2/intro_ws/install/examples_rclpy_minimal_publisher/lib/python3.10/site-packages/examples_rclpy_minimal_publisher/__pycache__/publisher_member_function.cpython-310.pyc
/home/yahboom/Desktop/team_repo/Lab4/wallaa2/intro_ws/install/examples_rclpy_minimal_publisher/share/ament_index/resource_index/packages/examples_rclpy_minimal_publisher
/home/yahboom/Desktop/team_repo/Lab4/wallaa2/intro_ws/install/examples_rclpy_minimal_publisher/share/examples_rclpy_minimal_publisher/package.xml
/home/yahboom/Desktop/team_repo/Lab4/wallaa2/intro_ws/install/examples_rclpy_minimal_publisher/lib/python3.10/site-packages/examples_rclpy_minimal_publisher-0.15.5-py3.10.egg-info/top_level.txt
/home/yahboom/Desktop/team_repo/Lab4/wallaa2/intro_ws/install/examples_rclpy_minimal_publisher/lib/python3.10/site-packages/examples_rclpy_minimal_publisher-0.15.5-py3.10.egg-info/PKG-INFO
/home/yahboom/Desktop/team_repo/Lab4/wallaa2/intro_ws/install/examples_rclpy_minimal_publisher/lib/python3.10/site-packages/examples_rclpy_minimal_publisher-0.15.5-py3.10.egg-info/zip-safe
/home/yahboom/Desktop/team_repo/Lab4/wallaa2/intro_ws/install/examples_rclpy_minimal_publisher/lib/python3.10/site-packages/examples_rclpy_minimal_publisher-0.15.5-py3.10.egg-info/dependency_links.txt
/home/yahboom/Desktop/team_repo/Lab4/wallaa2/intro_ws/install/examples_rclpy_minimal_publisher/lib/python3.10/site-packages/examples_rclpy_minimal_publisher-0.15.5-py3.10.egg-info/requires.txt
/home/yahboom/Desktop/team_repo/Lab4/wallaa2/intro_ws/install/examples_rclpy_minimal_publisher/lib/python3.10/site-packages/examples_rclpy_minimal_publisher-0.15.5-py3.10.egg-info/SOURCES.txt
/home/yahboom/Desktop/team_repo/Lab4/wallaa2/intro_ws/install/examples_rclpy_minimal_publisher/lib/python3.10/site-packages/examples_rclpy_minimal_publisher-0.15.5-py3.10.egg-info/entry_points.txt
/home/yahboom/Desktop/team_repo/Lab4/wallaa2/intro_ws/install/examples_rclpy_minimal_publisher/lib/examples_rclpy_minimal_publisher/publisher_local_function
/home/yahboom/Desktop/team_repo/Lab4/wallaa2/intro_ws/install/examples_rclpy_minimal_publisher/lib/examples_rclpy_minimal_publisher/publisher_member_function
/home/yahboom/Desktop/team_repo/Lab4/wallaa2/intro_ws/install/examples_rclpy_minimal_publisher/lib/examples_rclpy_minimal_publisher/publisher_member_function_with_wait_for_all_acked
/home/yahboom/Desktop/team_repo/Lab4/wallaa2/intro_ws/install/examples_rclpy_minimal_publisher/lib/examples_rclpy_minimal_publisher/publisher_old_school
