[0.859s] Invoking command in '/home/yahboom/S26_RobotProgramming_Eloquent_Elusor/Lab6/so/roscourse_sim_ws/src/my_robot': PYTHONPATH=/home/yahboom/S26_RobotProgramming_Eloquent_Elusor/Lab6/so/roscourse_sim_ws/build/my_robot/prefix_override:/home/yahboom/S26_RobotProgramming_Eloquent_Elusor/Lab6/so/roscourse_sim_ws/install/my_robot/lib/python3.10/site-packages:${PYTHONPATH} /usr/bin/python3 -W ignore:setup.py install is deprecated setup.py egg_info --egg-base ../../build/my_robot build --build-base /home/yahboom/S26_RobotProgramming_Eloquent_Elusor/Lab6/so/roscourse_sim_ws/build/my_robot/build install --record /home/yahboom/S26_RobotProgramming_Eloquent_Elusor/Lab6/so/roscourse_sim_ws/build/my_robot/install.log --single-version-externally-managed install_data
[1.094s] running egg_info
[1.095s] writing ../../build/my_robot/my_robot.egg-info/PKG-INFO
[1.095s] writing dependency_links to ../../build/my_robot/my_robot.egg-info/dependency_links.txt
[1.095s] writing entry points to ../../build/my_robot/my_robot.egg-info/entry_points.txt
[1.095s] writing requirements to ../../build/my_robot/my_robot.egg-info/requires.txt
[1.096s] writing top-level names to ../../build/my_robot/my_robot.egg-info/top_level.txt
[1.097s] reading manifest file '../../build/my_robot/my_robot.egg-info/SOURCES.txt'
[1.098s] writing manifest file '../../build/my_robot/my_robot.egg-info/SOURCES.txt'
[1.098s] running build
[1.098s] running build_py
[1.098s] running install
[1.098s] running install_lib
[1.099s] running install_data
[1.099s] running install_egg_info
[1.101s] removing '/home/yahboom/S26_RobotProgramming_Eloquent_Elusor/Lab6/so/roscourse_sim_ws/install/my_robot/lib/python3.10/site-packages/my_robot-0.0.0-py3.10.egg-info' (and everything under it)
[1.107s] Copying ../../build/my_robot/my_robot.egg-info to /home/yahboom/S26_RobotProgramming_Eloquent_Elusor/Lab6/so/roscourse_sim_ws/install/my_robot/lib/python3.10/site-packages/my_robot-0.0.0-py3.10.egg-info
[1.108s] running install_scripts
[1.126s] writing list of installed files to '/home/yahboom/S26_RobotProgramming_Eloquent_Elusor/Lab6/so/roscourse_sim_ws/build/my_robot/install.log'
[1.153s] Invoked command in '/home/yahboom/S26_RobotProgramming_Eloquent_Elusor/Lab6/so/roscourse_sim_ws/src/my_robot' returned '0': PYTHONPATH=/home/yahboom/S26_RobotProgramming_Eloquent_Elusor/Lab6/so/roscourse_sim_ws/build/my_robot/prefix_override:/home/yahboom/S26_RobotProgramming_Eloquent_Elusor/Lab6/so/roscourse_sim_ws/install/my_robot/lib/python3.10/site-packages:${PYTHONPATH} /usr/bin/python3 -W ignore:setup.py install is deprecated setup.py egg_info --egg-base ../../build/my_robot build --build-base /home/yahboom/S26_RobotProgramming_Eloquent_Elusor/Lab6/so/roscourse_sim_ws/build/my_robot/build install --record /home/yahboom/S26_RobotProgramming_Eloquent_Elusor/Lab6/so/roscourse_sim_ws/build/my_robot/install.log --single-version-externally-managed install_data
