[0.104s] Invoking command in '/home/yahboom/Desktop/team_repo/Lab7/wallaa2/prelab/intro_ws/build/examples_rclcpp_minimal_action_client': CMAKE_PREFIX_PATH=${CMAKE_PREFIX_PATH}:/home/yahboom/cartoros2/install/yahboomcar_nav:/home/yahboom/cartoros2/install/yahboomcar_ctrl:/home/yahboom/cartoros2/install/yahboom_visual:/home/yahboom/cartoros2/install/yahboom_dog_joint_state:/home/yahboom/cartoros2/install/yahboom_description:/home/yahboom/cartoros2/install/yahboom_color_identify_server:/home/yahboom/cartoros2/install/yahboom_bringup:/home/yahboom/cartoros2/install/yahboom_base:/home/yahboom/cartoros2/install/yahboom_app_save_map:/home/yahboom/cartoros2/install/update_map:/home/yahboom/cartoros2/install/rosboard:/home/yahboom/cartoros2/install/path_planner_server:/home/yahboom/cartoros2/install/nav2_simple_commander:/home/yahboom/cartoros2/install/nav2_gazebo_spawner:/home/yahboom/cartoros2/install/localization_server:/home/yahboom/cartoros2/install/laserscan_to_point_pulisher:/home/yahboom/yahboomcar_ws/install/yahboom_dog_example:/opt/ros/humble /usr/bin/cmake /home/yahboom/Desktop/team_repo/Lab7/wallaa2/prelab/intro_ws/src/examples/rclcpp/actions/minimal_action_client -DCMAKE_INSTALL_PREFIX=/home/yahboom/Desktop/team_repo/Lab7/wallaa2/prelab/intro_ws/install/examples_rclcpp_minimal_action_client
[0.581s] -- The C compiler identification is GNU 11.4.0
[0.990s] -- The CXX compiler identification is GNU 11.4.0
[1.058s] -- Detecting C compiler ABI info
[1.713s] -- Detecting C compiler ABI info - done
[1.741s] -- Check for working C compiler: /usr/bin/cc - skipped
[1.744s] -- Detecting C compile features
[1.746s] -- Detecting C compile features - done
[1.762s] -- Detecting CXX compiler ABI info
[2.332s] -- Detecting CXX compiler ABI info - done
[2.369s] -- Check for working CXX compiler: /usr/bin/c++ - skipped
[2.374s] -- Detecting CXX compile features
[2.375s] -- Detecting CXX compile features - done
[2.480s] -- Found ament_cmake: 1.3.14 (/opt/ros/humble/share/ament_cmake/cmake)
[3.684s] -- Found Python3: /usr/bin/python3 (found version "3.10.12") found components: Interpreter 
[4.683s] -- Found example_interfaces: 0.9.3 (/opt/ros/humble/share/example_interfaces/cmake)
[5.462s] -- Found rosidl_generator_c: 3.1.8 (/opt/ros/humble/share/rosidl_generator_c/cmake)
[5.563s] -- Found rosidl_adapter: 3.1.8 (/opt/ros/humble/share/rosidl_adapter/cmake)
[5.700s] -- Found rosidl_generator_cpp: 3.1.8 (/opt/ros/humble/share/rosidl_generator_cpp/cmake)
[5.897s] -- Using all available rosidl_typesupport_c: rosidl_typesupport_fastrtps_c;rosidl_typesupport_introspection_c
[6.148s] -- Using all available rosidl_typesupport_cpp: rosidl_typesupport_fastrtps_cpp;rosidl_typesupport_introspection_cpp
[6.545s] -- Found rclcpp: 16.0.19 (/opt/ros/humble/share/rclcpp/cmake)
[7.133s] -- Found rmw_implementation_cmake: 6.1.2 (/opt/ros/humble/share/rmw_implementation_cmake/cmake)
[7.185s] -- Found rmw_fastrtps_cpp: 6.2.10 (/opt/ros/humble/share/rmw_fastrtps_cpp/cmake)
[8.303s] -- Found OpenSSL: /usr/lib/x86_64-linux-gnu/libcrypto.so (found version "3.0.2")  
[8.660s] -- Found FastRTPS: /opt/ros/humble/include  
[8.964s] -- Using RMW implementation 'rmw_fastrtps_cpp' as default
[9.150s] -- Looking for pthread.h
[9.679s] -- Looking for pthread.h - found
[9.689s] -- Performing Test CMAKE_HAVE_LIBC_PTHREAD
[10.333s] -- Performing Test CMAKE_HAVE_LIBC_PTHREAD - Success
[10.334s] -- Found Threads: TRUE  
[10.996s] -- Found rclcpp_action: 16.0.19 (/opt/ros/humble/share/rclcpp_action/cmake)
[11.341s] -- Found ament_lint_auto: 0.12.15 (/opt/ros/humble/share/ament_lint_auto/cmake)
[12.279s] -- Added test 'copyright' to check source files copyright and LICENSE
[12.288s] -- Added test 'cppcheck' to perform static code analysis on C / C++ code
[12.289s] -- Configured cppcheck include dirs: 
[12.290s] -- Configured cppcheck exclude dirs and/or files: 
[12.306s] -- Added test 'cpplint' to check C / C++ code against the Google style
[12.311s] -- Configured cpplint exclude dirs and/or files: 
[12.325s] -- Added test 'lint_cmake' to check CMake code style
[12.348s] -- Added test 'uncrustify' to check C / C++ code style
[12.349s] -- Configured uncrustify additional arguments: 
[12.354s] -- Added test 'xmllint' to check XML markup files
[12.369s] -- Configuring done
[12.448s] -- Generating done
[12.509s] -- Build files have been written to: /home/yahboom/Desktop/team_repo/Lab7/wallaa2/prelab/intro_ws/build/examples_rclcpp_minimal_action_client
[12.563s] Invoked command in '/home/yahboom/Desktop/team_repo/Lab7/wallaa2/prelab/intro_ws/build/examples_rclcpp_minimal_action_client' returned '0': CMAKE_PREFIX_PATH=${CMAKE_PREFIX_PATH}:/home/yahboom/cartoros2/install/yahboomcar_nav:/home/yahboom/cartoros2/install/yahboomcar_ctrl:/home/yahboom/cartoros2/install/yahboom_visual:/home/yahboom/cartoros2/install/yahboom_dog_joint_state:/home/yahboom/cartoros2/install/yahboom_description:/home/yahboom/cartoros2/install/yahboom_color_identify_server:/home/yahboom/cartoros2/install/yahboom_bringup:/home/yahboom/cartoros2/install/yahboom_base:/home/yahboom/cartoros2/install/yahboom_app_save_map:/home/yahboom/cartoros2/install/update_map:/home/yahboom/cartoros2/install/rosboard:/home/yahboom/cartoros2/install/path_planner_server:/home/yahboom/cartoros2/install/nav2_simple_commander:/home/yahboom/cartoros2/install/nav2_gazebo_spawner:/home/yahboom/cartoros2/install/localization_server:/home/yahboom/cartoros2/install/laserscan_to_point_pulisher:/home/yahboom/yahboomcar_ws/install/yahboom_dog_example:/opt/ros/humble /usr/bin/cmake /home/yahboom/Desktop/team_repo/Lab7/wallaa2/prelab/intro_ws/src/examples/rclcpp/actions/minimal_action_client -DCMAKE_INSTALL_PREFIX=/home/yahboom/Desktop/team_repo/Lab7/wallaa2/prelab/intro_ws/install/examples_rclcpp_minimal_action_client
[12.573s] Invoking command in '/home/yahboom/Desktop/team_repo/Lab7/wallaa2/prelab/intro_ws/build/examples_rclcpp_minimal_action_client': CMAKE_PREFIX_PATH=${CMAKE_PREFIX_PATH}:/home/yahboom/cartoros2/install/yahboomcar_nav:/home/yahboom/cartoros2/install/yahboomcar_ctrl:/home/yahboom/cartoros2/install/yahboom_visual:/home/yahboom/cartoros2/install/yahboom_dog_joint_state:/home/yahboom/cartoros2/install/yahboom_description:/home/yahboom/cartoros2/install/yahboom_color_identify_server:/home/yahboom/cartoros2/install/yahboom_bringup:/home/yahboom/cartoros2/install/yahboom_base:/home/yahboom/cartoros2/install/yahboom_app_save_map:/home/yahboom/cartoros2/install/update_map:/home/yahboom/cartoros2/install/rosboard:/home/yahboom/cartoros2/install/path_planner_server:/home/yahboom/cartoros2/install/nav2_simple_commander:/home/yahboom/cartoros2/install/nav2_gazebo_spawner:/home/yahboom/cartoros2/install/localization_server:/home/yahboom/cartoros2/install/laserscan_to_point_pulisher:/home/yahboom/yahboomcar_ws/install/yahboom_dog_example:/opt/ros/humble /usr/bin/cmake --build /home/yahboom/Desktop/team_repo/Lab7/wallaa2/prelab/intro_ws/build/examples_rclcpp_minimal_action_client -- -j4 -l4
[13.281s] [ 12%] [32mBuilding CXX object CMakeFiles/action_client_member_functions.dir/member_functions.cpp.o[0m
[33.676s] [ 25%] [32m[1mLinking CXX executable action_client_member_functions[0m
[34.497s] [ 25%] Built target action_client_member_functions
[34.742s] [ 37%] [32mBuilding CXX object CMakeFiles/action_client_not_composable_with_feedback.dir/not_composable_with_feedback.cpp.o[0m
[46.955s] [ 50%] [32m[1mLinking CXX executable action_client_not_composable_with_feedback[0m
[47.493s] [ 50%] Built target action_client_not_composable_with_feedback
[47.649s] [ 62%] [32mBuilding CXX object CMakeFiles/action_client_not_composable_with_cancel.dir/not_composable_with_cancel.cpp.o[0m
[60.288s] [ 75%] [32m[1mLinking CXX executable action_client_not_composable_with_cancel[0m
[60.846s] [ 75%] Built target action_client_not_composable_with_cancel
[60.999s] [ 87%] [32mBuilding CXX object CMakeFiles/action_client_not_composable.dir/not_composable.cpp.o[0m
[72.834s] [100%] [32m[1mLinking CXX executable action_client_not_composable[0m
[73.463s] [100%] Built target action_client_not_composable
[73.531s] Invoked command in '/home/yahboom/Desktop/team_repo/Lab7/wallaa2/prelab/intro_ws/build/examples_rclcpp_minimal_action_client' returned '0': CMAKE_PREFIX_PATH=${CMAKE_PREFIX_PATH}:/home/yahboom/cartoros2/install/yahboomcar_nav:/home/yahboom/cartoros2/install/yahboomcar_ctrl:/home/yahboom/cartoros2/install/yahboom_visual:/home/yahboom/cartoros2/install/yahboom_dog_joint_state:/home/yahboom/cartoros2/install/yahboom_description:/home/yahboom/cartoros2/install/yahboom_color_identify_server:/home/yahboom/cartoros2/install/yahboom_bringup:/home/yahboom/cartoros2/install/yahboom_base:/home/yahboom/cartoros2/install/yahboom_app_save_map:/home/yahboom/cartoros2/install/update_map:/home/yahboom/cartoros2/install/rosboard:/home/yahboom/cartoros2/install/path_planner_server:/home/yahboom/cartoros2/install/nav2_simple_commander:/home/yahboom/cartoros2/install/nav2_gazebo_spawner:/home/yahboom/cartoros2/install/localization_server:/home/yahboom/cartoros2/install/laserscan_to_point_pulisher:/home/yahboom/yahboomcar_ws/install/yahboom_dog_example:/opt/ros/humble /usr/bin/cmake --build /home/yahboom/Desktop/team_repo/Lab7/wallaa2/prelab/intro_ws/build/examples_rclcpp_minimal_action_client -- -j4 -l4
[73.533s] Invoking command in '/home/yahboom/Desktop/team_repo/Lab7/wallaa2/prelab/intro_ws/build/examples_rclcpp_minimal_action_client': CMAKE_PREFIX_PATH=${CMAKE_PREFIX_PATH}:/home/yahboom/cartoros2/install/yahboomcar_nav:/home/yahboom/cartoros2/install/yahboomcar_ctrl:/home/yahboom/cartoros2/install/yahboom_visual:/home/yahboom/cartoros2/install/yahboom_dog_joint_state:/home/yahboom/cartoros2/install/yahboom_description:/home/yahboom/cartoros2/install/yahboom_color_identify_server:/home/yahboom/cartoros2/install/yahboom_bringup:/home/yahboom/cartoros2/install/yahboom_base:/home/yahboom/cartoros2/install/yahboom_app_save_map:/home/yahboom/cartoros2/install/update_map:/home/yahboom/cartoros2/install/rosboard:/home/yahboom/cartoros2/install/path_planner_server:/home/yahboom/cartoros2/install/nav2_simple_commander:/home/yahboom/cartoros2/install/nav2_gazebo_spawner:/home/yahboom/cartoros2/install/localization_server:/home/yahboom/cartoros2/install/laserscan_to_point_pulisher:/home/yahboom/yahboomcar_ws/install/yahboom_dog_example:/opt/ros/humble /usr/bin/cmake --install /home/yahboom/Desktop/team_repo/Lab7/wallaa2/prelab/intro_ws/build/examples_rclcpp_minimal_action_client
[73.596s] -- Install configuration: ""
[73.598s] -- Installing: /home/yahboom/Desktop/team_repo/Lab7/wallaa2/prelab/intro_ws/install/examples_rclcpp_minimal_action_client/lib/examples_rclcpp_minimal_action_client/action_client_member_functions
[73.603s] -- Set runtime path of "/home/yahboom/Desktop/team_repo/Lab7/wallaa2/prelab/intro_ws/install/examples_rclcpp_minimal_action_client/lib/examples_rclcpp_minimal_action_client/action_client_member_functions" to ""
[73.606s] -- Installing: /home/yahboom/Desktop/team_repo/Lab7/wallaa2/prelab/intro_ws/install/examples_rclcpp_minimal_action_client/lib/examples_rclcpp_minimal_action_client/action_client_not_composable
[73.608s] -- Set runtime path of "/home/yahboom/Desktop/team_repo/Lab7/wallaa2/prelab/intro_ws/install/examples_rclcpp_minimal_action_client/lib/examples_rclcpp_minimal_action_client/action_client_not_composable" to ""
[73.609s] -- Installing: /home/yahboom/Desktop/team_repo/Lab7/wallaa2/prelab/intro_ws/install/examples_rclcpp_minimal_action_client/lib/examples_rclcpp_minimal_action_client/action_client_not_composable_with_cancel
[73.616s] -- Set runtime path of "/home/yahboom/Desktop/team_repo/Lab7/wallaa2/prelab/intro_ws/install/examples_rclcpp_minimal_action_client/lib/examples_rclcpp_minimal_action_client/action_client_not_composable_with_cancel" to ""
[73.616s] -- Installing: /home/yahboom/Desktop/team_repo/Lab7/wallaa2/prelab/intro_ws/install/examples_rclcpp_minimal_action_client/lib/examples_rclcpp_minimal_action_client/action_client_not_composable_with_feedback
[73.618s] -- Set runtime path of "/home/yahboom/Desktop/team_repo/Lab7/wallaa2/prelab/intro_ws/install/examples_rclcpp_minimal_action_client/lib/examples_rclcpp_minimal_action_client/action_client_not_composable_with_feedback" to ""
[73.619s] -- Installing: /home/yahboom/Desktop/team_repo/Lab7/wallaa2/prelab/intro_ws/install/examples_rclcpp_minimal_action_client/share/ament_index/resource_index/package_run_dependencies/examples_rclcpp_minimal_action_client
[73.620s] -- Installing: /home/yahboom/Desktop/team_repo/Lab7/wallaa2/prelab/intro_ws/install/examples_rclcpp_minimal_action_client/share/ament_index/resource_index/parent_prefix_path/examples_rclcpp_minimal_action_client
[73.621s] -- Installing: /home/yahboom/Desktop/team_repo/Lab7/wallaa2/prelab/intro_ws/install/examples_rclcpp_minimal_action_client/share/examples_rclcpp_minimal_action_client/environment/ament_prefix_path.sh
[73.622s] -- Installing: /home/yahboom/Desktop/team_repo/Lab7/wallaa2/prelab/intro_ws/install/examples_rclcpp_minimal_action_client/share/examples_rclcpp_minimal_action_client/environment/ament_prefix_path.dsv
[73.625s] -- Installing: /home/yahboom/Desktop/team_repo/Lab7/wallaa2/prelab/intro_ws/install/examples_rclcpp_minimal_action_client/share/examples_rclcpp_minimal_action_client/environment/path.sh
[73.627s] -- Installing: /home/yahboom/Desktop/team_repo/Lab7/wallaa2/prelab/intro_ws/install/examples_rclcpp_minimal_action_client/share/examples_rclcpp_minimal_action_client/environment/path.dsv
[73.627s] -- Installing: /home/yahboom/Desktop/team_repo/Lab7/wallaa2/prelab/intro_ws/install/examples_rclcpp_minimal_action_client/share/examples_rclcpp_minimal_action_client/local_setup.bash
[73.628s] -- Installing: /home/yahboom/Desktop/team_repo/Lab7/wallaa2/prelab/intro_ws/install/examples_rclcpp_minimal_action_client/share/examples_rclcpp_minimal_action_client/local_setup.sh
[73.628s] -- Installing: /home/yahboom/Desktop/team_repo/Lab7/wallaa2/prelab/intro_ws/install/examples_rclcpp_minimal_action_client/share/examples_rclcpp_minimal_action_client/local_setup.zsh
[73.630s] -- Installing: /home/yahboom/Desktop/team_repo/Lab7/wallaa2/prelab/intro_ws/install/examples_rclcpp_minimal_action_client/share/examples_rclcpp_minimal_action_client/local_setup.dsv
[73.630s] -- Installing: /home/yahboom/Desktop/team_repo/Lab7/wallaa2/prelab/intro_ws/install/examples_rclcpp_minimal_action_client/share/examples_rclcpp_minimal_action_client/package.dsv
[73.630s] -- Installing: /home/yahboom/Desktop/team_repo/Lab7/wallaa2/prelab/intro_ws/install/examples_rclcpp_minimal_action_client/share/ament_index/resource_index/packages/examples_rclcpp_minimal_action_client
[73.631s] -- Installing: /home/yahboom/Desktop/team_repo/Lab7/wallaa2/prelab/intro_ws/install/examples_rclcpp_minimal_action_client/share/examples_rclcpp_minimal_action_client/cmake/examples_rclcpp_minimal_action_clientConfig.cmake
[73.631s] -- Installing: /home/yahboom/Desktop/team_repo/Lab7/wallaa2/prelab/intro_ws/install/examples_rclcpp_minimal_action_client/share/examples_rclcpp_minimal_action_client/cmake/examples_rclcpp_minimal_action_clientConfig-version.cmake
[73.631s] -- Installing: /home/yahboom/Desktop/team_repo/Lab7/wallaa2/prelab/intro_ws/install/examples_rclcpp_minimal_action_client/share/examples_rclcpp_minimal_action_client/package.xml
[73.641s] Invoked command in '/home/yahboom/Desktop/team_repo/Lab7/wallaa2/prelab/intro_ws/build/examples_rclcpp_minimal_action_client' returned '0': CMAKE_PREFIX_PATH=${CMAKE_PREFIX_PATH}:/home/yahboom/cartoros2/install/yahboomcar_nav:/home/yahboom/cartoros2/install/yahboomcar_ctrl:/home/yahboom/cartoros2/install/yahboom_visual:/home/yahboom/cartoros2/install/yahboom_dog_joint_state:/home/yahboom/cartoros2/install/yahboom_description:/home/yahboom/cartoros2/install/yahboom_color_identify_server:/home/yahboom/cartoros2/install/yahboom_bringup:/home/yahboom/cartoros2/install/yahboom_base:/home/yahboom/cartoros2/install/yahboom_app_save_map:/home/yahboom/cartoros2/install/update_map:/home/yahboom/cartoros2/install/rosboard:/home/yahboom/cartoros2/install/path_planner_server:/home/yahboom/cartoros2/install/nav2_simple_commander:/home/yahboom/cartoros2/install/nav2_gazebo_spawner:/home/yahboom/cartoros2/install/localization_server:/home/yahboom/cartoros2/install/laserscan_to_point_pulisher:/home/yahboom/yahboomcar_ws/install/yahboom_dog_example:/opt/ros/humble /usr/bin/cmake --install /home/yahboom/Desktop/team_repo/Lab7/wallaa2/prelab/intro_ws/build/examples_rclcpp_minimal_action_client
