/home/yahboom/S26_RobotProgramming_Eloquent_Elusor/Lab5/wojnae/intro_ws/install/time_tf2_py/lib/python3.10/site-packages/time_tf2_py/turtle_tf2_broadcaster.py
/home/yahboom/S26_RobotProgramming_Eloquent_Elusor/Lab5/wojnae/intro_ws/install/time_tf2_py/lib/python3.10/site-packages/time_tf2_py/__init__.py
/home/yahboom/S26_RobotProgramming_Eloquent_Elusor/Lab5/wojnae/intro_ws/install/time_tf2_py/lib/python3.10/site-packages/time_tf2_py/fixed_frame_tf2_broadcaster.py
/home/yahboom/S26_RobotProgramming_Eloquent_Elusor/Lab5/wojnae/intro_ws/install/time_tf2_py/lib/python3.10/site-packages/time_tf2_py/turtle_tf2_listener.py
/home/yahboom/S26_RobotProgramming_Eloquent_Elusor/Lab5/wojnae/intro_ws/install/time_tf2_py/lib/python3.10/site-packages/time_tf2_py/dynamic_frame_tf2_broadcaster.py
/home/yahboom/S26_RobotProgramming_Eloquent_Elusor/Lab5/wojnae/intro_ws/install/time_tf2_py/lib/python3.10/site-packages/time_tf2_py/__pycache__/turtle_tf2_broadcaster.cpython-310.pyc
/home/yahboom/S26_RobotProgramming_Eloquent_Elusor/Lab5/wojnae/intro_ws/install/time_tf2_py/lib/python3.10/site-packages/time_tf2_py/__pycache__/__init__.cpython-310.pyc
/home/yahboom/S26_RobotProgramming_Eloquent_Elusor/Lab5/wojnae/intro_ws/install/time_tf2_py/lib/python3.10/site-packages/time_tf2_py/__pycache__/fixed_frame_tf2_broadcaster.cpython-310.pyc
/home/yahboom/S26_RobotProgramming_Eloquent_Elusor/Lab5/wojnae/intro_ws/install/time_tf2_py/lib/python3.10/site-packages/time_tf2_py/__pycache__/turtle_tf2_listener.cpython-310.pyc
/home/yahboom/S26_RobotProgramming_Eloquent_Elusor/Lab5/wojnae/intro_ws/install/time_tf2_py/lib/python3.10/site-packages/time_tf2_py/__pycache__/dynamic_frame_tf2_broadcaster.cpython-310.pyc
/home/yahboom/S26_RobotProgramming_Eloquent_Elusor/Lab5/wojnae/intro_ws/install/time_tf2_py/share/ament_index/resource_index/packages/time_tf2_py
/home/yahboom/S26_RobotProgramming_Eloquent_Elusor/Lab5/wojnae/intro_ws/install/time_tf2_py/share/time_tf2_py/package.xml
/home/yahboom/S26_RobotProgramming_Eloquent_Elusor/Lab5/wojnae/intro_ws/install/time_tf2_py/share/time_tf2_py/launch
/home/yahboom/S26_RobotProgramming_Eloquent_Elusor/Lab5/wojnae/intro_ws/install/time_tf2_py/lib/python3.10/site-packages/time_tf2_py-0.0.0-py3.10.egg-info/top_level.txt
/home/yahboom/S26_RobotProgramming_Eloquent_Elusor/Lab5/wojnae/intro_ws/install/time_tf2_py/lib/python3.10/site-packages/time_tf2_py-0.0.0-py3.10.egg-info/PKG-INFO
/home/yahboom/S26_RobotProgramming_Eloquent_Elusor/Lab5/wojnae/intro_ws/install/time_tf2_py/lib/python3.10/site-packages/time_tf2_py-0.0.0-py3.10.egg-info/zip-safe
/home/yahboom/S26_RobotProgramming_Eloquent_Elusor/Lab5/wojnae/intro_ws/install/time_tf2_py/lib/python3.10/site-packages/time_tf2_py-0.0.0-py3.10.egg-info/dependency_links.txt
/home/yahboom/S26_RobotProgramming_Eloquent_Elusor/Lab5/wojnae/intro_ws/install/time_tf2_py/lib/python3.10/site-packages/time_tf2_py-0.0.0-py3.10.egg-info/requires.txt
/home/yahboom/S26_RobotProgramming_Eloquent_Elusor/Lab5/wojnae/intro_ws/install/time_tf2_py/lib/python3.10/site-packages/time_tf2_py-0.0.0-py3.10.egg-info/SOURCES.txt
/home/yahboom/S26_RobotProgramming_Eloquent_Elusor/Lab5/wojnae/intro_ws/install/time_tf2_py/lib/python3.10/site-packages/time_tf2_py-0.0.0-py3.10.egg-info/entry_points.txt
/home/yahboom/S26_RobotProgramming_Eloquent_Elusor/Lab5/wojnae/intro_ws/install/time_tf2_py/lib/time_tf2_py/dynamic_frame_tf2_broadcaster
/home/yahboom/S26_RobotProgramming_Eloquent_Elusor/Lab5/wojnae/intro_ws/install/time_tf2_py/lib/time_tf2_py/fixed_frame_tf2_broadcaster
/home/yahboom/S26_RobotProgramming_Eloquent_Elusor/Lab5/wojnae/intro_ws/install/time_tf2_py/lib/time_tf2_py/turtle_tf2_broadcaster
/home/yahboom/S26_RobotProgramming_Eloquent_Elusor/Lab5/wojnae/intro_ws/install/time_tf2_py/lib/time_tf2_py/turtle_tf2_listener
