[1.342s] Invoking command in '/home/yahboom/Desktop/intro_ws/src/time_tf2_py': PYTHONPATH=/home/yahboom/Desktop/intro_ws/build/time_tf2_py/prefix_override:/home/yahboom/Desktop/intro_ws/install/time_tf2_py/lib/python3.10/site-packages:${PYTHONPATH} /usr/bin/python3 -W ignore:setup.py install is deprecated setup.py egg_info --egg-base ../../build/time_tf2_py build --build-base /home/yahboom/Desktop/intro_ws/build/time_tf2_py/build install --record /home/yahboom/Desktop/intro_ws/build/time_tf2_py/install.log --single-version-externally-managed install_data
[1.632s] running egg_info
[1.632s] writing ../../build/time_tf2_py/time_tf2_py.egg-info/PKG-INFO
[1.632s] writing dependency_links to ../../build/time_tf2_py/time_tf2_py.egg-info/dependency_links.txt
[1.632s] writing entry points to ../../build/time_tf2_py/time_tf2_py.egg-info/entry_points.txt
[1.632s] writing requirements to ../../build/time_tf2_py/time_tf2_py.egg-info/requires.txt
[1.632s] writing top-level names to ../../build/time_tf2_py/time_tf2_py.egg-info/top_level.txt
[1.632s] reading manifest file '../../build/time_tf2_py/time_tf2_py.egg-info/SOURCES.txt'
[1.632s] writing manifest file '../../build/time_tf2_py/time_tf2_py.egg-info/SOURCES.txt'
[1.632s] running build
[1.632s] running build_py
[1.632s] copying time_tf2_py/turtle_tf2_listener.py -> /home/yahboom/Desktop/intro_ws/build/time_tf2_py/build/lib/time_tf2_py
[1.632s] running install
[1.632s] running install_lib
[1.632s] copying /home/yahboom/Desktop/intro_ws/build/time_tf2_py/build/lib/time_tf2_py/turtle_tf2_listener.py -> /home/yahboom/Desktop/intro_ws/install/time_tf2_py/lib/python3.10/site-packages/time_tf2_py
[1.633s] byte-compiling /home/yahboom/Desktop/intro_ws/install/time_tf2_py/lib/python3.10/site-packages/time_tf2_py/turtle_tf2_listener.py to turtle_tf2_listener.cpython-310.pyc
[1.633s] running install_data
[1.633s] running install_egg_info
[1.635s] removing '/home/yahboom/Desktop/intro_ws/install/time_tf2_py/lib/python3.10/site-packages/time_tf2_py-0.0.0-py3.10.egg-info' (and everything under it)
[1.644s] Copying ../../build/time_tf2_py/time_tf2_py.egg-info to /home/yahboom/Desktop/intro_ws/install/time_tf2_py/lib/python3.10/site-packages/time_tf2_py-0.0.0-py3.10.egg-info
[1.644s] running install_scripts
[1.673s] Installing dynamic_frame_tf2_broadcaster script to /home/yahboom/Desktop/intro_ws/install/time_tf2_py/lib/time_tf2_py
[1.675s] Installing fixed_frame_tf2_broadcaster script to /home/yahboom/Desktop/intro_ws/install/time_tf2_py/lib/time_tf2_py
[1.675s] Installing turtle_tf2_broadcaster script to /home/yahboom/Desktop/intro_ws/install/time_tf2_py/lib/time_tf2_py
[1.676s] Installing turtle_tf2_listener script to /home/yahboom/Desktop/intro_ws/install/time_tf2_py/lib/time_tf2_py
[1.678s] writing list of installed files to '/home/yahboom/Desktop/intro_ws/build/time_tf2_py/install.log'
[1.744s] Invoked command in '/home/yahboom/Desktop/intro_ws/src/time_tf2_py' returned '0': PYTHONPATH=/home/yahboom/Desktop/intro_ws/build/time_tf2_py/prefix_override:/home/yahboom/Desktop/intro_ws/install/time_tf2_py/lib/python3.10/site-packages:${PYTHONPATH} /usr/bin/python3 -W ignore:setup.py install is deprecated setup.py egg_info --egg-base ../../build/time_tf2_py build --build-base /home/yahboom/Desktop/intro_ws/build/time_tf2_py/build install --record /home/yahboom/Desktop/intro_ws/build/time_tf2_py/install.log --single-version-externally-managed install_data
