[1.054s] Invoking command in '/home/yahboom/Desktop/intro_ws/src/python_parameters': PYTHONPATH=/home/yahboom/Desktop/intro_ws/build/python_parameters/prefix_override:/home/yahboom/Desktop/intro_ws/install/python_parameters/lib/python3.10/site-packages:${PYTHONPATH} /usr/bin/python3 -W ignore:setup.py install is deprecated setup.py egg_info --egg-base ../../build/python_parameters build --build-base /home/yahboom/Desktop/intro_ws/build/python_parameters/build install --record /home/yahboom/Desktop/intro_ws/build/python_parameters/install.log --single-version-externally-managed install_data
[1.301s] running egg_info
[1.302s] writing ../../build/python_parameters/UNKNOWN.egg-info/PKG-INFO
[1.302s] writing dependency_links to ../../build/python_parameters/UNKNOWN.egg-info/dependency_links.txt
[1.307s] writing top-level names to ../../build/python_parameters/UNKNOWN.egg-info/top_level.txt
[1.312s] reading manifest file '../../build/python_parameters/UNKNOWN.egg-info/SOURCES.txt'
[1.312s] writing manifest file '../../build/python_parameters/UNKNOWN.egg-info/SOURCES.txt'
[1.315s] running build
[1.315s] running install
[1.315s] running install_data
[1.315s] running install_egg_info
[1.315s] removing '/home/yahboom/Desktop/intro_ws/install/python_parameters/lib/python3.10/site-packages/UNKNOWN-0.0.0-py3.10.egg-info' (and everything under it)
[1.315s] Copying ../../build/python_parameters/UNKNOWN.egg-info to /home/yahboom/Desktop/intro_ws/install/python_parameters/lib/python3.10/site-packages/UNKNOWN-0.0.0-py3.10.egg-info
[1.316s] running install_scripts
[1.343s] writing list of installed files to '/home/yahboom/Desktop/intro_ws/build/python_parameters/install.log'
[1.349s] running egg_info
[1.350s] writing ../../build/python_parameters/python_parameters.egg-info/PKG-INFO
[1.350s] writing dependency_links to ../../build/python_parameters/python_parameters.egg-info/dependency_links.txt
[1.350s] writing entry points to ../../build/python_parameters/python_parameters.egg-info/entry_points.txt
[1.350s] writing requirements to ../../build/python_parameters/python_parameters.egg-info/requires.txt
[1.351s] writing top-level names to ../../build/python_parameters/python_parameters.egg-info/top_level.txt
[1.354s] reading manifest file '../../build/python_parameters/python_parameters.egg-info/SOURCES.txt'
[1.354s] writing manifest file '../../build/python_parameters/python_parameters.egg-info/SOURCES.txt'
[1.354s] running build
[1.354s] running build_py
[1.354s] running install
[1.355s] running install_lib
[1.356s] running install_data
[1.356s] running install_egg_info
[1.356s] removing '/home/yahboom/Desktop/intro_ws/install/python_parameters/lib/python3.10/site-packages/python_parameters-0.0.0-py3.10.egg-info' (and everything under it)
[1.357s] Copying ../../build/python_parameters/python_parameters.egg-info to /home/yahboom/Desktop/intro_ws/install/python_parameters/lib/python3.10/site-packages/python_parameters-0.0.0-py3.10.egg-info
[1.361s] running install_scripts
[1.361s] Installing minimal_param_node script to /home/yahboom/Desktop/intro_ws/install/python_parameters/lib/python_parameters
[1.361s] writing list of installed files to '/home/yahboom/Desktop/intro_ws/build/python_parameters/install.log'
[1.400s] Invoked command in '/home/yahboom/Desktop/intro_ws/src/python_parameters' returned '0': PYTHONPATH=/home/yahboom/Desktop/intro_ws/build/python_parameters/prefix_override:/home/yahboom/Desktop/intro_ws/install/python_parameters/lib/python3.10/site-packages:${PYTHONPATH} /usr/bin/python3 -W ignore:setup.py install is deprecated setup.py egg_info --egg-base ../../build/python_parameters build --build-base /home/yahboom/Desktop/intro_ws/build/python_parameters/build install --record /home/yahboom/Desktop/intro_ws/build/python_parameters/install.log --single-version-externally-managed install_data
