[4.008s] Invoking command in '/home/yahboom/Desktop/team_repo/Lab5/wallaa2/intro_ws/src/examples/rclpy/topics/minimal_publisher': PYTHONPATH=/home/yahboom/Desktop/team_repo/Lab5/wallaa2/intro_ws/build/examples_rclpy_minimal_publisher/prefix_override:/usr/lib/python3/dist-packages/colcon_core/task/python/colcon_distutils_commands:/home/yahboom/Desktop/team_repo/Lab5/wallaa2/intro_ws/install/examples_rclpy_minimal_publisher/lib/python3.10/site-packages:${PYTHONPATH} /usr/bin/python3 -W ignore:setup.py install is deprecated -W ignore:easy_install command is deprecated setup.py egg_info --egg-base ../../../../../build/examples_rclpy_minimal_publisher build --build-base /home/yahboom/Desktop/team_repo/Lab5/wallaa2/intro_ws/build/examples_rclpy_minimal_publisher/build install --record /home/yahboom/Desktop/team_repo/Lab5/wallaa2/intro_ws/build/examples_rclpy_minimal_publisher/install.log --single-version-externally-managed install_data
[5.533s] running egg_info
[5.537s] creating ../../../../../build/examples_rclpy_minimal_publisher/examples_rclpy_minimal_publisher.egg-info
[5.539s] writing ../../../../../build/examples_rclpy_minimal_publisher/examples_rclpy_minimal_publisher.egg-info/PKG-INFO
[5.541s] writing dependency_links to ../../../../../build/examples_rclpy_minimal_publisher/examples_rclpy_minimal_publisher.egg-info/dependency_links.txt
[5.543s] writing entry points to ../../../../../build/examples_rclpy_minimal_publisher/examples_rclpy_minimal_publisher.egg-info/entry_points.txt
[5.544s] writing requirements to ../../../../../build/examples_rclpy_minimal_publisher/examples_rclpy_minimal_publisher.egg-info/requires.txt
[5.547s] writing top-level names to ../../../../../build/examples_rclpy_minimal_publisher/examples_rclpy_minimal_publisher.egg-info/top_level.txt
[5.547s] writing manifest file '../../../../../build/examples_rclpy_minimal_publisher/examples_rclpy_minimal_publisher.egg-info/SOURCES.txt'
[5.552s] reading manifest file '../../../../../build/examples_rclpy_minimal_publisher/examples_rclpy_minimal_publisher.egg-info/SOURCES.txt'
[5.557s] writing manifest file '../../../../../build/examples_rclpy_minimal_publisher/examples_rclpy_minimal_publisher.egg-info/SOURCES.txt'
[5.559s] running build
[5.559s] running build_py
[5.562s] creating /home/yahboom/Desktop/team_repo/Lab5/wallaa2/intro_ws/build/examples_rclpy_minimal_publisher/build
[5.563s] creating /home/yahboom/Desktop/team_repo/Lab5/wallaa2/intro_ws/build/examples_rclpy_minimal_publisher/build/lib
[5.563s] creating /home/yahboom/Desktop/team_repo/Lab5/wallaa2/intro_ws/build/examples_rclpy_minimal_publisher/build/lib/examples_rclpy_minimal_publisher
[5.564s] copying examples_rclpy_minimal_publisher/publisher_member_function_with_wait_for_all_acked.py -> /home/yahboom/Desktop/team_repo/Lab5/wallaa2/intro_ws/build/examples_rclpy_minimal_publisher/build/lib/examples_rclpy_minimal_publisher
[5.567s] copying examples_rclpy_minimal_publisher/__init__.py -> /home/yahboom/Desktop/team_repo/Lab5/wallaa2/intro_ws/build/examples_rclpy_minimal_publisher/build/lib/examples_rclpy_minimal_publisher
[5.567s] copying examples_rclpy_minimal_publisher/publisher_local_function.py -> /home/yahboom/Desktop/team_repo/Lab5/wallaa2/intro_ws/build/examples_rclpy_minimal_publisher/build/lib/examples_rclpy_minimal_publisher
[5.567s] copying examples_rclpy_minimal_publisher/publisher_old_school.py -> /home/yahboom/Desktop/team_repo/Lab5/wallaa2/intro_ws/build/examples_rclpy_minimal_publisher/build/lib/examples_rclpy_minimal_publisher
[5.568s] copying examples_rclpy_minimal_publisher/publisher_member_function.py -> /home/yahboom/Desktop/team_repo/Lab5/wallaa2/intro_ws/build/examples_rclpy_minimal_publisher/build/lib/examples_rclpy_minimal_publisher
[5.568s] running install
[5.570s] running install_lib
[5.571s] creating /home/yahboom/Desktop/team_repo/Lab5/wallaa2/intro_ws/install/examples_rclpy_minimal_publisher/lib/python3.10/site-packages/examples_rclpy_minimal_publisher
[5.573s] copying /home/yahboom/Desktop/team_repo/Lab5/wallaa2/intro_ws/build/examples_rclpy_minimal_publisher/build/lib/examples_rclpy_minimal_publisher/publisher_member_function_with_wait_for_all_acked.py -> /home/yahboom/Desktop/team_repo/Lab5/wallaa2/intro_ws/install/examples_rclpy_minimal_publisher/lib/python3.10/site-packages/examples_rclpy_minimal_publisher
[5.574s] copying /home/yahboom/Desktop/team_repo/Lab5/wallaa2/intro_ws/build/examples_rclpy_minimal_publisher/build/lib/examples_rclpy_minimal_publisher/__init__.py -> /home/yahboom/Desktop/team_repo/Lab5/wallaa2/intro_ws/install/examples_rclpy_minimal_publisher/lib/python3.10/site-packages/examples_rclpy_minimal_publisher
[5.574s] copying /home/yahboom/Desktop/team_repo/Lab5/wallaa2/intro_ws/build/examples_rclpy_minimal_publisher/build/lib/examples_rclpy_minimal_publisher/publisher_local_function.py -> /home/yahboom/Desktop/team_repo/Lab5/wallaa2/intro_ws/install/examples_rclpy_minimal_publisher/lib/python3.10/site-packages/examples_rclpy_minimal_publisher
[5.578s] copying /home/yahboom/Desktop/team_repo/Lab5/wallaa2/intro_ws/build/examples_rclpy_minimal_publisher/build/lib/examples_rclpy_minimal_publisher/publisher_old_school.py -> /home/yahboom/Desktop/team_repo/Lab5/wallaa2/intro_ws/install/examples_rclpy_minimal_publisher/lib/python3.10/site-packages/examples_rclpy_minimal_publisher
[5.578s] copying /home/yahboom/Desktop/team_repo/Lab5/wallaa2/intro_ws/build/examples_rclpy_minimal_publisher/build/lib/examples_rclpy_minimal_publisher/publisher_member_function.py -> /home/yahboom/Desktop/team_repo/Lab5/wallaa2/intro_ws/install/examples_rclpy_minimal_publisher/lib/python3.10/site-packages/examples_rclpy_minimal_publisher
[5.579s] byte-compiling /home/yahboom/Desktop/team_repo/Lab5/wallaa2/intro_ws/install/examples_rclpy_minimal_publisher/lib/python3.10/site-packages/examples_rclpy_minimal_publisher/publisher_member_function_with_wait_for_all_acked.py to publisher_member_function_with_wait_for_all_acked.cpython-310.pyc
[5.581s] byte-compiling /home/yahboom/Desktop/team_repo/Lab5/wallaa2/intro_ws/install/examples_rclpy_minimal_publisher/lib/python3.10/site-packages/examples_rclpy_minimal_publisher/__init__.py to __init__.cpython-310.pyc
[5.583s] byte-compiling /home/yahboom/Desktop/team_repo/Lab5/wallaa2/intro_ws/install/examples_rclpy_minimal_publisher/lib/python3.10/site-packages/examples_rclpy_minimal_publisher/publisher_local_function.py to publisher_local_function.cpython-310.pyc
[5.586s] byte-compiling /home/yahboom/Desktop/team_repo/Lab5/wallaa2/intro_ws/install/examples_rclpy_minimal_publisher/lib/python3.10/site-packages/examples_rclpy_minimal_publisher/publisher_old_school.py to publisher_old_school.cpython-310.pyc
[5.588s] byte-compiling /home/yahboom/Desktop/team_repo/Lab5/wallaa2/intro_ws/install/examples_rclpy_minimal_publisher/lib/python3.10/site-packages/examples_rclpy_minimal_publisher/publisher_member_function.py to publisher_member_function.cpython-310.pyc
[5.591s] running install_data
[5.591s] creating /home/yahboom/Desktop/team_repo/Lab5/wallaa2/intro_ws/install/examples_rclpy_minimal_publisher/share/ament_index
[5.591s] creating /home/yahboom/Desktop/team_repo/Lab5/wallaa2/intro_ws/install/examples_rclpy_minimal_publisher/share/ament_index/resource_index
[5.592s] creating /home/yahboom/Desktop/team_repo/Lab5/wallaa2/intro_ws/install/examples_rclpy_minimal_publisher/share/ament_index/resource_index/packages
[5.594s] copying resource/examples_rclpy_minimal_publisher -> /home/yahboom/Desktop/team_repo/Lab5/wallaa2/intro_ws/install/examples_rclpy_minimal_publisher/share/ament_index/resource_index/packages
[5.595s] copying package.xml -> /home/yahboom/Desktop/team_repo/Lab5/wallaa2/intro_ws/install/examples_rclpy_minimal_publisher/share/examples_rclpy_minimal_publisher
[5.595s] running install_egg_info
[5.607s] Copying ../../../../../build/examples_rclpy_minimal_publisher/examples_rclpy_minimal_publisher.egg-info to /home/yahboom/Desktop/team_repo/Lab5/wallaa2/intro_ws/install/examples_rclpy_minimal_publisher/lib/python3.10/site-packages/examples_rclpy_minimal_publisher-0.15.5-py3.10.egg-info
[5.610s] running install_scripts
[5.688s] Installing publisher_local_function script to /home/yahboom/Desktop/team_repo/Lab5/wallaa2/intro_ws/install/examples_rclpy_minimal_publisher/lib/examples_rclpy_minimal_publisher
[5.689s] Installing publisher_member_function script to /home/yahboom/Desktop/team_repo/Lab5/wallaa2/intro_ws/install/examples_rclpy_minimal_publisher/lib/examples_rclpy_minimal_publisher
[5.692s] Installing publisher_member_function_with_wait_for_all_acked script to /home/yahboom/Desktop/team_repo/Lab5/wallaa2/intro_ws/install/examples_rclpy_minimal_publisher/lib/examples_rclpy_minimal_publisher
[5.694s] Installing publisher_old_school script to /home/yahboom/Desktop/team_repo/Lab5/wallaa2/intro_ws/install/examples_rclpy_minimal_publisher/lib/examples_rclpy_minimal_publisher
[5.694s] writing list of installed files to '/home/yahboom/Desktop/team_repo/Lab5/wallaa2/intro_ws/build/examples_rclpy_minimal_publisher/install.log'
[5.914s] Invoked command in '/home/yahboom/Desktop/team_repo/Lab5/wallaa2/intro_ws/src/examples/rclpy/topics/minimal_publisher' returned '0': PYTHONPATH=/home/yahboom/Desktop/team_repo/Lab5/wallaa2/intro_ws/build/examples_rclpy_minimal_publisher/prefix_override:/usr/lib/python3/dist-packages/colcon_core/task/python/colcon_distutils_commands:/home/yahboom/Desktop/team_repo/Lab5/wallaa2/intro_ws/install/examples_rclpy_minimal_publisher/lib/python3.10/site-packages:${PYTHONPATH} /usr/bin/python3 -W ignore:setup.py install is deprecated -W ignore:easy_install command is deprecated setup.py egg_info --egg-base ../../../../../build/examples_rclpy_minimal_publisher build --build-base /home/yahboom/Desktop/team_repo/Lab5/wallaa2/intro_ws/build/examples_rclpy_minimal_publisher/build install --record /home/yahboom/Desktop/team_repo/Lab5/wallaa2/intro_ws/build/examples_rclpy_minimal_publisher/install.log --single-version-externally-managed install_data
