[0.097s] Invoking command in '/home/yahboom/Desktop/intro_ws/build/turtle_interfaces': CMAKE_PREFIX_PATH=${CMAKE_PREFIX_PATH}:/home/yahboom/Desktop/intro_ws/install/python_parameters:/home/yahboom/Desktop/intro_ws/install/turtle_test:/home/yahboom/cartoros2/install/yahboomcar_nav:/home/yahboom/cartoros2/install/yahboomcar_ctrl:/home/yahboom/cartoros2/install/yahboom_visual:/home/yahboom/cartoros2/install/yahboom_dog_joint_state:/home/yahboom/cartoros2/install/yahboom_description:/home/yahboom/cartoros2/install/yahboom_color_identify_server:/home/yahboom/cartoros2/install/yahboom_bringup:/home/yahboom/cartoros2/install/yahboom_base:/home/yahboom/cartoros2/install/yahboom_app_save_map:/home/yahboom/cartoros2/install/update_map:/home/yahboom/cartoros2/install/rosboard:/home/yahboom/cartoros2/install/path_planner_server:/home/yahboom/cartoros2/install/nav2_simple_commander:/home/yahboom/cartoros2/install/nav2_gazebo_spawner:/home/yahboom/cartoros2/install/localization_server:/home/yahboom/cartoros2/install/laserscan_to_point_pulisher:/home/yahboom/yahboomcar_ws/install/yahboom_dog_example:/opt/ros/humble /usr/bin/cmake --build /home/yahboom/Desktop/intro_ws/build/turtle_interfaces -- -j4 -l4
[0.418s] [  2%] Built target turtle_interfaces__cpp
[0.448s] [ 12%] Built target turtle_interfaces__rosidl_generator_c
[0.529s] [ 12%] Built target ament_cmake_python_copy_turtle_interfaces
[0.601s] [ 23%] Built target turtle_interfaces__rosidl_typesupport_fastrtps_cpp
[0.618s] [ 34%] Built target turtle_interfaces__rosidl_typesupport_cpp
[0.705s] [ 44%] Built target turtle_interfaces__rosidl_typesupport_introspection_cpp
[0.750s] [ 55%] Built target turtle_interfaces__rosidl_typesupport_fastrtps_c
[0.814s] [ 65%] Built target turtle_interfaces__rosidl_typesupport_c
[0.818s] [ 76%] Built target turtle_interfaces__rosidl_typesupport_introspection_c
[0.986s] [ 76%] Built target turtle_interfaces
[1.106s] [ 78%] Built target turtle_interfaces__py
[1.222s] [ 87%] Built target turtle_interfaces__rosidl_generator_py
[1.381s] [ 91%] Built target turtle_interfaces__rosidl_typesupport_fastrtps_c__pyext
[1.398s] [ 95%] Built target turtle_interfaces__rosidl_typesupport_introspection_c__pyext
[1.414s] [100%] Built target turtle_interfaces__rosidl_typesupport_c__pyext
[1.453s] running egg_info
[1.456s] writing turtle_interfaces.egg-info/PKG-INFO
[1.459s] writing dependency_links to turtle_interfaces.egg-info/dependency_links.txt
[1.459s] writing top-level names to turtle_interfaces.egg-info/top_level.txt
[1.467s] reading manifest file 'turtle_interfaces.egg-info/SOURCES.txt'
[1.467s] writing manifest file 'turtle_interfaces.egg-info/SOURCES.txt'
[1.573s] [100%] Built target ament_cmake_python_build_turtle_interfaces_egg
[1.626s] Invoked command in '/home/yahboom/Desktop/intro_ws/build/turtle_interfaces' returned '0': CMAKE_PREFIX_PATH=${CMAKE_PREFIX_PATH}:/home/yahboom/Desktop/intro_ws/install/python_parameters:/home/yahboom/Desktop/intro_ws/install/turtle_test:/home/yahboom/cartoros2/install/yahboomcar_nav:/home/yahboom/cartoros2/install/yahboomcar_ctrl:/home/yahboom/cartoros2/install/yahboom_visual:/home/yahboom/cartoros2/install/yahboom_dog_joint_state:/home/yahboom/cartoros2/install/yahboom_description:/home/yahboom/cartoros2/install/yahboom_color_identify_server:/home/yahboom/cartoros2/install/yahboom_bringup:/home/yahboom/cartoros2/install/yahboom_base:/home/yahboom/cartoros2/install/yahboom_app_save_map:/home/yahboom/cartoros2/install/update_map:/home/yahboom/cartoros2/install/rosboard:/home/yahboom/cartoros2/install/path_planner_server:/home/yahboom/cartoros2/install/nav2_simple_commander:/home/yahboom/cartoros2/install/nav2_gazebo_spawner:/home/yahboom/cartoros2/install/localization_server:/home/yahboom/cartoros2/install/laserscan_to_point_pulisher:/home/yahboom/yahboomcar_ws/install/yahboom_dog_example:/opt/ros/humble /usr/bin/cmake --build /home/yahboom/Desktop/intro_ws/build/turtle_interfaces -- -j4 -l4
[2.640s] Invoking command in '/home/yahboom/Desktop/intro_ws/build/turtle_interfaces': CMAKE_PREFIX_PATH=${CMAKE_PREFIX_PATH}:/home/yahboom/Desktop/intro_ws/install/python_parameters:/home/yahboom/Desktop/intro_ws/install/turtle_test:/home/yahboom/cartoros2/install/yahboomcar_nav:/home/yahboom/cartoros2/install/yahboomcar_ctrl:/home/yahboom/cartoros2/install/yahboom_visual:/home/yahboom/cartoros2/install/yahboom_dog_joint_state:/home/yahboom/cartoros2/install/yahboom_description:/home/yahboom/cartoros2/install/yahboom_color_identify_server:/home/yahboom/cartoros2/install/yahboom_bringup:/home/yahboom/cartoros2/install/yahboom_base:/home/yahboom/cartoros2/install/yahboom_app_save_map:/home/yahboom/cartoros2/install/update_map:/home/yahboom/cartoros2/install/rosboard:/home/yahboom/cartoros2/install/path_planner_server:/home/yahboom/cartoros2/install/nav2_simple_commander:/home/yahboom/cartoros2/install/nav2_gazebo_spawner:/home/yahboom/cartoros2/install/localization_server:/home/yahboom/cartoros2/install/laserscan_to_point_pulisher:/home/yahboom/yahboomcar_ws/install/yahboom_dog_example:/opt/ros/humble /usr/bin/cmake --install /home/yahboom/Desktop/intro_ws/build/turtle_interfaces
[2.695s] -- Install configuration: ""
[2.696s] -- Up-to-date: /home/yahboom/Desktop/intro_ws/install/turtle_interfaces/share/ament_index/resource_index/rosidl_interfaces/turtle_interfaces
[2.696s] -- Up-to-date: /home/yahboom/Desktop/intro_ws/install/turtle_interfaces/include/turtle_interfaces/turtle_interfaces
[2.696s] -- Up-to-date: /home/yahboom/Desktop/intro_ws/install/turtle_interfaces/include/turtle_interfaces/turtle_interfaces/action
[2.696s] -- Up-to-date: /home/yahboom/Desktop/intro_ws/install/turtle_interfaces/include/turtle_interfaces/turtle_interfaces/action/detail
[2.696s] -- Up-to-date: /home/yahboom/Desktop/intro_ws/install/turtle_interfaces/include/turtle_interfaces/turtle_interfaces/action/detail/make_square__struct.h
[2.696s] -- Up-to-date: /home/yahboom/Desktop/intro_ws/install/turtle_interfaces/include/turtle_interfaces/turtle_interfaces/action/detail/make_square__type_support.h
[2.697s] -- Up-to-date: /home/yahboom/Desktop/intro_ws/install/turtle_interfaces/include/turtle_interfaces/turtle_interfaces/action/detail/make_square__functions.c
[2.697s] -- Up-to-date: /home/yahboom/Desktop/intro_ws/install/turtle_interfaces/include/turtle_interfaces/turtle_interfaces/action/detail/make_square__functions.h
[2.697s] -- Up-to-date: /home/yahboom/Desktop/intro_ws/install/turtle_interfaces/include/turtle_interfaces/turtle_interfaces/action/make_square.h
[2.697s] -- Up-to-date: /home/yahboom/Desktop/intro_ws/install/turtle_interfaces/include/turtle_interfaces/turtle_interfaces/srv
[2.697s] -- Up-to-date: /home/yahboom/Desktop/intro_ws/install/turtle_interfaces/include/turtle_interfaces/turtle_interfaces/srv/set_colors.h
[2.697s] -- Up-to-date: /home/yahboom/Desktop/intro_ws/install/turtle_interfaces/include/turtle_interfaces/turtle_interfaces/srv/detail
[2.697s] -- Up-to-date: /home/yahboom/Desktop/intro_ws/install/turtle_interfaces/include/turtle_interfaces/turtle_interfaces/srv/detail/set_colors__struct.h
[2.698s] -- Up-to-date: /home/yahboom/Desktop/intro_ws/install/turtle_interfaces/include/turtle_interfaces/turtle_interfaces/srv/detail/set_colors__type_support.h
[2.698s] -- Up-to-date: /home/yahboom/Desktop/intro_ws/install/turtle_interfaces/include/turtle_interfaces/turtle_interfaces/srv/detail/set_colors__functions.c
[2.698s] -- Up-to-date: /home/yahboom/Desktop/intro_ws/install/turtle_interfaces/include/turtle_interfaces/turtle_interfaces/srv/detail/set_colors__functions.h
[2.698s] -- Up-to-date: /home/yahboom/Desktop/intro_ws/install/turtle_interfaces/include/turtle_interfaces/turtle_interfaces/msg
[2.698s] -- Up-to-date: /home/yahboom/Desktop/intro_ws/install/turtle_interfaces/include/turtle_interfaces/turtle_interfaces/msg/detail
[2.701s] -- Up-to-date: /home/yahboom/Desktop/intro_ws/install/turtle_interfaces/include/turtle_interfaces/turtle_interfaces/msg/detail/turtle_pose__functions.c
[2.701s] -- Up-to-date: /home/yahboom/Desktop/intro_ws/install/turtle_interfaces/include/turtle_interfaces/turtle_interfaces/msg/detail/turtle_pose__functions.h
[2.701s] -- Up-to-date: /home/yahboom/Desktop/intro_ws/install/turtle_interfaces/include/turtle_interfaces/turtle_interfaces/msg/detail/turtle_pose__struct.h
[2.701s] -- Up-to-date: /home/yahboom/Desktop/intro_ws/install/turtle_interfaces/include/turtle_interfaces/turtle_interfaces/msg/detail/turtle_pose__type_support.h
[2.701s] -- Up-to-date: /home/yahboom/Desktop/intro_ws/install/turtle_interfaces/include/turtle_interfaces/turtle_interfaces/msg/turtle_pose.h
[2.701s] -- Up-to-date: /home/yahboom/Desktop/intro_ws/install/turtle_interfaces/include/turtle_interfaces/turtle_interfaces/msg/rosidl_generator_c__visibility_control.h
[2.701s] -- Up-to-date: /home/yahboom/Desktop/intro_ws/install/turtle_interfaces/share/turtle_interfaces/environment/library_path.sh
[2.701s] -- Up-to-date: /home/yahboom/Desktop/intro_ws/install/turtle_interfaces/share/turtle_interfaces/environment/library_path.dsv
[2.701s] -- Up-to-date: /home/yahboom/Desktop/intro_ws/install/turtle_interfaces/lib/libturtle_interfaces__rosidl_generator_c.so
[2.702s] -- Up-to-date: /home/yahboom/Desktop/intro_ws/install/turtle_interfaces/include/turtle_interfaces/turtle_interfaces
[2.702s] -- Up-to-date: /home/yahboom/Desktop/intro_ws/install/turtle_interfaces/include/turtle_interfaces/turtle_interfaces/action
[2.702s] -- Up-to-date: /home/yahboom/Desktop/intro_ws/install/turtle_interfaces/include/turtle_interfaces/turtle_interfaces/action/detail
[2.702s] -- Up-to-date: /home/yahboom/Desktop/intro_ws/install/turtle_interfaces/include/turtle_interfaces/turtle_interfaces/action/detail/make_square__rosidl_typesupport_fastrtps_c.h
[2.702s] -- Up-to-date: /home/yahboom/Desktop/intro_ws/install/turtle_interfaces/include/turtle_interfaces/turtle_interfaces/srv
[2.702s] -- Up-to-date: /home/yahboom/Desktop/intro_ws/install/turtle_interfaces/include/turtle_interfaces/turtle_interfaces/srv/detail
[2.702s] -- Up-to-date: /home/yahboom/Desktop/intro_ws/install/turtle_interfaces/include/turtle_interfaces/turtle_interfaces/srv/detail/set_colors__rosidl_typesupport_fastrtps_c.h
[2.703s] -- Up-to-date: /home/yahboom/Desktop/intro_ws/install/turtle_interfaces/include/turtle_interfaces/turtle_interfaces/msg
[2.704s] -- Up-to-date: /home/yahboom/Desktop/intro_ws/install/turtle_interfaces/include/turtle_interfaces/turtle_interfaces/msg/detail
[2.704s] -- Up-to-date: /home/yahboom/Desktop/intro_ws/install/turtle_interfaces/include/turtle_interfaces/turtle_interfaces/msg/detail/turtle_pose__rosidl_typesupport_fastrtps_c.h
[2.704s] -- Up-to-date: /home/yahboom/Desktop/intro_ws/install/turtle_interfaces/include/turtle_interfaces/turtle_interfaces/msg/rosidl_typesupport_fastrtps_c__visibility_control.h
[2.704s] -- Up-to-date: /home/yahboom/Desktop/intro_ws/install/turtle_interfaces/lib/libturtle_interfaces__rosidl_typesupport_fastrtps_c.so
[2.705s] -- Up-to-date: /home/yahboom/Desktop/intro_ws/install/turtle_interfaces/include/turtle_interfaces/turtle_interfaces
[2.705s] -- Up-to-date: /home/yahboom/Desktop/intro_ws/install/turtle_interfaces/include/turtle_interfaces/turtle_interfaces/action
[2.705s] -- Up-to-date: /home/yahboom/Desktop/intro_ws/install/turtle_interfaces/include/turtle_interfaces/turtle_interfaces/action/detail
[2.705s] -- Up-to-date: /home/yahboom/Desktop/intro_ws/install/turtle_interfaces/include/turtle_interfaces/turtle_interfaces/action/detail/make_square__type_support.c
[2.705s] -- Up-to-date: /home/yahboom/Desktop/intro_ws/install/turtle_interfaces/include/turtle_interfaces/turtle_interfaces/action/detail/make_square__rosidl_typesupport_introspection_c.h
[2.705s] -- Up-to-date: /home/yahboom/Desktop/intro_ws/install/turtle_interfaces/include/turtle_interfaces/turtle_interfaces/srv
[2.706s] -- Up-to-date: /home/yahboom/Desktop/intro_ws/install/turtle_interfaces/include/turtle_interfaces/turtle_interfaces/srv/detail
[2.706s] -- Up-to-date: /home/yahboom/Desktop/intro_ws/install/turtle_interfaces/include/turtle_interfaces/turtle_interfaces/srv/detail/set_colors__type_support.c
[2.706s] -- Up-to-date: /home/yahboom/Desktop/intro_ws/install/turtle_interfaces/include/turtle_interfaces/turtle_interfaces/srv/detail/set_colors__rosidl_typesupport_introspection_c.h
[2.706s] -- Up-to-date: /home/yahboom/Desktop/intro_ws/install/turtle_interfaces/include/turtle_interfaces/turtle_interfaces/msg
[2.706s] -- Up-to-date: /home/yahboom/Desktop/intro_ws/install/turtle_interfaces/include/turtle_interfaces/turtle_interfaces/msg/detail
[2.706s] -- Up-to-date: /home/yahboom/Desktop/intro_ws/install/turtle_interfaces/include/turtle_interfaces/turtle_interfaces/msg/detail/turtle_pose__rosidl_typesupport_introspection_c.h
[2.707s] -- Up-to-date: /home/yahboom/Desktop/intro_ws/install/turtle_interfaces/include/turtle_interfaces/turtle_interfaces/msg/detail/turtle_pose__type_support.c
[2.707s] -- Up-to-date: /home/yahboom/Desktop/intro_ws/install/turtle_interfaces/include/turtle_interfaces/turtle_interfaces/msg/rosidl_typesupport_introspection_c__visibility_control.h
[2.707s] -- Up-to-date: /home/yahboom/Desktop/intro_ws/install/turtle_interfaces/lib/libturtle_interfaces__rosidl_typesupport_introspection_c.so
[2.707s] -- Up-to-date: /home/yahboom/Desktop/intro_ws/install/turtle_interfaces/lib/libturtle_interfaces__rosidl_typesupport_c.so
[2.708s] -- Up-to-date: /home/yahboom/Desktop/intro_ws/install/turtle_interfaces/include/turtle_interfaces/turtle_interfaces
[2.708s] -- Up-to-date: /home/yahboom/Desktop/intro_ws/install/turtle_interfaces/include/turtle_interfaces/turtle_interfaces/action
[2.708s] -- Up-to-date: /home/yahboom/Desktop/intro_ws/install/turtle_interfaces/include/turtle_interfaces/turtle_interfaces/action/detail
[2.708s] -- Up-to-date: /home/yahboom/Desktop/intro_ws/install/turtle_interfaces/include/turtle_interfaces/turtle_interfaces/action/detail/make_square__builder.hpp
[2.708s] -- Up-to-date: /home/yahboom/Desktop/intro_ws/install/turtle_interfaces/include/turtle_interfaces/turtle_interfaces/action/detail/make_square__traits.hpp
[2.709s] -- Up-to-date: /home/yahboom/Desktop/intro_ws/install/turtle_interfaces/include/turtle_interfaces/turtle_interfaces/action/detail/make_square__struct.hpp
[2.710s] -- Up-to-date: /home/yahboom/Desktop/intro_ws/install/turtle_interfaces/include/turtle_interfaces/turtle_interfaces/action/make_square.hpp
[2.712s] -- Up-to-date: /home/yahboom/Desktop/intro_ws/install/turtle_interfaces/include/turtle_interfaces/turtle_interfaces/srv
[2.712s] -- Up-to-date: /home/yahboom/Desktop/intro_ws/install/turtle_interfaces/include/turtle_interfaces/turtle_interfaces/srv/detail
[2.712s] -- Up-to-date: /home/yahboom/Desktop/intro_ws/install/turtle_interfaces/include/turtle_interfaces/turtle_interfaces/srv/detail/set_colors__builder.hpp
[2.713s] -- Up-to-date: /home/yahboom/Desktop/intro_ws/install/turtle_interfaces/include/turtle_interfaces/turtle_interfaces/srv/detail/set_colors__traits.hpp
[2.713s] -- Up-to-date: /home/yahboom/Desktop/intro_ws/install/turtle_interfaces/include/turtle_interfaces/turtle_interfaces/srv/detail/set_colors__struct.hpp
[2.713s] -- Up-to-date: /home/yahboom/Desktop/intro_ws/install/turtle_interfaces/include/turtle_interfaces/turtle_interfaces/srv/set_colors.hpp
[2.713s] -- Up-to-date: /home/yahboom/Desktop/intro_ws/install/turtle_interfaces/include/turtle_interfaces/turtle_interfaces/msg
[2.713s] -- Up-to-date: /home/yahboom/Desktop/intro_ws/install/turtle_interfaces/include/turtle_interfaces/turtle_interfaces/msg/detail
[2.714s] -- Up-to-date: /home/yahboom/Desktop/intro_ws/install/turtle_interfaces/include/turtle_interfaces/turtle_interfaces/msg/detail/turtle_pose__builder.hpp
[2.714s] -- Up-to-date: /home/yahboom/Desktop/intro_ws/install/turtle_interfaces/include/turtle_interfaces/turtle_interfaces/msg/detail/turtle_pose__traits.hpp
[2.714s] -- Up-to-date: /home/yahboom/Desktop/intro_ws/install/turtle_interfaces/include/turtle_interfaces/turtle_interfaces/msg/detail/turtle_pose__struct.hpp
[2.714s] -- Up-to-date: /home/yahboom/Desktop/intro_ws/install/turtle_interfaces/include/turtle_interfaces/turtle_interfaces/msg/turtle_pose.hpp
[2.715s] -- Up-to-date: /home/yahboom/Desktop/intro_ws/install/turtle_interfaces/include/turtle_interfaces/turtle_interfaces
[2.716s] -- Up-to-date: /home/yahboom/Desktop/intro_ws/install/turtle_interfaces/include/turtle_interfaces/turtle_interfaces/action
[2.716s] -- Up-to-date: /home/yahboom/Desktop/intro_ws/install/turtle_interfaces/include/turtle_interfaces/turtle_interfaces/action/detail
[2.717s] -- Up-to-date: /home/yahboom/Desktop/intro_ws/install/turtle_interfaces/include/turtle_interfaces/turtle_interfaces/action/detail/make_square__rosidl_typesupport_fastrtps_cpp.hpp
[2.718s] -- Up-to-date: /home/yahboom/Desktop/intro_ws/install/turtle_interfaces/include/turtle_interfaces/turtle_interfaces/action/detail/dds_fastrtps
[2.718s] -- Up-to-date: /home/yahboom/Desktop/intro_ws/install/turtle_interfaces/include/turtle_interfaces/turtle_interfaces/srv
[2.718s] -- Up-to-date: /home/yahboom/Desktop/intro_ws/install/turtle_interfaces/include/turtle_interfaces/turtle_interfaces/srv/detail
[2.718s] -- Up-to-date: /home/yahboom/Desktop/intro_ws/install/turtle_interfaces/include/turtle_interfaces/turtle_interfaces/srv/detail/set_colors__rosidl_typesupport_fastrtps_cpp.hpp
[2.719s] -- Up-to-date: /home/yahboom/Desktop/intro_ws/install/turtle_interfaces/include/turtle_interfaces/turtle_interfaces/srv/detail/dds_fastrtps
[2.719s] -- Up-to-date: /home/yahboom/Desktop/intro_ws/install/turtle_interfaces/include/turtle_interfaces/turtle_interfaces/msg
[2.719s] -- Up-to-date: /home/yahboom/Desktop/intro_ws/install/turtle_interfaces/include/turtle_interfaces/turtle_interfaces/msg/detail
[2.720s] -- Up-to-date: /home/yahboom/Desktop/intro_ws/install/turtle_interfaces/include/turtle_interfaces/turtle_interfaces/msg/detail/dds_fastrtps
[2.720s] -- Up-to-date: /home/yahboom/Desktop/intro_ws/install/turtle_interfaces/include/turtle_interfaces/turtle_interfaces/msg/detail/turtle_pose__rosidl_typesupport_fastrtps_cpp.hpp
[2.721s] -- Up-to-date: /home/yahboom/Desktop/intro_ws/install/turtle_interfaces/include/turtle_interfaces/turtle_interfaces/msg/rosidl_typesupport_fastrtps_cpp__visibility_control.h
[2.721s] -- Up-to-date: /home/yahboom/Desktop/intro_ws/install/turtle_interfaces/lib/libturtle_interfaces__rosidl_typesupport_fastrtps_cpp.so
[2.722s] -- Up-to-date: /home/yahboom/Desktop/intro_ws/install/turtle_interfaces/include/turtle_interfaces/turtle_interfaces
[2.722s] -- Up-to-date: /home/yahboom/Desktop/intro_ws/install/turtle_interfaces/include/turtle_interfaces/turtle_interfaces/action
[2.722s] -- Up-to-date: /home/yahboom/Desktop/intro_ws/install/turtle_interfaces/include/turtle_interfaces/turtle_interfaces/action/detail
[2.723s] -- Up-to-date: /home/yahboom/Desktop/intro_ws/install/turtle_interfaces/include/turtle_interfaces/turtle_interfaces/action/detail/make_square__rosidl_typesupport_introspection_cpp.hpp
[2.723s] -- Up-to-date: /home/yahboom/Desktop/intro_ws/install/turtle_interfaces/include/turtle_interfaces/turtle_interfaces/action/detail/make_square__type_support.cpp
[2.724s] -- Up-to-date: /home/yahboom/Desktop/intro_ws/install/turtle_interfaces/include/turtle_interfaces/turtle_interfaces/srv
[2.724s] -- Up-to-date: /home/yahboom/Desktop/intro_ws/install/turtle_interfaces/include/turtle_interfaces/turtle_interfaces/srv/detail
[2.724s] -- Up-to-date: /home/yahboom/Desktop/intro_ws/install/turtle_interfaces/include/turtle_interfaces/turtle_interfaces/srv/detail/set_colors__type_support.cpp
[2.724s] -- Up-to-date: /home/yahboom/Desktop/intro_ws/install/turtle_interfaces/include/turtle_interfaces/turtle_interfaces/srv/detail/set_colors__rosidl_typesupport_introspection_cpp.hpp
[2.724s] -- Up-to-date: /home/yahboom/Desktop/intro_ws/install/turtle_interfaces/include/turtle_interfaces/turtle_interfaces/msg
[2.724s] -- Up-to-date: /home/yahboom/Desktop/intro_ws/install/turtle_interfaces/include/turtle_interfaces/turtle_interfaces/msg/detail
[2.724s] -- Up-to-date: /home/yahboom/Desktop/intro_ws/install/turtle_interfaces/include/turtle_interfaces/turtle_interfaces/msg/detail/turtle_pose__rosidl_typesupport_introspection_cpp.hpp
[2.725s] -- Up-to-date: /home/yahboom/Desktop/intro_ws/install/turtle_interfaces/include/turtle_interfaces/turtle_interfaces/msg/detail/turtle_pose__type_support.cpp
[2.725s] -- Up-to-date: /home/yahboom/Desktop/intro_ws/install/turtle_interfaces/lib/libturtle_interfaces__rosidl_typesupport_introspection_cpp.so
[2.726s] -- Up-to-date: /home/yahboom/Desktop/intro_ws/install/turtle_interfaces/lib/libturtle_interfaces__rosidl_typesupport_cpp.so
[2.726s] -- Up-to-date: /home/yahboom/Desktop/intro_ws/install/turtle_interfaces/share/turtle_interfaces/environment/pythonpath.sh
[2.726s] -- Up-to-date: /home/yahboom/Desktop/intro_ws/install/turtle_interfaces/share/turtle_interfaces/environment/pythonpath.dsv
[2.726s] -- Up-to-date: /home/yahboom/Desktop/intro_ws/install/turtle_interfaces/local/lib/python3.10/dist-packages/turtle_interfaces-0.0.0-py3.10.egg-info
[2.726s] -- Installing: /home/yahboom/Desktop/intro_ws/install/turtle_interfaces/local/lib/python3.10/dist-packages/turtle_interfaces-0.0.0-py3.10.egg-info/top_level.txt
[2.726s] -- Installing: /home/yahboom/Desktop/intro_ws/install/turtle_interfaces/local/lib/python3.10/dist-packages/turtle_interfaces-0.0.0-py3.10.egg-info/PKG-INFO
[2.726s] -- Installing: /home/yahboom/Desktop/intro_ws/install/turtle_interfaces/local/lib/python3.10/dist-packages/turtle_interfaces-0.0.0-py3.10.egg-info/dependency_links.txt
[2.726s] -- Installing: /home/yahboom/Desktop/intro_ws/install/turtle_interfaces/local/lib/python3.10/dist-packages/turtle_interfaces-0.0.0-py3.10.egg-info/SOURCES.txt
[2.726s] -- Up-to-date: /home/yahboom/Desktop/intro_ws/install/turtle_interfaces/local/lib/python3.10/dist-packages/turtle_interfaces
[2.726s] -- Up-to-date: /home/yahboom/Desktop/intro_ws/install/turtle_interfaces/local/lib/python3.10/dist-packages/turtle_interfaces/libturtle_interfaces__rosidl_generator_py.so
[2.727s] -- Up-to-date: /home/yahboom/Desktop/intro_ws/install/turtle_interfaces/local/lib/python3.10/dist-packages/turtle_interfaces/action
[2.727s] -- Up-to-date: /home/yahboom/Desktop/intro_ws/install/turtle_interfaces/local/lib/python3.10/dist-packages/turtle_interfaces/action/_make_square.py
[2.727s] -- Up-to-date: /home/yahboom/Desktop/intro_ws/install/turtle_interfaces/local/lib/python3.10/dist-packages/turtle_interfaces/action/__init__.py
[2.727s] -- Up-to-date: /home/yahboom/Desktop/intro_ws/install/turtle_interfaces/local/lib/python3.10/dist-packages/turtle_interfaces/action/_make_square_s.c
[2.727s] -- Up-to-date: /home/yahboom/Desktop/intro_ws/install/turtle_interfaces/local/lib/python3.10/dist-packages/turtle_interfaces/_turtle_interfaces_s.ep.rosidl_typesupport_c.c
[2.727s] -- Up-to-date: /home/yahboom/Desktop/intro_ws/install/turtle_interfaces/local/lib/python3.10/dist-packages/turtle_interfaces/srv
[2.728s] -- Up-to-date: /home/yahboom/Desktop/intro_ws/install/turtle_interfaces/local/lib/python3.10/dist-packages/turtle_interfaces/srv/__init__.py
[2.728s] -- Up-to-date: /home/yahboom/Desktop/intro_ws/install/turtle_interfaces/local/lib/python3.10/dist-packages/turtle_interfaces/srv/_set_colors.py
[2.728s] -- Up-to-date: /home/yahboom/Desktop/intro_ws/install/turtle_interfaces/local/lib/python3.10/dist-packages/turtle_interfaces/srv/_set_colors_s.c
[2.728s] -- Up-to-date: /home/yahboom/Desktop/intro_ws/install/turtle_interfaces/local/lib/python3.10/dist-packages/turtle_interfaces/turtle_interfaces_s__rosidl_typesupport_introspection_c.cpython-310-x86_64-linux-gnu.so
[2.728s] -- Up-to-date: /home/yahboom/Desktop/intro_ws/install/turtle_interfaces/local/lib/python3.10/dist-packages/turtle_interfaces/__init__.py
[2.728s] -- Up-to-date: /home/yahboom/Desktop/intro_ws/install/turtle_interfaces/local/lib/python3.10/dist-packages/turtle_interfaces/turtle_interfaces_s__rosidl_typesupport_fastrtps_c.cpython-310-x86_64-linux-gnu.so
[2.728s] -- Up-to-date: /home/yahboom/Desktop/intro_ws/install/turtle_interfaces/local/lib/python3.10/dist-packages/turtle_interfaces/_turtle_interfaces_s.ep.rosidl_typesupport_introspection_c.c
[2.728s] -- Up-to-date: /home/yahboom/Desktop/intro_ws/install/turtle_interfaces/local/lib/python3.10/dist-packages/turtle_interfaces/msg
[2.728s] -- Up-to-date: /home/yahboom/Desktop/intro_ws/install/turtle_interfaces/local/lib/python3.10/dist-packages/turtle_interfaces/msg/_turtle_pose.py
[2.728s] -- Up-to-date: /home/yahboom/Desktop/intro_ws/install/turtle_interfaces/local/lib/python3.10/dist-packages/turtle_interfaces/msg/__init__.py
[2.729s] -- Up-to-date: /home/yahboom/Desktop/intro_ws/install/turtle_interfaces/local/lib/python3.10/dist-packages/turtle_interfaces/msg/_turtle_pose_s.c
[2.729s] -- Up-to-date: /home/yahboom/Desktop/intro_ws/install/turtle_interfaces/local/lib/python3.10/dist-packages/turtle_interfaces/turtle_interfaces_s__rosidl_typesupport_c.cpython-310-x86_64-linux-gnu.so
[2.729s] -- Up-to-date: /home/yahboom/Desktop/intro_ws/install/turtle_interfaces/local/lib/python3.10/dist-packages/turtle_interfaces/_turtle_interfaces_s.ep.rosidl_typesupport_fastrtps_c.c
[2.834s] Listing '/home/yahboom/Desktop/intro_ws/install/turtle_interfaces/local/lib/python3.10/dist-packages/turtle_interfaces'...
[2.834s] Listing '/home/yahboom/Desktop/intro_ws/install/turtle_interfaces/local/lib/python3.10/dist-packages/turtle_interfaces/action'...
[2.835s] Listing '/home/yahboom/Desktop/intro_ws/install/turtle_interfaces/local/lib/python3.10/dist-packages/turtle_interfaces/msg'...
[2.835s] Listing '/home/yahboom/Desktop/intro_ws/install/turtle_interfaces/local/lib/python3.10/dist-packages/turtle_interfaces/srv'...
[2.845s] -- Up-to-date: /home/yahboom/Desktop/intro_ws/install/turtle_interfaces/local/lib/python3.10/dist-packages/turtle_interfaces/turtle_interfaces_s__rosidl_typesupport_fastrtps_c.cpython-310-x86_64-linux-gnu.so
[2.847s] -- Up-to-date: /home/yahboom/Desktop/intro_ws/install/turtle_interfaces/local/lib/python3.10/dist-packages/turtle_interfaces/turtle_interfaces_s__rosidl_typesupport_introspection_c.cpython-310-x86_64-linux-gnu.so
[2.848s] -- Up-to-date: /home/yahboom/Desktop/intro_ws/install/turtle_interfaces/local/lib/python3.10/dist-packages/turtle_interfaces/turtle_interfaces_s__rosidl_typesupport_c.cpython-310-x86_64-linux-gnu.so
[2.849s] -- Up-to-date: /home/yahboom/Desktop/intro_ws/install/turtle_interfaces/lib/libturtle_interfaces__rosidl_generator_py.so
[2.851s] -- Up-to-date: /home/yahboom/Desktop/intro_ws/install/turtle_interfaces/share/turtle_interfaces/msg/TurtlePose.idl
[2.851s] -- Up-to-date: /home/yahboom/Desktop/intro_ws/install/turtle_interfaces/share/turtle_interfaces/srv/SetColors.idl
[2.851s] -- Up-to-date: /home/yahboom/Desktop/intro_ws/install/turtle_interfaces/share/turtle_interfaces/action/MakeSquare.idl
[2.851s] -- Up-to-date: /home/yahboom/Desktop/intro_ws/install/turtle_interfaces/share/turtle_interfaces/msg/TurtlePose.msg
[2.851s] -- Up-to-date: /home/yahboom/Desktop/intro_ws/install/turtle_interfaces/share/turtle_interfaces/srv/SetColors.srv
[2.851s] -- Up-to-date: /home/yahboom/Desktop/intro_ws/install/turtle_interfaces/share/turtle_interfaces/srv/SetColors_Request.msg
[2.851s] -- Up-to-date: /home/yahboom/Desktop/intro_ws/install/turtle_interfaces/share/turtle_interfaces/srv/SetColors_Response.msg
[2.851s] -- Up-to-date: /home/yahboom/Desktop/intro_ws/install/turtle_interfaces/share/turtle_interfaces/action/MakeSquare.action
[2.852s] -- Up-to-date: /home/yahboom/Desktop/intro_ws/install/turtle_interfaces/share/ament_index/resource_index/package_run_dependencies/turtle_interfaces
[2.853s] -- Up-to-date: /home/yahboom/Desktop/intro_ws/install/turtle_interfaces/share/ament_index/resource_index/parent_prefix_path/turtle_interfaces
[2.853s] -- Up-to-date: /home/yahboom/Desktop/intro_ws/install/turtle_interfaces/share/turtle_interfaces/environment/ament_prefix_path.sh
[2.853s] -- Up-to-date: /home/yahboom/Desktop/intro_ws/install/turtle_interfaces/share/turtle_interfaces/environment/ament_prefix_path.dsv
[2.853s] -- Up-to-date: /home/yahboom/Desktop/intro_ws/install/turtle_interfaces/share/turtle_interfaces/environment/path.sh
[2.853s] -- Up-to-date: /home/yahboom/Desktop/intro_ws/install/turtle_interfaces/share/turtle_interfaces/environment/path.dsv
[2.853s] -- Up-to-date: /home/yahboom/Desktop/intro_ws/install/turtle_interfaces/share/turtle_interfaces/local_setup.bash
[2.853s] -- Up-to-date: /home/yahboom/Desktop/intro_ws/install/turtle_interfaces/share/turtle_interfaces/local_setup.sh
[2.854s] -- Up-to-date: /home/yahboom/Desktop/intro_ws/install/turtle_interfaces/share/turtle_interfaces/local_setup.zsh
[2.854s] -- Up-to-date: /home/yahboom/Desktop/intro_ws/install/turtle_interfaces/share/turtle_interfaces/local_setup.dsv
[2.854s] -- Installing: /home/yahboom/Desktop/intro_ws/install/turtle_interfaces/share/turtle_interfaces/package.dsv
[2.854s] -- Up-to-date: /home/yahboom/Desktop/intro_ws/install/turtle_interfaces/share/ament_index/resource_index/packages/turtle_interfaces
[2.855s] -- Up-to-date: /home/yahboom/Desktop/intro_ws/install/turtle_interfaces/share/turtle_interfaces/cmake/export_turtle_interfaces__rosidl_generator_cExport.cmake
[2.855s] -- Up-to-date: /home/yahboom/Desktop/intro_ws/install/turtle_interfaces/share/turtle_interfaces/cmake/export_turtle_interfaces__rosidl_generator_cExport-noconfig.cmake
[2.855s] -- Up-to-date: /home/yahboom/Desktop/intro_ws/install/turtle_interfaces/share/turtle_interfaces/cmake/export_turtle_interfaces__rosidl_typesupport_fastrtps_cExport.cmake
[2.855s] -- Up-to-date: /home/yahboom/Desktop/intro_ws/install/turtle_interfaces/share/turtle_interfaces/cmake/export_turtle_interfaces__rosidl_typesupport_fastrtps_cExport-noconfig.cmake
[2.855s] -- Up-to-date: /home/yahboom/Desktop/intro_ws/install/turtle_interfaces/share/turtle_interfaces/cmake/turtle_interfaces__rosidl_typesupport_introspection_cExport.cmake
[2.855s] -- Up-to-date: /home/yahboom/Desktop/intro_ws/install/turtle_interfaces/share/turtle_interfaces/cmake/turtle_interfaces__rosidl_typesupport_introspection_cExport-noconfig.cmake
[2.855s] -- Up-to-date: /home/yahboom/Desktop/intro_ws/install/turtle_interfaces/share/turtle_interfaces/cmake/turtle_interfaces__rosidl_typesupport_cExport.cmake
[2.855s] -- Up-to-date: /home/yahboom/Desktop/intro_ws/install/turtle_interfaces/share/turtle_interfaces/cmake/turtle_interfaces__rosidl_typesupport_cExport-noconfig.cmake
[2.856s] -- Up-to-date: /home/yahboom/Desktop/intro_ws/install/turtle_interfaces/share/turtle_interfaces/cmake/export_turtle_interfaces__rosidl_generator_cppExport.cmake
[2.856s] -- Up-to-date: /home/yahboom/Desktop/intro_ws/install/turtle_interfaces/share/turtle_interfaces/cmake/export_turtle_interfaces__rosidl_typesupport_fastrtps_cppExport.cmake
[2.856s] -- Up-to-date: /home/yahboom/Desktop/intro_ws/install/turtle_interfaces/share/turtle_interfaces/cmake/export_turtle_interfaces__rosidl_typesupport_fastrtps_cppExport-noconfig.cmake
[2.856s] -- Up-to-date: /home/yahboom/Desktop/intro_ws/install/turtle_interfaces/share/turtle_interfaces/cmake/turtle_interfaces__rosidl_typesupport_introspection_cppExport.cmake
[2.856s] -- Up-to-date: /home/yahboom/Desktop/intro_ws/install/turtle_interfaces/share/turtle_interfaces/cmake/turtle_interfaces__rosidl_typesupport_introspection_cppExport-noconfig.cmake
[2.856s] -- Up-to-date: /home/yahboom/Desktop/intro_ws/install/turtle_interfaces/share/turtle_interfaces/cmake/turtle_interfaces__rosidl_typesupport_cppExport.cmake
[2.856s] -- Up-to-date: /home/yahboom/Desktop/intro_ws/install/turtle_interfaces/share/turtle_interfaces/cmake/turtle_interfaces__rosidl_typesupport_cppExport-noconfig.cmake
[2.857s] -- Up-to-date: /home/yahboom/Desktop/intro_ws/install/turtle_interfaces/share/turtle_interfaces/cmake/export_turtle_interfaces__rosidl_generator_pyExport.cmake
[2.857s] -- Up-to-date: /home/yahboom/Desktop/intro_ws/install/turtle_interfaces/share/turtle_interfaces/cmake/export_turtle_interfaces__rosidl_generator_pyExport-noconfig.cmake
[2.858s] -- Up-to-date: /home/yahboom/Desktop/intro_ws/install/turtle_interfaces/share/turtle_interfaces/cmake/rosidl_cmake-extras.cmake
[2.859s] -- Up-to-date: /home/yahboom/Desktop/intro_ws/install/turtle_interfaces/share/turtle_interfaces/cmake/ament_cmake_export_dependencies-extras.cmake
[2.859s] -- Up-to-date: /home/yahboom/Desktop/intro_ws/install/turtle_interfaces/share/turtle_interfaces/cmake/ament_cmake_export_include_directories-extras.cmake
[2.860s] -- Up-to-date: /home/yahboom/Desktop/intro_ws/install/turtle_interfaces/share/turtle_interfaces/cmake/ament_cmake_export_libraries-extras.cmake
[2.860s] -- Up-to-date: /home/yahboom/Desktop/intro_ws/install/turtle_interfaces/share/turtle_interfaces/cmake/ament_cmake_export_targets-extras.cmake
[2.860s] -- Up-to-date: /home/yahboom/Desktop/intro_ws/install/turtle_interfaces/share/turtle_interfaces/cmake/rosidl_cmake_export_typesupport_targets-extras.cmake
[2.860s] -- Up-to-date: /home/yahboom/Desktop/intro_ws/install/turtle_interfaces/share/turtle_interfaces/cmake/rosidl_cmake_export_typesupport_libraries-extras.cmake
[2.860s] -- Up-to-date: /home/yahboom/Desktop/intro_ws/install/turtle_interfaces/share/turtle_interfaces/cmake/turtle_interfacesConfig.cmake
[2.860s] -- Up-to-date: /home/yahboom/Desktop/intro_ws/install/turtle_interfaces/share/turtle_interfaces/cmake/turtle_interfacesConfig-version.cmake
[2.860s] -- Up-to-date: /home/yahboom/Desktop/intro_ws/install/turtle_interfaces/share/turtle_interfaces/package.xml
[2.866s] Invoked command in '/home/yahboom/Desktop/intro_ws/build/turtle_interfaces' returned '0': CMAKE_PREFIX_PATH=${CMAKE_PREFIX_PATH}:/home/yahboom/Desktop/intro_ws/install/python_parameters:/home/yahboom/Desktop/intro_ws/install/turtle_test:/home/yahboom/cartoros2/install/yahboomcar_nav:/home/yahboom/cartoros2/install/yahboomcar_ctrl:/home/yahboom/cartoros2/install/yahboom_visual:/home/yahboom/cartoros2/install/yahboom_dog_joint_state:/home/yahboom/cartoros2/install/yahboom_description:/home/yahboom/cartoros2/install/yahboom_color_identify_server:/home/yahboom/cartoros2/install/yahboom_bringup:/home/yahboom/cartoros2/install/yahboom_base:/home/yahboom/cartoros2/install/yahboom_app_save_map:/home/yahboom/cartoros2/install/update_map:/home/yahboom/cartoros2/install/rosboard:/home/yahboom/cartoros2/install/path_planner_server:/home/yahboom/cartoros2/install/nav2_simple_commander:/home/yahboom/cartoros2/install/nav2_gazebo_spawner:/home/yahboom/cartoros2/install/localization_server:/home/yahboom/cartoros2/install/laserscan_to_point_pulisher:/home/yahboom/yahboomcar_ws/install/yahboom_dog_example:/opt/ros/humble /usr/bin/cmake --install /home/yahboom/Desktop/intro_ws/build/turtle_interfaces
