[2.982s] Invoking command in '/home/yahboom/S26_RobotProgramming_Eloquent_Elusor/Lab7/so/roscours_sim_ws/src/webcam': PYTHONPATH=/home/yahboom/S26_RobotProgramming_Eloquent_Elusor/Lab7/so/roscours_sim_ws/build/webcam/prefix_override:/home/yahboom/S26_RobotProgramming_Eloquent_Elusor/Lab7/so/roscours_sim_ws/install/webcam/lib/python3.10/site-packages:${PYTHONPATH} /usr/bin/python3 -W ignore:setup.py install is deprecated setup.py egg_info --egg-base ../../build/webcam build --build-base /home/yahboom/S26_RobotProgramming_Eloquent_Elusor/Lab7/so/roscours_sim_ws/build/webcam/build install --record /home/yahboom/S26_RobotProgramming_Eloquent_Elusor/Lab7/so/roscours_sim_ws/build/webcam/install.log --single-version-externally-managed install_data
[3.911s] running egg_info
[3.916s] writing ../../build/webcam/webcam.egg-info/PKG-INFO
[3.920s] writing dependency_links to ../../build/webcam/webcam.egg-info/dependency_links.txt
[3.920s] writing entry points to ../../build/webcam/webcam.egg-info/entry_points.txt
[3.920s] writing requirements to ../../build/webcam/webcam.egg-info/requires.txt
[3.920s] writing top-level names to ../../build/webcam/webcam.egg-info/top_level.txt
[3.922s] reading manifest file '../../build/webcam/webcam.egg-info/SOURCES.txt'
[3.925s] writing manifest file '../../build/webcam/webcam.egg-info/SOURCES.txt'
[3.926s] running build
[3.926s] running build_py
[3.927s] running install
[3.927s] running install_lib
[3.932s] running install_data
[3.932s] running install_egg_info
[3.937s] removing '/home/yahboom/S26_RobotProgramming_Eloquent_Elusor/Lab7/so/roscours_sim_ws/install/webcam/lib/python3.10/site-packages/webcam-0.0.0-py3.10.egg-info' (and everything under it)
[3.944s] Copying ../../build/webcam/webcam.egg-info to /home/yahboom/S26_RobotProgramming_Eloquent_Elusor/Lab7/so/roscours_sim_ws/install/webcam/lib/python3.10/site-packages/webcam-0.0.0-py3.10.egg-info
[3.955s] running install_scripts
[4.002s] Installing webcam_pub script to /home/yahboom/S26_RobotProgramming_Eloquent_Elusor/Lab7/so/roscours_sim_ws/install/webcam/lib/webcam
[4.002s] Installing webcam_sub script to /home/yahboom/S26_RobotProgramming_Eloquent_Elusor/Lab7/so/roscours_sim_ws/install/webcam/lib/webcam
[4.009s] writing list of installed files to '/home/yahboom/S26_RobotProgramming_Eloquent_Elusor/Lab7/so/roscours_sim_ws/build/webcam/install.log'
[4.059s] Invoked command in '/home/yahboom/S26_RobotProgramming_Eloquent_Elusor/Lab7/so/roscours_sim_ws/src/webcam' returned '0': PYTHONPATH=/home/yahboom/S26_RobotProgramming_Eloquent_Elusor/Lab7/so/roscours_sim_ws/build/webcam/prefix_override:/home/yahboom/S26_RobotProgramming_Eloquent_Elusor/Lab7/so/roscours_sim_ws/install/webcam/lib/python3.10/site-packages:${PYTHONPATH} /usr/bin/python3 -W ignore:setup.py install is deprecated setup.py egg_info --egg-base ../../build/webcam build --build-base /home/yahboom/S26_RobotProgramming_Eloquent_Elusor/Lab7/so/roscours_sim_ws/build/webcam/build install --record /home/yahboom/S26_RobotProgramming_Eloquent_Elusor/Lab7/so/roscours_sim_ws/build/webcam/install.log --single-version-externally-managed install_data
