running develop
/usr/lib/python3/dist-packages/setuptools/command/easy_install.py:158: EasyInstallDeprecationWarning: easy_install command is deprecated. Use build and pip and other standards-based tools.
  warnings.warn(
Removing /home/yahboom/Desktop/team_repo/Lab3/wallaa2/roscourse_ws/install/webcam/lib/python3.10/site-packages/webcam.egg-link (link to .)
running egg_info
writing ../../build/webcam/webcam.egg-info/PKG-INFO
writing dependency_links to ../../build/webcam/webcam.egg-info/dependency_links.txt
writing entry points to ../../build/webcam/webcam.egg-info/entry_points.txt
writing requirements to ../../build/webcam/webcam.egg-info/requires.txt
writing top-level names to ../../build/webcam/webcam.egg-info/top_level.txt
reading manifest file '../../build/webcam/webcam.egg-info/SOURCES.txt'
writing manifest file '../../build/webcam/webcam.egg-info/SOURCES.txt'
running build
running build_py
creating /home/yahboom/Desktop/team_repo/Lab3/wallaa2/roscourse_ws/build/webcam/build
creating /home/yahboom/Desktop/team_repo/Lab3/wallaa2/roscourse_ws/build/webcam/build/lib
creating /home/yahboom/Desktop/team_repo/Lab3/wallaa2/roscourse_ws/build/webcam/build/lib/webcam
copying webcam/cam_sub.py -> /home/yahboom/Desktop/team_repo/Lab3/wallaa2/roscourse_ws/build/webcam/build/lib/webcam
copying webcam/__init__.py -> /home/yahboom/Desktop/team_repo/Lab3/wallaa2/roscourse_ws/build/webcam/build/lib/webcam
copying webcam/cam_pub.py -> /home/yahboom/Desktop/team_repo/Lab3/wallaa2/roscourse_ws/build/webcam/build/lib/webcam
running install
running install_lib
creating /home/yahboom/Desktop/team_repo/Lab3/wallaa2/roscourse_ws/install/webcam/lib/python3.10/site-packages/webcam
copying /home/yahboom/Desktop/team_repo/Lab3/wallaa2/roscourse_ws/build/webcam/build/lib/webcam/cam_sub.py -> /home/yahboom/Desktop/team_repo/Lab3/wallaa2/roscourse_ws/install/webcam/lib/python3.10/site-packages/webcam
copying /home/yahboom/Desktop/team_repo/Lab3/wallaa2/roscourse_ws/build/webcam/build/lib/webcam/__init__.py -> /home/yahboom/Desktop/team_repo/Lab3/wallaa2/roscourse_ws/install/webcam/lib/python3.10/site-packages/webcam
copying /home/yahboom/Desktop/team_repo/Lab3/wallaa2/roscourse_ws/build/webcam/build/lib/webcam/cam_pub.py -> /home/yahboom/Desktop/team_repo/Lab3/wallaa2/roscourse_ws/install/webcam/lib/python3.10/site-packages/webcam
byte-compiling /home/yahboom/Desktop/team_repo/Lab3/wallaa2/roscourse_ws/install/webcam/lib/python3.10/site-packages/webcam/cam_sub.py to cam_sub.cpython-310.pyc
byte-compiling /home/yahboom/Desktop/team_repo/Lab3/wallaa2/roscourse_ws/install/webcam/lib/python3.10/site-packages/webcam/__init__.py to __init__.cpython-310.pyc
byte-compiling /home/yahboom/Desktop/team_repo/Lab3/wallaa2/roscourse_ws/install/webcam/lib/python3.10/site-packages/webcam/cam_pub.py to cam_pub.cpython-310.pyc
running install_data
copying resource/webcam -> /home/yahboom/Desktop/team_repo/Lab3/wallaa2/roscourse_ws/install/webcam/share/ament_index/resource_index/packages
copying package.xml -> /home/yahboom/Desktop/team_repo/Lab3/wallaa2/roscourse_ws/install/webcam/share/webcam
running install_egg_info
Copying ../../build/webcam/webcam.egg-info to /home/yahboom/Desktop/team_repo/Lab3/wallaa2/roscourse_ws/install/webcam/lib/python3.10/site-packages/webcam-0.0.0-py3.10.egg-info
running install_scripts
Installing webcam_pub script to /home/yahboom/Desktop/team_repo/Lab3/wallaa2/roscourse_ws/install/webcam/lib/webcam
Installing webcam_sub script to /home/yahboom/Desktop/team_repo/Lab3/wallaa2/roscourse_ws/install/webcam/lib/webcam
writing list of installed files to '/home/yahboom/Desktop/team_repo/Lab3/wallaa2/roscourse_ws/build/webcam/install.log'
