[0.052s] Invoking command in '/home/yahboom/Desktop/intro_ws/build/turtle_interfaces': CMAKE_PREFIX_PATH=${CMAKE_PREFIX_PATH}:/home/yahboom/Desktop/intro_ws/install/turtle_test:/home/yahboom/Desktop/intro_ws/install/test_tf2_py:/home/yahboom/Desktop/intro_ws/install/python_parameters:/home/yahboom/cartoros2/install/yahboomcar_nav:/home/yahboom/cartoros2/install/yahboomcar_ctrl:/home/yahboom/cartoros2/install/yahboom_visual:/home/yahboom/cartoros2/install/yahboom_dog_joint_state:/home/yahboom/cartoros2/install/yahboom_description:/home/yahboom/cartoros2/install/yahboom_color_identify_server:/home/yahboom/cartoros2/install/yahboom_bringup:/home/yahboom/cartoros2/install/yahboom_base:/home/yahboom/cartoros2/install/yahboom_app_save_map:/home/yahboom/cartoros2/install/update_map:/home/yahboom/cartoros2/install/rosboard:/home/yahboom/cartoros2/install/path_planner_server:/home/yahboom/cartoros2/install/nav2_simple_commander:/home/yahboom/cartoros2/install/nav2_gazebo_spawner:/home/yahboom/cartoros2/install/localization_server:/home/yahboom/cartoros2/install/laserscan_to_point_pulisher:/home/yahboom/yahboomcar_ws/install/yahboom_dog_example:/opt/ros/humble /usr/bin/cmake --build /home/yahboom/Desktop/intro_ws/build/turtle_interfaces -- -j4 -l4
[0.407s] [  2%] Built target turtle_interfaces__cpp
[0.407s] [ 12%] Built target turtle_interfaces__rosidl_generator_c
[0.407s] [ 12%] Built target ament_cmake_python_copy_turtle_interfaces
[0.407s] [ 23%] Built target turtle_interfaces__rosidl_typesupport_cpp
[0.407s] [ 34%] Built target turtle_interfaces__rosidl_typesupport_introspection_cpp
[0.408s] [ 44%] Built target turtle_interfaces__rosidl_typesupport_fastrtps_cpp
[0.408s] [ 55%] Built target turtle_interfaces__rosidl_typesupport_fastrtps_c
[0.408s] [ 65%] Built target turtle_interfaces__rosidl_typesupport_introspection_c
[0.408s] [ 76%] Built target turtle_interfaces__rosidl_typesupport_c
[0.423s] [ 76%] Built target turtle_interfaces
[0.486s] [ 78%] Built target turtle_interfaces__py
[0.543s] [ 87%] Built target turtle_interfaces__rosidl_generator_py
[0.603s] running egg_info
[0.603s] writing turtle_interfaces.egg-info/PKG-INFO
[0.603s] writing dependency_links to turtle_interfaces.egg-info/dependency_links.txt
[0.603s] writing top-level names to turtle_interfaces.egg-info/top_level.txt
[0.605s] [ 91%] Built target turtle_interfaces__rosidl_typesupport_introspection_c__pyext
[0.605s] reading manifest file 'turtle_interfaces.egg-info/SOURCES.txt'
[0.606s] writing manifest file 'turtle_interfaces.egg-info/SOURCES.txt'
[0.612s] [ 95%] Built target turtle_interfaces__rosidl_typesupport_fastrtps_c__pyext
[0.649s] [100%] Built target turtle_interfaces__rosidl_typesupport_c__pyext
[0.668s] [100%] Built target ament_cmake_python_build_turtle_interfaces_egg
[0.741s] Invoked command in '/home/yahboom/Desktop/intro_ws/build/turtle_interfaces' returned '0': CMAKE_PREFIX_PATH=${CMAKE_PREFIX_PATH}:/home/yahboom/Desktop/intro_ws/install/turtle_test:/home/yahboom/Desktop/intro_ws/install/test_tf2_py:/home/yahboom/Desktop/intro_ws/install/python_parameters:/home/yahboom/cartoros2/install/yahboomcar_nav:/home/yahboom/cartoros2/install/yahboomcar_ctrl:/home/yahboom/cartoros2/install/yahboom_visual:/home/yahboom/cartoros2/install/yahboom_dog_joint_state:/home/yahboom/cartoros2/install/yahboom_description:/home/yahboom/cartoros2/install/yahboom_color_identify_server:/home/yahboom/cartoros2/install/yahboom_bringup:/home/yahboom/cartoros2/install/yahboom_base:/home/yahboom/cartoros2/install/yahboom_app_save_map:/home/yahboom/cartoros2/install/update_map:/home/yahboom/cartoros2/install/rosboard:/home/yahboom/cartoros2/install/path_planner_server:/home/yahboom/cartoros2/install/nav2_simple_commander:/home/yahboom/cartoros2/install/nav2_gazebo_spawner:/home/yahboom/cartoros2/install/localization_server:/home/yahboom/cartoros2/install/laserscan_to_point_pulisher:/home/yahboom/yahboomcar_ws/install/yahboom_dog_example:/opt/ros/humble /usr/bin/cmake --build /home/yahboom/Desktop/intro_ws/build/turtle_interfaces -- -j4 -l4
[1.213s] Invoking command in '/home/yahboom/Desktop/intro_ws/build/turtle_interfaces': CMAKE_PREFIX_PATH=${CMAKE_PREFIX_PATH}:/home/yahboom/Desktop/intro_ws/install/turtle_test:/home/yahboom/Desktop/intro_ws/install/test_tf2_py:/home/yahboom/Desktop/intro_ws/install/python_parameters:/home/yahboom/cartoros2/install/yahboomcar_nav:/home/yahboom/cartoros2/install/yahboomcar_ctrl:/home/yahboom/cartoros2/install/yahboom_visual:/home/yahboom/cartoros2/install/yahboom_dog_joint_state:/home/yahboom/cartoros2/install/yahboom_description:/home/yahboom/cartoros2/install/yahboom_color_identify_server:/home/yahboom/cartoros2/install/yahboom_bringup:/home/yahboom/cartoros2/install/yahboom_base:/home/yahboom/cartoros2/install/yahboom_app_save_map:/home/yahboom/cartoros2/install/update_map:/home/yahboom/cartoros2/install/rosboard:/home/yahboom/cartoros2/install/path_planner_server:/home/yahboom/cartoros2/install/nav2_simple_commander:/home/yahboom/cartoros2/install/nav2_gazebo_spawner:/home/yahboom/cartoros2/install/localization_server:/home/yahboom/cartoros2/install/laserscan_to_point_pulisher:/home/yahboom/yahboomcar_ws/install/yahboom_dog_example:/opt/ros/humble /usr/bin/cmake --install /home/yahboom/Desktop/intro_ws/build/turtle_interfaces
[1.234s] -- Install configuration: ""
[1.234s] -- Up-to-date: /home/yahboom/Desktop/intro_ws/install/turtle_interfaces/share/ament_index/resource_index/rosidl_interfaces/turtle_interfaces
[1.234s] -- Up-to-date: /home/yahboom/Desktop/intro_ws/install/turtle_interfaces/include/turtle_interfaces/turtle_interfaces
[1.234s] -- Up-to-date: /home/yahboom/Desktop/intro_ws/install/turtle_interfaces/include/turtle_interfaces/turtle_interfaces/action
[1.234s] -- Up-to-date: /home/yahboom/Desktop/intro_ws/install/turtle_interfaces/include/turtle_interfaces/turtle_interfaces/action/detail
[1.234s] -- Up-to-date: /home/yahboom/Desktop/intro_ws/install/turtle_interfaces/include/turtle_interfaces/turtle_interfaces/action/detail/make_square__struct.h
[1.234s] -- Up-to-date: /home/yahboom/Desktop/intro_ws/install/turtle_interfaces/include/turtle_interfaces/turtle_interfaces/action/detail/make_square__type_support.h
[1.234s] -- Up-to-date: /home/yahboom/Desktop/intro_ws/install/turtle_interfaces/include/turtle_interfaces/turtle_interfaces/action/detail/make_square__functions.c
[1.234s] -- Up-to-date: /home/yahboom/Desktop/intro_ws/install/turtle_interfaces/include/turtle_interfaces/turtle_interfaces/action/detail/make_square__functions.h
[1.234s] -- Up-to-date: /home/yahboom/Desktop/intro_ws/install/turtle_interfaces/include/turtle_interfaces/turtle_interfaces/action/make_square.h
[1.234s] -- Up-to-date: /home/yahboom/Desktop/intro_ws/install/turtle_interfaces/include/turtle_interfaces/turtle_interfaces/srv
[1.234s] -- Up-to-date: /home/yahboom/Desktop/intro_ws/install/turtle_interfaces/include/turtle_interfaces/turtle_interfaces/srv/set_colors.h
[1.241s] -- Up-to-date: /home/yahboom/Desktop/intro_ws/install/turtle_interfaces/include/turtle_interfaces/turtle_interfaces/srv/detail
[1.241s] -- Up-to-date: /home/yahboom/Desktop/intro_ws/install/turtle_interfaces/include/turtle_interfaces/turtle_interfaces/srv/detail/set_colors__struct.h
[1.241s] -- Up-to-date: /home/yahboom/Desktop/intro_ws/install/turtle_interfaces/include/turtle_interfaces/turtle_interfaces/srv/detail/set_colors__type_support.h
[1.241s] -- Up-to-date: /home/yahboom/Desktop/intro_ws/install/turtle_interfaces/include/turtle_interfaces/turtle_interfaces/srv/detail/set_colors__functions.c
[1.241s] -- Up-to-date: /home/yahboom/Desktop/intro_ws/install/turtle_interfaces/include/turtle_interfaces/turtle_interfaces/srv/detail/set_colors__functions.h
[1.241s] -- Up-to-date: /home/yahboom/Desktop/intro_ws/install/turtle_interfaces/include/turtle_interfaces/turtle_interfaces/msg
[1.241s] -- Up-to-date: /home/yahboom/Desktop/intro_ws/install/turtle_interfaces/include/turtle_interfaces/turtle_interfaces/msg/detail
[1.241s] -- Up-to-date: /home/yahboom/Desktop/intro_ws/install/turtle_interfaces/include/turtle_interfaces/turtle_interfaces/msg/detail/turtle_pose__functions.c
[1.241s] -- Up-to-date: /home/yahboom/Desktop/intro_ws/install/turtle_interfaces/include/turtle_interfaces/turtle_interfaces/msg/detail/turtle_pose__functions.h
[1.242s] -- Up-to-date: /home/yahboom/Desktop/intro_ws/install/turtle_interfaces/include/turtle_interfaces/turtle_interfaces/msg/detail/turtle_pose__struct.h
[1.242s] -- Up-to-date: /home/yahboom/Desktop/intro_ws/install/turtle_interfaces/include/turtle_interfaces/turtle_interfaces/msg/detail/turtle_pose__type_support.h
[1.242s] -- Up-to-date: /home/yahboom/Desktop/intro_ws/install/turtle_interfaces/include/turtle_interfaces/turtle_interfaces/msg/turtle_pose.h
[1.242s] -- Up-to-date: /home/yahboom/Desktop/intro_ws/install/turtle_interfaces/include/turtle_interfaces/turtle_interfaces/msg/rosidl_generator_c__visibility_control.h
[1.242s] -- Up-to-date: /home/yahboom/Desktop/intro_ws/install/turtle_interfaces/share/turtle_interfaces/environment/library_path.sh
[1.242s] -- Up-to-date: /home/yahboom/Desktop/intro_ws/install/turtle_interfaces/share/turtle_interfaces/environment/library_path.dsv
[1.242s] -- Up-to-date: /home/yahboom/Desktop/intro_ws/install/turtle_interfaces/lib/libturtle_interfaces__rosidl_generator_c.so
[1.242s] -- Up-to-date: /home/yahboom/Desktop/intro_ws/install/turtle_interfaces/include/turtle_interfaces/turtle_interfaces
[1.242s] -- Up-to-date: /home/yahboom/Desktop/intro_ws/install/turtle_interfaces/include/turtle_interfaces/turtle_interfaces/action
[1.242s] -- Up-to-date: /home/yahboom/Desktop/intro_ws/install/turtle_interfaces/include/turtle_interfaces/turtle_interfaces/action/detail
[1.242s] -- Up-to-date: /home/yahboom/Desktop/intro_ws/install/turtle_interfaces/include/turtle_interfaces/turtle_interfaces/action/detail/make_square__rosidl_typesupport_fastrtps_c.h
[1.242s] -- Up-to-date: /home/yahboom/Desktop/intro_ws/install/turtle_interfaces/include/turtle_interfaces/turtle_interfaces/srv
[1.242s] -- Up-to-date: /home/yahboom/Desktop/intro_ws/install/turtle_interfaces/include/turtle_interfaces/turtle_interfaces/srv/detail
[1.242s] -- Up-to-date: /home/yahboom/Desktop/intro_ws/install/turtle_interfaces/include/turtle_interfaces/turtle_interfaces/srv/detail/set_colors__rosidl_typesupport_fastrtps_c.h
[1.242s] -- Up-to-date: /home/yahboom/Desktop/intro_ws/install/turtle_interfaces/include/turtle_interfaces/turtle_interfaces/msg
[1.242s] -- Up-to-date: /home/yahboom/Desktop/intro_ws/install/turtle_interfaces/include/turtle_interfaces/turtle_interfaces/msg/detail
[1.242s] -- Up-to-date: /home/yahboom/Desktop/intro_ws/install/turtle_interfaces/include/turtle_interfaces/turtle_interfaces/msg/detail/turtle_pose__rosidl_typesupport_fastrtps_c.h
[1.242s] -- Up-to-date: /home/yahboom/Desktop/intro_ws/install/turtle_interfaces/include/turtle_interfaces/turtle_interfaces/msg/rosidl_typesupport_fastrtps_c__visibility_control.h
[1.242s] -- Up-to-date: /home/yahboom/Desktop/intro_ws/install/turtle_interfaces/lib/libturtle_interfaces__rosidl_typesupport_fastrtps_c.so
[1.242s] -- Up-to-date: /home/yahboom/Desktop/intro_ws/install/turtle_interfaces/include/turtle_interfaces/turtle_interfaces
[1.242s] -- Up-to-date: /home/yahboom/Desktop/intro_ws/install/turtle_interfaces/include/turtle_interfaces/turtle_interfaces/action
[1.243s] -- Up-to-date: /home/yahboom/Desktop/intro_ws/install/turtle_interfaces/include/turtle_interfaces/turtle_interfaces/action/detail
[1.243s] -- Up-to-date: /home/yahboom/Desktop/intro_ws/install/turtle_interfaces/include/turtle_interfaces/turtle_interfaces/action/detail/make_square__type_support.c
[1.243s] -- Up-to-date: /home/yahboom/Desktop/intro_ws/install/turtle_interfaces/include/turtle_interfaces/turtle_interfaces/action/detail/make_square__rosidl_typesupport_introspection_c.h
[1.243s] -- Up-to-date: /home/yahboom/Desktop/intro_ws/install/turtle_interfaces/include/turtle_interfaces/turtle_interfaces/srv
[1.243s] -- Up-to-date: /home/yahboom/Desktop/intro_ws/install/turtle_interfaces/include/turtle_interfaces/turtle_interfaces/srv/detail
[1.243s] -- Up-to-date: /home/yahboom/Desktop/intro_ws/install/turtle_interfaces/include/turtle_interfaces/turtle_interfaces/srv/detail/set_colors__type_support.c
[1.243s] -- Up-to-date: /home/yahboom/Desktop/intro_ws/install/turtle_interfaces/include/turtle_interfaces/turtle_interfaces/srv/detail/set_colors__rosidl_typesupport_introspection_c.h
[1.243s] -- Up-to-date: /home/yahboom/Desktop/intro_ws/install/turtle_interfaces/include/turtle_interfaces/turtle_interfaces/msg
[1.243s] -- Up-to-date: /home/yahboom/Desktop/intro_ws/install/turtle_interfaces/include/turtle_interfaces/turtle_interfaces/msg/detail
[1.243s] -- Up-to-date: /home/yahboom/Desktop/intro_ws/install/turtle_interfaces/include/turtle_interfaces/turtle_interfaces/msg/detail/turtle_pose__rosidl_typesupport_introspection_c.h
[1.243s] -- Up-to-date: /home/yahboom/Desktop/intro_ws/install/turtle_interfaces/include/turtle_interfaces/turtle_interfaces/msg/detail/turtle_pose__type_support.c
[1.243s] -- Up-to-date: /home/yahboom/Desktop/intro_ws/install/turtle_interfaces/include/turtle_interfaces/turtle_interfaces/msg/rosidl_typesupport_introspection_c__visibility_control.h
[1.243s] -- Up-to-date: /home/yahboom/Desktop/intro_ws/install/turtle_interfaces/lib/libturtle_interfaces__rosidl_typesupport_introspection_c.so
[1.243s] -- Up-to-date: /home/yahboom/Desktop/intro_ws/install/turtle_interfaces/lib/libturtle_interfaces__rosidl_typesupport_c.so
[1.243s] -- Up-to-date: /home/yahboom/Desktop/intro_ws/install/turtle_interfaces/include/turtle_interfaces/turtle_interfaces
[1.243s] -- Up-to-date: /home/yahboom/Desktop/intro_ws/install/turtle_interfaces/include/turtle_interfaces/turtle_interfaces/action
[1.243s] -- Up-to-date: /home/yahboom/Desktop/intro_ws/install/turtle_interfaces/include/turtle_interfaces/turtle_interfaces/action/detail
[1.243s] -- Up-to-date: /home/yahboom/Desktop/intro_ws/install/turtle_interfaces/include/turtle_interfaces/turtle_interfaces/action/detail/make_square__builder.hpp
[1.243s] -- Up-to-date: /home/yahboom/Desktop/intro_ws/install/turtle_interfaces/include/turtle_interfaces/turtle_interfaces/action/detail/make_square__traits.hpp
[1.243s] -- Up-to-date: /home/yahboom/Desktop/intro_ws/install/turtle_interfaces/include/turtle_interfaces/turtle_interfaces/action/detail/make_square__struct.hpp
[1.244s] -- Up-to-date: /home/yahboom/Desktop/intro_ws/install/turtle_interfaces/include/turtle_interfaces/turtle_interfaces/action/make_square.hpp
[1.244s] -- Up-to-date: /home/yahboom/Desktop/intro_ws/install/turtle_interfaces/include/turtle_interfaces/turtle_interfaces/srv
[1.244s] -- Up-to-date: /home/yahboom/Desktop/intro_ws/install/turtle_interfaces/include/turtle_interfaces/turtle_interfaces/srv/detail
[1.244s] -- Up-to-date: /home/yahboom/Desktop/intro_ws/install/turtle_interfaces/include/turtle_interfaces/turtle_interfaces/srv/detail/set_colors__builder.hpp
[1.245s] -- Up-to-date: /home/yahboom/Desktop/intro_ws/install/turtle_interfaces/include/turtle_interfaces/turtle_interfaces/srv/detail/set_colors__traits.hpp
[1.245s] -- Up-to-date: /home/yahboom/Desktop/intro_ws/install/turtle_interfaces/include/turtle_interfaces/turtle_interfaces/srv/detail/set_colors__struct.hpp
[1.245s] -- Up-to-date: /home/yahboom/Desktop/intro_ws/install/turtle_interfaces/include/turtle_interfaces/turtle_interfaces/srv/set_colors.hpp
[1.249s] -- Up-to-date: /home/yahboom/Desktop/intro_ws/install/turtle_interfaces/include/turtle_interfaces/turtle_interfaces/msg
[1.250s] -- Up-to-date: /home/yahboom/Desktop/intro_ws/install/turtle_interfaces/include/turtle_interfaces/turtle_interfaces/msg/detail
[1.250s] -- Up-to-date: /home/yahboom/Desktop/intro_ws/install/turtle_interfaces/include/turtle_interfaces/turtle_interfaces/msg/detail/turtle_pose__builder.hpp
[1.250s] -- Up-to-date: /home/yahboom/Desktop/intro_ws/install/turtle_interfaces/include/turtle_interfaces/turtle_interfaces/msg/detail/turtle_pose__traits.hpp
[1.250s] -- Up-to-date: /home/yahboom/Desktop/intro_ws/install/turtle_interfaces/include/turtle_interfaces/turtle_interfaces/msg/detail/turtle_pose__struct.hpp
[1.250s] -- Up-to-date: /home/yahboom/Desktop/intro_ws/install/turtle_interfaces/include/turtle_interfaces/turtle_interfaces/msg/turtle_pose.hpp
[1.250s] -- Up-to-date: /home/yahboom/Desktop/intro_ws/install/turtle_interfaces/include/turtle_interfaces/turtle_interfaces
[1.250s] -- Up-to-date: /home/yahboom/Desktop/intro_ws/install/turtle_interfaces/include/turtle_interfaces/turtle_interfaces/action
[1.250s] -- Up-to-date: /home/yahboom/Desktop/intro_ws/install/turtle_interfaces/include/turtle_interfaces/turtle_interfaces/action/detail
[1.250s] -- Up-to-date: /home/yahboom/Desktop/intro_ws/install/turtle_interfaces/include/turtle_interfaces/turtle_interfaces/action/detail/make_square__rosidl_typesupport_fastrtps_cpp.hpp
[1.250s] -- Up-to-date: /home/yahboom/Desktop/intro_ws/install/turtle_interfaces/include/turtle_interfaces/turtle_interfaces/action/detail/dds_fastrtps
[1.250s] -- Up-to-date: /home/yahboom/Desktop/intro_ws/install/turtle_interfaces/include/turtle_interfaces/turtle_interfaces/srv
[1.250s] -- Up-to-date: /home/yahboom/Desktop/intro_ws/install/turtle_interfaces/include/turtle_interfaces/turtle_interfaces/srv/detail
[1.250s] -- Up-to-date: /home/yahboom/Desktop/intro_ws/install/turtle_interfaces/include/turtle_interfaces/turtle_interfaces/srv/detail/set_colors__rosidl_typesupport_fastrtps_cpp.hpp
[1.250s] -- Up-to-date: /home/yahboom/Desktop/intro_ws/install/turtle_interfaces/include/turtle_interfaces/turtle_interfaces/srv/detail/dds_fastrtps
[1.250s] -- Up-to-date: /home/yahboom/Desktop/intro_ws/install/turtle_interfaces/include/turtle_interfaces/turtle_interfaces/msg
[1.250s] -- Up-to-date: /home/yahboom/Desktop/intro_ws/install/turtle_interfaces/include/turtle_interfaces/turtle_interfaces/msg/detail
[1.250s] -- Up-to-date: /home/yahboom/Desktop/intro_ws/install/turtle_interfaces/include/turtle_interfaces/turtle_interfaces/msg/detail/dds_fastrtps
[1.250s] -- Up-to-date: /home/yahboom/Desktop/intro_ws/install/turtle_interfaces/include/turtle_interfaces/turtle_interfaces/msg/detail/turtle_pose__rosidl_typesupport_fastrtps_cpp.hpp
[1.251s] -- Up-to-date: /home/yahboom/Desktop/intro_ws/install/turtle_interfaces/include/turtle_interfaces/turtle_interfaces/msg/rosidl_typesupport_fastrtps_cpp__visibility_control.h
[1.251s] -- Up-to-date: /home/yahboom/Desktop/intro_ws/install/turtle_interfaces/lib/libturtle_interfaces__rosidl_typesupport_fastrtps_cpp.so
[1.251s] -- Up-to-date: /home/yahboom/Desktop/intro_ws/install/turtle_interfaces/include/turtle_interfaces/turtle_interfaces
[1.251s] -- Up-to-date: /home/yahboom/Desktop/intro_ws/install/turtle_interfaces/include/turtle_interfaces/turtle_interfaces/action
[1.251s] -- Up-to-date: /home/yahboom/Desktop/intro_ws/install/turtle_interfaces/include/turtle_interfaces/turtle_interfaces/action/detail
[1.251s] -- Up-to-date: /home/yahboom/Desktop/intro_ws/install/turtle_interfaces/include/turtle_interfaces/turtle_interfaces/action/detail/make_square__rosidl_typesupport_introspection_cpp.hpp
[1.251s] -- Up-to-date: /home/yahboom/Desktop/intro_ws/install/turtle_interfaces/include/turtle_interfaces/turtle_interfaces/action/detail/make_square__type_support.cpp
[1.251s] -- Up-to-date: /home/yahboom/Desktop/intro_ws/install/turtle_interfaces/include/turtle_interfaces/turtle_interfaces/srv
[1.251s] -- Up-to-date: /home/yahboom/Desktop/intro_ws/install/turtle_interfaces/include/turtle_interfaces/turtle_interfaces/srv/detail
[1.251s] -- Up-to-date: /home/yahboom/Desktop/intro_ws/install/turtle_interfaces/include/turtle_interfaces/turtle_interfaces/srv/detail/set_colors__type_support.cpp
[1.251s] -- Up-to-date: /home/yahboom/Desktop/intro_ws/install/turtle_interfaces/include/turtle_interfaces/turtle_interfaces/srv/detail/set_colors__rosidl_typesupport_introspection_cpp.hpp
[1.251s] -- Up-to-date: /home/yahboom/Desktop/intro_ws/install/turtle_interfaces/include/turtle_interfaces/turtle_interfaces/msg
[1.251s] -- Up-to-date: /home/yahboom/Desktop/intro_ws/install/turtle_interfaces/include/turtle_interfaces/turtle_interfaces/msg/detail
[1.251s] -- Up-to-date: /home/yahboom/Desktop/intro_ws/install/turtle_interfaces/include/turtle_interfaces/turtle_interfaces/msg/detail/turtle_pose__rosidl_typesupport_introspection_cpp.hpp
[1.251s] -- Up-to-date: /home/yahboom/Desktop/intro_ws/install/turtle_interfaces/include/turtle_interfaces/turtle_interfaces/msg/detail/turtle_pose__type_support.cpp
[1.251s] -- Up-to-date: /home/yahboom/Desktop/intro_ws/install/turtle_interfaces/lib/libturtle_interfaces__rosidl_typesupport_introspection_cpp.so
[1.251s] -- Up-to-date: /home/yahboom/Desktop/intro_ws/install/turtle_interfaces/lib/libturtle_interfaces__rosidl_typesupport_cpp.so
[1.251s] -- Up-to-date: /home/yahboom/Desktop/intro_ws/install/turtle_interfaces/share/turtle_interfaces/environment/pythonpath.sh
[1.254s] -- Up-to-date: /home/yahboom/Desktop/intro_ws/install/turtle_interfaces/share/turtle_interfaces/environment/pythonpath.dsv
[1.254s] -- Up-to-date: /home/yahboom/Desktop/intro_ws/install/turtle_interfaces/local/lib/python3.10/dist-packages/turtle_interfaces-0.0.0-py3.10.egg-info
[1.254s] -- Installing: /home/yahboom/Desktop/intro_ws/install/turtle_interfaces/local/lib/python3.10/dist-packages/turtle_interfaces-0.0.0-py3.10.egg-info/top_level.txt
[1.254s] -- Installing: /home/yahboom/Desktop/intro_ws/install/turtle_interfaces/local/lib/python3.10/dist-packages/turtle_interfaces-0.0.0-py3.10.egg-info/PKG-INFO
[1.254s] -- Installing: /home/yahboom/Desktop/intro_ws/install/turtle_interfaces/local/lib/python3.10/dist-packages/turtle_interfaces-0.0.0-py3.10.egg-info/dependency_links.txt
[1.255s] -- Installing: /home/yahboom/Desktop/intro_ws/install/turtle_interfaces/local/lib/python3.10/dist-packages/turtle_interfaces-0.0.0-py3.10.egg-info/SOURCES.txt
[1.255s] -- Up-to-date: /home/yahboom/Desktop/intro_ws/install/turtle_interfaces/local/lib/python3.10/dist-packages/turtle_interfaces
[1.255s] -- Up-to-date: /home/yahboom/Desktop/intro_ws/install/turtle_interfaces/local/lib/python3.10/dist-packages/turtle_interfaces/libturtle_interfaces__rosidl_generator_py.so
[1.255s] -- Up-to-date: /home/yahboom/Desktop/intro_ws/install/turtle_interfaces/local/lib/python3.10/dist-packages/turtle_interfaces/action
[1.255s] -- Up-to-date: /home/yahboom/Desktop/intro_ws/install/turtle_interfaces/local/lib/python3.10/dist-packages/turtle_interfaces/action/_make_square.py
[1.255s] -- Up-to-date: /home/yahboom/Desktop/intro_ws/install/turtle_interfaces/local/lib/python3.10/dist-packages/turtle_interfaces/action/__init__.py
[1.255s] -- Up-to-date: /home/yahboom/Desktop/intro_ws/install/turtle_interfaces/local/lib/python3.10/dist-packages/turtle_interfaces/action/_make_square_s.c
[1.259s] -- Up-to-date: /home/yahboom/Desktop/intro_ws/install/turtle_interfaces/local/lib/python3.10/dist-packages/turtle_interfaces/_turtle_interfaces_s.ep.rosidl_typesupport_c.c
[1.259s] -- Up-to-date: /home/yahboom/Desktop/intro_ws/install/turtle_interfaces/local/lib/python3.10/dist-packages/turtle_interfaces/srv
[1.259s] -- Up-to-date: /home/yahboom/Desktop/intro_ws/install/turtle_interfaces/local/lib/python3.10/dist-packages/turtle_interfaces/srv/__init__.py
[1.259s] -- Up-to-date: /home/yahboom/Desktop/intro_ws/install/turtle_interfaces/local/lib/python3.10/dist-packages/turtle_interfaces/srv/_set_colors.py
[1.259s] -- Up-to-date: /home/yahboom/Desktop/intro_ws/install/turtle_interfaces/local/lib/python3.10/dist-packages/turtle_interfaces/srv/_set_colors_s.c
[1.259s] -- Up-to-date: /home/yahboom/Desktop/intro_ws/install/turtle_interfaces/local/lib/python3.10/dist-packages/turtle_interfaces/turtle_interfaces_s__rosidl_typesupport_introspection_c.cpython-310-x86_64-linux-gnu.so
[1.259s] -- Up-to-date: /home/yahboom/Desktop/intro_ws/install/turtle_interfaces/local/lib/python3.10/dist-packages/turtle_interfaces/__init__.py
[1.259s] -- Up-to-date: /home/yahboom/Desktop/intro_ws/install/turtle_interfaces/local/lib/python3.10/dist-packages/turtle_interfaces/turtle_interfaces_s__rosidl_typesupport_fastrtps_c.cpython-310-x86_64-linux-gnu.so
[1.259s] -- Up-to-date: /home/yahboom/Desktop/intro_ws/install/turtle_interfaces/local/lib/python3.10/dist-packages/turtle_interfaces/_turtle_interfaces_s.ep.rosidl_typesupport_introspection_c.c
[1.259s] -- Up-to-date: /home/yahboom/Desktop/intro_ws/install/turtle_interfaces/local/lib/python3.10/dist-packages/turtle_interfaces/msg
[1.259s] -- Up-to-date: /home/yahboom/Desktop/intro_ws/install/turtle_interfaces/local/lib/python3.10/dist-packages/turtle_interfaces/msg/_turtle_pose.py
[1.259s] -- Up-to-date: /home/yahboom/Desktop/intro_ws/install/turtle_interfaces/local/lib/python3.10/dist-packages/turtle_interfaces/msg/__init__.py
[1.259s] -- Up-to-date: /home/yahboom/Desktop/intro_ws/install/turtle_interfaces/local/lib/python3.10/dist-packages/turtle_interfaces/msg/_turtle_pose_s.c
[1.259s] -- Up-to-date: /home/yahboom/Desktop/intro_ws/install/turtle_interfaces/local/lib/python3.10/dist-packages/turtle_interfaces/turtle_interfaces_s__rosidl_typesupport_c.cpython-310-x86_64-linux-gnu.so
[1.259s] -- Up-to-date: /home/yahboom/Desktop/intro_ws/install/turtle_interfaces/local/lib/python3.10/dist-packages/turtle_interfaces/_turtle_interfaces_s.ep.rosidl_typesupport_fastrtps_c.c
[1.304s] Listing '/home/yahboom/Desktop/intro_ws/install/turtle_interfaces/local/lib/python3.10/dist-packages/turtle_interfaces'...
[1.304s] Listing '/home/yahboom/Desktop/intro_ws/install/turtle_interfaces/local/lib/python3.10/dist-packages/turtle_interfaces/action'...
[1.304s] Listing '/home/yahboom/Desktop/intro_ws/install/turtle_interfaces/local/lib/python3.10/dist-packages/turtle_interfaces/msg'...
[1.304s] Listing '/home/yahboom/Desktop/intro_ws/install/turtle_interfaces/local/lib/python3.10/dist-packages/turtle_interfaces/srv'...
[1.311s] -- Up-to-date: /home/yahboom/Desktop/intro_ws/install/turtle_interfaces/local/lib/python3.10/dist-packages/turtle_interfaces/turtle_interfaces_s__rosidl_typesupport_fastrtps_c.cpython-310-x86_64-linux-gnu.so
[1.311s] -- Up-to-date: /home/yahboom/Desktop/intro_ws/install/turtle_interfaces/local/lib/python3.10/dist-packages/turtle_interfaces/turtle_interfaces_s__rosidl_typesupport_introspection_c.cpython-310-x86_64-linux-gnu.so
[1.312s] -- Up-to-date: /home/yahboom/Desktop/intro_ws/install/turtle_interfaces/local/lib/python3.10/dist-packages/turtle_interfaces/turtle_interfaces_s__rosidl_typesupport_c.cpython-310-x86_64-linux-gnu.so
[1.314s] -- Up-to-date: /home/yahboom/Desktop/intro_ws/install/turtle_interfaces/lib/libturtle_interfaces__rosidl_generator_py.so
[1.314s] -- Up-to-date: /home/yahboom/Desktop/intro_ws/install/turtle_interfaces/share/turtle_interfaces/msg/TurtlePose.idl
[1.314s] -- Up-to-date: /home/yahboom/Desktop/intro_ws/install/turtle_interfaces/share/turtle_interfaces/srv/SetColors.idl
[1.314s] -- Up-to-date: /home/yahboom/Desktop/intro_ws/install/turtle_interfaces/share/turtle_interfaces/action/MakeSquare.idl
[1.315s] -- Up-to-date: /home/yahboom/Desktop/intro_ws/install/turtle_interfaces/share/turtle_interfaces/msg/TurtlePose.msg
[1.315s] -- Up-to-date: /home/yahboom/Desktop/intro_ws/install/turtle_interfaces/share/turtle_interfaces/srv/SetColors.srv
[1.315s] -- Up-to-date: /home/yahboom/Desktop/intro_ws/install/turtle_interfaces/share/turtle_interfaces/srv/SetColors_Request.msg
[1.318s] -- Up-to-date: /home/yahboom/Desktop/intro_ws/install/turtle_interfaces/share/turtle_interfaces/srv/SetColors_Response.msg
[1.318s] -- Up-to-date: /home/yahboom/Desktop/intro_ws/install/turtle_interfaces/share/turtle_interfaces/action/MakeSquare.action
[1.318s] -- Up-to-date: /home/yahboom/Desktop/intro_ws/install/turtle_interfaces/share/ament_index/resource_index/package_run_dependencies/turtle_interfaces
[1.318s] -- Up-to-date: /home/yahboom/Desktop/intro_ws/install/turtle_interfaces/share/ament_index/resource_index/parent_prefix_path/turtle_interfaces
[1.318s] -- Up-to-date: /home/yahboom/Desktop/intro_ws/install/turtle_interfaces/share/turtle_interfaces/environment/ament_prefix_path.sh
[1.318s] -- Up-to-date: /home/yahboom/Desktop/intro_ws/install/turtle_interfaces/share/turtle_interfaces/environment/ament_prefix_path.dsv
[1.318s] -- Up-to-date: /home/yahboom/Desktop/intro_ws/install/turtle_interfaces/share/turtle_interfaces/environment/path.sh
[1.318s] -- Up-to-date: /home/yahboom/Desktop/intro_ws/install/turtle_interfaces/share/turtle_interfaces/environment/path.dsv
[1.318s] -- Up-to-date: /home/yahboom/Desktop/intro_ws/install/turtle_interfaces/share/turtle_interfaces/local_setup.bash
[1.318s] -- Up-to-date: /home/yahboom/Desktop/intro_ws/install/turtle_interfaces/share/turtle_interfaces/local_setup.sh
[1.318s] -- Up-to-date: /home/yahboom/Desktop/intro_ws/install/turtle_interfaces/share/turtle_interfaces/local_setup.zsh
[1.318s] -- Up-to-date: /home/yahboom/Desktop/intro_ws/install/turtle_interfaces/share/turtle_interfaces/local_setup.dsv
[1.318s] -- Installing: /home/yahboom/Desktop/intro_ws/install/turtle_interfaces/share/turtle_interfaces/package.dsv
[1.318s] -- Up-to-date: /home/yahboom/Desktop/intro_ws/install/turtle_interfaces/share/ament_index/resource_index/packages/turtle_interfaces
[1.318s] -- Up-to-date: /home/yahboom/Desktop/intro_ws/install/turtle_interfaces/share/turtle_interfaces/cmake/export_turtle_interfaces__rosidl_generator_cExport.cmake
[1.318s] -- Up-to-date: /home/yahboom/Desktop/intro_ws/install/turtle_interfaces/share/turtle_interfaces/cmake/export_turtle_interfaces__rosidl_generator_cExport-noconfig.cmake
[1.318s] -- Up-to-date: /home/yahboom/Desktop/intro_ws/install/turtle_interfaces/share/turtle_interfaces/cmake/export_turtle_interfaces__rosidl_typesupport_fastrtps_cExport.cmake
[1.318s] -- Up-to-date: /home/yahboom/Desktop/intro_ws/install/turtle_interfaces/share/turtle_interfaces/cmake/export_turtle_interfaces__rosidl_typesupport_fastrtps_cExport-noconfig.cmake
[1.319s] -- Up-to-date: /home/yahboom/Desktop/intro_ws/install/turtle_interfaces/share/turtle_interfaces/cmake/turtle_interfaces__rosidl_typesupport_introspection_cExport.cmake
[1.319s] -- Up-to-date: /home/yahboom/Desktop/intro_ws/install/turtle_interfaces/share/turtle_interfaces/cmake/turtle_interfaces__rosidl_typesupport_introspection_cExport-noconfig.cmake
[1.319s] -- Up-to-date: /home/yahboom/Desktop/intro_ws/install/turtle_interfaces/share/turtle_interfaces/cmake/turtle_interfaces__rosidl_typesupport_cExport.cmake
[1.320s] -- Up-to-date: /home/yahboom/Desktop/intro_ws/install/turtle_interfaces/share/turtle_interfaces/cmake/turtle_interfaces__rosidl_typesupport_cExport-noconfig.cmake
[1.320s] -- Up-to-date: /home/yahboom/Desktop/intro_ws/install/turtle_interfaces/share/turtle_interfaces/cmake/export_turtle_interfaces__rosidl_generator_cppExport.cmake
[1.322s] -- Up-to-date: /home/yahboom/Desktop/intro_ws/install/turtle_interfaces/share/turtle_interfaces/cmake/export_turtle_interfaces__rosidl_typesupport_fastrtps_cppExport.cmake
[1.322s] -- Up-to-date: /home/yahboom/Desktop/intro_ws/install/turtle_interfaces/share/turtle_interfaces/cmake/export_turtle_interfaces__rosidl_typesupport_fastrtps_cppExport-noconfig.cmake
[1.322s] -- Up-to-date: /home/yahboom/Desktop/intro_ws/install/turtle_interfaces/share/turtle_interfaces/cmake/turtle_interfaces__rosidl_typesupport_introspection_cppExport.cmake
[1.322s] -- Up-to-date: /home/yahboom/Desktop/intro_ws/install/turtle_interfaces/share/turtle_interfaces/cmake/turtle_interfaces__rosidl_typesupport_introspection_cppExport-noconfig.cmake
[1.322s] -- Up-to-date: /home/yahboom/Desktop/intro_ws/install/turtle_interfaces/share/turtle_interfaces/cmake/turtle_interfaces__rosidl_typesupport_cppExport.cmake
[1.323s] -- Up-to-date: /home/yahboom/Desktop/intro_ws/install/turtle_interfaces/share/turtle_interfaces/cmake/turtle_interfaces__rosidl_typesupport_cppExport-noconfig.cmake
[1.323s] -- Up-to-date: /home/yahboom/Desktop/intro_ws/install/turtle_interfaces/share/turtle_interfaces/cmake/export_turtle_interfaces__rosidl_generator_pyExport.cmake
[1.323s] -- Up-to-date: /home/yahboom/Desktop/intro_ws/install/turtle_interfaces/share/turtle_interfaces/cmake/export_turtle_interfaces__rosidl_generator_pyExport-noconfig.cmake
[1.323s] -- Up-to-date: /home/yahboom/Desktop/intro_ws/install/turtle_interfaces/share/turtle_interfaces/cmake/rosidl_cmake-extras.cmake
[1.323s] -- Up-to-date: /home/yahboom/Desktop/intro_ws/install/turtle_interfaces/share/turtle_interfaces/cmake/ament_cmake_export_dependencies-extras.cmake
[1.323s] -- Up-to-date: /home/yahboom/Desktop/intro_ws/install/turtle_interfaces/share/turtle_interfaces/cmake/ament_cmake_export_include_directories-extras.cmake
[1.324s] -- Up-to-date: /home/yahboom/Desktop/intro_ws/install/turtle_interfaces/share/turtle_interfaces/cmake/ament_cmake_export_libraries-extras.cmake
[1.324s] -- Up-to-date: /home/yahboom/Desktop/intro_ws/install/turtle_interfaces/share/turtle_interfaces/cmake/ament_cmake_export_targets-extras.cmake
[1.324s] -- Up-to-date: /home/yahboom/Desktop/intro_ws/install/turtle_interfaces/share/turtle_interfaces/cmake/rosidl_cmake_export_typesupport_targets-extras.cmake
[1.324s] -- Up-to-date: /home/yahboom/Desktop/intro_ws/install/turtle_interfaces/share/turtle_interfaces/cmake/rosidl_cmake_export_typesupport_libraries-extras.cmake
[1.324s] -- Up-to-date: /home/yahboom/Desktop/intro_ws/install/turtle_interfaces/share/turtle_interfaces/cmake/turtle_interfacesConfig.cmake
[1.324s] -- Up-to-date: /home/yahboom/Desktop/intro_ws/install/turtle_interfaces/share/turtle_interfaces/cmake/turtle_interfacesConfig-version.cmake
[1.324s] -- Up-to-date: /home/yahboom/Desktop/intro_ws/install/turtle_interfaces/share/turtle_interfaces/package.xml
[1.331s] Invoked command in '/home/yahboom/Desktop/intro_ws/build/turtle_interfaces' returned '0': CMAKE_PREFIX_PATH=${CMAKE_PREFIX_PATH}:/home/yahboom/Desktop/intro_ws/install/turtle_test:/home/yahboom/Desktop/intro_ws/install/test_tf2_py:/home/yahboom/Desktop/intro_ws/install/python_parameters:/home/yahboom/cartoros2/install/yahboomcar_nav:/home/yahboom/cartoros2/install/yahboomcar_ctrl:/home/yahboom/cartoros2/install/yahboom_visual:/home/yahboom/cartoros2/install/yahboom_dog_joint_state:/home/yahboom/cartoros2/install/yahboom_description:/home/yahboom/cartoros2/install/yahboom_color_identify_server:/home/yahboom/cartoros2/install/yahboom_bringup:/home/yahboom/cartoros2/install/yahboom_base:/home/yahboom/cartoros2/install/yahboom_app_save_map:/home/yahboom/cartoros2/install/update_map:/home/yahboom/cartoros2/install/rosboard:/home/yahboom/cartoros2/install/path_planner_server:/home/yahboom/cartoros2/install/nav2_simple_commander:/home/yahboom/cartoros2/install/nav2_gazebo_spawner:/home/yahboom/cartoros2/install/localization_server:/home/yahboom/cartoros2/install/laserscan_to_point_pulisher:/home/yahboom/yahboomcar_ws/install/yahboom_dog_example:/opt/ros/humble /usr/bin/cmake --install /home/yahboom/Desktop/intro_ws/build/turtle_interfaces
