[0.441s] DEBUG:colcon:Command line arguments: ['/usr/bin/colcon', 'build']
[0.441s] DEBUG:colcon:Parsed command line arguments: Namespace(log_base=None, log_level=None, verb_name='build', build_base='build', install_base='install', merge_install=False, symlink_install=False, test_result_base=None, continue_on_error=False, executor='parallel', parallel_workers=4, event_handlers=None, ignore_user_meta=False, metas=['./colcon.meta'], base_paths=['.'], packages_ignore=None, packages_ignore_regex=None, paths=None, packages_up_to=None, packages_up_to_regex=None, packages_above=None, packages_above_and_dependencies=None, packages_above_depth=None, packages_select_by_dep=None, packages_skip_by_dep=None, packages_skip_up_to=None, packages_select_build_failed=False, packages_skip_build_finished=False, packages_select_test_failures=False, packages_skip_test_passed=False, packages_select=None, packages_skip=None, packages_select_regex=None, packages_skip_regex=None, packages_start=None, packages_end=None, allow_overriding=[], cmake_args=None, cmake_target=None, cmake_target_skip_unavailable=False, cmake_clean_cache=False, cmake_clean_first=False, cmake_force_configure=False, ament_cmake_args=None, catkin_cmake_args=None, catkin_skip_building_tests=False, verb_parser=<colcon_defaults.argument_parser.defaults.DefaultArgumentsDecorator object at 0x7b8ebbe6a4d0>, verb_extension=<colcon_core.verb.build.BuildVerb object at 0x7b8ebbe69fc0>, main=<bound method BuildVerb.main of <colcon_core.verb.build.BuildVerb object at 0x7b8ebbe69fc0>>)
[1.095s] Level 1:colcon.colcon_core.package_discovery:discover_packages(colcon_meta) check parameters
[1.095s] Level 1:colcon.colcon_core.package_discovery:discover_packages(recursive) check parameters
[1.096s] Level 1:colcon.colcon_core.package_discovery:discover_packages(ignore) check parameters
[1.096s] Level 1:colcon.colcon_core.package_discovery:discover_packages(path) check parameters
[1.096s] Level 1:colcon.colcon_core.package_discovery:discover_packages(colcon_meta) discover
[1.096s] Level 1:colcon.colcon_core.package_discovery:discover_packages(recursive) discover
[1.096s] INFO:colcon.colcon_core.package_discovery:Crawling recursively for packages in '/home/yahboom/S26_RobotProgramming_Eloquent_Elusor/Lab7/wojnae/webots_ws'
[1.096s] Level 1:colcon.colcon_core.package_identification:_identify(.) by extensions ['ignore', 'ignore_ament_install']
[1.097s] Level 1:colcon.colcon_core.package_identification:_identify(.) by extension 'ignore'
[1.097s] Level 1:colcon.colcon_core.package_identification:_identify(.) by extension 'ignore_ament_install'
[1.097s] Level 1:colcon.colcon_core.package_identification:_identify(.) by extensions ['colcon_pkg']
[1.097s] Level 1:colcon.colcon_core.package_identification:_identify(.) by extension 'colcon_pkg'
[1.097s] Level 1:colcon.colcon_core.package_identification:_identify(.) by extensions ['colcon_meta']
[1.098s] Level 1:colcon.colcon_core.package_identification:_identify(.) by extension 'colcon_meta'
[1.098s] Level 1:colcon.colcon_core.package_identification:_identify(.) by extensions ['ros']
[1.098s] Level 1:colcon.colcon_core.package_identification:_identify(.) by extension 'ros'
[1.140s] Level 1:colcon.colcon_core.package_identification:_identify(.) by extensions ['cmake', 'python']
[1.140s] Level 1:colcon.colcon_core.package_identification:_identify(.) by extension 'cmake'
[1.140s] Level 1:colcon.colcon_core.package_identification:_identify(.) by extension 'python'
[1.140s] Level 1:colcon.colcon_core.package_identification:_identify(.) by extensions ['python_setup_py']
[1.140s] Level 1:colcon.colcon_core.package_identification:_identify(.) by extension 'python_setup_py'
[1.141s] Level 1:colcon.colcon_core.package_identification:_identify(build) by extensions ['ignore', 'ignore_ament_install']
[1.141s] Level 1:colcon.colcon_core.package_identification:_identify(build) by extension 'ignore'
[1.141s] Level 1:colcon.colcon_core.package_identification:_identify(build) ignored
[1.141s] Level 1:colcon.colcon_core.package_identification:_identify(install) by extensions ['ignore', 'ignore_ament_install']
[1.142s] Level 1:colcon.colcon_core.package_identification:_identify(install) by extension 'ignore'
[1.142s] Level 1:colcon.colcon_core.package_identification:_identify(install) ignored
[1.142s] Level 1:colcon.colcon_core.package_identification:_identify(log) by extensions ['ignore', 'ignore_ament_install']
[1.142s] Level 1:colcon.colcon_core.package_identification:_identify(log) by extension 'ignore'
[1.143s] Level 1:colcon.colcon_core.package_identification:_identify(log) ignored
[1.143s] Level 1:colcon.colcon_core.package_identification:_identify(src) by extensions ['ignore', 'ignore_ament_install']
[1.143s] Level 1:colcon.colcon_core.package_identification:_identify(src) by extension 'ignore'
[1.143s] Level 1:colcon.colcon_core.package_identification:_identify(src) by extension 'ignore_ament_install'
[1.144s] Level 1:colcon.colcon_core.package_identification:_identify(src) by extensions ['colcon_pkg']
[1.144s] Level 1:colcon.colcon_core.package_identification:_identify(src) by extension 'colcon_pkg'
[1.144s] Level 1:colcon.colcon_core.package_identification:_identify(src) by extensions ['colcon_meta']
[1.144s] Level 1:colcon.colcon_core.package_identification:_identify(src) by extension 'colcon_meta'
[1.144s] Level 1:colcon.colcon_core.package_identification:_identify(src) by extensions ['ros']
[1.144s] Level 1:colcon.colcon_core.package_identification:_identify(src) by extension 'ros'
[1.145s] Level 1:colcon.colcon_core.package_identification:_identify(src) by extensions ['cmake', 'python']
[1.145s] Level 1:colcon.colcon_core.package_identification:_identify(src) by extension 'cmake'
[1.145s] Level 1:colcon.colcon_core.package_identification:_identify(src) by extension 'python'
[1.145s] Level 1:colcon.colcon_core.package_identification:_identify(src) by extensions ['python_setup_py']
[1.145s] Level 1:colcon.colcon_core.package_identification:_identify(src) by extension 'python_setup_py'
[1.146s] Level 1:colcon.colcon_core.package_identification:_identify(src/my_robot) by extensions ['ignore', 'ignore_ament_install']
[1.146s] Level 1:colcon.colcon_core.package_identification:_identify(src/my_robot) by extension 'ignore'
[1.146s] Level 1:colcon.colcon_core.package_identification:_identify(src/my_robot) by extension 'ignore_ament_install'
[1.146s] Level 1:colcon.colcon_core.package_identification:_identify(src/my_robot) by extensions ['colcon_pkg']
[1.146s] Level 1:colcon.colcon_core.package_identification:_identify(src/my_robot) by extension 'colcon_pkg'
[1.147s] Level 1:colcon.colcon_core.package_identification:_identify(src/my_robot) by extensions ['colcon_meta']
[1.147s] Level 1:colcon.colcon_core.package_identification:_identify(src/my_robot) by extension 'colcon_meta'
[1.147s] Level 1:colcon.colcon_core.package_identification:_identify(src/my_robot) by extensions ['ros']
[1.147s] Level 1:colcon.colcon_core.package_identification:_identify(src/my_robot) by extension 'ros'
[1.155s] DEBUG:colcon.colcon_core.package_identification:Package 'src/my_robot' with type 'ros.ament_python' and name 'my_robot'
[1.155s] Level 1:colcon.colcon_core.package_identification:_identify(src/webots_test) by extensions ['ignore', 'ignore_ament_install']
[1.156s] Level 1:colcon.colcon_core.package_identification:_identify(src/webots_test) by extension 'ignore'
[1.156s] Level 1:colcon.colcon_core.package_identification:_identify(src/webots_test) by extension 'ignore_ament_install'
[1.156s] Level 1:colcon.colcon_core.package_identification:_identify(src/webots_test) by extensions ['colcon_pkg']
[1.156s] Level 1:colcon.colcon_core.package_identification:_identify(src/webots_test) by extension 'colcon_pkg'
[1.156s] Level 1:colcon.colcon_core.package_identification:_identify(src/webots_test) by extensions ['colcon_meta']
[1.156s] Level 1:colcon.colcon_core.package_identification:_identify(src/webots_test) by extension 'colcon_meta'
[1.156s] Level 1:colcon.colcon_core.package_identification:_identify(src/webots_test) by extensions ['ros']
[1.157s] Level 1:colcon.colcon_core.package_identification:_identify(src/webots_test) by extension 'ros'
[1.159s] DEBUG:colcon.colcon_core.package_identification:Package 'src/webots_test' with type 'ros.ament_python' and name 'webots_test'
[1.159s] Level 1:colcon.colcon_core.package_discovery:discover_packages(recursive) using defaults
[1.159s] Level 1:colcon.colcon_core.package_discovery:discover_packages(ignore) discover
[1.159s] Level 1:colcon.colcon_core.package_discovery:discover_packages(ignore) using defaults
[1.159s] Level 1:colcon.colcon_core.package_discovery:discover_packages(path) discover
[1.159s] Level 1:colcon.colcon_core.package_discovery:discover_packages(path) using defaults
[1.278s] Level 1:colcon.colcon_core.package_discovery:discover_packages(prefix_path) check parameters
[1.279s] Level 1:colcon.colcon_core.package_discovery:discover_packages(prefix_path) discover
[1.299s] DEBUG:colcon.colcon_installed_package_information.package_discovery:Found 2 installed packages in /home/yahboom/S26_RobotProgramming_Eloquent_Elusor/Lab7/wojnae/webots_ws/install
[1.302s] DEBUG:colcon.colcon_installed_package_information.package_discovery:Found 19 installed packages in /home/yahboom/yahboomcar_ws/install
[1.305s] DEBUG:colcon.colcon_installed_package_information.package_discovery:Found 2 installed packages in /home/yahboom/gmapping_ws/install
[1.313s] DEBUG:colcon.colcon_installed_package_information.package_discovery:Found 76 installed packages in /home/yahboom/cartoros2/install
[1.321s] DEBUG:colcon.colcon_installed_package_information.package_discovery:Found 350 installed packages in /opt/ros/humble
[1.330s] Level 1:colcon.colcon_core.package_discovery:discover_packages(prefix_path) using defaults
[1.491s] Level 5:colcon.colcon_core.verb:set package 'my_robot' build argument 'cmake_args' from command line to 'None'
[1.492s] Level 5:colcon.colcon_core.verb:set package 'my_robot' build argument 'cmake_target' from command line to 'None'
[1.492s] Level 5:colcon.colcon_core.verb:set package 'my_robot' build argument 'cmake_target_skip_unavailable' from command line to 'False'
[1.492s] Level 5:colcon.colcon_core.verb:set package 'my_robot' build argument 'cmake_clean_cache' from command line to 'False'
[1.492s] Level 5:colcon.colcon_core.verb:set package 'my_robot' build argument 'cmake_clean_first' from command line to 'False'
[1.492s] Level 5:colcon.colcon_core.verb:set package 'my_robot' build argument 'cmake_force_configure' from command line to 'False'
[1.492s] Level 5:colcon.colcon_core.verb:set package 'my_robot' build argument 'ament_cmake_args' from command line to 'None'
[1.492s] Level 5:colcon.colcon_core.verb:set package 'my_robot' build argument 'catkin_cmake_args' from command line to 'None'
[1.492s] Level 5:colcon.colcon_core.verb:set package 'my_robot' build argument 'catkin_skip_building_tests' from command line to 'False'
[1.492s] DEBUG:colcon.colcon_core.verb:Building package 'my_robot' with the following arguments: {'ament_cmake_args': None, 'build_base': '/home/yahboom/S26_RobotProgramming_Eloquent_Elusor/Lab7/wojnae/webots_ws/build/my_robot', 'catkin_cmake_args': None, 'catkin_skip_building_tests': False, 'cmake_args': None, 'cmake_clean_cache': False, 'cmake_clean_first': False, 'cmake_force_configure': False, 'cmake_target': None, 'cmake_target_skip_unavailable': False, 'install_base': '/home/yahboom/S26_RobotProgramming_Eloquent_Elusor/Lab7/wojnae/webots_ws/install/my_robot', 'merge_install': False, 'path': '/home/yahboom/S26_RobotProgramming_Eloquent_Elusor/Lab7/wojnae/webots_ws/src/my_robot', 'symlink_install': False, 'test_result_base': None}
[1.493s] Level 5:colcon.colcon_core.verb:set package 'webots_test' build argument 'cmake_args' from command line to 'None'
[1.493s] Level 5:colcon.colcon_core.verb:set package 'webots_test' build argument 'cmake_target' from command line to 'None'
[1.493s] Level 5:colcon.colcon_core.verb:set package 'webots_test' build argument 'cmake_target_skip_unavailable' from command line to 'False'
[1.494s] Level 5:colcon.colcon_core.verb:set package 'webots_test' build argument 'cmake_clean_cache' from command line to 'False'
[1.494s] Level 5:colcon.colcon_core.verb:set package 'webots_test' build argument 'cmake_clean_first' from command line to 'False'
[1.494s] Level 5:colcon.colcon_core.verb:set package 'webots_test' build argument 'cmake_force_configure' from command line to 'False'
[1.494s] Level 5:colcon.colcon_core.verb:set package 'webots_test' build argument 'ament_cmake_args' from command line to 'None'
[1.494s] Level 5:colcon.colcon_core.verb:set package 'webots_test' build argument 'catkin_cmake_args' from command line to 'None'
[1.494s] Level 5:colcon.colcon_core.verb:set package 'webots_test' build argument 'catkin_skip_building_tests' from command line to 'False'
[1.494s] DEBUG:colcon.colcon_core.verb:Building package 'webots_test' with the following arguments: {'ament_cmake_args': None, 'build_base': '/home/yahboom/S26_RobotProgramming_Eloquent_Elusor/Lab7/wojnae/webots_ws/build/webots_test', 'catkin_cmake_args': None, 'catkin_skip_building_tests': False, 'cmake_args': None, 'cmake_clean_cache': False, 'cmake_clean_first': False, 'cmake_force_configure': False, 'cmake_target': None, 'cmake_target_skip_unavailable': False, 'install_base': '/home/yahboom/S26_RobotProgramming_Eloquent_Elusor/Lab7/wojnae/webots_ws/install/webots_test', 'merge_install': False, 'path': '/home/yahboom/S26_RobotProgramming_Eloquent_Elusor/Lab7/wojnae/webots_ws/src/webots_test', 'symlink_install': False, 'test_result_base': None}
[1.494s] INFO:colcon.colcon_core.executor:Executing jobs using 'parallel' executor
[1.498s] DEBUG:colcon.colcon_parallel_executor.executor.parallel:run_until_complete
[1.499s] INFO:colcon.colcon_ros.task.ament_python.build:Building ROS package in '/home/yahboom/S26_RobotProgramming_Eloquent_Elusor/Lab7/wojnae/webots_ws/src/my_robot' with build type 'ament_python'
[1.499s] Level 1:colcon.colcon_core.shell:create_environment_hook('my_robot', 'ament_prefix_path')
[1.507s] INFO:colcon.colcon_core.plugin_system:Skipping extension 'colcon_core.shell.bat': Not used on non-Windows systems
[1.508s] INFO:colcon.colcon_core.shell:Creating environment hook '/home/yahboom/S26_RobotProgramming_Eloquent_Elusor/Lab7/wojnae/webots_ws/install/my_robot/share/my_robot/hook/ament_prefix_path.ps1'
[1.509s] INFO:colcon.colcon_core.shell:Creating environment descriptor '/home/yahboom/S26_RobotProgramming_Eloquent_Elusor/Lab7/wojnae/webots_ws/install/my_robot/share/my_robot/hook/ament_prefix_path.dsv'
[1.511s] INFO:colcon.colcon_core.shell:Creating environment hook '/home/yahboom/S26_RobotProgramming_Eloquent_Elusor/Lab7/wojnae/webots_ws/install/my_robot/share/my_robot/hook/ament_prefix_path.sh'
[1.514s] INFO:colcon.colcon_core.shell:Skip shell extension 'powershell' for command environment: Not usable outside of PowerShell
[1.514s] DEBUG:colcon.colcon_core.shell:Skip shell extension 'dsv' for command environment
[1.556s] INFO:colcon.colcon_ros.task.ament_python.build:Building ROS package in '/home/yahboom/S26_RobotProgramming_Eloquent_Elusor/Lab7/wojnae/webots_ws/src/webots_test' with build type 'ament_python'
[1.556s] Level 1:colcon.colcon_core.shell:create_environment_hook('webots_test', 'ament_prefix_path')
[1.557s] INFO:colcon.colcon_core.shell:Creating environment hook '/home/yahboom/S26_RobotProgramming_Eloquent_Elusor/Lab7/wojnae/webots_ws/install/webots_test/share/webots_test/hook/ament_prefix_path.ps1'
[1.559s] INFO:colcon.colcon_core.shell:Creating environment descriptor '/home/yahboom/S26_RobotProgramming_Eloquent_Elusor/Lab7/wojnae/webots_ws/install/webots_test/share/webots_test/hook/ament_prefix_path.dsv'
[1.560s] INFO:colcon.colcon_core.shell:Creating environment hook '/home/yahboom/S26_RobotProgramming_Eloquent_Elusor/Lab7/wojnae/webots_ws/install/webots_test/share/webots_test/hook/ament_prefix_path.sh'
[1.562s] INFO:colcon.colcon_core.shell:Skip shell extension 'powershell' for command environment: Not usable outside of PowerShell
[1.562s] DEBUG:colcon.colcon_core.shell:Skip shell extension 'dsv' for command environment
[2.592s] INFO:colcon.colcon_core.task.python.build:Building Python package in '/home/yahboom/S26_RobotProgramming_Eloquent_Elusor/Lab7/wojnae/webots_ws/src/my_robot'
[2.593s] INFO:colcon.colcon_core.shell:Skip shell extension 'powershell' for command environment: Not usable outside of PowerShell
[2.593s] DEBUG:colcon.colcon_core.shell:Skip shell extension 'dsv' for command environment
[3.622s] INFO:colcon.colcon_core.task.python.build:Building Python package in '/home/yahboom/S26_RobotProgramming_Eloquent_Elusor/Lab7/wojnae/webots_ws/src/webots_test'
[3.623s] INFO:colcon.colcon_core.shell:Skip shell extension 'powershell' for command environment: Not usable outside of PowerShell
[3.623s] DEBUG:colcon.colcon_core.shell:Skip shell extension 'dsv' for command environment
[4.821s] DEBUG:colcon.colcon_core.event_handler.log_command:Invoking command in '/home/yahboom/S26_RobotProgramming_Eloquent_Elusor/Lab7/wojnae/webots_ws/src/my_robot': PYTHONPATH=/home/yahboom/S26_RobotProgramming_Eloquent_Elusor/Lab7/wojnae/webots_ws/build/my_robot/prefix_override:/home/yahboom/S26_RobotProgramming_Eloquent_Elusor/Lab7/wojnae/webots_ws/install/my_robot/lib/python3.10/site-packages:${PYTHONPATH} /usr/bin/python3 -W ignore:setup.py install is deprecated setup.py egg_info --egg-base ../../build/my_robot build --build-base /home/yahboom/S26_RobotProgramming_Eloquent_Elusor/Lab7/wojnae/webots_ws/build/my_robot/build install --record /home/yahboom/S26_RobotProgramming_Eloquent_Elusor/Lab7/wojnae/webots_ws/build/my_robot/install.log --single-version-externally-managed install_data
[4.853s] DEBUG:colcon.colcon_core.event_handler.log_command:Invoking command in '/home/yahboom/S26_RobotProgramming_Eloquent_Elusor/Lab7/wojnae/webots_ws/src/webots_test': PYTHONPATH=/home/yahboom/S26_RobotProgramming_Eloquent_Elusor/Lab7/wojnae/webots_ws/build/webots_test/prefix_override:/home/yahboom/S26_RobotProgramming_Eloquent_Elusor/Lab7/wojnae/webots_ws/install/webots_test/lib/python3.10/site-packages:${PYTHONPATH} /usr/bin/python3 -W ignore:setup.py install is deprecated setup.py egg_info --egg-base ../../build/webots_test build --build-base /home/yahboom/S26_RobotProgramming_Eloquent_Elusor/Lab7/wojnae/webots_ws/build/webots_test/build install --record /home/yahboom/S26_RobotProgramming_Eloquent_Elusor/Lab7/wojnae/webots_ws/build/webots_test/install.log --single-version-externally-managed install_data
[5.904s] DEBUG:colcon.colcon_core.event_handler.log_command:Invoked command in '/home/yahboom/S26_RobotProgramming_Eloquent_Elusor/Lab7/wojnae/webots_ws/src/my_robot' returned '0': PYTHONPATH=/home/yahboom/S26_RobotProgramming_Eloquent_Elusor/Lab7/wojnae/webots_ws/build/my_robot/prefix_override:/home/yahboom/S26_RobotProgramming_Eloquent_Elusor/Lab7/wojnae/webots_ws/install/my_robot/lib/python3.10/site-packages:${PYTHONPATH} /usr/bin/python3 -W ignore:setup.py install is deprecated setup.py egg_info --egg-base ../../build/my_robot build --build-base /home/yahboom/S26_RobotProgramming_Eloquent_Elusor/Lab7/wojnae/webots_ws/build/my_robot/build install --record /home/yahboom/S26_RobotProgramming_Eloquent_Elusor/Lab7/wojnae/webots_ws/build/my_robot/install.log --single-version-externally-managed install_data
[5.911s] Level 1:colcon.colcon_core.environment:checking '/home/yahboom/S26_RobotProgramming_Eloquent_Elusor/Lab7/wojnae/webots_ws/install/my_robot' for CMake module files
[5.912s] Level 1:colcon.colcon_core.environment:checking '/home/yahboom/S26_RobotProgramming_Eloquent_Elusor/Lab7/wojnae/webots_ws/install/my_robot' for CMake config files
[5.915s] Level 1:colcon.colcon_core.environment:checking '/home/yahboom/S26_RobotProgramming_Eloquent_Elusor/Lab7/wojnae/webots_ws/install/my_robot/lib'
[5.915s] Level 1:colcon.colcon_core.environment:checking '/home/yahboom/S26_RobotProgramming_Eloquent_Elusor/Lab7/wojnae/webots_ws/install/my_robot/bin'
[5.915s] Level 1:colcon.colcon_core.environment:checking '/home/yahboom/S26_RobotProgramming_Eloquent_Elusor/Lab7/wojnae/webots_ws/install/my_robot/lib/pkgconfig/my_robot.pc'
[5.916s] Level 1:colcon.colcon_core.environment:checking '/home/yahboom/S26_RobotProgramming_Eloquent_Elusor/Lab7/wojnae/webots_ws/install/my_robot/lib/python3.10/site-packages'
[5.916s] Level 1:colcon.colcon_core.shell:create_environment_hook('my_robot', 'pythonpath')
[5.917s] INFO:colcon.colcon_core.shell:Creating environment hook '/home/yahboom/S26_RobotProgramming_Eloquent_Elusor/Lab7/wojnae/webots_ws/install/my_robot/share/my_robot/hook/pythonpath.ps1'
[5.918s] INFO:colcon.colcon_core.shell:Creating environment descriptor '/home/yahboom/S26_RobotProgramming_Eloquent_Elusor/Lab7/wojnae/webots_ws/install/my_robot/share/my_robot/hook/pythonpath.dsv'
[5.919s] INFO:colcon.colcon_core.shell:Creating environment hook '/home/yahboom/S26_RobotProgramming_Eloquent_Elusor/Lab7/wojnae/webots_ws/install/my_robot/share/my_robot/hook/pythonpath.sh'
[5.922s] Level 1:colcon.colcon_core.environment:checking '/home/yahboom/S26_RobotProgramming_Eloquent_Elusor/Lab7/wojnae/webots_ws/install/my_robot/bin'
[5.922s] Level 1:colcon.colcon_core.environment:create_environment_scripts_only(my_robot)
[5.923s] INFO:colcon.colcon_core.shell:Creating package script '/home/yahboom/S26_RobotProgramming_Eloquent_Elusor/Lab7/wojnae/webots_ws/install/my_robot/share/my_robot/package.ps1'
[5.925s] INFO:colcon.colcon_core.shell:Creating package descriptor '/home/yahboom/S26_RobotProgramming_Eloquent_Elusor/Lab7/wojnae/webots_ws/install/my_robot/share/my_robot/package.dsv'
[5.927s] INFO:colcon.colcon_core.shell:Creating package script '/home/yahboom/S26_RobotProgramming_Eloquent_Elusor/Lab7/wojnae/webots_ws/install/my_robot/share/my_robot/package.sh'
[5.929s] INFO:colcon.colcon_core.shell:Creating package script '/home/yahboom/S26_RobotProgramming_Eloquent_Elusor/Lab7/wojnae/webots_ws/install/my_robot/share/my_robot/package.bash'
[5.932s] INFO:colcon.colcon_core.shell:Creating package script '/home/yahboom/S26_RobotProgramming_Eloquent_Elusor/Lab7/wojnae/webots_ws/install/my_robot/share/my_robot/package.zsh'
[5.934s] Level 1:colcon.colcon_core.environment:create_file_with_runtime_dependencies(/home/yahboom/S26_RobotProgramming_Eloquent_Elusor/Lab7/wojnae/webots_ws/install/my_robot/share/colcon-core/packages/my_robot)
[5.959s] Level 1:colcon.colcon_core.environment:checking '/home/yahboom/S26_RobotProgramming_Eloquent_Elusor/Lab7/wojnae/webots_ws/install/webots_test' for CMake module files
[5.961s] DEBUG:colcon.colcon_core.event_handler.log_command:Invoked command in '/home/yahboom/S26_RobotProgramming_Eloquent_Elusor/Lab7/wojnae/webots_ws/src/webots_test' returned '0': PYTHONPATH=/home/yahboom/S26_RobotProgramming_Eloquent_Elusor/Lab7/wojnae/webots_ws/build/webots_test/prefix_override:/home/yahboom/S26_RobotProgramming_Eloquent_Elusor/Lab7/wojnae/webots_ws/install/webots_test/lib/python3.10/site-packages:${PYTHONPATH} /usr/bin/python3 -W ignore:setup.py install is deprecated setup.py egg_info --egg-base ../../build/webots_test build --build-base /home/yahboom/S26_RobotProgramming_Eloquent_Elusor/Lab7/wojnae/webots_ws/build/webots_test/build install --record /home/yahboom/S26_RobotProgramming_Eloquent_Elusor/Lab7/wojnae/webots_ws/build/webots_test/install.log --single-version-externally-managed install_data
[5.962s] Level 1:colcon.colcon_core.environment:checking '/home/yahboom/S26_RobotProgramming_Eloquent_Elusor/Lab7/wojnae/webots_ws/install/webots_test' for CMake config files
[5.963s] Level 1:colcon.colcon_core.environment:checking '/home/yahboom/S26_RobotProgramming_Eloquent_Elusor/Lab7/wojnae/webots_ws/install/webots_test/lib'
[5.964s] Level 1:colcon.colcon_core.environment:checking '/home/yahboom/S26_RobotProgramming_Eloquent_Elusor/Lab7/wojnae/webots_ws/install/webots_test/bin'
[5.964s] Level 1:colcon.colcon_core.environment:checking '/home/yahboom/S26_RobotProgramming_Eloquent_Elusor/Lab7/wojnae/webots_ws/install/webots_test/lib/pkgconfig/webots_test.pc'
[5.964s] Level 1:colcon.colcon_core.environment:checking '/home/yahboom/S26_RobotProgramming_Eloquent_Elusor/Lab7/wojnae/webots_ws/install/webots_test/lib/python3.10/site-packages'
[5.964s] Level 1:colcon.colcon_core.shell:create_environment_hook('webots_test', 'pythonpath')
[5.965s] INFO:colcon.colcon_core.shell:Creating environment hook '/home/yahboom/S26_RobotProgramming_Eloquent_Elusor/Lab7/wojnae/webots_ws/install/webots_test/share/webots_test/hook/pythonpath.ps1'
[5.967s] INFO:colcon.colcon_core.shell:Creating environment descriptor '/home/yahboom/S26_RobotProgramming_Eloquent_Elusor/Lab7/wojnae/webots_ws/install/webots_test/share/webots_test/hook/pythonpath.dsv'
[5.968s] INFO:colcon.colcon_core.shell:Creating environment hook '/home/yahboom/S26_RobotProgramming_Eloquent_Elusor/Lab7/wojnae/webots_ws/install/webots_test/share/webots_test/hook/pythonpath.sh'
[5.970s] Level 1:colcon.colcon_core.environment:checking '/home/yahboom/S26_RobotProgramming_Eloquent_Elusor/Lab7/wojnae/webots_ws/install/webots_test/bin'
[5.970s] Level 1:colcon.colcon_core.environment:create_environment_scripts_only(webots_test)
[5.971s] INFO:colcon.colcon_core.shell:Creating package script '/home/yahboom/S26_RobotProgramming_Eloquent_Elusor/Lab7/wojnae/webots_ws/install/webots_test/share/webots_test/package.ps1'
[5.972s] INFO:colcon.colcon_core.shell:Creating package descriptor '/home/yahboom/S26_RobotProgramming_Eloquent_Elusor/Lab7/wojnae/webots_ws/install/webots_test/share/webots_test/package.dsv'
[5.974s] INFO:colcon.colcon_core.shell:Creating package script '/home/yahboom/S26_RobotProgramming_Eloquent_Elusor/Lab7/wojnae/webots_ws/install/webots_test/share/webots_test/package.sh'
[5.975s] INFO:colcon.colcon_core.shell:Creating package script '/home/yahboom/S26_RobotProgramming_Eloquent_Elusor/Lab7/wojnae/webots_ws/install/webots_test/share/webots_test/package.bash'
[5.976s] INFO:colcon.colcon_core.shell:Creating package script '/home/yahboom/S26_RobotProgramming_Eloquent_Elusor/Lab7/wojnae/webots_ws/install/webots_test/share/webots_test/package.zsh'
[5.977s] Level 1:colcon.colcon_core.environment:create_file_with_runtime_dependencies(/home/yahboom/S26_RobotProgramming_Eloquent_Elusor/Lab7/wojnae/webots_ws/install/webots_test/share/colcon-core/packages/webots_test)
[5.978s] DEBUG:colcon.colcon_parallel_executor.executor.parallel:closing loop
[5.979s] DEBUG:colcon.colcon_parallel_executor.executor.parallel:loop closed
[5.979s] DEBUG:colcon.colcon_parallel_executor.executor.parallel:run_until_complete finished with '0'
[5.979s] DEBUG:colcon.colcon_core.event_reactor:joining thread
[6.001s] INFO:colcon.colcon_core.plugin_system:Skipping extension 'colcon_notification.desktop_notification.terminal_notifier': Not used on non-Darwin systems
[6.001s] INFO:colcon.colcon_core.plugin_system:Skipping extension 'colcon_notification.desktop_notification.win32': Not used on non-Windows systems
[6.001s] INFO:colcon.colcon_notification.desktop_notification:Sending desktop notification using 'notify2'
[6.035s] DEBUG:colcon.colcon_core.event_reactor:joined thread
[6.036s] INFO:colcon.colcon_core.shell:Creating prefix script '/home/yahboom/S26_RobotProgramming_Eloquent_Elusor/Lab7/wojnae/webots_ws/install/local_setup.ps1'
[6.039s] INFO:colcon.colcon_core.shell:Creating prefix util module '/home/yahboom/S26_RobotProgramming_Eloquent_Elusor/Lab7/wojnae/webots_ws/install/_local_setup_util_ps1.py'
[6.042s] INFO:colcon.colcon_core.shell:Creating prefix chain script '/home/yahboom/S26_RobotProgramming_Eloquent_Elusor/Lab7/wojnae/webots_ws/install/setup.ps1'
[6.055s] INFO:colcon.colcon_core.shell:Creating prefix script '/home/yahboom/S26_RobotProgramming_Eloquent_Elusor/Lab7/wojnae/webots_ws/install/local_setup.sh'
[6.057s] INFO:colcon.colcon_core.shell:Creating prefix util module '/home/yahboom/S26_RobotProgramming_Eloquent_Elusor/Lab7/wojnae/webots_ws/install/_local_setup_util_sh.py'
[6.059s] INFO:colcon.colcon_core.shell:Creating prefix chain script '/home/yahboom/S26_RobotProgramming_Eloquent_Elusor/Lab7/wojnae/webots_ws/install/setup.sh'
[6.073s] INFO:colcon.colcon_core.shell:Creating prefix script '/home/yahboom/S26_RobotProgramming_Eloquent_Elusor/Lab7/wojnae/webots_ws/install/local_setup.bash'
[6.075s] INFO:colcon.colcon_core.shell:Creating prefix chain script '/home/yahboom/S26_RobotProgramming_Eloquent_Elusor/Lab7/wojnae/webots_ws/install/setup.bash'
[6.090s] INFO:colcon.colcon_core.shell:Creating prefix script '/home/yahboom/S26_RobotProgramming_Eloquent_Elusor/Lab7/wojnae/webots_ws/install/local_setup.zsh'
[6.091s] INFO:colcon.colcon_core.shell:Creating prefix chain script '/home/yahboom/S26_RobotProgramming_Eloquent_Elusor/Lab7/wojnae/webots_ws/install/setup.zsh'
