[0.096s] Invoking command in '/home/yahboom/Desktop/intro_ws/build/turtle_interfaces': CMAKE_PREFIX_PATH=${CMAKE_PREFIX_PATH}:/home/yahboom/Desktop/intro_ws/install/python_parameters:/home/yahboom/Desktop/intro_ws/install/turtle_test:/home/yahboom/cartoros2/install/yahboomcar_nav:/home/yahboom/cartoros2/install/yahboomcar_ctrl:/home/yahboom/cartoros2/install/yahboom_visual:/home/yahboom/cartoros2/install/yahboom_dog_joint_state:/home/yahboom/cartoros2/install/yahboom_description:/home/yahboom/cartoros2/install/yahboom_color_identify_server:/home/yahboom/cartoros2/install/yahboom_bringup:/home/yahboom/cartoros2/install/yahboom_base:/home/yahboom/cartoros2/install/yahboom_app_save_map:/home/yahboom/cartoros2/install/update_map:/home/yahboom/cartoros2/install/rosboard:/home/yahboom/cartoros2/install/path_planner_server:/home/yahboom/cartoros2/install/nav2_simple_commander:/home/yahboom/cartoros2/install/nav2_gazebo_spawner:/home/yahboom/cartoros2/install/localization_server:/home/yahboom/cartoros2/install/laserscan_to_point_pulisher:/home/yahboom/yahboomcar_ws/install/yahboom_dog_example:/opt/ros/humble /usr/bin/cmake --build /home/yahboom/Desktop/intro_ws/build/turtle_interfaces -- -j4 -l4
[0.385s] [  2%] Built target turtle_interfaces__cpp
[0.388s] [ 12%] Built target turtle_interfaces__rosidl_generator_c
[0.454s] [ 12%] Built target ament_cmake_python_copy_turtle_interfaces
[0.585s] [ 23%] Built target turtle_interfaces__rosidl_typesupport_introspection_cpp
[0.590s] [ 34%] Built target turtle_interfaces__rosidl_typesupport_cpp
[0.603s] [ 44%] Built target turtle_interfaces__rosidl_typesupport_fastrtps_cpp
[0.662s] [ 55%] Built target turtle_interfaces__rosidl_typesupport_fastrtps_c
[0.773s] [ 65%] Built target turtle_interfaces__rosidl_typesupport_introspection_c
[0.794s] [ 76%] Built target turtle_interfaces__rosidl_typesupport_c
[0.934s] [ 76%] Built target turtle_interfaces
[1.069s] [ 78%] Built target turtle_interfaces__py
[1.187s] [ 87%] Built target turtle_interfaces__rosidl_generator_py
[1.350s] [ 91%] Built target turtle_interfaces__rosidl_typesupport_c__pyext
[1.425s] running egg_info
[1.425s] [ 95%] Built target turtle_interfaces__rosidl_typesupport_introspection_c__pyext
[1.425s] writing turtle_interfaces.egg-info/PKG-INFO
[1.425s] writing dependency_links to turtle_interfaces.egg-info/dependency_links.txt
[1.425s] writing top-level names to turtle_interfaces.egg-info/top_level.txt
[1.425s] reading manifest file 'turtle_interfaces.egg-info/SOURCES.txt'
[1.428s] writing manifest file 'turtle_interfaces.egg-info/SOURCES.txt'
[1.434s] [100%] Built target turtle_interfaces__rosidl_typesupport_fastrtps_c__pyext
[1.521s] [100%] Built target ament_cmake_python_build_turtle_interfaces_egg
[1.577s] Invoked command in '/home/yahboom/Desktop/intro_ws/build/turtle_interfaces' returned '0': CMAKE_PREFIX_PATH=${CMAKE_PREFIX_PATH}:/home/yahboom/Desktop/intro_ws/install/python_parameters:/home/yahboom/Desktop/intro_ws/install/turtle_test:/home/yahboom/cartoros2/install/yahboomcar_nav:/home/yahboom/cartoros2/install/yahboomcar_ctrl:/home/yahboom/cartoros2/install/yahboom_visual:/home/yahboom/cartoros2/install/yahboom_dog_joint_state:/home/yahboom/cartoros2/install/yahboom_description:/home/yahboom/cartoros2/install/yahboom_color_identify_server:/home/yahboom/cartoros2/install/yahboom_bringup:/home/yahboom/cartoros2/install/yahboom_base:/home/yahboom/cartoros2/install/yahboom_app_save_map:/home/yahboom/cartoros2/install/update_map:/home/yahboom/cartoros2/install/rosboard:/home/yahboom/cartoros2/install/path_planner_server:/home/yahboom/cartoros2/install/nav2_simple_commander:/home/yahboom/cartoros2/install/nav2_gazebo_spawner:/home/yahboom/cartoros2/install/localization_server:/home/yahboom/cartoros2/install/laserscan_to_point_pulisher:/home/yahboom/yahboomcar_ws/install/yahboom_dog_example:/opt/ros/humble /usr/bin/cmake --build /home/yahboom/Desktop/intro_ws/build/turtle_interfaces -- -j4 -l4
[2.557s] Invoking command in '/home/yahboom/Desktop/intro_ws/build/turtle_interfaces': CMAKE_PREFIX_PATH=${CMAKE_PREFIX_PATH}:/home/yahboom/Desktop/intro_ws/install/python_parameters:/home/yahboom/Desktop/intro_ws/install/turtle_test:/home/yahboom/cartoros2/install/yahboomcar_nav:/home/yahboom/cartoros2/install/yahboomcar_ctrl:/home/yahboom/cartoros2/install/yahboom_visual:/home/yahboom/cartoros2/install/yahboom_dog_joint_state:/home/yahboom/cartoros2/install/yahboom_description:/home/yahboom/cartoros2/install/yahboom_color_identify_server:/home/yahboom/cartoros2/install/yahboom_bringup:/home/yahboom/cartoros2/install/yahboom_base:/home/yahboom/cartoros2/install/yahboom_app_save_map:/home/yahboom/cartoros2/install/update_map:/home/yahboom/cartoros2/install/rosboard:/home/yahboom/cartoros2/install/path_planner_server:/home/yahboom/cartoros2/install/nav2_simple_commander:/home/yahboom/cartoros2/install/nav2_gazebo_spawner:/home/yahboom/cartoros2/install/localization_server:/home/yahboom/cartoros2/install/laserscan_to_point_pulisher:/home/yahboom/yahboomcar_ws/install/yahboom_dog_example:/opt/ros/humble /usr/bin/cmake --install /home/yahboom/Desktop/intro_ws/build/turtle_interfaces
[2.609s] -- Install configuration: ""
[2.609s] -- Up-to-date: /home/yahboom/Desktop/intro_ws/install/turtle_interfaces/share/ament_index/resource_index/rosidl_interfaces/turtle_interfaces
[2.610s] -- Up-to-date: /home/yahboom/Desktop/intro_ws/install/turtle_interfaces/include/turtle_interfaces/turtle_interfaces
[2.611s] -- Up-to-date: /home/yahboom/Desktop/intro_ws/install/turtle_interfaces/include/turtle_interfaces/turtle_interfaces/action
[2.611s] -- Up-to-date: /home/yahboom/Desktop/intro_ws/install/turtle_interfaces/include/turtle_interfaces/turtle_interfaces/action/detail
[2.611s] -- Up-to-date: /home/yahboom/Desktop/intro_ws/install/turtle_interfaces/include/turtle_interfaces/turtle_interfaces/action/detail/make_square__struct.h
[2.611s] -- Up-to-date: /home/yahboom/Desktop/intro_ws/install/turtle_interfaces/include/turtle_interfaces/turtle_interfaces/action/detail/make_square__type_support.h
[2.611s] -- Up-to-date: /home/yahboom/Desktop/intro_ws/install/turtle_interfaces/include/turtle_interfaces/turtle_interfaces/action/detail/make_square__functions.c
[2.612s] -- Up-to-date: /home/yahboom/Desktop/intro_ws/install/turtle_interfaces/include/turtle_interfaces/turtle_interfaces/action/detail/make_square__functions.h
[2.612s] -- Up-to-date: /home/yahboom/Desktop/intro_ws/install/turtle_interfaces/include/turtle_interfaces/turtle_interfaces/action/make_square.h
[2.612s] -- Up-to-date: /home/yahboom/Desktop/intro_ws/install/turtle_interfaces/include/turtle_interfaces/turtle_interfaces/srv
[2.612s] -- Up-to-date: /home/yahboom/Desktop/intro_ws/install/turtle_interfaces/include/turtle_interfaces/turtle_interfaces/srv/set_colors.h
[2.613s] -- Up-to-date: /home/yahboom/Desktop/intro_ws/install/turtle_interfaces/include/turtle_interfaces/turtle_interfaces/srv/detail
[2.613s] -- Up-to-date: /home/yahboom/Desktop/intro_ws/install/turtle_interfaces/include/turtle_interfaces/turtle_interfaces/srv/detail/set_colors__struct.h
[2.613s] -- Up-to-date: /home/yahboom/Desktop/intro_ws/install/turtle_interfaces/include/turtle_interfaces/turtle_interfaces/srv/detail/set_colors__type_support.h
[2.613s] -- Up-to-date: /home/yahboom/Desktop/intro_ws/install/turtle_interfaces/include/turtle_interfaces/turtle_interfaces/srv/detail/set_colors__functions.c
[2.613s] -- Up-to-date: /home/yahboom/Desktop/intro_ws/install/turtle_interfaces/include/turtle_interfaces/turtle_interfaces/srv/detail/set_colors__functions.h
[2.614s] -- Up-to-date: /home/yahboom/Desktop/intro_ws/install/turtle_interfaces/include/turtle_interfaces/turtle_interfaces/msg
[2.614s] -- Up-to-date: /home/yahboom/Desktop/intro_ws/install/turtle_interfaces/include/turtle_interfaces/turtle_interfaces/msg/detail
[2.614s] -- Up-to-date: /home/yahboom/Desktop/intro_ws/install/turtle_interfaces/include/turtle_interfaces/turtle_interfaces/msg/detail/turtle_pose__functions.c
[2.614s] -- Up-to-date: /home/yahboom/Desktop/intro_ws/install/turtle_interfaces/include/turtle_interfaces/turtle_interfaces/msg/detail/turtle_pose__functions.h
[2.615s] -- Up-to-date: /home/yahboom/Desktop/intro_ws/install/turtle_interfaces/include/turtle_interfaces/turtle_interfaces/msg/detail/turtle_pose__struct.h
[2.615s] -- Up-to-date: /home/yahboom/Desktop/intro_ws/install/turtle_interfaces/include/turtle_interfaces/turtle_interfaces/msg/detail/turtle_pose__type_support.h
[2.615s] -- Up-to-date: /home/yahboom/Desktop/intro_ws/install/turtle_interfaces/include/turtle_interfaces/turtle_interfaces/msg/turtle_pose.h
[2.615s] -- Up-to-date: /home/yahboom/Desktop/intro_ws/install/turtle_interfaces/include/turtle_interfaces/turtle_interfaces/msg/rosidl_generator_c__visibility_control.h
[2.615s] -- Up-to-date: /home/yahboom/Desktop/intro_ws/install/turtle_interfaces/share/turtle_interfaces/environment/library_path.sh
[2.615s] -- Up-to-date: /home/yahboom/Desktop/intro_ws/install/turtle_interfaces/share/turtle_interfaces/environment/library_path.dsv
[2.615s] -- Up-to-date: /home/yahboom/Desktop/intro_ws/install/turtle_interfaces/lib/libturtle_interfaces__rosidl_generator_c.so
[2.616s] -- Up-to-date: /home/yahboom/Desktop/intro_ws/install/turtle_interfaces/include/turtle_interfaces/turtle_interfaces
[2.617s] -- Up-to-date: /home/yahboom/Desktop/intro_ws/install/turtle_interfaces/include/turtle_interfaces/turtle_interfaces/action
[2.617s] -- Up-to-date: /home/yahboom/Desktop/intro_ws/install/turtle_interfaces/include/turtle_interfaces/turtle_interfaces/action/detail
[2.617s] -- Up-to-date: /home/yahboom/Desktop/intro_ws/install/turtle_interfaces/include/turtle_interfaces/turtle_interfaces/action/detail/make_square__rosidl_typesupport_fastrtps_c.h
[2.617s] -- Up-to-date: /home/yahboom/Desktop/intro_ws/install/turtle_interfaces/include/turtle_interfaces/turtle_interfaces/srv
[2.619s] -- Up-to-date: /home/yahboom/Desktop/intro_ws/install/turtle_interfaces/include/turtle_interfaces/turtle_interfaces/srv/detail
[2.620s] -- Up-to-date: /home/yahboom/Desktop/intro_ws/install/turtle_interfaces/include/turtle_interfaces/turtle_interfaces/srv/detail/set_colors__rosidl_typesupport_fastrtps_c.h
[2.621s] -- Up-to-date: /home/yahboom/Desktop/intro_ws/install/turtle_interfaces/include/turtle_interfaces/turtle_interfaces/msg
[2.621s] -- Up-to-date: /home/yahboom/Desktop/intro_ws/install/turtle_interfaces/include/turtle_interfaces/turtle_interfaces/msg/detail
[2.622s] -- Up-to-date: /home/yahboom/Desktop/intro_ws/install/turtle_interfaces/include/turtle_interfaces/turtle_interfaces/msg/detail/turtle_pose__rosidl_typesupport_fastrtps_c.h
[2.622s] -- Up-to-date: /home/yahboom/Desktop/intro_ws/install/turtle_interfaces/include/turtle_interfaces/turtle_interfaces/msg/rosidl_typesupport_fastrtps_c__visibility_control.h
[2.622s] -- Up-to-date: /home/yahboom/Desktop/intro_ws/install/turtle_interfaces/lib/libturtle_interfaces__rosidl_typesupport_fastrtps_c.so
[2.622s] -- Up-to-date: /home/yahboom/Desktop/intro_ws/install/turtle_interfaces/include/turtle_interfaces/turtle_interfaces
[2.622s] -- Up-to-date: /home/yahboom/Desktop/intro_ws/install/turtle_interfaces/include/turtle_interfaces/turtle_interfaces/action
[2.622s] -- Up-to-date: /home/yahboom/Desktop/intro_ws/install/turtle_interfaces/include/turtle_interfaces/turtle_interfaces/action/detail
[2.622s] -- Up-to-date: /home/yahboom/Desktop/intro_ws/install/turtle_interfaces/include/turtle_interfaces/turtle_interfaces/action/detail/make_square__type_support.c
[2.622s] -- Up-to-date: /home/yahboom/Desktop/intro_ws/install/turtle_interfaces/include/turtle_interfaces/turtle_interfaces/action/detail/make_square__rosidl_typesupport_introspection_c.h
[2.623s] -- Up-to-date: /home/yahboom/Desktop/intro_ws/install/turtle_interfaces/include/turtle_interfaces/turtle_interfaces/srv
[2.623s] -- Up-to-date: /home/yahboom/Desktop/intro_ws/install/turtle_interfaces/include/turtle_interfaces/turtle_interfaces/srv/detail
[2.623s] -- Up-to-date: /home/yahboom/Desktop/intro_ws/install/turtle_interfaces/include/turtle_interfaces/turtle_interfaces/srv/detail/set_colors__type_support.c
[2.623s] -- Up-to-date: /home/yahboom/Desktop/intro_ws/install/turtle_interfaces/include/turtle_interfaces/turtle_interfaces/srv/detail/set_colors__rosidl_typesupport_introspection_c.h
[2.623s] -- Up-to-date: /home/yahboom/Desktop/intro_ws/install/turtle_interfaces/include/turtle_interfaces/turtle_interfaces/msg
[2.624s] -- Up-to-date: /home/yahboom/Desktop/intro_ws/install/turtle_interfaces/include/turtle_interfaces/turtle_interfaces/msg/detail
[2.624s] -- Up-to-date: /home/yahboom/Desktop/intro_ws/install/turtle_interfaces/include/turtle_interfaces/turtle_interfaces/msg/detail/turtle_pose__rosidl_typesupport_introspection_c.h
[2.625s] -- Up-to-date: /home/yahboom/Desktop/intro_ws/install/turtle_interfaces/include/turtle_interfaces/turtle_interfaces/msg/detail/turtle_pose__type_support.c
[2.625s] -- Up-to-date: /home/yahboom/Desktop/intro_ws/install/turtle_interfaces/include/turtle_interfaces/turtle_interfaces/msg/rosidl_typesupport_introspection_c__visibility_control.h
[2.625s] -- Up-to-date: /home/yahboom/Desktop/intro_ws/install/turtle_interfaces/lib/libturtle_interfaces__rosidl_typesupport_introspection_c.so
[2.625s] -- Up-to-date: /home/yahboom/Desktop/intro_ws/install/turtle_interfaces/lib/libturtle_interfaces__rosidl_typesupport_c.so
[2.626s] -- Up-to-date: /home/yahboom/Desktop/intro_ws/install/turtle_interfaces/include/turtle_interfaces/turtle_interfaces
[2.627s] -- Up-to-date: /home/yahboom/Desktop/intro_ws/install/turtle_interfaces/include/turtle_interfaces/turtle_interfaces/action
[2.628s] -- Up-to-date: /home/yahboom/Desktop/intro_ws/install/turtle_interfaces/include/turtle_interfaces/turtle_interfaces/action/detail
[2.628s] -- Up-to-date: /home/yahboom/Desktop/intro_ws/install/turtle_interfaces/include/turtle_interfaces/turtle_interfaces/action/detail/make_square__builder.hpp
[2.628s] -- Up-to-date: /home/yahboom/Desktop/intro_ws/install/turtle_interfaces/include/turtle_interfaces/turtle_interfaces/action/detail/make_square__traits.hpp
[2.629s] -- Up-to-date: /home/yahboom/Desktop/intro_ws/install/turtle_interfaces/include/turtle_interfaces/turtle_interfaces/action/detail/make_square__struct.hpp
[2.629s] -- Up-to-date: /home/yahboom/Desktop/intro_ws/install/turtle_interfaces/include/turtle_interfaces/turtle_interfaces/action/make_square.hpp
[2.629s] -- Up-to-date: /home/yahboom/Desktop/intro_ws/install/turtle_interfaces/include/turtle_interfaces/turtle_interfaces/srv
[2.629s] -- Up-to-date: /home/yahboom/Desktop/intro_ws/install/turtle_interfaces/include/turtle_interfaces/turtle_interfaces/srv/detail
[2.629s] -- Up-to-date: /home/yahboom/Desktop/intro_ws/install/turtle_interfaces/include/turtle_interfaces/turtle_interfaces/srv/detail/set_colors__builder.hpp
[2.629s] -- Up-to-date: /home/yahboom/Desktop/intro_ws/install/turtle_interfaces/include/turtle_interfaces/turtle_interfaces/srv/detail/set_colors__traits.hpp
[2.629s] -- Up-to-date: /home/yahboom/Desktop/intro_ws/install/turtle_interfaces/include/turtle_interfaces/turtle_interfaces/srv/detail/set_colors__struct.hpp
[2.629s] -- Up-to-date: /home/yahboom/Desktop/intro_ws/install/turtle_interfaces/include/turtle_interfaces/turtle_interfaces/srv/set_colors.hpp
[2.630s] -- Up-to-date: /home/yahboom/Desktop/intro_ws/install/turtle_interfaces/include/turtle_interfaces/turtle_interfaces/msg
[2.630s] -- Up-to-date: /home/yahboom/Desktop/intro_ws/install/turtle_interfaces/include/turtle_interfaces/turtle_interfaces/msg/detail
[2.630s] -- Up-to-date: /home/yahboom/Desktop/intro_ws/install/turtle_interfaces/include/turtle_interfaces/turtle_interfaces/msg/detail/turtle_pose__builder.hpp
[2.630s] -- Up-to-date: /home/yahboom/Desktop/intro_ws/install/turtle_interfaces/include/turtle_interfaces/turtle_interfaces/msg/detail/turtle_pose__traits.hpp
[2.630s] -- Up-to-date: /home/yahboom/Desktop/intro_ws/install/turtle_interfaces/include/turtle_interfaces/turtle_interfaces/msg/detail/turtle_pose__struct.hpp
[2.630s] -- Up-to-date: /home/yahboom/Desktop/intro_ws/install/turtle_interfaces/include/turtle_interfaces/turtle_interfaces/msg/turtle_pose.hpp
[2.630s] -- Up-to-date: /home/yahboom/Desktop/intro_ws/install/turtle_interfaces/include/turtle_interfaces/turtle_interfaces
[2.630s] -- Up-to-date: /home/yahboom/Desktop/intro_ws/install/turtle_interfaces/include/turtle_interfaces/turtle_interfaces/action
[2.631s] -- Up-to-date: /home/yahboom/Desktop/intro_ws/install/turtle_interfaces/include/turtle_interfaces/turtle_interfaces/action/detail
[2.631s] -- Up-to-date: /home/yahboom/Desktop/intro_ws/install/turtle_interfaces/include/turtle_interfaces/turtle_interfaces/action/detail/make_square__rosidl_typesupport_fastrtps_cpp.hpp
[2.631s] -- Up-to-date: /home/yahboom/Desktop/intro_ws/install/turtle_interfaces/include/turtle_interfaces/turtle_interfaces/action/detail/dds_fastrtps
[2.631s] -- Up-to-date: /home/yahboom/Desktop/intro_ws/install/turtle_interfaces/include/turtle_interfaces/turtle_interfaces/srv
[2.631s] -- Up-to-date: /home/yahboom/Desktop/intro_ws/install/turtle_interfaces/include/turtle_interfaces/turtle_interfaces/srv/detail
[2.631s] -- Up-to-date: /home/yahboom/Desktop/intro_ws/install/turtle_interfaces/include/turtle_interfaces/turtle_interfaces/srv/detail/set_colors__rosidl_typesupport_fastrtps_cpp.hpp
[2.631s] -- Up-to-date: /home/yahboom/Desktop/intro_ws/install/turtle_interfaces/include/turtle_interfaces/turtle_interfaces/srv/detail/dds_fastrtps
[2.632s] -- Up-to-date: /home/yahboom/Desktop/intro_ws/install/turtle_interfaces/include/turtle_interfaces/turtle_interfaces/msg
[2.632s] -- Up-to-date: /home/yahboom/Desktop/intro_ws/install/turtle_interfaces/include/turtle_interfaces/turtle_interfaces/msg/detail
[2.632s] -- Up-to-date: /home/yahboom/Desktop/intro_ws/install/turtle_interfaces/include/turtle_interfaces/turtle_interfaces/msg/detail/dds_fastrtps
[2.633s] -- Up-to-date: /home/yahboom/Desktop/intro_ws/install/turtle_interfaces/include/turtle_interfaces/turtle_interfaces/msg/detail/turtle_pose__rosidl_typesupport_fastrtps_cpp.hpp
[2.633s] -- Up-to-date: /home/yahboom/Desktop/intro_ws/install/turtle_interfaces/include/turtle_interfaces/turtle_interfaces/msg/rosidl_typesupport_fastrtps_cpp__visibility_control.h
[2.633s] -- Up-to-date: /home/yahboom/Desktop/intro_ws/install/turtle_interfaces/lib/libturtle_interfaces__rosidl_typesupport_fastrtps_cpp.so
[2.633s] -- Up-to-date: /home/yahboom/Desktop/intro_ws/install/turtle_interfaces/include/turtle_interfaces/turtle_interfaces
[2.633s] -- Up-to-date: /home/yahboom/Desktop/intro_ws/install/turtle_interfaces/include/turtle_interfaces/turtle_interfaces/action
[2.633s] -- Up-to-date: /home/yahboom/Desktop/intro_ws/install/turtle_interfaces/include/turtle_interfaces/turtle_interfaces/action/detail
[2.633s] -- Up-to-date: /home/yahboom/Desktop/intro_ws/install/turtle_interfaces/include/turtle_interfaces/turtle_interfaces/action/detail/make_square__rosidl_typesupport_introspection_cpp.hpp
[2.634s] -- Up-to-date: /home/yahboom/Desktop/intro_ws/install/turtle_interfaces/include/turtle_interfaces/turtle_interfaces/action/detail/make_square__type_support.cpp
[2.634s] -- Up-to-date: /home/yahboom/Desktop/intro_ws/install/turtle_interfaces/include/turtle_interfaces/turtle_interfaces/srv
[2.634s] -- Up-to-date: /home/yahboom/Desktop/intro_ws/install/turtle_interfaces/include/turtle_interfaces/turtle_interfaces/srv/detail
[2.634s] -- Up-to-date: /home/yahboom/Desktop/intro_ws/install/turtle_interfaces/include/turtle_interfaces/turtle_interfaces/srv/detail/set_colors__type_support.cpp
[2.634s] -- Up-to-date: /home/yahboom/Desktop/intro_ws/install/turtle_interfaces/include/turtle_interfaces/turtle_interfaces/srv/detail/set_colors__rosidl_typesupport_introspection_cpp.hpp
[2.634s] -- Up-to-date: /home/yahboom/Desktop/intro_ws/install/turtle_interfaces/include/turtle_interfaces/turtle_interfaces/msg
[2.635s] -- Up-to-date: /home/yahboom/Desktop/intro_ws/install/turtle_interfaces/include/turtle_interfaces/turtle_interfaces/msg/detail
[2.635s] -- Up-to-date: /home/yahboom/Desktop/intro_ws/install/turtle_interfaces/include/turtle_interfaces/turtle_interfaces/msg/detail/turtle_pose__rosidl_typesupport_introspection_cpp.hpp
[2.635s] -- Up-to-date: /home/yahboom/Desktop/intro_ws/install/turtle_interfaces/include/turtle_interfaces/turtle_interfaces/msg/detail/turtle_pose__type_support.cpp
[2.639s] -- Up-to-date: /home/yahboom/Desktop/intro_ws/install/turtle_interfaces/lib/libturtle_interfaces__rosidl_typesupport_introspection_cpp.so
[2.640s] -- Up-to-date: /home/yahboom/Desktop/intro_ws/install/turtle_interfaces/lib/libturtle_interfaces__rosidl_typesupport_cpp.so
[2.640s] -- Up-to-date: /home/yahboom/Desktop/intro_ws/install/turtle_interfaces/share/turtle_interfaces/environment/pythonpath.sh
[2.641s] -- Up-to-date: /home/yahboom/Desktop/intro_ws/install/turtle_interfaces/share/turtle_interfaces/environment/pythonpath.dsv
[2.642s] -- Up-to-date: /home/yahboom/Desktop/intro_ws/install/turtle_interfaces/local/lib/python3.10/dist-packages/turtle_interfaces-0.0.0-py3.10.egg-info
[2.642s] -- Installing: /home/yahboom/Desktop/intro_ws/install/turtle_interfaces/local/lib/python3.10/dist-packages/turtle_interfaces-0.0.0-py3.10.egg-info/top_level.txt
[2.645s] -- Installing: /home/yahboom/Desktop/intro_ws/install/turtle_interfaces/local/lib/python3.10/dist-packages/turtle_interfaces-0.0.0-py3.10.egg-info/PKG-INFO
[2.647s] -- Installing: /home/yahboom/Desktop/intro_ws/install/turtle_interfaces/local/lib/python3.10/dist-packages/turtle_interfaces-0.0.0-py3.10.egg-info/dependency_links.txt
[2.650s] -- Installing: /home/yahboom/Desktop/intro_ws/install/turtle_interfaces/local/lib/python3.10/dist-packages/turtle_interfaces-0.0.0-py3.10.egg-info/SOURCES.txt
[2.653s] -- Up-to-date: /home/yahboom/Desktop/intro_ws/install/turtle_interfaces/local/lib/python3.10/dist-packages/turtle_interfaces
[2.656s] -- Up-to-date: /home/yahboom/Desktop/intro_ws/install/turtle_interfaces/local/lib/python3.10/dist-packages/turtle_interfaces/libturtle_interfaces__rosidl_generator_py.so
[2.656s] -- Up-to-date: /home/yahboom/Desktop/intro_ws/install/turtle_interfaces/local/lib/python3.10/dist-packages/turtle_interfaces/action
[2.656s] -- Up-to-date: /home/yahboom/Desktop/intro_ws/install/turtle_interfaces/local/lib/python3.10/dist-packages/turtle_interfaces/action/_make_square.py
[2.657s] -- Up-to-date: /home/yahboom/Desktop/intro_ws/install/turtle_interfaces/local/lib/python3.10/dist-packages/turtle_interfaces/action/__init__.py
[2.657s] -- Up-to-date: /home/yahboom/Desktop/intro_ws/install/turtle_interfaces/local/lib/python3.10/dist-packages/turtle_interfaces/action/_make_square_s.c
[2.657s] -- Up-to-date: /home/yahboom/Desktop/intro_ws/install/turtle_interfaces/local/lib/python3.10/dist-packages/turtle_interfaces/_turtle_interfaces_s.ep.rosidl_typesupport_c.c
[2.657s] -- Up-to-date: /home/yahboom/Desktop/intro_ws/install/turtle_interfaces/local/lib/python3.10/dist-packages/turtle_interfaces/srv
[2.657s] -- Up-to-date: /home/yahboom/Desktop/intro_ws/install/turtle_interfaces/local/lib/python3.10/dist-packages/turtle_interfaces/srv/__init__.py
[2.658s] -- Up-to-date: /home/yahboom/Desktop/intro_ws/install/turtle_interfaces/local/lib/python3.10/dist-packages/turtle_interfaces/srv/_set_colors.py
[2.658s] -- Up-to-date: /home/yahboom/Desktop/intro_ws/install/turtle_interfaces/local/lib/python3.10/dist-packages/turtle_interfaces/srv/_set_colors_s.c
[2.658s] -- Up-to-date: /home/yahboom/Desktop/intro_ws/install/turtle_interfaces/local/lib/python3.10/dist-packages/turtle_interfaces/turtle_interfaces_s__rosidl_typesupport_introspection_c.cpython-310-x86_64-linux-gnu.so
[2.658s] -- Up-to-date: /home/yahboom/Desktop/intro_ws/install/turtle_interfaces/local/lib/python3.10/dist-packages/turtle_interfaces/__init__.py
[2.658s] -- Up-to-date: /home/yahboom/Desktop/intro_ws/install/turtle_interfaces/local/lib/python3.10/dist-packages/turtle_interfaces/turtle_interfaces_s__rosidl_typesupport_fastrtps_c.cpython-310-x86_64-linux-gnu.so
[2.658s] -- Up-to-date: /home/yahboom/Desktop/intro_ws/install/turtle_interfaces/local/lib/python3.10/dist-packages/turtle_interfaces/_turtle_interfaces_s.ep.rosidl_typesupport_introspection_c.c
[2.658s] -- Up-to-date: /home/yahboom/Desktop/intro_ws/install/turtle_interfaces/local/lib/python3.10/dist-packages/turtle_interfaces/msg
[2.658s] -- Up-to-date: /home/yahboom/Desktop/intro_ws/install/turtle_interfaces/local/lib/python3.10/dist-packages/turtle_interfaces/msg/_turtle_pose.py
[2.658s] -- Up-to-date: /home/yahboom/Desktop/intro_ws/install/turtle_interfaces/local/lib/python3.10/dist-packages/turtle_interfaces/msg/__init__.py
[2.659s] -- Up-to-date: /home/yahboom/Desktop/intro_ws/install/turtle_interfaces/local/lib/python3.10/dist-packages/turtle_interfaces/msg/_turtle_pose_s.c
[2.659s] -- Up-to-date: /home/yahboom/Desktop/intro_ws/install/turtle_interfaces/local/lib/python3.10/dist-packages/turtle_interfaces/turtle_interfaces_s__rosidl_typesupport_c.cpython-310-x86_64-linux-gnu.so
[2.659s] -- Up-to-date: /home/yahboom/Desktop/intro_ws/install/turtle_interfaces/local/lib/python3.10/dist-packages/turtle_interfaces/_turtle_interfaces_s.ep.rosidl_typesupport_fastrtps_c.c
[2.780s] Listing '/home/yahboom/Desktop/intro_ws/install/turtle_interfaces/local/lib/python3.10/dist-packages/turtle_interfaces'...
[2.780s] Listing '/home/yahboom/Desktop/intro_ws/install/turtle_interfaces/local/lib/python3.10/dist-packages/turtle_interfaces/action'...
[2.780s] Listing '/home/yahboom/Desktop/intro_ws/install/turtle_interfaces/local/lib/python3.10/dist-packages/turtle_interfaces/msg'...
[2.780s] Listing '/home/yahboom/Desktop/intro_ws/install/turtle_interfaces/local/lib/python3.10/dist-packages/turtle_interfaces/srv'...
[2.796s] -- Up-to-date: /home/yahboom/Desktop/intro_ws/install/turtle_interfaces/local/lib/python3.10/dist-packages/turtle_interfaces/turtle_interfaces_s__rosidl_typesupport_fastrtps_c.cpython-310-x86_64-linux-gnu.so
[2.797s] -- Up-to-date: /home/yahboom/Desktop/intro_ws/install/turtle_interfaces/local/lib/python3.10/dist-packages/turtle_interfaces/turtle_interfaces_s__rosidl_typesupport_introspection_c.cpython-310-x86_64-linux-gnu.so
[2.797s] -- Up-to-date: /home/yahboom/Desktop/intro_ws/install/turtle_interfaces/local/lib/python3.10/dist-packages/turtle_interfaces/turtle_interfaces_s__rosidl_typesupport_c.cpython-310-x86_64-linux-gnu.so
[2.798s] -- Up-to-date: /home/yahboom/Desktop/intro_ws/install/turtle_interfaces/lib/libturtle_interfaces__rosidl_generator_py.so
[2.799s] -- Up-to-date: /home/yahboom/Desktop/intro_ws/install/turtle_interfaces/share/turtle_interfaces/msg/TurtlePose.idl
[2.800s] -- Up-to-date: /home/yahboom/Desktop/intro_ws/install/turtle_interfaces/share/turtle_interfaces/srv/SetColors.idl
[2.800s] -- Up-to-date: /home/yahboom/Desktop/intro_ws/install/turtle_interfaces/share/turtle_interfaces/action/MakeSquare.idl
[2.800s] -- Up-to-date: /home/yahboom/Desktop/intro_ws/install/turtle_interfaces/share/turtle_interfaces/msg/TurtlePose.msg
[2.801s] -- Up-to-date: /home/yahboom/Desktop/intro_ws/install/turtle_interfaces/share/turtle_interfaces/srv/SetColors.srv
[2.801s] -- Up-to-date: /home/yahboom/Desktop/intro_ws/install/turtle_interfaces/share/turtle_interfaces/srv/SetColors_Request.msg
[2.801s] -- Up-to-date: /home/yahboom/Desktop/intro_ws/install/turtle_interfaces/share/turtle_interfaces/srv/SetColors_Response.msg
[2.802s] -- Up-to-date: /home/yahboom/Desktop/intro_ws/install/turtle_interfaces/share/turtle_interfaces/action/MakeSquare.action
[2.802s] -- Up-to-date: /home/yahboom/Desktop/intro_ws/install/turtle_interfaces/share/ament_index/resource_index/package_run_dependencies/turtle_interfaces
[2.802s] -- Up-to-date: /home/yahboom/Desktop/intro_ws/install/turtle_interfaces/share/ament_index/resource_index/parent_prefix_path/turtle_interfaces
[2.802s] -- Up-to-date: /home/yahboom/Desktop/intro_ws/install/turtle_interfaces/share/turtle_interfaces/environment/ament_prefix_path.sh
[2.803s] -- Up-to-date: /home/yahboom/Desktop/intro_ws/install/turtle_interfaces/share/turtle_interfaces/environment/ament_prefix_path.dsv
[2.804s] -- Up-to-date: /home/yahboom/Desktop/intro_ws/install/turtle_interfaces/share/turtle_interfaces/environment/path.sh
[2.804s] -- Up-to-date: /home/yahboom/Desktop/intro_ws/install/turtle_interfaces/share/turtle_interfaces/environment/path.dsv
[2.804s] -- Up-to-date: /home/yahboom/Desktop/intro_ws/install/turtle_interfaces/share/turtle_interfaces/local_setup.bash
[2.804s] -- Up-to-date: /home/yahboom/Desktop/intro_ws/install/turtle_interfaces/share/turtle_interfaces/local_setup.sh
[2.804s] -- Up-to-date: /home/yahboom/Desktop/intro_ws/install/turtle_interfaces/share/turtle_interfaces/local_setup.zsh
[2.804s] -- Up-to-date: /home/yahboom/Desktop/intro_ws/install/turtle_interfaces/share/turtle_interfaces/local_setup.dsv
[2.805s] -- Installing: /home/yahboom/Desktop/intro_ws/install/turtle_interfaces/share/turtle_interfaces/package.dsv
[2.807s] -- Up-to-date: /home/yahboom/Desktop/intro_ws/install/turtle_interfaces/share/ament_index/resource_index/packages/turtle_interfaces
[2.807s] -- Up-to-date: /home/yahboom/Desktop/intro_ws/install/turtle_interfaces/share/turtle_interfaces/cmake/export_turtle_interfaces__rosidl_generator_cExport.cmake
[2.808s] -- Up-to-date: /home/yahboom/Desktop/intro_ws/install/turtle_interfaces/share/turtle_interfaces/cmake/export_turtle_interfaces__rosidl_generator_cExport-noconfig.cmake
[2.809s] -- Up-to-date: /home/yahboom/Desktop/intro_ws/install/turtle_interfaces/share/turtle_interfaces/cmake/export_turtle_interfaces__rosidl_typesupport_fastrtps_cExport.cmake
[2.809s] -- Up-to-date: /home/yahboom/Desktop/intro_ws/install/turtle_interfaces/share/turtle_interfaces/cmake/export_turtle_interfaces__rosidl_typesupport_fastrtps_cExport-noconfig.cmake
[2.810s] -- Up-to-date: /home/yahboom/Desktop/intro_ws/install/turtle_interfaces/share/turtle_interfaces/cmake/turtle_interfaces__rosidl_typesupport_introspection_cExport.cmake
[2.810s] -- Up-to-date: /home/yahboom/Desktop/intro_ws/install/turtle_interfaces/share/turtle_interfaces/cmake/turtle_interfaces__rosidl_typesupport_introspection_cExport-noconfig.cmake
[2.810s] -- Up-to-date: /home/yahboom/Desktop/intro_ws/install/turtle_interfaces/share/turtle_interfaces/cmake/turtle_interfaces__rosidl_typesupport_cExport.cmake
[2.810s] -- Up-to-date: /home/yahboom/Desktop/intro_ws/install/turtle_interfaces/share/turtle_interfaces/cmake/turtle_interfaces__rosidl_typesupport_cExport-noconfig.cmake
[2.810s] -- Up-to-date: /home/yahboom/Desktop/intro_ws/install/turtle_interfaces/share/turtle_interfaces/cmake/export_turtle_interfaces__rosidl_generator_cppExport.cmake
[2.810s] -- Up-to-date: /home/yahboom/Desktop/intro_ws/install/turtle_interfaces/share/turtle_interfaces/cmake/export_turtle_interfaces__rosidl_typesupport_fastrtps_cppExport.cmake
[2.810s] -- Up-to-date: /home/yahboom/Desktop/intro_ws/install/turtle_interfaces/share/turtle_interfaces/cmake/export_turtle_interfaces__rosidl_typesupport_fastrtps_cppExport-noconfig.cmake
[2.810s] -- Up-to-date: /home/yahboom/Desktop/intro_ws/install/turtle_interfaces/share/turtle_interfaces/cmake/turtle_interfaces__rosidl_typesupport_introspection_cppExport.cmake
[2.811s] -- Up-to-date: /home/yahboom/Desktop/intro_ws/install/turtle_interfaces/share/turtle_interfaces/cmake/turtle_interfaces__rosidl_typesupport_introspection_cppExport-noconfig.cmake
[2.811s] -- Up-to-date: /home/yahboom/Desktop/intro_ws/install/turtle_interfaces/share/turtle_interfaces/cmake/turtle_interfaces__rosidl_typesupport_cppExport.cmake
[2.812s] -- Up-to-date: /home/yahboom/Desktop/intro_ws/install/turtle_interfaces/share/turtle_interfaces/cmake/turtle_interfaces__rosidl_typesupport_cppExport-noconfig.cmake
[2.812s] -- Up-to-date: /home/yahboom/Desktop/intro_ws/install/turtle_interfaces/share/turtle_interfaces/cmake/export_turtle_interfaces__rosidl_generator_pyExport.cmake
[2.812s] -- Up-to-date: /home/yahboom/Desktop/intro_ws/install/turtle_interfaces/share/turtle_interfaces/cmake/export_turtle_interfaces__rosidl_generator_pyExport-noconfig.cmake
[2.812s] -- Up-to-date: /home/yahboom/Desktop/intro_ws/install/turtle_interfaces/share/turtle_interfaces/cmake/rosidl_cmake-extras.cmake
[2.813s] -- Up-to-date: /home/yahboom/Desktop/intro_ws/install/turtle_interfaces/share/turtle_interfaces/cmake/ament_cmake_export_dependencies-extras.cmake
[2.813s] -- Up-to-date: /home/yahboom/Desktop/intro_ws/install/turtle_interfaces/share/turtle_interfaces/cmake/ament_cmake_export_include_directories-extras.cmake
[2.815s] -- Up-to-date: /home/yahboom/Desktop/intro_ws/install/turtle_interfaces/share/turtle_interfaces/cmake/ament_cmake_export_libraries-extras.cmake
[2.816s] -- Up-to-date: /home/yahboom/Desktop/intro_ws/install/turtle_interfaces/share/turtle_interfaces/cmake/ament_cmake_export_targets-extras.cmake
[2.817s] -- Up-to-date: /home/yahboom/Desktop/intro_ws/install/turtle_interfaces/share/turtle_interfaces/cmake/rosidl_cmake_export_typesupport_targets-extras.cmake
[2.817s] -- Up-to-date: /home/yahboom/Desktop/intro_ws/install/turtle_interfaces/share/turtle_interfaces/cmake/rosidl_cmake_export_typesupport_libraries-extras.cmake
[2.817s] -- Up-to-date: /home/yahboom/Desktop/intro_ws/install/turtle_interfaces/share/turtle_interfaces/cmake/turtle_interfacesConfig.cmake
[2.817s] -- Up-to-date: /home/yahboom/Desktop/intro_ws/install/turtle_interfaces/share/turtle_interfaces/cmake/turtle_interfacesConfig-version.cmake
[2.817s] -- Up-to-date: /home/yahboom/Desktop/intro_ws/install/turtle_interfaces/share/turtle_interfaces/package.xml
[2.818s] Invoked command in '/home/yahboom/Desktop/intro_ws/build/turtle_interfaces' returned '0': CMAKE_PREFIX_PATH=${CMAKE_PREFIX_PATH}:/home/yahboom/Desktop/intro_ws/install/python_parameters:/home/yahboom/Desktop/intro_ws/install/turtle_test:/home/yahboom/cartoros2/install/yahboomcar_nav:/home/yahboom/cartoros2/install/yahboomcar_ctrl:/home/yahboom/cartoros2/install/yahboom_visual:/home/yahboom/cartoros2/install/yahboom_dog_joint_state:/home/yahboom/cartoros2/install/yahboom_description:/home/yahboom/cartoros2/install/yahboom_color_identify_server:/home/yahboom/cartoros2/install/yahboom_bringup:/home/yahboom/cartoros2/install/yahboom_base:/home/yahboom/cartoros2/install/yahboom_app_save_map:/home/yahboom/cartoros2/install/update_map:/home/yahboom/cartoros2/install/rosboard:/home/yahboom/cartoros2/install/path_planner_server:/home/yahboom/cartoros2/install/nav2_simple_commander:/home/yahboom/cartoros2/install/nav2_gazebo_spawner:/home/yahboom/cartoros2/install/localization_server:/home/yahboom/cartoros2/install/laserscan_to_point_pulisher:/home/yahboom/yahboomcar_ws/install/yahboom_dog_example:/opt/ros/humble /usr/bin/cmake --install /home/yahboom/Desktop/intro_ws/build/turtle_interfaces
