[0.118s] DEBUG:colcon:Command line arguments: ['/usr/bin/colcon', 'build']
[0.118s] DEBUG:colcon:Parsed command line arguments: Namespace(log_base=None, log_level=None, verb_name='build', build_base='build', install_base='install', merge_install=False, symlink_install=False, test_result_base=None, continue_on_error=False, executor='parallel', parallel_workers=4, event_handlers=None, ignore_user_meta=False, metas=['./colcon.meta'], base_paths=['.'], packages_ignore=None, packages_ignore_regex=None, paths=None, packages_up_to=None, packages_up_to_regex=None, packages_above=None, packages_above_and_dependencies=None, packages_above_depth=None, packages_select_by_dep=None, packages_skip_by_dep=None, packages_skip_up_to=None, packages_select_build_failed=False, packages_skip_build_finished=False, packages_select_test_failures=False, packages_skip_test_passed=False, packages_select=None, packages_skip=None, packages_select_regex=None, packages_skip_regex=None, packages_start=None, packages_end=None, allow_overriding=[], cmake_args=None, cmake_target=None, cmake_target_skip_unavailable=False, cmake_clean_cache=False, cmake_clean_first=False, cmake_force_configure=False, ament_cmake_args=None, catkin_cmake_args=None, catkin_skip_building_tests=False, verb_parser=<colcon_defaults.argument_parser.defaults.DefaultArgumentsDecorator object at 0x7aa0d147e4d0>, verb_extension=<colcon_core.verb.build.BuildVerb object at 0x7aa0d147dfc0>, main=<bound method BuildVerb.main of <colcon_core.verb.build.BuildVerb object at 0x7aa0d147dfc0>>)
[0.306s] Level 1:colcon.colcon_core.package_discovery:discover_packages(colcon_meta) check parameters
[0.306s] Level 1:colcon.colcon_core.package_discovery:discover_packages(recursive) check parameters
[0.306s] Level 1:colcon.colcon_core.package_discovery:discover_packages(ignore) check parameters
[0.306s] Level 1:colcon.colcon_core.package_discovery:discover_packages(path) check parameters
[0.306s] Level 1:colcon.colcon_core.package_discovery:discover_packages(colcon_meta) discover
[0.306s] Level 1:colcon.colcon_core.package_discovery:discover_packages(recursive) discover
[0.306s] INFO:colcon.colcon_core.package_discovery:Crawling recursively for packages in '/home/yahboom/S26_RobotProgramming_Eloquent_Elusor/Lab7/wojnae/webots_ws'
[0.306s] Level 1:colcon.colcon_core.package_identification:_identify(.) by extensions ['ignore', 'ignore_ament_install']
[0.306s] Level 1:colcon.colcon_core.package_identification:_identify(.) by extension 'ignore'
[0.307s] Level 1:colcon.colcon_core.package_identification:_identify(.) by extension 'ignore_ament_install'
[0.307s] Level 1:colcon.colcon_core.package_identification:_identify(.) by extensions ['colcon_pkg']
[0.307s] Level 1:colcon.colcon_core.package_identification:_identify(.) by extension 'colcon_pkg'
[0.307s] Level 1:colcon.colcon_core.package_identification:_identify(.) by extensions ['colcon_meta']
[0.307s] Level 1:colcon.colcon_core.package_identification:_identify(.) by extension 'colcon_meta'
[0.307s] Level 1:colcon.colcon_core.package_identification:_identify(.) by extensions ['ros']
[0.307s] Level 1:colcon.colcon_core.package_identification:_identify(.) by extension 'ros'
[0.317s] Level 1:colcon.colcon_core.package_identification:_identify(.) by extensions ['cmake', 'python']
[0.317s] Level 1:colcon.colcon_core.package_identification:_identify(.) by extension 'cmake'
[0.317s] Level 1:colcon.colcon_core.package_identification:_identify(.) by extension 'python'
[0.317s] Level 1:colcon.colcon_core.package_identification:_identify(.) by extensions ['python_setup_py']
[0.317s] Level 1:colcon.colcon_core.package_identification:_identify(.) by extension 'python_setup_py'
[0.317s] Level 1:colcon.colcon_core.package_identification:_identify(build) by extensions ['ignore', 'ignore_ament_install']
[0.317s] Level 1:colcon.colcon_core.package_identification:_identify(build) by extension 'ignore'
[0.317s] Level 1:colcon.colcon_core.package_identification:_identify(build) ignored
[0.317s] Level 1:colcon.colcon_core.package_identification:_identify(install) by extensions ['ignore', 'ignore_ament_install']
[0.317s] Level 1:colcon.colcon_core.package_identification:_identify(install) by extension 'ignore'
[0.318s] Level 1:colcon.colcon_core.package_identification:_identify(install) ignored
[0.318s] Level 1:colcon.colcon_core.package_identification:_identify(log) by extensions ['ignore', 'ignore_ament_install']
[0.318s] Level 1:colcon.colcon_core.package_identification:_identify(log) by extension 'ignore'
[0.318s] Level 1:colcon.colcon_core.package_identification:_identify(log) ignored
[0.318s] Level 1:colcon.colcon_core.package_identification:_identify(src) by extensions ['ignore', 'ignore_ament_install']
[0.318s] Level 1:colcon.colcon_core.package_identification:_identify(src) by extension 'ignore'
[0.318s] Level 1:colcon.colcon_core.package_identification:_identify(src) by extension 'ignore_ament_install'
[0.318s] Level 1:colcon.colcon_core.package_identification:_identify(src) by extensions ['colcon_pkg']
[0.318s] Level 1:colcon.colcon_core.package_identification:_identify(src) by extension 'colcon_pkg'
[0.318s] Level 1:colcon.colcon_core.package_identification:_identify(src) by extensions ['colcon_meta']
[0.318s] Level 1:colcon.colcon_core.package_identification:_identify(src) by extension 'colcon_meta'
[0.318s] Level 1:colcon.colcon_core.package_identification:_identify(src) by extensions ['ros']
[0.318s] Level 1:colcon.colcon_core.package_identification:_identify(src) by extension 'ros'
[0.318s] Level 1:colcon.colcon_core.package_identification:_identify(src) by extensions ['cmake', 'python']
[0.318s] Level 1:colcon.colcon_core.package_identification:_identify(src) by extension 'cmake'
[0.318s] Level 1:colcon.colcon_core.package_identification:_identify(src) by extension 'python'
[0.318s] Level 1:colcon.colcon_core.package_identification:_identify(src) by extensions ['python_setup_py']
[0.318s] Level 1:colcon.colcon_core.package_identification:_identify(src) by extension 'python_setup_py'
[0.319s] Level 1:colcon.colcon_core.package_identification:_identify(src/my_robot) by extensions ['ignore', 'ignore_ament_install']
[0.319s] Level 1:colcon.colcon_core.package_identification:_identify(src/my_robot) by extension 'ignore'
[0.319s] Level 1:colcon.colcon_core.package_identification:_identify(src/my_robot) by extension 'ignore_ament_install'
[0.319s] Level 1:colcon.colcon_core.package_identification:_identify(src/my_robot) by extensions ['colcon_pkg']
[0.319s] Level 1:colcon.colcon_core.package_identification:_identify(src/my_robot) by extension 'colcon_pkg'
[0.319s] Level 1:colcon.colcon_core.package_identification:_identify(src/my_robot) by extensions ['colcon_meta']
[0.319s] Level 1:colcon.colcon_core.package_identification:_identify(src/my_robot) by extension 'colcon_meta'
[0.319s] Level 1:colcon.colcon_core.package_identification:_identify(src/my_robot) by extensions ['ros']
[0.319s] Level 1:colcon.colcon_core.package_identification:_identify(src/my_robot) by extension 'ros'
[0.321s] DEBUG:colcon.colcon_core.package_identification:Package 'src/my_robot' with type 'ros.ament_python' and name 'my_robot'
[0.321s] Level 1:colcon.colcon_core.package_identification:_identify(src/webots_test) by extensions ['ignore', 'ignore_ament_install']
[0.321s] Level 1:colcon.colcon_core.package_identification:_identify(src/webots_test) by extension 'ignore'
[0.321s] Level 1:colcon.colcon_core.package_identification:_identify(src/webots_test) by extension 'ignore_ament_install'
[0.321s] Level 1:colcon.colcon_core.package_identification:_identify(src/webots_test) by extensions ['colcon_pkg']
[0.321s] Level 1:colcon.colcon_core.package_identification:_identify(src/webots_test) by extension 'colcon_pkg'
[0.321s] Level 1:colcon.colcon_core.package_identification:_identify(src/webots_test) by extensions ['colcon_meta']
[0.321s] Level 1:colcon.colcon_core.package_identification:_identify(src/webots_test) by extension 'colcon_meta'
[0.321s] Level 1:colcon.colcon_core.package_identification:_identify(src/webots_test) by extensions ['ros']
[0.321s] Level 1:colcon.colcon_core.package_identification:_identify(src/webots_test) by extension 'ros'
[0.322s] DEBUG:colcon.colcon_core.package_identification:Package 'src/webots_test' with type 'ros.ament_python' and name 'webots_test'
[0.322s] Level 1:colcon.colcon_core.package_discovery:discover_packages(recursive) using defaults
[0.322s] Level 1:colcon.colcon_core.package_discovery:discover_packages(ignore) discover
[0.322s] Level 1:colcon.colcon_core.package_discovery:discover_packages(ignore) using defaults
[0.322s] Level 1:colcon.colcon_core.package_discovery:discover_packages(path) discover
[0.322s] Level 1:colcon.colcon_core.package_discovery:discover_packages(path) using defaults
[0.357s] Level 1:colcon.colcon_core.package_discovery:discover_packages(prefix_path) check parameters
[0.357s] Level 1:colcon.colcon_core.package_discovery:discover_packages(prefix_path) discover
[0.363s] DEBUG:colcon.colcon_installed_package_information.package_discovery:Found 2 installed packages in /home/yahboom/S26_RobotProgramming_Eloquent_Elusor/Lab7/wojnae/webots_ws/install
[0.364s] DEBUG:colcon.colcon_installed_package_information.package_discovery:Found 19 installed packages in /home/yahboom/yahboomcar_ws/install
[0.364s] DEBUG:colcon.colcon_installed_package_information.package_discovery:Found 2 installed packages in /home/yahboom/gmapping_ws/install
[0.367s] DEBUG:colcon.colcon_installed_package_information.package_discovery:Found 76 installed packages in /home/yahboom/cartoros2/install
[0.369s] DEBUG:colcon.colcon_installed_package_information.package_discovery:Found 350 installed packages in /opt/ros/humble
[0.372s] Level 1:colcon.colcon_core.package_discovery:discover_packages(prefix_path) using defaults
[0.421s] Level 5:colcon.colcon_core.verb:set package 'my_robot' build argument 'cmake_args' from command line to 'None'
[0.421s] Level 5:colcon.colcon_core.verb:set package 'my_robot' build argument 'cmake_target' from command line to 'None'
[0.421s] Level 5:colcon.colcon_core.verb:set package 'my_robot' build argument 'cmake_target_skip_unavailable' from command line to 'False'
[0.421s] Level 5:colcon.colcon_core.verb:set package 'my_robot' build argument 'cmake_clean_cache' from command line to 'False'
[0.421s] Level 5:colcon.colcon_core.verb:set package 'my_robot' build argument 'cmake_clean_first' from command line to 'False'
[0.421s] Level 5:colcon.colcon_core.verb:set package 'my_robot' build argument 'cmake_force_configure' from command line to 'False'
[0.421s] Level 5:colcon.colcon_core.verb:set package 'my_robot' build argument 'ament_cmake_args' from command line to 'None'
[0.421s] Level 5:colcon.colcon_core.verb:set package 'my_robot' build argument 'catkin_cmake_args' from command line to 'None'
[0.421s] Level 5:colcon.colcon_core.verb:set package 'my_robot' build argument 'catkin_skip_building_tests' from command line to 'False'
[0.421s] DEBUG:colcon.colcon_core.verb:Building package 'my_robot' with the following arguments: {'ament_cmake_args': None, 'build_base': '/home/yahboom/S26_RobotProgramming_Eloquent_Elusor/Lab7/wojnae/webots_ws/build/my_robot', 'catkin_cmake_args': None, 'catkin_skip_building_tests': False, 'cmake_args': None, 'cmake_clean_cache': False, 'cmake_clean_first': False, 'cmake_force_configure': False, 'cmake_target': None, 'cmake_target_skip_unavailable': False, 'install_base': '/home/yahboom/S26_RobotProgramming_Eloquent_Elusor/Lab7/wojnae/webots_ws/install/my_robot', 'merge_install': False, 'path': '/home/yahboom/S26_RobotProgramming_Eloquent_Elusor/Lab7/wojnae/webots_ws/src/my_robot', 'symlink_install': False, 'test_result_base': None}
[0.421s] Level 5:colcon.colcon_core.verb:set package 'webots_test' build argument 'cmake_args' from command line to 'None'
[0.421s] Level 5:colcon.colcon_core.verb:set package 'webots_test' build argument 'cmake_target' from command line to 'None'
[0.421s] Level 5:colcon.colcon_core.verb:set package 'webots_test' build argument 'cmake_target_skip_unavailable' from command line to 'False'
[0.421s] Level 5:colcon.colcon_core.verb:set package 'webots_test' build argument 'cmake_clean_cache' from command line to 'False'
[0.421s] Level 5:colcon.colcon_core.verb:set package 'webots_test' build argument 'cmake_clean_first' from command line to 'False'
[0.421s] Level 5:colcon.colcon_core.verb:set package 'webots_test' build argument 'cmake_force_configure' from command line to 'False'
[0.421s] Level 5:colcon.colcon_core.verb:set package 'webots_test' build argument 'ament_cmake_args' from command line to 'None'
[0.422s] Level 5:colcon.colcon_core.verb:set package 'webots_test' build argument 'catkin_cmake_args' from command line to 'None'
[0.422s] Level 5:colcon.colcon_core.verb:set package 'webots_test' build argument 'catkin_skip_building_tests' from command line to 'False'
[0.422s] DEBUG:colcon.colcon_core.verb:Building package 'webots_test' with the following arguments: {'ament_cmake_args': None, 'build_base': '/home/yahboom/S26_RobotProgramming_Eloquent_Elusor/Lab7/wojnae/webots_ws/build/webots_test', 'catkin_cmake_args': None, 'catkin_skip_building_tests': False, 'cmake_args': None, 'cmake_clean_cache': False, 'cmake_clean_first': False, 'cmake_force_configure': False, 'cmake_target': None, 'cmake_target_skip_unavailable': False, 'install_base': '/home/yahboom/S26_RobotProgramming_Eloquent_Elusor/Lab7/wojnae/webots_ws/install/webots_test', 'merge_install': False, 'path': '/home/yahboom/S26_RobotProgramming_Eloquent_Elusor/Lab7/wojnae/webots_ws/src/webots_test', 'symlink_install': False, 'test_result_base': None}
[0.422s] INFO:colcon.colcon_core.executor:Executing jobs using 'parallel' executor
[0.423s] DEBUG:colcon.colcon_parallel_executor.executor.parallel:run_until_complete
[0.423s] INFO:colcon.colcon_ros.task.ament_python.build:Building ROS package in '/home/yahboom/S26_RobotProgramming_Eloquent_Elusor/Lab7/wojnae/webots_ws/src/my_robot' with build type 'ament_python'
[0.423s] Level 1:colcon.colcon_core.shell:create_environment_hook('my_robot', 'ament_prefix_path')
[0.427s] INFO:colcon.colcon_core.plugin_system:Skipping extension 'colcon_core.shell.bat': Not used on non-Windows systems
[0.427s] INFO:colcon.colcon_core.shell:Creating environment hook '/home/yahboom/S26_RobotProgramming_Eloquent_Elusor/Lab7/wojnae/webots_ws/install/my_robot/share/my_robot/hook/ament_prefix_path.ps1'
[0.428s] INFO:colcon.colcon_core.shell:Creating environment descriptor '/home/yahboom/S26_RobotProgramming_Eloquent_Elusor/Lab7/wojnae/webots_ws/install/my_robot/share/my_robot/hook/ament_prefix_path.dsv'
[0.428s] INFO:colcon.colcon_core.shell:Creating environment hook '/home/yahboom/S26_RobotProgramming_Eloquent_Elusor/Lab7/wojnae/webots_ws/install/my_robot/share/my_robot/hook/ament_prefix_path.sh'
[0.429s] INFO:colcon.colcon_core.shell:Skip shell extension 'powershell' for command environment: Not usable outside of PowerShell
[0.429s] DEBUG:colcon.colcon_core.shell:Skip shell extension 'dsv' for command environment
[0.440s] INFO:colcon.colcon_ros.task.ament_python.build:Building ROS package in '/home/yahboom/S26_RobotProgramming_Eloquent_Elusor/Lab7/wojnae/webots_ws/src/webots_test' with build type 'ament_python'
[0.440s] Level 1:colcon.colcon_core.shell:create_environment_hook('webots_test', 'ament_prefix_path')
[0.440s] INFO:colcon.colcon_core.shell:Creating environment hook '/home/yahboom/S26_RobotProgramming_Eloquent_Elusor/Lab7/wojnae/webots_ws/install/webots_test/share/webots_test/hook/ament_prefix_path.ps1'
[0.441s] INFO:colcon.colcon_core.shell:Creating environment descriptor '/home/yahboom/S26_RobotProgramming_Eloquent_Elusor/Lab7/wojnae/webots_ws/install/webots_test/share/webots_test/hook/ament_prefix_path.dsv'
[0.441s] INFO:colcon.colcon_core.shell:Creating environment hook '/home/yahboom/S26_RobotProgramming_Eloquent_Elusor/Lab7/wojnae/webots_ws/install/webots_test/share/webots_test/hook/ament_prefix_path.sh'
[0.442s] INFO:colcon.colcon_core.shell:Skip shell extension 'powershell' for command environment: Not usable outside of PowerShell
[0.442s] DEBUG:colcon.colcon_core.shell:Skip shell extension 'dsv' for command environment
[0.764s] INFO:colcon.colcon_core.task.python.build:Building Python package in '/home/yahboom/S26_RobotProgramming_Eloquent_Elusor/Lab7/wojnae/webots_ws/src/my_robot'
[0.764s] INFO:colcon.colcon_core.shell:Skip shell extension 'powershell' for command environment: Not usable outside of PowerShell
[0.764s] DEBUG:colcon.colcon_core.shell:Skip shell extension 'dsv' for command environment
[1.075s] INFO:colcon.colcon_core.task.python.build:Building Python package in '/home/yahboom/S26_RobotProgramming_Eloquent_Elusor/Lab7/wojnae/webots_ws/src/webots_test'
[1.076s] INFO:colcon.colcon_core.shell:Skip shell extension 'powershell' for command environment: Not usable outside of PowerShell
[1.076s] DEBUG:colcon.colcon_core.shell:Skip shell extension 'dsv' for command environment
[1.475s] DEBUG:colcon.colcon_core.event_handler.log_command:Invoking command in '/home/yahboom/S26_RobotProgramming_Eloquent_Elusor/Lab7/wojnae/webots_ws/src/webots_test': PYTHONPATH=/home/yahboom/S26_RobotProgramming_Eloquent_Elusor/Lab7/wojnae/webots_ws/build/webots_test/prefix_override:/home/yahboom/S26_RobotProgramming_Eloquent_Elusor/Lab7/wojnae/webots_ws/install/webots_test/lib/python3.10/site-packages:${PYTHONPATH} /usr/bin/python3 -W ignore:setup.py install is deprecated setup.py egg_info --egg-base ../../build/webots_test build --build-base /home/yahboom/S26_RobotProgramming_Eloquent_Elusor/Lab7/wojnae/webots_ws/build/webots_test/build install --record /home/yahboom/S26_RobotProgramming_Eloquent_Elusor/Lab7/wojnae/webots_ws/build/webots_test/install.log --single-version-externally-managed install_data
[1.494s] DEBUG:colcon.colcon_core.event_handler.log_command:Invoking command in '/home/yahboom/S26_RobotProgramming_Eloquent_Elusor/Lab7/wojnae/webots_ws/src/my_robot': PYTHONPATH=/home/yahboom/S26_RobotProgramming_Eloquent_Elusor/Lab7/wojnae/webots_ws/build/my_robot/prefix_override:/home/yahboom/S26_RobotProgramming_Eloquent_Elusor/Lab7/wojnae/webots_ws/install/my_robot/lib/python3.10/site-packages:${PYTHONPATH} /usr/bin/python3 -W ignore:setup.py install is deprecated setup.py egg_info --egg-base ../../build/my_robot build --build-base /home/yahboom/S26_RobotProgramming_Eloquent_Elusor/Lab7/wojnae/webots_ws/build/my_robot/build install --record /home/yahboom/S26_RobotProgramming_Eloquent_Elusor/Lab7/wojnae/webots_ws/build/my_robot/install.log --single-version-externally-managed install_data
[1.838s] DEBUG:colcon.colcon_core.event_handler.log_command:Invoked command in '/home/yahboom/S26_RobotProgramming_Eloquent_Elusor/Lab7/wojnae/webots_ws/src/webots_test' returned '0': PYTHONPATH=/home/yahboom/S26_RobotProgramming_Eloquent_Elusor/Lab7/wojnae/webots_ws/build/webots_test/prefix_override:/home/yahboom/S26_RobotProgramming_Eloquent_Elusor/Lab7/wojnae/webots_ws/install/webots_test/lib/python3.10/site-packages:${PYTHONPATH} /usr/bin/python3 -W ignore:setup.py install is deprecated setup.py egg_info --egg-base ../../build/webots_test build --build-base /home/yahboom/S26_RobotProgramming_Eloquent_Elusor/Lab7/wojnae/webots_ws/build/webots_test/build install --record /home/yahboom/S26_RobotProgramming_Eloquent_Elusor/Lab7/wojnae/webots_ws/build/webots_test/install.log --single-version-externally-managed install_data
[1.841s] Level 1:colcon.colcon_core.environment:checking '/home/yahboom/S26_RobotProgramming_Eloquent_Elusor/Lab7/wojnae/webots_ws/install/webots_test' for CMake module files
[1.842s] Level 1:colcon.colcon_core.environment:checking '/home/yahboom/S26_RobotProgramming_Eloquent_Elusor/Lab7/wojnae/webots_ws/install/webots_test' for CMake config files
[1.843s] Level 1:colcon.colcon_core.environment:checking '/home/yahboom/S26_RobotProgramming_Eloquent_Elusor/Lab7/wojnae/webots_ws/install/webots_test/lib'
[1.843s] Level 1:colcon.colcon_core.environment:checking '/home/yahboom/S26_RobotProgramming_Eloquent_Elusor/Lab7/wojnae/webots_ws/install/webots_test/bin'
[1.843s] Level 1:colcon.colcon_core.environment:checking '/home/yahboom/S26_RobotProgramming_Eloquent_Elusor/Lab7/wojnae/webots_ws/install/webots_test/lib/pkgconfig/webots_test.pc'
[1.843s] Level 1:colcon.colcon_core.environment:checking '/home/yahboom/S26_RobotProgramming_Eloquent_Elusor/Lab7/wojnae/webots_ws/install/webots_test/lib/python3.10/site-packages'
[1.843s] Level 1:colcon.colcon_core.shell:create_environment_hook('webots_test', 'pythonpath')
[1.843s] INFO:colcon.colcon_core.shell:Creating environment hook '/home/yahboom/S26_RobotProgramming_Eloquent_Elusor/Lab7/wojnae/webots_ws/install/webots_test/share/webots_test/hook/pythonpath.ps1'
[1.844s] INFO:colcon.colcon_core.shell:Creating environment descriptor '/home/yahboom/S26_RobotProgramming_Eloquent_Elusor/Lab7/wojnae/webots_ws/install/webots_test/share/webots_test/hook/pythonpath.dsv'
[1.845s] INFO:colcon.colcon_core.shell:Creating environment hook '/home/yahboom/S26_RobotProgramming_Eloquent_Elusor/Lab7/wojnae/webots_ws/install/webots_test/share/webots_test/hook/pythonpath.sh'
[1.845s] Level 1:colcon.colcon_core.environment:checking '/home/yahboom/S26_RobotProgramming_Eloquent_Elusor/Lab7/wojnae/webots_ws/install/webots_test/bin'
[1.845s] Level 1:colcon.colcon_core.environment:create_environment_scripts_only(webots_test)
[1.846s] INFO:colcon.colcon_core.shell:Creating package script '/home/yahboom/S26_RobotProgramming_Eloquent_Elusor/Lab7/wojnae/webots_ws/install/webots_test/share/webots_test/package.ps1'
[1.846s] INFO:colcon.colcon_core.shell:Creating package descriptor '/home/yahboom/S26_RobotProgramming_Eloquent_Elusor/Lab7/wojnae/webots_ws/install/webots_test/share/webots_test/package.dsv'
[1.847s] INFO:colcon.colcon_core.shell:Creating package script '/home/yahboom/S26_RobotProgramming_Eloquent_Elusor/Lab7/wojnae/webots_ws/install/webots_test/share/webots_test/package.sh'
[1.848s] INFO:colcon.colcon_core.shell:Creating package script '/home/yahboom/S26_RobotProgramming_Eloquent_Elusor/Lab7/wojnae/webots_ws/install/webots_test/share/webots_test/package.bash'
[1.848s] INFO:colcon.colcon_core.shell:Creating package script '/home/yahboom/S26_RobotProgramming_Eloquent_Elusor/Lab7/wojnae/webots_ws/install/webots_test/share/webots_test/package.zsh'
[1.849s] Level 1:colcon.colcon_core.environment:create_file_with_runtime_dependencies(/home/yahboom/S26_RobotProgramming_Eloquent_Elusor/Lab7/wojnae/webots_ws/install/webots_test/share/colcon-core/packages/webots_test)
[1.851s] Level 1:colcon.colcon_core.environment:checking '/home/yahboom/S26_RobotProgramming_Eloquent_Elusor/Lab7/wojnae/webots_ws/install/my_robot' for CMake module files
[1.852s] DEBUG:colcon.colcon_core.event_handler.log_command:Invoked command in '/home/yahboom/S26_RobotProgramming_Eloquent_Elusor/Lab7/wojnae/webots_ws/src/my_robot' returned '0': PYTHONPATH=/home/yahboom/S26_RobotProgramming_Eloquent_Elusor/Lab7/wojnae/webots_ws/build/my_robot/prefix_override:/home/yahboom/S26_RobotProgramming_Eloquent_Elusor/Lab7/wojnae/webots_ws/install/my_robot/lib/python3.10/site-packages:${PYTHONPATH} /usr/bin/python3 -W ignore:setup.py install is deprecated setup.py egg_info --egg-base ../../build/my_robot build --build-base /home/yahboom/S26_RobotProgramming_Eloquent_Elusor/Lab7/wojnae/webots_ws/build/my_robot/build install --record /home/yahboom/S26_RobotProgramming_Eloquent_Elusor/Lab7/wojnae/webots_ws/build/my_robot/install.log --single-version-externally-managed install_data
[1.852s] Level 1:colcon.colcon_core.environment:checking '/home/yahboom/S26_RobotProgramming_Eloquent_Elusor/Lab7/wojnae/webots_ws/install/my_robot' for CMake config files
[1.853s] Level 1:colcon.colcon_core.environment:checking '/home/yahboom/S26_RobotProgramming_Eloquent_Elusor/Lab7/wojnae/webots_ws/install/my_robot/lib'
[1.853s] Level 1:colcon.colcon_core.environment:checking '/home/yahboom/S26_RobotProgramming_Eloquent_Elusor/Lab7/wojnae/webots_ws/install/my_robot/bin'
[1.853s] Level 1:colcon.colcon_core.environment:checking '/home/yahboom/S26_RobotProgramming_Eloquent_Elusor/Lab7/wojnae/webots_ws/install/my_robot/lib/pkgconfig/my_robot.pc'
[1.853s] Level 1:colcon.colcon_core.environment:checking '/home/yahboom/S26_RobotProgramming_Eloquent_Elusor/Lab7/wojnae/webots_ws/install/my_robot/lib/python3.10/site-packages'
[1.853s] Level 1:colcon.colcon_core.shell:create_environment_hook('my_robot', 'pythonpath')
[1.853s] INFO:colcon.colcon_core.shell:Creating environment hook '/home/yahboom/S26_RobotProgramming_Eloquent_Elusor/Lab7/wojnae/webots_ws/install/my_robot/share/my_robot/hook/pythonpath.ps1'
[1.854s] INFO:colcon.colcon_core.shell:Creating environment descriptor '/home/yahboom/S26_RobotProgramming_Eloquent_Elusor/Lab7/wojnae/webots_ws/install/my_robot/share/my_robot/hook/pythonpath.dsv'
[1.854s] INFO:colcon.colcon_core.shell:Creating environment hook '/home/yahboom/S26_RobotProgramming_Eloquent_Elusor/Lab7/wojnae/webots_ws/install/my_robot/share/my_robot/hook/pythonpath.sh'
[1.854s] Level 1:colcon.colcon_core.environment:checking '/home/yahboom/S26_RobotProgramming_Eloquent_Elusor/Lab7/wojnae/webots_ws/install/my_robot/bin'
[1.855s] Level 1:colcon.colcon_core.environment:create_environment_scripts_only(my_robot)
[1.855s] INFO:colcon.colcon_core.shell:Creating package script '/home/yahboom/S26_RobotProgramming_Eloquent_Elusor/Lab7/wojnae/webots_ws/install/my_robot/share/my_robot/package.ps1'
[1.855s] INFO:colcon.colcon_core.shell:Creating package descriptor '/home/yahboom/S26_RobotProgramming_Eloquent_Elusor/Lab7/wojnae/webots_ws/install/my_robot/share/my_robot/package.dsv'
[1.856s] INFO:colcon.colcon_core.shell:Creating package script '/home/yahboom/S26_RobotProgramming_Eloquent_Elusor/Lab7/wojnae/webots_ws/install/my_robot/share/my_robot/package.sh'
[1.856s] INFO:colcon.colcon_core.shell:Creating package script '/home/yahboom/S26_RobotProgramming_Eloquent_Elusor/Lab7/wojnae/webots_ws/install/my_robot/share/my_robot/package.bash'
[1.857s] INFO:colcon.colcon_core.shell:Creating package script '/home/yahboom/S26_RobotProgramming_Eloquent_Elusor/Lab7/wojnae/webots_ws/install/my_robot/share/my_robot/package.zsh'
[1.857s] Level 1:colcon.colcon_core.environment:create_file_with_runtime_dependencies(/home/yahboom/S26_RobotProgramming_Eloquent_Elusor/Lab7/wojnae/webots_ws/install/my_robot/share/colcon-core/packages/my_robot)
[1.857s] DEBUG:colcon.colcon_parallel_executor.executor.parallel:closing loop
[1.857s] DEBUG:colcon.colcon_parallel_executor.executor.parallel:loop closed
[1.858s] DEBUG:colcon.colcon_parallel_executor.executor.parallel:run_until_complete finished with '0'
[1.858s] DEBUG:colcon.colcon_core.event_reactor:joining thread
[1.865s] INFO:colcon.colcon_core.plugin_system:Skipping extension 'colcon_notification.desktop_notification.terminal_notifier': Not used on non-Darwin systems
[1.866s] INFO:colcon.colcon_core.plugin_system:Skipping extension 'colcon_notification.desktop_notification.win32': Not used on non-Windows systems
[1.866s] INFO:colcon.colcon_notification.desktop_notification:Sending desktop notification using 'notify2'
[1.879s] DEBUG:colcon.colcon_core.event_reactor:joined thread
[1.880s] INFO:colcon.colcon_core.shell:Creating prefix script '/home/yahboom/S26_RobotProgramming_Eloquent_Elusor/Lab7/wojnae/webots_ws/install/local_setup.ps1'
[1.881s] INFO:colcon.colcon_core.shell:Creating prefix util module '/home/yahboom/S26_RobotProgramming_Eloquent_Elusor/Lab7/wojnae/webots_ws/install/_local_setup_util_ps1.py'
[1.882s] INFO:colcon.colcon_core.shell:Creating prefix chain script '/home/yahboom/S26_RobotProgramming_Eloquent_Elusor/Lab7/wojnae/webots_ws/install/setup.ps1'
[1.887s] INFO:colcon.colcon_core.shell:Creating prefix script '/home/yahboom/S26_RobotProgramming_Eloquent_Elusor/Lab7/wojnae/webots_ws/install/local_setup.sh'
[1.888s] INFO:colcon.colcon_core.shell:Creating prefix util module '/home/yahboom/S26_RobotProgramming_Eloquent_Elusor/Lab7/wojnae/webots_ws/install/_local_setup_util_sh.py'
[1.889s] INFO:colcon.colcon_core.shell:Creating prefix chain script '/home/yahboom/S26_RobotProgramming_Eloquent_Elusor/Lab7/wojnae/webots_ws/install/setup.sh'
[1.893s] INFO:colcon.colcon_core.shell:Creating prefix script '/home/yahboom/S26_RobotProgramming_Eloquent_Elusor/Lab7/wojnae/webots_ws/install/local_setup.bash'
[1.894s] INFO:colcon.colcon_core.shell:Creating prefix chain script '/home/yahboom/S26_RobotProgramming_Eloquent_Elusor/Lab7/wojnae/webots_ws/install/setup.bash'
[1.900s] INFO:colcon.colcon_core.shell:Creating prefix script '/home/yahboom/S26_RobotProgramming_Eloquent_Elusor/Lab7/wojnae/webots_ws/install/local_setup.zsh'
[1.901s] INFO:colcon.colcon_core.shell:Creating prefix chain script '/home/yahboom/S26_RobotProgramming_Eloquent_Elusor/Lab7/wojnae/webots_ws/install/setup.zsh'
