[0.255s] DEBUG:colcon:Command line arguments: ['/usr/bin/colcon', 'build', '--symlink-install']
[0.255s] DEBUG:colcon:Parsed command line arguments: Namespace(log_base=None, log_level=None, verb_name='build', build_base='build', install_base='install', merge_install=False, symlink_install=True, test_result_base=None, continue_on_error=False, executor='parallel', parallel_workers=4, event_handlers=None, ignore_user_meta=False, metas=['./colcon.meta'], base_paths=['.'], packages_ignore=None, packages_ignore_regex=None, paths=None, packages_up_to=None, packages_up_to_regex=None, packages_above=None, packages_above_and_dependencies=None, packages_above_depth=None, packages_select_by_dep=None, packages_skip_by_dep=None, packages_skip_up_to=None, packages_select_build_failed=False, packages_skip_build_finished=False, packages_select_test_failures=False, packages_skip_test_passed=False, packages_select=None, packages_skip=None, packages_select_regex=None, packages_skip_regex=None, packages_start=None, packages_end=None, allow_overriding=[], cmake_args=None, cmake_target=None, cmake_target_skip_unavailable=False, cmake_clean_cache=False, cmake_clean_first=False, cmake_force_configure=False, ament_cmake_args=None, catkin_cmake_args=None, catkin_skip_building_tests=False, verb_parser=<colcon_defaults.argument_parser.defaults.DefaultArgumentsDecorator object at 0x7d04dab76440>, verb_extension=<colcon_core.verb.build.BuildVerb object at 0x7d04dab75f30>, main=<bound method BuildVerb.main of <colcon_core.verb.build.BuildVerb object at 0x7d04dab75f30>>)
[0.720s] Level 1:colcon.colcon_core.package_discovery:discover_packages(colcon_meta) check parameters
[0.720s] Level 1:colcon.colcon_core.package_discovery:discover_packages(recursive) check parameters
[0.720s] Level 1:colcon.colcon_core.package_discovery:discover_packages(ignore) check parameters
[0.720s] Level 1:colcon.colcon_core.package_discovery:discover_packages(path) check parameters
[0.720s] Level 1:colcon.colcon_core.package_discovery:discover_packages(colcon_meta) discover
[0.720s] Level 1:colcon.colcon_core.package_discovery:discover_packages(recursive) discover
[0.720s] INFO:colcon.colcon_core.package_discovery:Crawling recursively for packages in '/home/yahboom/Desktop/S26_RobotProgramming_Eloquent_Elusor/Lab3/pailya/roscourse_ws'
[0.720s] Level 1:colcon.colcon_core.package_identification:_identify(.) by extensions ['ignore', 'ignore_ament_install']
[0.721s] Level 1:colcon.colcon_core.package_identification:_identify(.) by extension 'ignore'
[0.721s] Level 1:colcon.colcon_core.package_identification:_identify(.) by extension 'ignore_ament_install'
[0.721s] Level 1:colcon.colcon_core.package_identification:_identify(.) by extensions ['colcon_pkg']
[0.721s] Level 1:colcon.colcon_core.package_identification:_identify(.) by extension 'colcon_pkg'
[0.721s] Level 1:colcon.colcon_core.package_identification:_identify(.) by extensions ['colcon_meta']
[0.721s] Level 1:colcon.colcon_core.package_identification:_identify(.) by extension 'colcon_meta'
[0.721s] Level 1:colcon.colcon_core.package_identification:_identify(.) by extensions ['ros']
[0.722s] Level 1:colcon.colcon_core.package_identification:_identify(.) by extension 'ros'
[0.753s] Level 1:colcon.colcon_core.package_identification:_identify(.) by extensions ['cmake', 'python']
[0.753s] Level 1:colcon.colcon_core.package_identification:_identify(.) by extension 'cmake'
[0.753s] Level 1:colcon.colcon_core.package_identification:_identify(.) by extension 'python'
[0.753s] Level 1:colcon.colcon_core.package_identification:_identify(.) by extensions ['python_setup_py']
[0.753s] Level 1:colcon.colcon_core.package_identification:_identify(.) by extension 'python_setup_py'
[0.754s] Level 1:colcon.colcon_core.package_identification:_identify(build) by extensions ['ignore', 'ignore_ament_install']
[0.754s] Level 1:colcon.colcon_core.package_identification:_identify(build) by extension 'ignore'
[0.754s] Level 1:colcon.colcon_core.package_identification:_identify(build) ignored
[0.754s] Level 1:colcon.colcon_core.package_identification:_identify(install) by extensions ['ignore', 'ignore_ament_install']
[0.754s] Level 1:colcon.colcon_core.package_identification:_identify(install) by extension 'ignore'
[0.754s] Level 1:colcon.colcon_core.package_identification:_identify(install) ignored
[0.755s] Level 1:colcon.colcon_core.package_identification:_identify(log) by extensions ['ignore', 'ignore_ament_install']
[0.755s] Level 1:colcon.colcon_core.package_identification:_identify(log) by extension 'ignore'
[0.755s] Level 1:colcon.colcon_core.package_identification:_identify(log) ignored
[0.755s] Level 1:colcon.colcon_core.package_identification:_identify(src) by extensions ['ignore', 'ignore_ament_install']
[0.755s] Level 1:colcon.colcon_core.package_identification:_identify(src) by extension 'ignore'
[0.755s] Level 1:colcon.colcon_core.package_identification:_identify(src) by extension 'ignore_ament_install'
[0.756s] Level 1:colcon.colcon_core.package_identification:_identify(src) by extensions ['colcon_pkg']
[0.756s] Level 1:colcon.colcon_core.package_identification:_identify(src) by extension 'colcon_pkg'
[0.756s] Level 1:colcon.colcon_core.package_identification:_identify(src) by extensions ['colcon_meta']
[0.756s] Level 1:colcon.colcon_core.package_identification:_identify(src) by extension 'colcon_meta'
[0.756s] Level 1:colcon.colcon_core.package_identification:_identify(src) by extensions ['ros']
[0.756s] Level 1:colcon.colcon_core.package_identification:_identify(src) by extension 'ros'
[0.756s] Level 1:colcon.colcon_core.package_identification:_identify(src) by extensions ['cmake', 'python']
[0.756s] Level 1:colcon.colcon_core.package_identification:_identify(src) by extension 'cmake'
[0.756s] Level 1:colcon.colcon_core.package_identification:_identify(src) by extension 'python'
[0.756s] Level 1:colcon.colcon_core.package_identification:_identify(src) by extensions ['python_setup_py']
[0.756s] Level 1:colcon.colcon_core.package_identification:_identify(src) by extension 'python_setup_py'
[0.756s] Level 1:colcon.colcon_core.package_identification:_identify(src/webcam) by extensions ['ignore', 'ignore_ament_install']
[0.756s] Level 1:colcon.colcon_core.package_identification:_identify(src/webcam) by extension 'ignore'
[0.757s] Level 1:colcon.colcon_core.package_identification:_identify(src/webcam) by extension 'ignore_ament_install'
[0.757s] Level 1:colcon.colcon_core.package_identification:_identify(src/webcam) by extensions ['colcon_pkg']
[0.757s] Level 1:colcon.colcon_core.package_identification:_identify(src/webcam) by extension 'colcon_pkg'
[0.757s] Level 1:colcon.colcon_core.package_identification:_identify(src/webcam) by extensions ['colcon_meta']
[0.757s] Level 1:colcon.colcon_core.package_identification:_identify(src/webcam) by extension 'colcon_meta'
[0.757s] Level 1:colcon.colcon_core.package_identification:_identify(src/webcam) by extensions ['ros']
[0.757s] Level 1:colcon.colcon_core.package_identification:_identify(src/webcam) by extension 'ros'
[0.763s] DEBUG:colcon.colcon_core.package_identification:Package 'src/webcam' with type 'ros.ament_python' and name 'webcam'
[0.763s] Level 1:colcon.colcon_core.package_discovery:discover_packages(recursive) using defaults
[0.763s] Level 1:colcon.colcon_core.package_discovery:discover_packages(ignore) discover
[0.763s] Level 1:colcon.colcon_core.package_discovery:discover_packages(ignore) using defaults
[0.763s] Level 1:colcon.colcon_core.package_discovery:discover_packages(path) discover
[0.763s] Level 1:colcon.colcon_core.package_discovery:discover_packages(path) using defaults
[0.837s] Level 1:colcon.colcon_core.package_discovery:discover_packages(prefix_path) check parameters
[0.837s] Level 1:colcon.colcon_core.package_discovery:discover_packages(prefix_path) discover
[0.883s] DEBUG:colcon.colcon_installed_package_information.package_discovery:Found 1 installed packages in /home/yahboom/Desktop/S26_RobotProgramming_Eloquent_Elusor/Lab3/pailya/roscourse_ws/install
[0.884s] DEBUG:colcon.colcon_installed_package_information.package_discovery:Found 19 installed packages in /home/yahboom/yahboomcar_ws/install
[0.885s] DEBUG:colcon.colcon_installed_package_information.package_discovery:Found 2 installed packages in /home/yahboom/gmapping_ws/install
[0.889s] DEBUG:colcon.colcon_installed_package_information.package_discovery:Found 76 installed packages in /home/yahboom/cartoros2/install
[0.893s] DEBUG:colcon.colcon_installed_package_information.package_discovery:Found 346 installed packages in /opt/ros/humble
[0.899s] Level 1:colcon.colcon_core.package_discovery:discover_packages(prefix_path) using defaults
[1.022s] Level 5:colcon.colcon_core.verb:set package 'webcam' build argument 'cmake_args' from command line to 'None'
[1.022s] Level 5:colcon.colcon_core.verb:set package 'webcam' build argument 'cmake_target' from command line to 'None'
[1.022s] Level 5:colcon.colcon_core.verb:set package 'webcam' build argument 'cmake_target_skip_unavailable' from command line to 'False'
[1.022s] Level 5:colcon.colcon_core.verb:set package 'webcam' build argument 'cmake_clean_cache' from command line to 'False'
[1.022s] Level 5:colcon.colcon_core.verb:set package 'webcam' build argument 'cmake_clean_first' from command line to 'False'
[1.022s] Level 5:colcon.colcon_core.verb:set package 'webcam' build argument 'cmake_force_configure' from command line to 'False'
[1.022s] Level 5:colcon.colcon_core.verb:set package 'webcam' build argument 'ament_cmake_args' from command line to 'None'
[1.022s] Level 5:colcon.colcon_core.verb:set package 'webcam' build argument 'catkin_cmake_args' from command line to 'None'
[1.022s] Level 5:colcon.colcon_core.verb:set package 'webcam' build argument 'catkin_skip_building_tests' from command line to 'False'
[1.022s] DEBUG:colcon.colcon_core.verb:Building package 'webcam' with the following arguments: {'ament_cmake_args': None, 'build_base': '/home/yahboom/Desktop/S26_RobotProgramming_Eloquent_Elusor/Lab3/pailya/roscourse_ws/build/webcam', 'catkin_cmake_args': None, 'catkin_skip_building_tests': False, 'cmake_args': None, 'cmake_clean_cache': False, 'cmake_clean_first': False, 'cmake_force_configure': False, 'cmake_target': None, 'cmake_target_skip_unavailable': False, 'install_base': '/home/yahboom/Desktop/S26_RobotProgramming_Eloquent_Elusor/Lab3/pailya/roscourse_ws/install/webcam', 'merge_install': False, 'path': '/home/yahboom/Desktop/S26_RobotProgramming_Eloquent_Elusor/Lab3/pailya/roscourse_ws/src/webcam', 'symlink_install': True, 'test_result_base': None}
[1.022s] INFO:colcon.colcon_core.executor:Executing jobs using 'parallel' executor
[1.025s] DEBUG:colcon.colcon_parallel_executor.executor.parallel:run_until_complete
[1.025s] INFO:colcon.colcon_ros.task.ament_python.build:Building ROS package in '/home/yahboom/Desktop/S26_RobotProgramming_Eloquent_Elusor/Lab3/pailya/roscourse_ws/src/webcam' with build type 'ament_python'
[1.025s] Level 1:colcon.colcon_core.shell:create_environment_hook('webcam', 'ament_prefix_path')
[1.031s] INFO:colcon.colcon_core.plugin_system:Skipping extension 'colcon_core.shell.bat': Not used on non-Windows systems
[1.032s] INFO:colcon.colcon_core.shell:Creating environment hook '/home/yahboom/Desktop/S26_RobotProgramming_Eloquent_Elusor/Lab3/pailya/roscourse_ws/install/webcam/share/webcam/hook/ament_prefix_path.ps1'
[1.033s] INFO:colcon.colcon_core.shell:Creating environment descriptor '/home/yahboom/Desktop/S26_RobotProgramming_Eloquent_Elusor/Lab3/pailya/roscourse_ws/install/webcam/share/webcam/hook/ament_prefix_path.dsv'
[1.034s] INFO:colcon.colcon_core.shell:Creating environment hook '/home/yahboom/Desktop/S26_RobotProgramming_Eloquent_Elusor/Lab3/pailya/roscourse_ws/install/webcam/share/webcam/hook/ament_prefix_path.sh'
[1.036s] INFO:colcon.colcon_core.shell:Skip shell extension 'powershell' for command environment: Not usable outside of PowerShell
[1.036s] DEBUG:colcon.colcon_core.shell:Skip shell extension 'dsv' for command environment
[1.821s] INFO:colcon.colcon_core.task.python.build:Building Python package in '/home/yahboom/Desktop/S26_RobotProgramming_Eloquent_Elusor/Lab3/pailya/roscourse_ws/src/webcam'
[1.821s] INFO:colcon.colcon_core.shell:Skip shell extension 'powershell' for command environment: Not usable outside of PowerShell
[1.821s] DEBUG:colcon.colcon_core.shell:Skip shell extension 'dsv' for command environment
[2.831s] DEBUG:colcon.colcon_core.event_handler.log_command:Invoking command in '/home/yahboom/Desktop/S26_RobotProgramming_Eloquent_Elusor/Lab3/pailya/roscourse_ws/build/webcam': PYTHONPATH=/home/yahboom/Desktop/S26_RobotProgramming_Eloquent_Elusor/Lab3/pailya/roscourse_ws/build/webcam/prefix_override:/home/yahboom/Desktop/S26_RobotProgramming_Eloquent_Elusor/Lab3/pailya/roscourse_ws/install/webcam/lib/python3.10/site-packages:${PYTHONPATH} /usr/bin/python3 -W ignore:setup.py install is deprecated setup.py develop --editable --build-directory /home/yahboom/Desktop/S26_RobotProgramming_Eloquent_Elusor/Lab3/pailya/roscourse_ws/build/webcam/build --no-deps symlink_data
[3.898s] Level 1:colcon.colcon_core.shell:create_environment_hook('webcam', 'pythonpath_develop')
[3.899s] INFO:colcon.colcon_core.shell:Creating environment hook '/home/yahboom/Desktop/S26_RobotProgramming_Eloquent_Elusor/Lab3/pailya/roscourse_ws/build/webcam/share/webcam/hook/pythonpath_develop.ps1'
[3.901s] DEBUG:colcon.colcon_core.event_handler.log_command:Invoked command in '/home/yahboom/Desktop/S26_RobotProgramming_Eloquent_Elusor/Lab3/pailya/roscourse_ws/build/webcam' returned '0': PYTHONPATH=/home/yahboom/Desktop/S26_RobotProgramming_Eloquent_Elusor/Lab3/pailya/roscourse_ws/build/webcam/prefix_override:/home/yahboom/Desktop/S26_RobotProgramming_Eloquent_Elusor/Lab3/pailya/roscourse_ws/install/webcam/lib/python3.10/site-packages:${PYTHONPATH} /usr/bin/python3 -W ignore:setup.py install is deprecated setup.py develop --editable --build-directory /home/yahboom/Desktop/S26_RobotProgramming_Eloquent_Elusor/Lab3/pailya/roscourse_ws/build/webcam/build --no-deps symlink_data
[3.903s] INFO:colcon.colcon_core.shell:Creating environment descriptor '/home/yahboom/Desktop/S26_RobotProgramming_Eloquent_Elusor/Lab3/pailya/roscourse_ws/build/webcam/share/webcam/hook/pythonpath_develop.dsv'
[3.904s] INFO:colcon.colcon_core.shell:Creating environment hook '/home/yahboom/Desktop/S26_RobotProgramming_Eloquent_Elusor/Lab3/pailya/roscourse_ws/build/webcam/share/webcam/hook/pythonpath_develop.sh'
[3.921s] Level 1:colcon.colcon_core.environment:checking '/home/yahboom/Desktop/S26_RobotProgramming_Eloquent_Elusor/Lab3/pailya/roscourse_ws/install/webcam' for CMake module files
[3.923s] Level 1:colcon.colcon_core.environment:checking '/home/yahboom/Desktop/S26_RobotProgramming_Eloquent_Elusor/Lab3/pailya/roscourse_ws/install/webcam' for CMake config files
[3.925s] Level 1:colcon.colcon_core.environment:checking '/home/yahboom/Desktop/S26_RobotProgramming_Eloquent_Elusor/Lab3/pailya/roscourse_ws/install/webcam/lib'
[3.925s] Level 1:colcon.colcon_core.environment:checking '/home/yahboom/Desktop/S26_RobotProgramming_Eloquent_Elusor/Lab3/pailya/roscourse_ws/install/webcam/bin'
[3.926s] Level 1:colcon.colcon_core.environment:checking '/home/yahboom/Desktop/S26_RobotProgramming_Eloquent_Elusor/Lab3/pailya/roscourse_ws/install/webcam/lib/pkgconfig/webcam.pc'
[3.926s] Level 1:colcon.colcon_core.environment:checking '/home/yahboom/Desktop/S26_RobotProgramming_Eloquent_Elusor/Lab3/pailya/roscourse_ws/install/webcam/lib/python3.10/site-packages'
[3.926s] Level 1:colcon.colcon_core.shell:create_environment_hook('webcam', 'pythonpath')
[3.927s] INFO:colcon.colcon_core.shell:Creating environment hook '/home/yahboom/Desktop/S26_RobotProgramming_Eloquent_Elusor/Lab3/pailya/roscourse_ws/install/webcam/share/webcam/hook/pythonpath.ps1'
[3.928s] INFO:colcon.colcon_core.shell:Creating environment descriptor '/home/yahboom/Desktop/S26_RobotProgramming_Eloquent_Elusor/Lab3/pailya/roscourse_ws/install/webcam/share/webcam/hook/pythonpath.dsv'
[3.929s] INFO:colcon.colcon_core.shell:Creating environment hook '/home/yahboom/Desktop/S26_RobotProgramming_Eloquent_Elusor/Lab3/pailya/roscourse_ws/install/webcam/share/webcam/hook/pythonpath.sh'
[3.930s] Level 1:colcon.colcon_core.environment:checking '/home/yahboom/Desktop/S26_RobotProgramming_Eloquent_Elusor/Lab3/pailya/roscourse_ws/install/webcam/bin'
[3.930s] Level 1:colcon.colcon_core.environment:create_environment_scripts_only(webcam)
[3.931s] INFO:colcon.colcon_core.shell:Creating package script '/home/yahboom/Desktop/S26_RobotProgramming_Eloquent_Elusor/Lab3/pailya/roscourse_ws/install/webcam/share/webcam/package.ps1'
[3.933s] INFO:colcon.colcon_core.shell:Creating package descriptor '/home/yahboom/Desktop/S26_RobotProgramming_Eloquent_Elusor/Lab3/pailya/roscourse_ws/install/webcam/share/webcam/package.dsv'
[3.934s] INFO:colcon.colcon_core.shell:Creating package script '/home/yahboom/Desktop/S26_RobotProgramming_Eloquent_Elusor/Lab3/pailya/roscourse_ws/install/webcam/share/webcam/package.sh'
[3.936s] INFO:colcon.colcon_core.shell:Creating package script '/home/yahboom/Desktop/S26_RobotProgramming_Eloquent_Elusor/Lab3/pailya/roscourse_ws/install/webcam/share/webcam/package.bash'
[3.937s] INFO:colcon.colcon_core.shell:Creating package script '/home/yahboom/Desktop/S26_RobotProgramming_Eloquent_Elusor/Lab3/pailya/roscourse_ws/install/webcam/share/webcam/package.zsh'
[3.938s] Level 1:colcon.colcon_core.environment:create_file_with_runtime_dependencies(/home/yahboom/Desktop/S26_RobotProgramming_Eloquent_Elusor/Lab3/pailya/roscourse_ws/install/webcam/share/colcon-core/packages/webcam)
[3.939s] DEBUG:colcon.colcon_parallel_executor.executor.parallel:closing loop
[3.940s] DEBUG:colcon.colcon_parallel_executor.executor.parallel:loop closed
[3.940s] DEBUG:colcon.colcon_parallel_executor.executor.parallel:run_until_complete finished with '0'
[3.940s] DEBUG:colcon.colcon_core.event_reactor:joining thread
[3.956s] INFO:colcon.colcon_core.plugin_system:Skipping extension 'colcon_notification.desktop_notification.terminal_notifier': Not used on non-Darwin systems
[3.956s] INFO:colcon.colcon_core.plugin_system:Skipping extension 'colcon_notification.desktop_notification.win32': Not used on non-Windows systems
[3.956s] INFO:colcon.colcon_notification.desktop_notification:Sending desktop notification using 'notify2'
[4.011s] DEBUG:colcon.colcon_core.event_reactor:joined thread
[4.012s] INFO:colcon.colcon_core.shell:Creating prefix script '/home/yahboom/Desktop/S26_RobotProgramming_Eloquent_Elusor/Lab3/pailya/roscourse_ws/install/local_setup.ps1'
[4.014s] INFO:colcon.colcon_core.shell:Creating prefix util module '/home/yahboom/Desktop/S26_RobotProgramming_Eloquent_Elusor/Lab3/pailya/roscourse_ws/install/_local_setup_util_ps1.py'
[4.016s] INFO:colcon.colcon_core.shell:Creating prefix chain script '/home/yahboom/Desktop/S26_RobotProgramming_Eloquent_Elusor/Lab3/pailya/roscourse_ws/install/setup.ps1'
[4.027s] INFO:colcon.colcon_core.shell:Creating prefix script '/home/yahboom/Desktop/S26_RobotProgramming_Eloquent_Elusor/Lab3/pailya/roscourse_ws/install/local_setup.sh'
[4.028s] INFO:colcon.colcon_core.shell:Creating prefix util module '/home/yahboom/Desktop/S26_RobotProgramming_Eloquent_Elusor/Lab3/pailya/roscourse_ws/install/_local_setup_util_sh.py'
[4.029s] INFO:colcon.colcon_core.shell:Creating prefix chain script '/home/yahboom/Desktop/S26_RobotProgramming_Eloquent_Elusor/Lab3/pailya/roscourse_ws/install/setup.sh'
[4.041s] INFO:colcon.colcon_core.shell:Creating prefix script '/home/yahboom/Desktop/S26_RobotProgramming_Eloquent_Elusor/Lab3/pailya/roscourse_ws/install/local_setup.bash'
[4.042s] INFO:colcon.colcon_core.shell:Creating prefix chain script '/home/yahboom/Desktop/S26_RobotProgramming_Eloquent_Elusor/Lab3/pailya/roscourse_ws/install/setup.bash'
[4.051s] INFO:colcon.colcon_core.shell:Creating prefix script '/home/yahboom/Desktop/S26_RobotProgramming_Eloquent_Elusor/Lab3/pailya/roscourse_ws/install/local_setup.zsh'
[4.052s] INFO:colcon.colcon_core.shell:Creating prefix chain script '/home/yahboom/Desktop/S26_RobotProgramming_Eloquent_Elusor/Lab3/pailya/roscourse_ws/install/setup.zsh'
