[0.965s] Invoking command in '/home/yahboom/S26_RobotProgramming_Eloquent_Elusor/Lab3/so/roscourse_ws/src/webcam': PYTHONPATH=/home/yahboom/S26_RobotProgramming_Eloquent_Elusor/Lab3/so/roscourse_ws/build/webcam/prefix_override:/home/yahboom/S26_RobotProgramming_Eloquent_Elusor/Lab3/so/roscourse_ws/install/webcam/lib/python3.10/site-packages:${PYTHONPATH} /usr/bin/python3 -W ignore:setup.py install is deprecated setup.py egg_info --egg-base ../../build/webcam build --build-base /home/yahboom/S26_RobotProgramming_Eloquent_Elusor/Lab3/so/roscourse_ws/build/webcam/build install --record /home/yahboom/S26_RobotProgramming_Eloquent_Elusor/Lab3/so/roscourse_ws/build/webcam/install.log --single-version-externally-managed install_data
[1.331s] running egg_info
[1.331s] creating ../../build/webcam/webcam.egg-info
[1.332s] writing ../../build/webcam/webcam.egg-info/PKG-INFO
[1.332s] writing dependency_links to ../../build/webcam/webcam.egg-info/dependency_links.txt
[1.333s] writing entry points to ../../build/webcam/webcam.egg-info/entry_points.txt
[1.333s] writing requirements to ../../build/webcam/webcam.egg-info/requires.txt
[1.333s] writing top-level names to ../../build/webcam/webcam.egg-info/top_level.txt
[1.334s] writing manifest file '../../build/webcam/webcam.egg-info/SOURCES.txt'
[1.334s] reading manifest file '../../build/webcam/webcam.egg-info/SOURCES.txt'
[1.335s] writing manifest file '../../build/webcam/webcam.egg-info/SOURCES.txt'
[1.336s] running build
[1.336s] running build_py
[1.336s] creating /home/yahboom/S26_RobotProgramming_Eloquent_Elusor/Lab3/so/roscourse_ws/build/webcam/build
[1.336s] creating /home/yahboom/S26_RobotProgramming_Eloquent_Elusor/Lab3/so/roscourse_ws/build/webcam/build/lib
[1.336s] creating /home/yahboom/S26_RobotProgramming_Eloquent_Elusor/Lab3/so/roscourse_ws/build/webcam/build/lib/webcam
[1.351s] copying webcam/cam_sub.py -> /home/yahboom/S26_RobotProgramming_Eloquent_Elusor/Lab3/so/roscourse_ws/build/webcam/build/lib/webcam
[1.351s] copying webcam/__init__.py -> /home/yahboom/S26_RobotProgramming_Eloquent_Elusor/Lab3/so/roscourse_ws/build/webcam/build/lib/webcam
[1.352s] copying webcam/cam_pub.py -> /home/yahboom/S26_RobotProgramming_Eloquent_Elusor/Lab3/so/roscourse_ws/build/webcam/build/lib/webcam
[1.352s] running install
[1.352s] running install_lib
[1.354s] creating /home/yahboom/S26_RobotProgramming_Eloquent_Elusor/Lab3/so/roscourse_ws/install/webcam/lib/python3.10/site-packages/webcam
[1.354s] copying /home/yahboom/S26_RobotProgramming_Eloquent_Elusor/Lab3/so/roscourse_ws/build/webcam/build/lib/webcam/cam_sub.py -> /home/yahboom/S26_RobotProgramming_Eloquent_Elusor/Lab3/so/roscourse_ws/install/webcam/lib/python3.10/site-packages/webcam
[1.354s] copying /home/yahboom/S26_RobotProgramming_Eloquent_Elusor/Lab3/so/roscourse_ws/build/webcam/build/lib/webcam/__init__.py -> /home/yahboom/S26_RobotProgramming_Eloquent_Elusor/Lab3/so/roscourse_ws/install/webcam/lib/python3.10/site-packages/webcam
[1.355s] copying /home/yahboom/S26_RobotProgramming_Eloquent_Elusor/Lab3/so/roscourse_ws/build/webcam/build/lib/webcam/cam_pub.py -> /home/yahboom/S26_RobotProgramming_Eloquent_Elusor/Lab3/so/roscourse_ws/install/webcam/lib/python3.10/site-packages/webcam
[1.356s] byte-compiling /home/yahboom/S26_RobotProgramming_Eloquent_Elusor/Lab3/so/roscourse_ws/install/webcam/lib/python3.10/site-packages/webcam/cam_sub.py to cam_sub.cpython-310.pyc
[1.357s] byte-compiling /home/yahboom/S26_RobotProgramming_Eloquent_Elusor/Lab3/so/roscourse_ws/install/webcam/lib/python3.10/site-packages/webcam/__init__.py to __init__.cpython-310.pyc
[1.357s] byte-compiling /home/yahboom/S26_RobotProgramming_Eloquent_Elusor/Lab3/so/roscourse_ws/install/webcam/lib/python3.10/site-packages/webcam/cam_pub.py to cam_pub.cpython-310.pyc
[1.358s] running install_data
[1.358s] creating /home/yahboom/S26_RobotProgramming_Eloquent_Elusor/Lab3/so/roscourse_ws/install/webcam/share/ament_index
[1.358s] creating /home/yahboom/S26_RobotProgramming_Eloquent_Elusor/Lab3/so/roscourse_ws/install/webcam/share/ament_index/resource_index
[1.358s] creating /home/yahboom/S26_RobotProgramming_Eloquent_Elusor/Lab3/so/roscourse_ws/install/webcam/share/ament_index/resource_index/packages
[1.358s] copying resource/webcam -> /home/yahboom/S26_RobotProgramming_Eloquent_Elusor/Lab3/so/roscourse_ws/install/webcam/share/ament_index/resource_index/packages
[1.359s] copying package.xml -> /home/yahboom/S26_RobotProgramming_Eloquent_Elusor/Lab3/so/roscourse_ws/install/webcam/share/webcam
[1.359s] running install_egg_info
[1.360s] Copying ../../build/webcam/webcam.egg-info to /home/yahboom/S26_RobotProgramming_Eloquent_Elusor/Lab3/so/roscourse_ws/install/webcam/lib/python3.10/site-packages/webcam-0.0.0-py3.10.egg-info
[1.364s] running install_scripts
[1.391s] Installing webcam_pub script to /home/yahboom/S26_RobotProgramming_Eloquent_Elusor/Lab3/so/roscourse_ws/install/webcam/lib/webcam
[1.392s] Installing webcam_sub script to /home/yahboom/S26_RobotProgramming_Eloquent_Elusor/Lab3/so/roscourse_ws/install/webcam/lib/webcam
[1.392s] writing list of installed files to '/home/yahboom/S26_RobotProgramming_Eloquent_Elusor/Lab3/so/roscourse_ws/build/webcam/install.log'
[1.420s] Invoked command in '/home/yahboom/S26_RobotProgramming_Eloquent_Elusor/Lab3/so/roscourse_ws/src/webcam' returned '0': PYTHONPATH=/home/yahboom/S26_RobotProgramming_Eloquent_Elusor/Lab3/so/roscourse_ws/build/webcam/prefix_override:/home/yahboom/S26_RobotProgramming_Eloquent_Elusor/Lab3/so/roscourse_ws/install/webcam/lib/python3.10/site-packages:${PYTHONPATH} /usr/bin/python3 -W ignore:setup.py install is deprecated setup.py egg_info --egg-base ../../build/webcam build --build-base /home/yahboom/S26_RobotProgramming_Eloquent_Elusor/Lab3/so/roscourse_ws/build/webcam/build install --record /home/yahboom/S26_RobotProgramming_Eloquent_Elusor/Lab3/so/roscourse_ws/build/webcam/install.log --single-version-externally-managed install_data
