[3.096s] Invoking command in '/home/yahboom/S26_RobotProgramming_Eloquent_Elusor/Lab5/wojnae/intro_ws/src/time_tf2_py': PYTHONPATH=/home/yahboom/S26_RobotProgramming_Eloquent_Elusor/Lab5/wojnae/intro_ws/build/time_tf2_py/prefix_override:/home/yahboom/S26_RobotProgramming_Eloquent_Elusor/Lab5/wojnae/intro_ws/install/time_tf2_py/lib/python3.10/site-packages:${PYTHONPATH} /usr/bin/python3 -W ignore:setup.py install is deprecated setup.py egg_info --egg-base ../../build/time_tf2_py build --build-base /home/yahboom/S26_RobotProgramming_Eloquent_Elusor/Lab5/wojnae/intro_ws/build/time_tf2_py/build install --record /home/yahboom/S26_RobotProgramming_Eloquent_Elusor/Lab5/wojnae/intro_ws/build/time_tf2_py/install.log --single-version-externally-managed install_data
[3.929s] running egg_info
[3.930s] creating ../../build/time_tf2_py/time_tf2_py.egg-info
[3.930s] writing ../../build/time_tf2_py/time_tf2_py.egg-info/PKG-INFO
[3.931s] writing dependency_links to ../../build/time_tf2_py/time_tf2_py.egg-info/dependency_links.txt
[3.932s] writing entry points to ../../build/time_tf2_py/time_tf2_py.egg-info/entry_points.txt
[3.932s] writing requirements to ../../build/time_tf2_py/time_tf2_py.egg-info/requires.txt
[3.932s] writing top-level names to ../../build/time_tf2_py/time_tf2_py.egg-info/top_level.txt
[3.932s] writing manifest file '../../build/time_tf2_py/time_tf2_py.egg-info/SOURCES.txt'
[3.936s] reading manifest file '../../build/time_tf2_py/time_tf2_py.egg-info/SOURCES.txt'
[3.939s] writing manifest file '../../build/time_tf2_py/time_tf2_py.egg-info/SOURCES.txt'
[3.939s] running build
[3.940s] running build_py
[3.940s] creating /home/yahboom/S26_RobotProgramming_Eloquent_Elusor/Lab5/wojnae/intro_ws/build/time_tf2_py/build
[3.941s] creating /home/yahboom/S26_RobotProgramming_Eloquent_Elusor/Lab5/wojnae/intro_ws/build/time_tf2_py/build/lib
[3.941s] creating /home/yahboom/S26_RobotProgramming_Eloquent_Elusor/Lab5/wojnae/intro_ws/build/time_tf2_py/build/lib/time_tf2_py
[3.941s] copying time_tf2_py/turtle_tf2_broadcaster.py -> /home/yahboom/S26_RobotProgramming_Eloquent_Elusor/Lab5/wojnae/intro_ws/build/time_tf2_py/build/lib/time_tf2_py
[3.941s] copying time_tf2_py/__init__.py -> /home/yahboom/S26_RobotProgramming_Eloquent_Elusor/Lab5/wojnae/intro_ws/build/time_tf2_py/build/lib/time_tf2_py
[3.942s] copying time_tf2_py/fixed_frame_tf2_broadcaster.py -> /home/yahboom/S26_RobotProgramming_Eloquent_Elusor/Lab5/wojnae/intro_ws/build/time_tf2_py/build/lib/time_tf2_py
[3.942s] copying time_tf2_py/turtle_tf2_listener.py -> /home/yahboom/S26_RobotProgramming_Eloquent_Elusor/Lab5/wojnae/intro_ws/build/time_tf2_py/build/lib/time_tf2_py
[3.943s] copying time_tf2_py/dynamic_frame_tf2_broadcaster.py -> /home/yahboom/S26_RobotProgramming_Eloquent_Elusor/Lab5/wojnae/intro_ws/build/time_tf2_py/build/lib/time_tf2_py
[3.944s] running install
[3.945s] running install_lib
[3.948s] creating /home/yahboom/S26_RobotProgramming_Eloquent_Elusor/Lab5/wojnae/intro_ws/install/time_tf2_py/lib/python3.10/site-packages/time_tf2_py
[3.948s] copying /home/yahboom/S26_RobotProgramming_Eloquent_Elusor/Lab5/wojnae/intro_ws/build/time_tf2_py/build/lib/time_tf2_py/turtle_tf2_broadcaster.py -> /home/yahboom/S26_RobotProgramming_Eloquent_Elusor/Lab5/wojnae/intro_ws/install/time_tf2_py/lib/python3.10/site-packages/time_tf2_py
[3.949s] copying /home/yahboom/S26_RobotProgramming_Eloquent_Elusor/Lab5/wojnae/intro_ws/build/time_tf2_py/build/lib/time_tf2_py/__init__.py -> /home/yahboom/S26_RobotProgramming_Eloquent_Elusor/Lab5/wojnae/intro_ws/install/time_tf2_py/lib/python3.10/site-packages/time_tf2_py
[3.949s] copying /home/yahboom/S26_RobotProgramming_Eloquent_Elusor/Lab5/wojnae/intro_ws/build/time_tf2_py/build/lib/time_tf2_py/fixed_frame_tf2_broadcaster.py -> /home/yahboom/S26_RobotProgramming_Eloquent_Elusor/Lab5/wojnae/intro_ws/install/time_tf2_py/lib/python3.10/site-packages/time_tf2_py
[3.949s] copying /home/yahboom/S26_RobotProgramming_Eloquent_Elusor/Lab5/wojnae/intro_ws/build/time_tf2_py/build/lib/time_tf2_py/turtle_tf2_listener.py -> /home/yahboom/S26_RobotProgramming_Eloquent_Elusor/Lab5/wojnae/intro_ws/install/time_tf2_py/lib/python3.10/site-packages/time_tf2_py
[3.950s] copying /home/yahboom/S26_RobotProgramming_Eloquent_Elusor/Lab5/wojnae/intro_ws/build/time_tf2_py/build/lib/time_tf2_py/dynamic_frame_tf2_broadcaster.py -> /home/yahboom/S26_RobotProgramming_Eloquent_Elusor/Lab5/wojnae/intro_ws/install/time_tf2_py/lib/python3.10/site-packages/time_tf2_py
[3.988s] byte-compiling /home/yahboom/S26_RobotProgramming_Eloquent_Elusor/Lab5/wojnae/intro_ws/install/time_tf2_py/lib/python3.10/site-packages/time_tf2_py/turtle_tf2_broadcaster.py to turtle_tf2_broadcaster.cpython-310.pyc
[3.991s] byte-compiling /home/yahboom/S26_RobotProgramming_Eloquent_Elusor/Lab5/wojnae/intro_ws/install/time_tf2_py/lib/python3.10/site-packages/time_tf2_py/__init__.py to __init__.cpython-310.pyc
[3.992s] byte-compiling /home/yahboom/S26_RobotProgramming_Eloquent_Elusor/Lab5/wojnae/intro_ws/install/time_tf2_py/lib/python3.10/site-packages/time_tf2_py/fixed_frame_tf2_broadcaster.py to fixed_frame_tf2_broadcaster.cpython-310.pyc
[3.993s] byte-compiling /home/yahboom/S26_RobotProgramming_Eloquent_Elusor/Lab5/wojnae/intro_ws/install/time_tf2_py/lib/python3.10/site-packages/time_tf2_py/turtle_tf2_listener.py to turtle_tf2_listener.cpython-310.pyc
[3.994s] byte-compiling /home/yahboom/S26_RobotProgramming_Eloquent_Elusor/Lab5/wojnae/intro_ws/install/time_tf2_py/lib/python3.10/site-packages/time_tf2_py/dynamic_frame_tf2_broadcaster.py to dynamic_frame_tf2_broadcaster.cpython-310.pyc
[3.995s] running install_data
[3.996s] creating /home/yahboom/S26_RobotProgramming_Eloquent_Elusor/Lab5/wojnae/intro_ws/install/time_tf2_py/share/ament_index
[3.996s] creating /home/yahboom/S26_RobotProgramming_Eloquent_Elusor/Lab5/wojnae/intro_ws/install/time_tf2_py/share/ament_index/resource_index
[3.996s] creating /home/yahboom/S26_RobotProgramming_Eloquent_Elusor/Lab5/wojnae/intro_ws/install/time_tf2_py/share/ament_index/resource_index/packages
[3.997s] copying resource/time_tf2_py -> /home/yahboom/S26_RobotProgramming_Eloquent_Elusor/Lab5/wojnae/intro_ws/install/time_tf2_py/share/ament_index/resource_index/packages
[3.997s] copying package.xml -> /home/yahboom/S26_RobotProgramming_Eloquent_Elusor/Lab5/wojnae/intro_ws/install/time_tf2_py/share/time_tf2_py
[3.997s] creating /home/yahboom/S26_RobotProgramming_Eloquent_Elusor/Lab5/wojnae/intro_ws/install/time_tf2_py/share/time_tf2_py/launch
[3.997s] running install_egg_info
[4.003s] Copying ../../build/time_tf2_py/time_tf2_py.egg-info to /home/yahboom/S26_RobotProgramming_Eloquent_Elusor/Lab5/wojnae/intro_ws/install/time_tf2_py/lib/python3.10/site-packages/time_tf2_py-0.0.0-py3.10.egg-info
[4.008s] running install_scripts
[4.080s] Installing dynamic_frame_tf2_broadcaster script to /home/yahboom/S26_RobotProgramming_Eloquent_Elusor/Lab5/wojnae/intro_ws/install/time_tf2_py/lib/time_tf2_py
[4.080s] Installing fixed_frame_tf2_broadcaster script to /home/yahboom/S26_RobotProgramming_Eloquent_Elusor/Lab5/wojnae/intro_ws/install/time_tf2_py/lib/time_tf2_py
[4.081s] Installing turtle_tf2_broadcaster script to /home/yahboom/S26_RobotProgramming_Eloquent_Elusor/Lab5/wojnae/intro_ws/install/time_tf2_py/lib/time_tf2_py
[4.082s] Installing turtle_tf2_listener script to /home/yahboom/S26_RobotProgramming_Eloquent_Elusor/Lab5/wojnae/intro_ws/install/time_tf2_py/lib/time_tf2_py
[4.082s] writing list of installed files to '/home/yahboom/S26_RobotProgramming_Eloquent_Elusor/Lab5/wojnae/intro_ws/build/time_tf2_py/install.log'
[4.146s] Invoked command in '/home/yahboom/S26_RobotProgramming_Eloquent_Elusor/Lab5/wojnae/intro_ws/src/time_tf2_py' returned '0': PYTHONPATH=/home/yahboom/S26_RobotProgramming_Eloquent_Elusor/Lab5/wojnae/intro_ws/build/time_tf2_py/prefix_override:/home/yahboom/S26_RobotProgramming_Eloquent_Elusor/Lab5/wojnae/intro_ws/install/time_tf2_py/lib/python3.10/site-packages:${PYTHONPATH} /usr/bin/python3 -W ignore:setup.py install is deprecated setup.py egg_info --egg-base ../../build/time_tf2_py build --build-base /home/yahboom/S26_RobotProgramming_Eloquent_Elusor/Lab5/wojnae/intro_ws/build/time_tf2_py/build install --record /home/yahboom/S26_RobotProgramming_Eloquent_Elusor/Lab5/wojnae/intro_ws/build/time_tf2_py/install.log --single-version-externally-managed install_data
