running egg_info
writing ../../build/python_parameters/UNKNOWN.egg-info/PKG-INFO
writing dependency_links to ../../build/python_parameters/UNKNOWN.egg-info/dependency_links.txt
writing top-level names to ../../build/python_parameters/UNKNOWN.egg-info/top_level.txt
reading manifest file '../../build/python_parameters/UNKNOWN.egg-info/SOURCES.txt'
writing manifest file '../../build/python_parameters/UNKNOWN.egg-info/SOURCES.txt'
running build
running install
running install_data
running install_egg_info
removing '/home/yahboom/Desktop/intro_ws/install/python_parameters/lib/python3.10/site-packages/UNKNOWN-0.0.0-py3.10.egg-info' (and everything under it)
Copying ../../build/python_parameters/UNKNOWN.egg-info to /home/yahboom/Desktop/intro_ws/install/python_parameters/lib/python3.10/site-packages/UNKNOWN-0.0.0-py3.10.egg-info
running install_scripts
writing list of installed files to '/home/yahboom/Desktop/intro_ws/build/python_parameters/install.log'
running egg_info
writing ../../build/python_parameters/python_parameters.egg-info/PKG-INFO
writing dependency_links to ../../build/python_parameters/python_parameters.egg-info/dependency_links.txt
writing entry points to ../../build/python_parameters/python_parameters.egg-info/entry_points.txt
writing requirements to ../../build/python_parameters/python_parameters.egg-info/requires.txt
writing top-level names to ../../build/python_parameters/python_parameters.egg-info/top_level.txt
reading manifest file '../../build/python_parameters/python_parameters.egg-info/SOURCES.txt'
writing manifest file '../../build/python_parameters/python_parameters.egg-info/SOURCES.txt'
running build
running build_py
running install
running install_lib
byte-compiling /home/yahboom/Desktop/intro_ws/install/python_parameters/lib/python3.10/site-packages/python_parameters/python_parameters_node.py to python_parameters_node.cpython-310.pyc
running install_data
running install_egg_info
removing '/home/yahboom/Desktop/intro_ws/install/python_parameters/lib/python3.10/site-packages/python_parameters-0.0.0-py3.10.egg-info' (and everything under it)
Copying ../../build/python_parameters/python_parameters.egg-info to /home/yahboom/Desktop/intro_ws/install/python_parameters/lib/python3.10/site-packages/python_parameters-0.0.0-py3.10.egg-info
running install_scripts
Installing minimal_param_node script to /home/yahboom/Desktop/intro_ws/install/python_parameters/lib/python_parameters
writing list of installed files to '/home/yahboom/Desktop/intro_ws/build/python_parameters/install.log'
