[1.343s] Invoking command in '/home/yahboom/Desktop/intro_ws/src/python_parameters': PYTHONPATH=/home/yahboom/Desktop/intro_ws/build/python_parameters/prefix_override:/home/yahboom/Desktop/intro_ws/install/python_parameters/lib/python3.10/site-packages:${PYTHONPATH} /usr/bin/python3 -W ignore:setup.py install is deprecated setup.py egg_info --egg-base ../../build/python_parameters build --build-base /home/yahboom/Desktop/intro_ws/build/python_parameters/build install --record /home/yahboom/Desktop/intro_ws/build/python_parameters/install.log --single-version-externally-managed install_data
[1.597s] running egg_info
[1.597s] writing ../../build/python_parameters/UNKNOWN.egg-info/PKG-INFO
[1.599s] writing dependency_links to ../../build/python_parameters/UNKNOWN.egg-info/dependency_links.txt
[1.599s] writing top-level names to ../../build/python_parameters/UNKNOWN.egg-info/top_level.txt
[1.599s] reading manifest file '../../build/python_parameters/UNKNOWN.egg-info/SOURCES.txt'
[1.616s] writing manifest file '../../build/python_parameters/UNKNOWN.egg-info/SOURCES.txt'
[1.617s] running build
[1.617s] running install
[1.617s] running install_data
[1.617s] running install_egg_info
[1.637s] removing '/home/yahboom/Desktop/intro_ws/install/python_parameters/lib/python3.10/site-packages/UNKNOWN-0.0.0-py3.10.egg-info' (and everything under it)
[1.637s] Copying ../../build/python_parameters/UNKNOWN.egg-info to /home/yahboom/Desktop/intro_ws/install/python_parameters/lib/python3.10/site-packages/UNKNOWN-0.0.0-py3.10.egg-info
[1.637s] running install_scripts
[1.675s] writing list of installed files to '/home/yahboom/Desktop/intro_ws/build/python_parameters/install.log'
[1.694s] running egg_info
[1.695s] writing ../../build/python_parameters/python_parameters.egg-info/PKG-INFO
[1.696s] writing dependency_links to ../../build/python_parameters/python_parameters.egg-info/dependency_links.txt
[1.696s] writing entry points to ../../build/python_parameters/python_parameters.egg-info/entry_points.txt
[1.696s] writing requirements to ../../build/python_parameters/python_parameters.egg-info/requires.txt
[1.696s] writing top-level names to ../../build/python_parameters/python_parameters.egg-info/top_level.txt
[1.699s] reading manifest file '../../build/python_parameters/python_parameters.egg-info/SOURCES.txt'
[1.701s] writing manifest file '../../build/python_parameters/python_parameters.egg-info/SOURCES.txt'
[1.701s] running build
[1.702s] running build_py
[1.708s] running install
[1.708s] running install_lib
[1.708s] running install_data
[1.708s] running install_egg_info
[1.708s] removing '/home/yahboom/Desktop/intro_ws/install/python_parameters/lib/python3.10/site-packages/python_parameters-0.0.0-py3.10.egg-info' (and everything under it)
[1.708s] Copying ../../build/python_parameters/python_parameters.egg-info to /home/yahboom/Desktop/intro_ws/install/python_parameters/lib/python3.10/site-packages/python_parameters-0.0.0-py3.10.egg-info
[1.712s] running install_scripts
[1.713s] Installing minimal_param_node script to /home/yahboom/Desktop/intro_ws/install/python_parameters/lib/python_parameters
[1.715s] writing list of installed files to '/home/yahboom/Desktop/intro_ws/build/python_parameters/install.log'
[1.752s] Invoked command in '/home/yahboom/Desktop/intro_ws/src/python_parameters' returned '0': PYTHONPATH=/home/yahboom/Desktop/intro_ws/build/python_parameters/prefix_override:/home/yahboom/Desktop/intro_ws/install/python_parameters/lib/python3.10/site-packages:${PYTHONPATH} /usr/bin/python3 -W ignore:setup.py install is deprecated setup.py egg_info --egg-base ../../build/python_parameters build --build-base /home/yahboom/Desktop/intro_ws/build/python_parameters/build install --record /home/yahboom/Desktop/intro_ws/build/python_parameters/install.log --single-version-externally-managed install_data
