[1.836s] Invoking command in '/home/yahboom/Desktop/intro_ws/src/python_parameters': PYTHONPATH=/home/yahboom/Desktop/intro_ws/build/python_parameters/prefix_override:/home/yahboom/Desktop/intro_ws/install/python_parameters/lib/python3.10/site-packages:${PYTHONPATH} /usr/bin/python3 -W ignore:setup.py install is deprecated setup.py egg_info --egg-base ../../build/python_parameters build --build-base /home/yahboom/Desktop/intro_ws/build/python_parameters/build install --record /home/yahboom/Desktop/intro_ws/build/python_parameters/install.log --single-version-externally-managed install_data
[2.372s] running egg_info
[2.373s] creating ../../build/python_parameters/UNKNOWN.egg-info
[2.373s] writing ../../build/python_parameters/UNKNOWN.egg-info/PKG-INFO
[2.374s] writing dependency_links to ../../build/python_parameters/UNKNOWN.egg-info/dependency_links.txt
[2.374s] writing top-level names to ../../build/python_parameters/UNKNOWN.egg-info/top_level.txt
[2.374s] writing manifest file '../../build/python_parameters/UNKNOWN.egg-info/SOURCES.txt'
[2.375s] reading manifest file '../../build/python_parameters/UNKNOWN.egg-info/SOURCES.txt'
[2.376s] writing manifest file '../../build/python_parameters/UNKNOWN.egg-info/SOURCES.txt'
[2.377s] running build
[2.377s] running install
[2.379s] running install_data
[2.379s] creating /home/yahboom/Desktop/intro_ws/install/python_parameters/share/python_parameters/launch
[2.379s] copying launch/run_multi_launch.py -> /home/yahboom/Desktop/intro_ws/install/python_parameters/share/python_parameters/launch
[2.380s] running install_egg_info
[2.383s] Copying ../../build/python_parameters/UNKNOWN.egg-info to /home/yahboom/Desktop/intro_ws/install/python_parameters/lib/python3.10/site-packages/UNKNOWN-0.0.0-py3.10.egg-info
[2.385s] running install_scripts
[2.433s] writing list of installed files to '/home/yahboom/Desktop/intro_ws/build/python_parameters/install.log'
[2.443s] running egg_info
[2.443s] writing ../../build/python_parameters/python_parameters.egg-info/PKG-INFO
[2.443s] writing dependency_links to ../../build/python_parameters/python_parameters.egg-info/dependency_links.txt
[2.447s] writing entry points to ../../build/python_parameters/python_parameters.egg-info/entry_points.txt
[2.447s] writing requirements to ../../build/python_parameters/python_parameters.egg-info/requires.txt
[2.447s] writing top-level names to ../../build/python_parameters/python_parameters.egg-info/top_level.txt
[2.448s] reading manifest file '../../build/python_parameters/python_parameters.egg-info/SOURCES.txt'
[2.458s] writing manifest file '../../build/python_parameters/python_parameters.egg-info/SOURCES.txt'
[2.461s] running build
[2.461s] running build_py
[2.461s] copying python_parameters/python_parameters_node.py -> /home/yahboom/Desktop/intro_ws/build/python_parameters/build/lib/python_parameters
[2.461s] running install
[2.461s] running install_lib
[2.464s] copying /home/yahboom/Desktop/intro_ws/build/python_parameters/build/lib/python_parameters/python_parameters_node.py -> /home/yahboom/Desktop/intro_ws/install/python_parameters/lib/python3.10/site-packages/python_parameters
[2.464s] byte-compiling /home/yahboom/Desktop/intro_ws/install/python_parameters/lib/python3.10/site-packages/python_parameters/python_parameters_node.py to python_parameters_node.cpython-310.pyc
[2.466s] running install_data
[2.466s] running install_egg_info
[2.467s] removing '/home/yahboom/Desktop/intro_ws/install/python_parameters/lib/python3.10/site-packages/python_parameters-0.0.0-py3.10.egg-info' (and everything under it)
[2.468s] Sorry: TabError: inconsistent use of tabs and spaces in indentation (python_parameters_node.py, line 12)
[2.470s] Copying ../../build/python_parameters/python_parameters.egg-info to /home/yahboom/Desktop/intro_ws/install/python_parameters/lib/python3.10/site-packages/python_parameters-0.0.0-py3.10.egg-info
[2.472s] running install_scripts
[2.473s] Installing minimal_param_node script to /home/yahboom/Desktop/intro_ws/install/python_parameters/lib/python_parameters
[2.474s] writing list of installed files to '/home/yahboom/Desktop/intro_ws/build/python_parameters/install.log'
[2.537s] Invoked command in '/home/yahboom/Desktop/intro_ws/src/python_parameters' returned '0': PYTHONPATH=/home/yahboom/Desktop/intro_ws/build/python_parameters/prefix_override:/home/yahboom/Desktop/intro_ws/install/python_parameters/lib/python3.10/site-packages:${PYTHONPATH} /usr/bin/python3 -W ignore:setup.py install is deprecated setup.py egg_info --egg-base ../../build/python_parameters build --build-base /home/yahboom/Desktop/intro_ws/build/python_parameters/build install --record /home/yahboom/Desktop/intro_ws/build/python_parameters/install.log --single-version-externally-managed install_data
