[3.098s] Invoking command in '/home/yahboom/Desktop/team_repo/Lab4/wallaa2/roscourse_ws/src/teleop_twist_keyboard': PYTHONPATH=/home/yahboom/Desktop/team_repo/Lab4/wallaa2/roscourse_ws/build/teleop_twist_keyboard/prefix_override:/usr/lib/python3/dist-packages/colcon_core/task/python/colcon_distutils_commands:/home/yahboom/Desktop/team_repo/Lab4/wallaa2/roscourse_ws/install/teleop_twist_keyboard/lib/python3.10/site-packages:${PYTHONPATH} /usr/bin/python3 -W ignore:setup.py install is deprecated -W ignore:easy_install command is deprecated setup.py egg_info --egg-base ../../build/teleop_twist_keyboard build --build-base /home/yahboom/Desktop/team_repo/Lab4/wallaa2/roscourse_ws/build/teleop_twist_keyboard/build install --record /home/yahboom/Desktop/team_repo/Lab4/wallaa2/roscourse_ws/build/teleop_twist_keyboard/install.log --single-version-externally-managed install_data
[3.938s] running egg_info
[3.939s] writing ../../build/teleop_twist_keyboard/teleop_twist_keyboard.egg-info/PKG-INFO
[3.940s] writing dependency_links to ../../build/teleop_twist_keyboard/teleop_twist_keyboard.egg-info/dependency_links.txt
[3.941s] writing entry points to ../../build/teleop_twist_keyboard/teleop_twist_keyboard.egg-info/entry_points.txt
[3.942s] writing requirements to ../../build/teleop_twist_keyboard/teleop_twist_keyboard.egg-info/requires.txt
[3.942s] writing top-level names to ../../build/teleop_twist_keyboard/teleop_twist_keyboard.egg-info/top_level.txt
[3.947s] reading manifest file '../../build/teleop_twist_keyboard/teleop_twist_keyboard.egg-info/SOURCES.txt'
[3.947s] adding license file 'LICENSE'
[3.949s] writing manifest file '../../build/teleop_twist_keyboard/teleop_twist_keyboard.egg-info/SOURCES.txt'
[3.949s] running build
[3.950s] running build_py
[3.950s] running install
[3.950s] running install_lib
[3.953s] running install_data
[3.953s] running install_egg_info
[3.958s] removing '/home/yahboom/Desktop/team_repo/Lab4/wallaa2/roscourse_ws/install/teleop_twist_keyboard/lib/python3.10/site-packages/teleop_twist_keyboard-2.4.1-py3.10.egg-info' (and everything under it)
[3.959s] Copying ../../build/teleop_twist_keyboard/teleop_twist_keyboard.egg-info to /home/yahboom/Desktop/team_repo/Lab4/wallaa2/roscourse_ws/install/teleop_twist_keyboard/lib/python3.10/site-packages/teleop_twist_keyboard-2.4.1-py3.10.egg-info
[3.961s] running install_scripts
[4.025s] Installing teleop_twist_keyboard script to /home/yahboom/Desktop/team_repo/Lab4/wallaa2/roscourse_ws/install/teleop_twist_keyboard/lib/teleop_twist_keyboard
[4.027s] writing list of installed files to '/home/yahboom/Desktop/team_repo/Lab4/wallaa2/roscourse_ws/build/teleop_twist_keyboard/install.log'
[4.092s] Invoked command in '/home/yahboom/Desktop/team_repo/Lab4/wallaa2/roscourse_ws/src/teleop_twist_keyboard' returned '0': PYTHONPATH=/home/yahboom/Desktop/team_repo/Lab4/wallaa2/roscourse_ws/build/teleop_twist_keyboard/prefix_override:/usr/lib/python3/dist-packages/colcon_core/task/python/colcon_distutils_commands:/home/yahboom/Desktop/team_repo/Lab4/wallaa2/roscourse_ws/install/teleop_twist_keyboard/lib/python3.10/site-packages:${PYTHONPATH} /usr/bin/python3 -W ignore:setup.py install is deprecated -W ignore:easy_install command is deprecated setup.py egg_info --egg-base ../../build/teleop_twist_keyboard build --build-base /home/yahboom/Desktop/team_repo/Lab4/wallaa2/roscourse_ws/build/teleop_twist_keyboard/build install --record /home/yahboom/Desktop/team_repo/Lab4/wallaa2/roscourse_ws/build/teleop_twist_keyboard/install.log --single-version-externally-managed install_data
