[3.141s] Invoking command in '/home/yahboom/Desktop/team_repo/Lab7/wallaa2/roscourse_sim_ws/src/my_robot': PYTHONPATH=/home/yahboom/Desktop/team_repo/Lab7/wallaa2/roscourse_sim_ws/build/my_robot/prefix_override:/usr/lib/python3/dist-packages/colcon_core/task/python/colcon_distutils_commands:/home/yahboom/Desktop/team_repo/Lab7/wallaa2/roscourse_sim_ws/install/my_robot/lib/python3.10/site-packages:${PYTHONPATH} /usr/bin/python3 -W ignore:setup.py install is deprecated -W ignore:easy_install command is deprecated setup.py egg_info --egg-base ../../build/my_robot build --build-base /home/yahboom/Desktop/team_repo/Lab7/wallaa2/roscourse_sim_ws/build/my_robot/build install --record /home/yahboom/Desktop/team_repo/Lab7/wallaa2/roscourse_sim_ws/build/my_robot/install.log --single-version-externally-managed install_data
[4.066s] running egg_info
[4.067s] writing ../../build/my_robot/my_robot.egg-info/PKG-INFO
[4.068s] writing dependency_links to ../../build/my_robot/my_robot.egg-info/dependency_links.txt
[4.069s] writing entry points to ../../build/my_robot/my_robot.egg-info/entry_points.txt
[4.069s] writing requirements to ../../build/my_robot/my_robot.egg-info/requires.txt
[4.070s] writing top-level names to ../../build/my_robot/my_robot.egg-info/top_level.txt
[4.073s] reading manifest file '../../build/my_robot/my_robot.egg-info/SOURCES.txt'
[4.076s] writing manifest file '../../build/my_robot/my_robot.egg-info/SOURCES.txt'
[4.076s] running build
[4.076s] running build_py
[4.077s] running install
[4.077s] running install_lib
[4.082s] running install_data
[4.083s] copying urdf/my_robot.urdf.xacro -> /home/yahboom/Desktop/team_repo/Lab7/wallaa2/roscourse_sim_ws/install/my_robot/share/my_robot
[4.083s] copying launch/my_robot_xacro_rviz.launch.py -> /home/yahboom/Desktop/team_repo/Lab7/wallaa2/roscourse_sim_ws/install/my_robot/share/my_robot/launch
[4.084s] running install_egg_info
[4.089s] removing '/home/yahboom/Desktop/team_repo/Lab7/wallaa2/roscourse_sim_ws/install/my_robot/lib/python3.10/site-packages/my_robot-0.0.0-py3.10.egg-info' (and everything under it)
[4.090s] Copying ../../build/my_robot/my_robot.egg-info to /home/yahboom/Desktop/team_repo/Lab7/wallaa2/roscourse_sim_ws/install/my_robot/lib/python3.10/site-packages/my_robot-0.0.0-py3.10.egg-info
[4.093s] running install_scripts
[4.157s] writing list of installed files to '/home/yahboom/Desktop/team_repo/Lab7/wallaa2/roscourse_sim_ws/build/my_robot/install.log'
[4.213s] Invoked command in '/home/yahboom/Desktop/team_repo/Lab7/wallaa2/roscourse_sim_ws/src/my_robot' returned '0': PYTHONPATH=/home/yahboom/Desktop/team_repo/Lab7/wallaa2/roscourse_sim_ws/build/my_robot/prefix_override:/usr/lib/python3/dist-packages/colcon_core/task/python/colcon_distutils_commands:/home/yahboom/Desktop/team_repo/Lab7/wallaa2/roscourse_sim_ws/install/my_robot/lib/python3.10/site-packages:${PYTHONPATH} /usr/bin/python3 -W ignore:setup.py install is deprecated -W ignore:easy_install command is deprecated setup.py egg_info --egg-base ../../build/my_robot build --build-base /home/yahboom/Desktop/team_repo/Lab7/wallaa2/roscourse_sim_ws/build/my_robot/build install --record /home/yahboom/Desktop/team_repo/Lab7/wallaa2/roscourse_sim_ws/build/my_robot/install.log --single-version-externally-managed install_data
