[0.316s] DEBUG:colcon:Command line arguments: ['/usr/bin/colcon', 'build']
[0.316s] DEBUG:colcon:Parsed command line arguments: Namespace(log_base=None, log_level=None, verb_name='build', build_base='build', install_base='install', merge_install=False, symlink_install=False, test_result_base=None, continue_on_error=False, executor='parallel', parallel_workers=4, event_handlers=None, ignore_user_meta=False, metas=['./colcon.meta'], base_paths=['.'], packages_ignore=None, packages_ignore_regex=None, paths=None, packages_up_to=None, packages_up_to_regex=None, packages_above=None, packages_above_and_dependencies=None, packages_above_depth=None, packages_select_by_dep=None, packages_skip_by_dep=None, packages_skip_up_to=None, packages_select_build_failed=False, packages_skip_build_finished=False, packages_select_test_failures=False, packages_skip_test_passed=False, packages_select=None, packages_skip=None, packages_select_regex=None, packages_skip_regex=None, packages_start=None, packages_end=None, allow_overriding=[], cmake_args=None, cmake_target=None, cmake_target_skip_unavailable=False, cmake_clean_cache=False, cmake_clean_first=False, cmake_force_configure=False, ament_cmake_args=None, catkin_cmake_args=None, catkin_skip_building_tests=False, verb_parser=<colcon_defaults.argument_parser.defaults.DefaultArgumentsDecorator object at 0x70c62153e230>, verb_extension=<colcon_core.verb.build.BuildVerb object at 0x70c62153dd20>, main=<bound method BuildVerb.main of <colcon_core.verb.build.BuildVerb object at 0x70c62153dd20>>)
[0.880s] Level 1:colcon.colcon_core.package_discovery:discover_packages(colcon_meta) check parameters
[0.880s] Level 1:colcon.colcon_core.package_discovery:discover_packages(recursive) check parameters
[0.880s] Level 1:colcon.colcon_core.package_discovery:discover_packages(ignore) check parameters
[0.880s] Level 1:colcon.colcon_core.package_discovery:discover_packages(path) check parameters
[0.880s] Level 1:colcon.colcon_core.package_discovery:discover_packages(colcon_meta) discover
[0.880s] Level 1:colcon.colcon_core.package_discovery:discover_packages(recursive) discover
[0.880s] INFO:colcon.colcon_core.package_discovery:Crawling recursively for packages in '/home/yahboom/S26_RobotProgramming_Eloquent_Elusor/Lab5/wojnae/intro_ws'
[0.880s] Level 1:colcon.colcon_core.package_identification:_identify(.) by extensions ['ignore', 'ignore_ament_install']
[0.881s] Level 1:colcon.colcon_core.package_identification:_identify(.) by extension 'ignore'
[0.881s] Level 1:colcon.colcon_core.package_identification:_identify(.) by extension 'ignore_ament_install'
[0.881s] Level 1:colcon.colcon_core.package_identification:_identify(.) by extensions ['colcon_pkg']
[0.881s] Level 1:colcon.colcon_core.package_identification:_identify(.) by extension 'colcon_pkg'
[0.881s] Level 1:colcon.colcon_core.package_identification:_identify(.) by extensions ['colcon_meta']
[0.881s] Level 1:colcon.colcon_core.package_identification:_identify(.) by extension 'colcon_meta'
[0.881s] Level 1:colcon.colcon_core.package_identification:_identify(.) by extensions ['ros']
[0.881s] Level 1:colcon.colcon_core.package_identification:_identify(.) by extension 'ros'
[0.904s] Level 1:colcon.colcon_core.package_identification:_identify(.) by extensions ['cmake', 'python']
[0.905s] Level 1:colcon.colcon_core.package_identification:_identify(.) by extension 'cmake'
[0.905s] Level 1:colcon.colcon_core.package_identification:_identify(.) by extension 'python'
[0.905s] Level 1:colcon.colcon_core.package_identification:_identify(.) by extensions ['python_setup_py']
[0.905s] Level 1:colcon.colcon_core.package_identification:_identify(.) by extension 'python_setup_py'
[0.905s] Level 1:colcon.colcon_core.package_identification:_identify(build) by extensions ['ignore', 'ignore_ament_install']
[0.905s] Level 1:colcon.colcon_core.package_identification:_identify(build) by extension 'ignore'
[0.905s] Level 1:colcon.colcon_core.package_identification:_identify(build) ignored
[0.906s] Level 1:colcon.colcon_core.package_identification:_identify(install) by extensions ['ignore', 'ignore_ament_install']
[0.906s] Level 1:colcon.colcon_core.package_identification:_identify(install) by extension 'ignore'
[0.906s] Level 1:colcon.colcon_core.package_identification:_identify(install) ignored
[0.906s] Level 1:colcon.colcon_core.package_identification:_identify(log) by extensions ['ignore', 'ignore_ament_install']
[0.907s] Level 1:colcon.colcon_core.package_identification:_identify(log) by extension 'ignore'
[0.907s] Level 1:colcon.colcon_core.package_identification:_identify(log) ignored
[0.907s] Level 1:colcon.colcon_core.package_identification:_identify(src) by extensions ['ignore', 'ignore_ament_install']
[0.907s] Level 1:colcon.colcon_core.package_identification:_identify(src) by extension 'ignore'
[0.907s] Level 1:colcon.colcon_core.package_identification:_identify(src) by extension 'ignore_ament_install'
[0.907s] Level 1:colcon.colcon_core.package_identification:_identify(src) by extensions ['colcon_pkg']
[0.907s] Level 1:colcon.colcon_core.package_identification:_identify(src) by extension 'colcon_pkg'
[0.908s] Level 1:colcon.colcon_core.package_identification:_identify(src) by extensions ['colcon_meta']
[0.908s] Level 1:colcon.colcon_core.package_identification:_identify(src) by extension 'colcon_meta'
[0.908s] Level 1:colcon.colcon_core.package_identification:_identify(src) by extensions ['ros']
[0.908s] Level 1:colcon.colcon_core.package_identification:_identify(src) by extension 'ros'
[0.908s] Level 1:colcon.colcon_core.package_identification:_identify(src) by extensions ['cmake', 'python']
[0.908s] Level 1:colcon.colcon_core.package_identification:_identify(src) by extension 'cmake'
[0.909s] Level 1:colcon.colcon_core.package_identification:_identify(src) by extension 'python'
[0.909s] Level 1:colcon.colcon_core.package_identification:_identify(src) by extensions ['python_setup_py']
[0.909s] Level 1:colcon.colcon_core.package_identification:_identify(src) by extension 'python_setup_py'
[0.909s] Level 1:colcon.colcon_core.package_identification:_identify(src/test_tf2_py) by extensions ['ignore', 'ignore_ament_install']
[0.910s] Level 1:colcon.colcon_core.package_identification:_identify(src/test_tf2_py) by extension 'ignore'
[0.910s] Level 1:colcon.colcon_core.package_identification:_identify(src/test_tf2_py) by extension 'ignore_ament_install'
[0.910s] Level 1:colcon.colcon_core.package_identification:_identify(src/test_tf2_py) by extensions ['colcon_pkg']
[0.911s] Level 1:colcon.colcon_core.package_identification:_identify(src/test_tf2_py) by extension 'colcon_pkg'
[0.911s] Level 1:colcon.colcon_core.package_identification:_identify(src/test_tf2_py) by extensions ['colcon_meta']
[0.911s] Level 1:colcon.colcon_core.package_identification:_identify(src/test_tf2_py) by extension 'colcon_meta'
[0.911s] Level 1:colcon.colcon_core.package_identification:_identify(src/test_tf2_py) by extensions ['ros']
[0.911s] Level 1:colcon.colcon_core.package_identification:_identify(src/test_tf2_py) by extension 'ros'
[0.916s] DEBUG:colcon.colcon_core.package_identification:Package 'src/test_tf2_py' with type 'ros.ament_python' and name 'test_tf2_py'
[0.917s] Level 1:colcon.colcon_core.package_identification:_identify(src/time_tf2_py) by extensions ['ignore', 'ignore_ament_install']
[0.917s] Level 1:colcon.colcon_core.package_identification:_identify(src/time_tf2_py) by extension 'ignore'
[0.917s] Level 1:colcon.colcon_core.package_identification:_identify(src/time_tf2_py) by extension 'ignore_ament_install'
[0.917s] Level 1:colcon.colcon_core.package_identification:_identify(src/time_tf2_py) by extensions ['colcon_pkg']
[0.917s] Level 1:colcon.colcon_core.package_identification:_identify(src/time_tf2_py) by extension 'colcon_pkg'
[0.917s] Level 1:colcon.colcon_core.package_identification:_identify(src/time_tf2_py) by extensions ['colcon_meta']
[0.917s] Level 1:colcon.colcon_core.package_identification:_identify(src/time_tf2_py) by extension 'colcon_meta'
[0.918s] Level 1:colcon.colcon_core.package_identification:_identify(src/time_tf2_py) by extensions ['ros']
[0.918s] Level 1:colcon.colcon_core.package_identification:_identify(src/time_tf2_py) by extension 'ros'
[0.919s] DEBUG:colcon.colcon_core.package_identification:Package 'src/time_tf2_py' with type 'ros.ament_python' and name 'time_tf2_py'
[0.919s] Level 1:colcon.colcon_core.package_discovery:discover_packages(recursive) using defaults
[0.919s] Level 1:colcon.colcon_core.package_discovery:discover_packages(ignore) discover
[0.919s] Level 1:colcon.colcon_core.package_discovery:discover_packages(ignore) using defaults
[0.919s] Level 1:colcon.colcon_core.package_discovery:discover_packages(path) discover
[0.919s] Level 1:colcon.colcon_core.package_discovery:discover_packages(path) using defaults
[1.010s] Level 1:colcon.colcon_core.package_discovery:discover_packages(prefix_path) check parameters
[1.010s] Level 1:colcon.colcon_core.package_discovery:discover_packages(prefix_path) discover
[1.031s] DEBUG:colcon.colcon_installed_package_information.package_discovery:Found 0 installed packages in /home/yahboom/intro_ws/install
[1.033s] DEBUG:colcon.colcon_installed_package_information.package_discovery:Found 1 installed packages in /home/yahboom/S26_RobotProgramming_Eloquent_Elusor/Lab5/wojnae/intro_ws/install
[1.036s] DEBUG:colcon.colcon_installed_package_information.package_discovery:Found 19 installed packages in /home/yahboom/yahboomcar_ws/install
[1.037s] DEBUG:colcon.colcon_installed_package_information.package_discovery:Found 2 installed packages in /home/yahboom/gmapping_ws/install
[1.043s] DEBUG:colcon.colcon_installed_package_information.package_discovery:Found 76 installed packages in /home/yahboom/cartoros2/install
[1.049s] DEBUG:colcon.colcon_installed_package_information.package_discovery:Found 346 installed packages in /opt/ros/humble
[1.057s] Level 1:colcon.colcon_core.package_discovery:discover_packages(prefix_path) using defaults
[1.201s] Level 5:colcon.colcon_core.verb:set package 'test_tf2_py' build argument 'cmake_args' from command line to 'None'
[1.201s] Level 5:colcon.colcon_core.verb:set package 'test_tf2_py' build argument 'cmake_target' from command line to 'None'
[1.201s] Level 5:colcon.colcon_core.verb:set package 'test_tf2_py' build argument 'cmake_target_skip_unavailable' from command line to 'False'
[1.201s] Level 5:colcon.colcon_core.verb:set package 'test_tf2_py' build argument 'cmake_clean_cache' from command line to 'False'
[1.201s] Level 5:colcon.colcon_core.verb:set package 'test_tf2_py' build argument 'cmake_clean_first' from command line to 'False'
[1.201s] Level 5:colcon.colcon_core.verb:set package 'test_tf2_py' build argument 'cmake_force_configure' from command line to 'False'
[1.201s] Level 5:colcon.colcon_core.verb:set package 'test_tf2_py' build argument 'ament_cmake_args' from command line to 'None'
[1.201s] Level 5:colcon.colcon_core.verb:set package 'test_tf2_py' build argument 'catkin_cmake_args' from command line to 'None'
[1.202s] Level 5:colcon.colcon_core.verb:set package 'test_tf2_py' build argument 'catkin_skip_building_tests' from command line to 'False'
[1.202s] DEBUG:colcon.colcon_core.verb:Building package 'test_tf2_py' with the following arguments: {'ament_cmake_args': None, 'build_base': '/home/yahboom/S26_RobotProgramming_Eloquent_Elusor/Lab5/wojnae/intro_ws/build/test_tf2_py', 'catkin_cmake_args': None, 'catkin_skip_building_tests': False, 'cmake_args': None, 'cmake_clean_cache': False, 'cmake_clean_first': False, 'cmake_force_configure': False, 'cmake_target': None, 'cmake_target_skip_unavailable': False, 'install_base': '/home/yahboom/S26_RobotProgramming_Eloquent_Elusor/Lab5/wojnae/intro_ws/install/test_tf2_py', 'merge_install': False, 'path': '/home/yahboom/S26_RobotProgramming_Eloquent_Elusor/Lab5/wojnae/intro_ws/src/test_tf2_py', 'symlink_install': False, 'test_result_base': None}
[1.202s] Level 5:colcon.colcon_core.verb:set package 'time_tf2_py' build argument 'cmake_args' from command line to 'None'
[1.203s] Level 5:colcon.colcon_core.verb:set package 'time_tf2_py' build argument 'cmake_target' from command line to 'None'
[1.203s] Level 5:colcon.colcon_core.verb:set package 'time_tf2_py' build argument 'cmake_target_skip_unavailable' from command line to 'False'
[1.203s] Level 5:colcon.colcon_core.verb:set package 'time_tf2_py' build argument 'cmake_clean_cache' from command line to 'False'
[1.203s] Level 5:colcon.colcon_core.verb:set package 'time_tf2_py' build argument 'cmake_clean_first' from command line to 'False'
[1.203s] Level 5:colcon.colcon_core.verb:set package 'time_tf2_py' build argument 'cmake_force_configure' from command line to 'False'
[1.203s] Level 5:colcon.colcon_core.verb:set package 'time_tf2_py' build argument 'ament_cmake_args' from command line to 'None'
[1.203s] Level 5:colcon.colcon_core.verb:set package 'time_tf2_py' build argument 'catkin_cmake_args' from command line to 'None'
[1.203s] Level 5:colcon.colcon_core.verb:set package 'time_tf2_py' build argument 'catkin_skip_building_tests' from command line to 'False'
[1.203s] DEBUG:colcon.colcon_core.verb:Building package 'time_tf2_py' with the following arguments: {'ament_cmake_args': None, 'build_base': '/home/yahboom/S26_RobotProgramming_Eloquent_Elusor/Lab5/wojnae/intro_ws/build/time_tf2_py', 'catkin_cmake_args': None, 'catkin_skip_building_tests': False, 'cmake_args': None, 'cmake_clean_cache': False, 'cmake_clean_first': False, 'cmake_force_configure': False, 'cmake_target': None, 'cmake_target_skip_unavailable': False, 'install_base': '/home/yahboom/S26_RobotProgramming_Eloquent_Elusor/Lab5/wojnae/intro_ws/install/time_tf2_py', 'merge_install': False, 'path': '/home/yahboom/S26_RobotProgramming_Eloquent_Elusor/Lab5/wojnae/intro_ws/src/time_tf2_py', 'symlink_install': False, 'test_result_base': None}
[1.203s] INFO:colcon.colcon_core.executor:Executing jobs using 'parallel' executor
[1.206s] DEBUG:colcon.colcon_parallel_executor.executor.parallel:run_until_complete
[1.207s] INFO:colcon.colcon_ros.task.ament_python.build:Building ROS package in '/home/yahboom/S26_RobotProgramming_Eloquent_Elusor/Lab5/wojnae/intro_ws/src/test_tf2_py' with build type 'ament_python'
[1.207s] Level 1:colcon.colcon_core.shell:create_environment_hook('test_tf2_py', 'ament_prefix_path')
[1.218s] INFO:colcon.colcon_core.plugin_system:Skipping extension 'colcon_core.shell.bat': Not used on non-Windows systems
[1.218s] INFO:colcon.colcon_core.shell:Creating environment hook '/home/yahboom/S26_RobotProgramming_Eloquent_Elusor/Lab5/wojnae/intro_ws/install/test_tf2_py/share/test_tf2_py/hook/ament_prefix_path.ps1'
[1.221s] INFO:colcon.colcon_core.shell:Creating environment descriptor '/home/yahboom/S26_RobotProgramming_Eloquent_Elusor/Lab5/wojnae/intro_ws/install/test_tf2_py/share/test_tf2_py/hook/ament_prefix_path.dsv'
[1.222s] INFO:colcon.colcon_core.shell:Creating environment hook '/home/yahboom/S26_RobotProgramming_Eloquent_Elusor/Lab5/wojnae/intro_ws/install/test_tf2_py/share/test_tf2_py/hook/ament_prefix_path.sh'
[1.225s] INFO:colcon.colcon_core.shell:Skip shell extension 'powershell' for command environment: Not usable outside of PowerShell
[1.225s] DEBUG:colcon.colcon_core.shell:Skip shell extension 'dsv' for command environment
[1.263s] INFO:colcon.colcon_ros.task.ament_python.build:Building ROS package in '/home/yahboom/S26_RobotProgramming_Eloquent_Elusor/Lab5/wojnae/intro_ws/src/time_tf2_py' with build type 'ament_python'
[1.263s] Level 1:colcon.colcon_core.shell:create_environment_hook('time_tf2_py', 'ament_prefix_path')
[1.264s] INFO:colcon.colcon_core.shell:Creating environment hook '/home/yahboom/S26_RobotProgramming_Eloquent_Elusor/Lab5/wojnae/intro_ws/install/time_tf2_py/share/time_tf2_py/hook/ament_prefix_path.ps1'
[1.265s] INFO:colcon.colcon_core.shell:Creating environment descriptor '/home/yahboom/S26_RobotProgramming_Eloquent_Elusor/Lab5/wojnae/intro_ws/install/time_tf2_py/share/time_tf2_py/hook/ament_prefix_path.dsv'
[1.266s] INFO:colcon.colcon_core.shell:Creating environment hook '/home/yahboom/S26_RobotProgramming_Eloquent_Elusor/Lab5/wojnae/intro_ws/install/time_tf2_py/share/time_tf2_py/hook/ament_prefix_path.sh'
[1.268s] INFO:colcon.colcon_core.shell:Skip shell extension 'powershell' for command environment: Not usable outside of PowerShell
[1.268s] DEBUG:colcon.colcon_core.shell:Skip shell extension 'dsv' for command environment
[2.198s] INFO:colcon.colcon_core.task.python.build:Building Python package in '/home/yahboom/S26_RobotProgramming_Eloquent_Elusor/Lab5/wojnae/intro_ws/src/test_tf2_py'
[2.198s] INFO:colcon.colcon_core.shell:Skip shell extension 'powershell' for command environment: Not usable outside of PowerShell
[2.198s] DEBUG:colcon.colcon_core.shell:Skip shell extension 'dsv' for command environment
[3.091s] INFO:colcon.colcon_core.task.python.build:Building Python package in '/home/yahboom/S26_RobotProgramming_Eloquent_Elusor/Lab5/wojnae/intro_ws/src/time_tf2_py'
[3.092s] INFO:colcon.colcon_core.shell:Skip shell extension 'powershell' for command environment: Not usable outside of PowerShell
[3.092s] DEBUG:colcon.colcon_core.shell:Skip shell extension 'dsv' for command environment
[4.296s] DEBUG:colcon.colcon_core.event_handler.log_command:Invoking command in '/home/yahboom/S26_RobotProgramming_Eloquent_Elusor/Lab5/wojnae/intro_ws/src/test_tf2_py': PYTHONPATH=/home/yahboom/S26_RobotProgramming_Eloquent_Elusor/Lab5/wojnae/intro_ws/build/test_tf2_py/prefix_override:/home/yahboom/S26_RobotProgramming_Eloquent_Elusor/Lab5/wojnae/intro_ws/install/test_tf2_py/lib/python3.10/site-packages:${PYTHONPATH} /usr/bin/python3 -W ignore:setup.py install is deprecated setup.py egg_info --egg-base ../../build/test_tf2_py build --build-base /home/yahboom/S26_RobotProgramming_Eloquent_Elusor/Lab5/wojnae/intro_ws/build/test_tf2_py/build install --record /home/yahboom/S26_RobotProgramming_Eloquent_Elusor/Lab5/wojnae/intro_ws/build/test_tf2_py/install.log --single-version-externally-managed install_data
[4.362s] DEBUG:colcon.colcon_core.event_handler.log_command:Invoking command in '/home/yahboom/S26_RobotProgramming_Eloquent_Elusor/Lab5/wojnae/intro_ws/src/time_tf2_py': PYTHONPATH=/home/yahboom/S26_RobotProgramming_Eloquent_Elusor/Lab5/wojnae/intro_ws/build/time_tf2_py/prefix_override:/home/yahboom/S26_RobotProgramming_Eloquent_Elusor/Lab5/wojnae/intro_ws/install/time_tf2_py/lib/python3.10/site-packages:${PYTHONPATH} /usr/bin/python3 -W ignore:setup.py install is deprecated setup.py egg_info --egg-base ../../build/time_tf2_py build --build-base /home/yahboom/S26_RobotProgramming_Eloquent_Elusor/Lab5/wojnae/intro_ws/build/time_tf2_py/build install --record /home/yahboom/S26_RobotProgramming_Eloquent_Elusor/Lab5/wojnae/intro_ws/build/time_tf2_py/install.log --single-version-externally-managed install_data
[5.314s] DEBUG:colcon.colcon_core.event_handler.log_command:Invoked command in '/home/yahboom/S26_RobotProgramming_Eloquent_Elusor/Lab5/wojnae/intro_ws/src/test_tf2_py' returned '0': PYTHONPATH=/home/yahboom/S26_RobotProgramming_Eloquent_Elusor/Lab5/wojnae/intro_ws/build/test_tf2_py/prefix_override:/home/yahboom/S26_RobotProgramming_Eloquent_Elusor/Lab5/wojnae/intro_ws/install/test_tf2_py/lib/python3.10/site-packages:${PYTHONPATH} /usr/bin/python3 -W ignore:setup.py install is deprecated setup.py egg_info --egg-base ../../build/test_tf2_py build --build-base /home/yahboom/S26_RobotProgramming_Eloquent_Elusor/Lab5/wojnae/intro_ws/build/test_tf2_py/build install --record /home/yahboom/S26_RobotProgramming_Eloquent_Elusor/Lab5/wojnae/intro_ws/build/test_tf2_py/install.log --single-version-externally-managed install_data
[5.324s] Level 1:colcon.colcon_core.environment:checking '/home/yahboom/S26_RobotProgramming_Eloquent_Elusor/Lab5/wojnae/intro_ws/install/test_tf2_py' for CMake module files
[5.326s] Level 1:colcon.colcon_core.environment:checking '/home/yahboom/S26_RobotProgramming_Eloquent_Elusor/Lab5/wojnae/intro_ws/install/test_tf2_py' for CMake config files
[5.328s] Level 1:colcon.colcon_core.environment:checking '/home/yahboom/S26_RobotProgramming_Eloquent_Elusor/Lab5/wojnae/intro_ws/install/test_tf2_py/lib'
[5.328s] Level 1:colcon.colcon_core.environment:checking '/home/yahboom/S26_RobotProgramming_Eloquent_Elusor/Lab5/wojnae/intro_ws/install/test_tf2_py/bin'
[5.328s] Level 1:colcon.colcon_core.environment:checking '/home/yahboom/S26_RobotProgramming_Eloquent_Elusor/Lab5/wojnae/intro_ws/install/test_tf2_py/lib/pkgconfig/test_tf2_py.pc'
[5.329s] Level 1:colcon.colcon_core.environment:checking '/home/yahboom/S26_RobotProgramming_Eloquent_Elusor/Lab5/wojnae/intro_ws/install/test_tf2_py/lib/python3.10/site-packages'
[5.329s] Level 1:colcon.colcon_core.shell:create_environment_hook('test_tf2_py', 'pythonpath')
[5.330s] INFO:colcon.colcon_core.shell:Creating environment hook '/home/yahboom/S26_RobotProgramming_Eloquent_Elusor/Lab5/wojnae/intro_ws/install/test_tf2_py/share/test_tf2_py/hook/pythonpath.ps1'
[5.331s] INFO:colcon.colcon_core.shell:Creating environment descriptor '/home/yahboom/S26_RobotProgramming_Eloquent_Elusor/Lab5/wojnae/intro_ws/install/test_tf2_py/share/test_tf2_py/hook/pythonpath.dsv'
[5.333s] INFO:colcon.colcon_core.shell:Creating environment hook '/home/yahboom/S26_RobotProgramming_Eloquent_Elusor/Lab5/wojnae/intro_ws/install/test_tf2_py/share/test_tf2_py/hook/pythonpath.sh'
[5.335s] Level 1:colcon.colcon_core.environment:checking '/home/yahboom/S26_RobotProgramming_Eloquent_Elusor/Lab5/wojnae/intro_ws/install/test_tf2_py/bin'
[5.335s] Level 1:colcon.colcon_core.environment:create_environment_scripts_only(test_tf2_py)
[5.336s] INFO:colcon.colcon_core.shell:Creating package script '/home/yahboom/S26_RobotProgramming_Eloquent_Elusor/Lab5/wojnae/intro_ws/install/test_tf2_py/share/test_tf2_py/package.ps1'
[5.338s] INFO:colcon.colcon_core.shell:Creating package descriptor '/home/yahboom/S26_RobotProgramming_Eloquent_Elusor/Lab5/wojnae/intro_ws/install/test_tf2_py/share/test_tf2_py/package.dsv'
[5.340s] INFO:colcon.colcon_core.shell:Creating package script '/home/yahboom/S26_RobotProgramming_Eloquent_Elusor/Lab5/wojnae/intro_ws/install/test_tf2_py/share/test_tf2_py/package.sh'
[5.342s] INFO:colcon.colcon_core.shell:Creating package script '/home/yahboom/S26_RobotProgramming_Eloquent_Elusor/Lab5/wojnae/intro_ws/install/test_tf2_py/share/test_tf2_py/package.bash'
[5.344s] INFO:colcon.colcon_core.shell:Creating package script '/home/yahboom/S26_RobotProgramming_Eloquent_Elusor/Lab5/wojnae/intro_ws/install/test_tf2_py/share/test_tf2_py/package.zsh'
[5.347s] Level 1:colcon.colcon_core.environment:create_file_with_runtime_dependencies(/home/yahboom/S26_RobotProgramming_Eloquent_Elusor/Lab5/wojnae/intro_ws/install/test_tf2_py/share/colcon-core/packages/test_tf2_py)
[5.410s] Level 1:colcon.colcon_core.environment:checking '/home/yahboom/S26_RobotProgramming_Eloquent_Elusor/Lab5/wojnae/intro_ws/install/time_tf2_py' for CMake module files
[5.413s] DEBUG:colcon.colcon_core.event_handler.log_command:Invoked command in '/home/yahboom/S26_RobotProgramming_Eloquent_Elusor/Lab5/wojnae/intro_ws/src/time_tf2_py' returned '0': PYTHONPATH=/home/yahboom/S26_RobotProgramming_Eloquent_Elusor/Lab5/wojnae/intro_ws/build/time_tf2_py/prefix_override:/home/yahboom/S26_RobotProgramming_Eloquent_Elusor/Lab5/wojnae/intro_ws/install/time_tf2_py/lib/python3.10/site-packages:${PYTHONPATH} /usr/bin/python3 -W ignore:setup.py install is deprecated setup.py egg_info --egg-base ../../build/time_tf2_py build --build-base /home/yahboom/S26_RobotProgramming_Eloquent_Elusor/Lab5/wojnae/intro_ws/build/time_tf2_py/build install --record /home/yahboom/S26_RobotProgramming_Eloquent_Elusor/Lab5/wojnae/intro_ws/build/time_tf2_py/install.log --single-version-externally-managed install_data
[5.414s] Level 1:colcon.colcon_core.environment:checking '/home/yahboom/S26_RobotProgramming_Eloquent_Elusor/Lab5/wojnae/intro_ws/install/time_tf2_py' for CMake config files
[5.415s] Level 1:colcon.colcon_core.environment:checking '/home/yahboom/S26_RobotProgramming_Eloquent_Elusor/Lab5/wojnae/intro_ws/install/time_tf2_py/lib'
[5.415s] Level 1:colcon.colcon_core.environment:checking '/home/yahboom/S26_RobotProgramming_Eloquent_Elusor/Lab5/wojnae/intro_ws/install/time_tf2_py/bin'
[5.416s] Level 1:colcon.colcon_core.environment:checking '/home/yahboom/S26_RobotProgramming_Eloquent_Elusor/Lab5/wojnae/intro_ws/install/time_tf2_py/lib/pkgconfig/time_tf2_py.pc'
[5.416s] Level 1:colcon.colcon_core.environment:checking '/home/yahboom/S26_RobotProgramming_Eloquent_Elusor/Lab5/wojnae/intro_ws/install/time_tf2_py/lib/python3.10/site-packages'
[5.416s] Level 1:colcon.colcon_core.shell:create_environment_hook('time_tf2_py', 'pythonpath')
[5.417s] INFO:colcon.colcon_core.shell:Creating environment hook '/home/yahboom/S26_RobotProgramming_Eloquent_Elusor/Lab5/wojnae/intro_ws/install/time_tf2_py/share/time_tf2_py/hook/pythonpath.ps1'
[5.418s] INFO:colcon.colcon_core.shell:Creating environment descriptor '/home/yahboom/S26_RobotProgramming_Eloquent_Elusor/Lab5/wojnae/intro_ws/install/time_tf2_py/share/time_tf2_py/hook/pythonpath.dsv'
[5.419s] INFO:colcon.colcon_core.shell:Creating environment hook '/home/yahboom/S26_RobotProgramming_Eloquent_Elusor/Lab5/wojnae/intro_ws/install/time_tf2_py/share/time_tf2_py/hook/pythonpath.sh'
[5.420s] Level 1:colcon.colcon_core.environment:checking '/home/yahboom/S26_RobotProgramming_Eloquent_Elusor/Lab5/wojnae/intro_ws/install/time_tf2_py/bin'
[5.421s] Level 1:colcon.colcon_core.environment:create_environment_scripts_only(time_tf2_py)
[5.422s] INFO:colcon.colcon_core.shell:Creating package script '/home/yahboom/S26_RobotProgramming_Eloquent_Elusor/Lab5/wojnae/intro_ws/install/time_tf2_py/share/time_tf2_py/package.ps1'
[5.423s] INFO:colcon.colcon_core.shell:Creating package descriptor '/home/yahboom/S26_RobotProgramming_Eloquent_Elusor/Lab5/wojnae/intro_ws/install/time_tf2_py/share/time_tf2_py/package.dsv'
[5.424s] INFO:colcon.colcon_core.shell:Creating package script '/home/yahboom/S26_RobotProgramming_Eloquent_Elusor/Lab5/wojnae/intro_ws/install/time_tf2_py/share/time_tf2_py/package.sh'
[5.425s] INFO:colcon.colcon_core.shell:Creating package script '/home/yahboom/S26_RobotProgramming_Eloquent_Elusor/Lab5/wojnae/intro_ws/install/time_tf2_py/share/time_tf2_py/package.bash'
[5.425s] INFO:colcon.colcon_core.shell:Creating package script '/home/yahboom/S26_RobotProgramming_Eloquent_Elusor/Lab5/wojnae/intro_ws/install/time_tf2_py/share/time_tf2_py/package.zsh'
[5.426s] Level 1:colcon.colcon_core.environment:create_file_with_runtime_dependencies(/home/yahboom/S26_RobotProgramming_Eloquent_Elusor/Lab5/wojnae/intro_ws/install/time_tf2_py/share/colcon-core/packages/time_tf2_py)
[5.427s] DEBUG:colcon.colcon_parallel_executor.executor.parallel:closing loop
[5.428s] DEBUG:colcon.colcon_parallel_executor.executor.parallel:loop closed
[5.428s] DEBUG:colcon.colcon_parallel_executor.executor.parallel:run_until_complete finished with '0'
[5.428s] DEBUG:colcon.colcon_core.event_reactor:joining thread
[5.450s] INFO:colcon.colcon_core.plugin_system:Skipping extension 'colcon_notification.desktop_notification.terminal_notifier': Not used on non-Darwin systems
[5.450s] INFO:colcon.colcon_core.plugin_system:Skipping extension 'colcon_notification.desktop_notification.win32': Not used on non-Windows systems
[5.450s] INFO:colcon.colcon_notification.desktop_notification:Sending desktop notification using 'notify2'
[5.484s] DEBUG:colcon.colcon_core.event_reactor:joined thread
[5.485s] INFO:colcon.colcon_core.shell:Creating prefix script '/home/yahboom/S26_RobotProgramming_Eloquent_Elusor/Lab5/wojnae/intro_ws/install/local_setup.ps1'
[5.487s] INFO:colcon.colcon_core.shell:Creating prefix util module '/home/yahboom/S26_RobotProgramming_Eloquent_Elusor/Lab5/wojnae/intro_ws/install/_local_setup_util_ps1.py'
[5.490s] INFO:colcon.colcon_core.shell:Creating prefix chain script '/home/yahboom/S26_RobotProgramming_Eloquent_Elusor/Lab5/wojnae/intro_ws/install/setup.ps1'
[5.508s] INFO:colcon.colcon_core.shell:Creating prefix script '/home/yahboom/S26_RobotProgramming_Eloquent_Elusor/Lab5/wojnae/intro_ws/install/local_setup.sh'
[5.510s] INFO:colcon.colcon_core.shell:Creating prefix util module '/home/yahboom/S26_RobotProgramming_Eloquent_Elusor/Lab5/wojnae/intro_ws/install/_local_setup_util_sh.py'
[5.511s] INFO:colcon.colcon_core.shell:Creating prefix chain script '/home/yahboom/S26_RobotProgramming_Eloquent_Elusor/Lab5/wojnae/intro_ws/install/setup.sh'
[5.524s] INFO:colcon.colcon_core.shell:Creating prefix script '/home/yahboom/S26_RobotProgramming_Eloquent_Elusor/Lab5/wojnae/intro_ws/install/local_setup.bash'
[5.525s] INFO:colcon.colcon_core.shell:Creating prefix chain script '/home/yahboom/S26_RobotProgramming_Eloquent_Elusor/Lab5/wojnae/intro_ws/install/setup.bash'
[5.537s] INFO:colcon.colcon_core.shell:Creating prefix script '/home/yahboom/S26_RobotProgramming_Eloquent_Elusor/Lab5/wojnae/intro_ws/install/local_setup.zsh'
[5.538s] INFO:colcon.colcon_core.shell:Creating prefix chain script '/home/yahboom/S26_RobotProgramming_Eloquent_Elusor/Lab5/wojnae/intro_ws/install/setup.zsh'
