[0.788s] Invoking command in '/home/yahboom/Desktop/team_repo/Lab3/wallaa2/roscourse_ws/src/webcam': PYTHONPATH=/home/yahboom/Desktop/team_repo/Lab3/wallaa2/roscourse_ws/build/webcam/prefix_override:/home/yahboom/Desktop/team_repo/Lab3/wallaa2/roscourse_ws/install/webcam/lib/python3.10/site-packages:${PYTHONPATH} /usr/bin/python3 -W ignore:setup.py install is deprecated setup.py egg_info --egg-base ../../build/webcam build --build-base /home/yahboom/Desktop/team_repo/Lab3/wallaa2/roscourse_ws/build/webcam/build install --record /home/yahboom/Desktop/team_repo/Lab3/wallaa2/roscourse_ws/build/webcam/install.log --single-version-externally-managed install_data
[1.100s] running egg_info
[1.101s] creating ../../build/webcam/webcam.egg-info
[1.101s] writing ../../build/webcam/webcam.egg-info/PKG-INFO
[1.101s] writing dependency_links to ../../build/webcam/webcam.egg-info/dependency_links.txt
[1.101s] writing entry points to ../../build/webcam/webcam.egg-info/entry_points.txt
[1.102s] writing requirements to ../../build/webcam/webcam.egg-info/requires.txt
[1.102s] writing top-level names to ../../build/webcam/webcam.egg-info/top_level.txt
[1.102s] writing manifest file '../../build/webcam/webcam.egg-info/SOURCES.txt'
[1.104s] reading manifest file '../../build/webcam/webcam.egg-info/SOURCES.txt'
[1.104s] writing manifest file '../../build/webcam/webcam.egg-info/SOURCES.txt'
[1.105s] running build
[1.105s] running build_py
[1.105s] creating /home/yahboom/Desktop/team_repo/Lab3/wallaa2/roscourse_ws/build/webcam/build
[1.105s] creating /home/yahboom/Desktop/team_repo/Lab3/wallaa2/roscourse_ws/build/webcam/build/lib
[1.105s] creating /home/yahboom/Desktop/team_repo/Lab3/wallaa2/roscourse_ws/build/webcam/build/lib/webcam
[1.105s] copying webcam/cam_sub.py -> /home/yahboom/Desktop/team_repo/Lab3/wallaa2/roscourse_ws/build/webcam/build/lib/webcam
[1.106s] copying webcam/__init__.py -> /home/yahboom/Desktop/team_repo/Lab3/wallaa2/roscourse_ws/build/webcam/build/lib/webcam
[1.106s] copying webcam/cam_pub.py -> /home/yahboom/Desktop/team_repo/Lab3/wallaa2/roscourse_ws/build/webcam/build/lib/webcam
[1.107s] running install
[1.107s] running install_lib
[1.109s] running install_data
[1.109s] running install_egg_info
[1.111s] removing '/home/yahboom/Desktop/team_repo/Lab3/wallaa2/roscourse_ws/install/webcam/lib/python3.10/site-packages/webcam-0.0.0-py3.10.egg-info' (and everything under it)
[1.111s] Copying ../../build/webcam/webcam.egg-info to /home/yahboom/Desktop/team_repo/Lab3/wallaa2/roscourse_ws/install/webcam/lib/python3.10/site-packages/webcam-0.0.0-py3.10.egg-info
[1.113s] running install_scripts
[1.137s] Installing webcam_pub script to /home/yahboom/Desktop/team_repo/Lab3/wallaa2/roscourse_ws/install/webcam/lib/webcam
[1.138s] Installing webcam_sub script to /home/yahboom/Desktop/team_repo/Lab3/wallaa2/roscourse_ws/install/webcam/lib/webcam
[1.139s] writing list of installed files to '/home/yahboom/Desktop/team_repo/Lab3/wallaa2/roscourse_ws/build/webcam/install.log'
[1.167s] Invoked command in '/home/yahboom/Desktop/team_repo/Lab3/wallaa2/roscourse_ws/src/webcam' returned '0': PYTHONPATH=/home/yahboom/Desktop/team_repo/Lab3/wallaa2/roscourse_ws/build/webcam/prefix_override:/home/yahboom/Desktop/team_repo/Lab3/wallaa2/roscourse_ws/install/webcam/lib/python3.10/site-packages:${PYTHONPATH} /usr/bin/python3 -W ignore:setup.py install is deprecated setup.py egg_info --egg-base ../../build/webcam build --build-base /home/yahboom/Desktop/team_repo/Lab3/wallaa2/roscourse_ws/build/webcam/build install --record /home/yahboom/Desktop/team_repo/Lab3/wallaa2/roscourse_ws/build/webcam/install.log --single-version-externally-managed install_data
