[0.342s] DEBUG:colcon:Command line arguments: ['/usr/bin/colcon', 'build']
[0.342s] DEBUG:colcon:Parsed command line arguments: Namespace(log_base=None, log_level=None, verb_name='build', build_base='build', install_base='install', merge_install=False, symlink_install=False, test_result_base=None, continue_on_error=False, executor='parallel', parallel_workers=4, event_handlers=None, ignore_user_meta=False, metas=['./colcon.meta'], base_paths=['.'], packages_ignore=None, packages_ignore_regex=None, paths=None, packages_up_to=None, packages_up_to_regex=None, packages_above=None, packages_above_and_dependencies=None, packages_above_depth=None, packages_select_by_dep=None, packages_skip_by_dep=None, packages_skip_up_to=None, packages_select_build_failed=False, packages_skip_build_finished=False, packages_select_test_failures=False, packages_skip_test_passed=False, packages_select=None, packages_skip=None, packages_select_regex=None, packages_skip_regex=None, packages_start=None, packages_end=None, allow_overriding=[], cmake_args=None, cmake_target=None, cmake_target_skip_unavailable=False, cmake_clean_cache=False, cmake_clean_first=False, cmake_force_configure=False, ament_cmake_args=None, catkin_cmake_args=None, catkin_skip_building_tests=False, mixin_files=None, mixin=None, verb_parser=<colcon_mixin.mixin.mixin_argument.MixinArgumentDecorator object at 0x773de86980d0>, verb_extension=<colcon_core.verb.build.BuildVerb object at 0x773de87dd0c0>, main=<bound method BuildVerb.main of <colcon_core.verb.build.BuildVerb object at 0x773de87dd0c0>>, mixin_verb=('build',))
[0.882s] Level 1:colcon.colcon_core.package_discovery:discover_packages(colcon_meta) check parameters
[0.882s] Level 1:colcon.colcon_core.package_discovery:discover_packages(recursive) check parameters
[0.882s] Level 1:colcon.colcon_core.package_discovery:discover_packages(ignore) check parameters
[0.883s] Level 1:colcon.colcon_core.package_discovery:discover_packages(path) check parameters
[0.883s] Level 1:colcon.colcon_core.package_discovery:discover_packages(colcon_meta) discover
[0.883s] Level 1:colcon.colcon_core.package_discovery:discover_packages(recursive) discover
[0.883s] INFO:colcon.colcon_core.package_discovery:Crawling recursively for packages in '/home/yahboom/Desktop/team_repo/Lab7/wallaa2/roscourse_sim_ws'
[0.883s] Level 1:colcon.colcon_core.package_identification:_identify(.) by extensions ['ignore', 'ignore_ament_install']
[0.883s] Level 1:colcon.colcon_core.package_identification:_identify(.) by extension 'ignore'
[0.883s] Level 1:colcon.colcon_core.package_identification:_identify(.) by extension 'ignore_ament_install'
[0.884s] Level 1:colcon.colcon_core.package_identification:_identify(.) by extensions ['colcon_pkg']
[0.884s] Level 1:colcon.colcon_core.package_identification:_identify(.) by extension 'colcon_pkg'
[0.884s] Level 1:colcon.colcon_core.package_identification:_identify(.) by extensions ['colcon_meta']
[0.884s] Level 1:colcon.colcon_core.package_identification:_identify(.) by extension 'colcon_meta'
[0.884s] Level 1:colcon.colcon_core.package_identification:_identify(.) by extensions ['ros']
[0.884s] Level 1:colcon.colcon_core.package_identification:_identify(.) by extension 'ros'
[0.928s] Level 1:colcon.colcon_core.package_identification:_identify(.) by extensions ['cmake', 'python']
[0.928s] Level 1:colcon.colcon_core.package_identification:_identify(.) by extension 'cmake'
[0.928s] Level 1:colcon.colcon_core.package_identification:_identify(.) by extension 'python'
[0.929s] Level 1:colcon.colcon_core.package_identification:_identify(.) by extensions ['python_setup_py']
[0.929s] Level 1:colcon.colcon_core.package_identification:_identify(.) by extension 'python_setup_py'
[0.929s] Level 1:colcon.colcon_core.package_identification:_identify(build) by extensions ['ignore', 'ignore_ament_install']
[0.929s] Level 1:colcon.colcon_core.package_identification:_identify(build) by extension 'ignore'
[0.929s] Level 1:colcon.colcon_core.package_identification:_identify(build) ignored
[0.930s] Level 1:colcon.colcon_core.package_identification:_identify(install) by extensions ['ignore', 'ignore_ament_install']
[0.930s] Level 1:colcon.colcon_core.package_identification:_identify(install) by extension 'ignore'
[0.930s] Level 1:colcon.colcon_core.package_identification:_identify(install) ignored
[0.930s] Level 1:colcon.colcon_core.package_identification:_identify(log) by extensions ['ignore', 'ignore_ament_install']
[0.931s] Level 1:colcon.colcon_core.package_identification:_identify(log) by extension 'ignore'
[0.931s] Level 1:colcon.colcon_core.package_identification:_identify(log) ignored
[0.931s] Level 1:colcon.colcon_core.package_identification:_identify(src) by extensions ['ignore', 'ignore_ament_install']
[0.931s] Level 1:colcon.colcon_core.package_identification:_identify(src) by extension 'ignore'
[0.931s] Level 1:colcon.colcon_core.package_identification:_identify(src) by extension 'ignore_ament_install'
[0.931s] Level 1:colcon.colcon_core.package_identification:_identify(src) by extensions ['colcon_pkg']
[0.931s] Level 1:colcon.colcon_core.package_identification:_identify(src) by extension 'colcon_pkg'
[0.932s] Level 1:colcon.colcon_core.package_identification:_identify(src) by extensions ['colcon_meta']
[0.932s] Level 1:colcon.colcon_core.package_identification:_identify(src) by extension 'colcon_meta'
[0.932s] Level 1:colcon.colcon_core.package_identification:_identify(src) by extensions ['ros']
[0.932s] Level 1:colcon.colcon_core.package_identification:_identify(src) by extension 'ros'
[0.932s] Level 1:colcon.colcon_core.package_identification:_identify(src) by extensions ['cmake', 'python']
[0.932s] Level 1:colcon.colcon_core.package_identification:_identify(src) by extension 'cmake'
[0.932s] Level 1:colcon.colcon_core.package_identification:_identify(src) by extension 'python'
[0.932s] Level 1:colcon.colcon_core.package_identification:_identify(src) by extensions ['python_setup_py']
[0.932s] Level 1:colcon.colcon_core.package_identification:_identify(src) by extension 'python_setup_py'
[0.933s] Level 1:colcon.colcon_core.package_identification:_identify(src/my_robot) by extensions ['ignore', 'ignore_ament_install']
[0.933s] Level 1:colcon.colcon_core.package_identification:_identify(src/my_robot) by extension 'ignore'
[0.933s] Level 1:colcon.colcon_core.package_identification:_identify(src/my_robot) by extension 'ignore_ament_install'
[0.933s] Level 1:colcon.colcon_core.package_identification:_identify(src/my_robot) by extensions ['colcon_pkg']
[0.933s] Level 1:colcon.colcon_core.package_identification:_identify(src/my_robot) by extension 'colcon_pkg'
[0.933s] Level 1:colcon.colcon_core.package_identification:_identify(src/my_robot) by extensions ['colcon_meta']
[0.933s] Level 1:colcon.colcon_core.package_identification:_identify(src/my_robot) by extension 'colcon_meta'
[0.934s] Level 1:colcon.colcon_core.package_identification:_identify(src/my_robot) by extensions ['ros']
[0.934s] Level 1:colcon.colcon_core.package_identification:_identify(src/my_robot) by extension 'ros'
[0.939s] DEBUG:colcon.colcon_core.package_identification:Package 'src/my_robot' with type 'ros.ament_python' and name 'my_robot'
[0.939s] Level 1:colcon.colcon_core.package_identification:_identify(src/webcam) by extensions ['ignore', 'ignore_ament_install']
[0.939s] Level 1:colcon.colcon_core.package_identification:_identify(src/webcam) by extension 'ignore'
[0.940s] Level 1:colcon.colcon_core.package_identification:_identify(src/webcam) by extension 'ignore_ament_install'
[0.940s] Level 1:colcon.colcon_core.package_identification:_identify(src/webcam) by extensions ['colcon_pkg']
[0.940s] Level 1:colcon.colcon_core.package_identification:_identify(src/webcam) by extension 'colcon_pkg'
[0.940s] Level 1:colcon.colcon_core.package_identification:_identify(src/webcam) by extensions ['colcon_meta']
[0.940s] Level 1:colcon.colcon_core.package_identification:_identify(src/webcam) by extension 'colcon_meta'
[0.940s] Level 1:colcon.colcon_core.package_identification:_identify(src/webcam) by extensions ['ros']
[0.940s] Level 1:colcon.colcon_core.package_identification:_identify(src/webcam) by extension 'ros'
[0.941s] DEBUG:colcon.colcon_core.package_identification:Package 'src/webcam' with type 'ros.ament_python' and name 'webcam'
[0.941s] Level 1:colcon.colcon_core.package_discovery:discover_packages(recursive) using defaults
[0.941s] Level 1:colcon.colcon_core.package_discovery:discover_packages(ignore) discover
[0.941s] Level 1:colcon.colcon_core.package_discovery:discover_packages(ignore) using defaults
[0.941s] Level 1:colcon.colcon_core.package_discovery:discover_packages(path) discover
[0.941s] Level 1:colcon.colcon_core.package_discovery:discover_packages(path) using defaults
[1.003s] Level 1:colcon.colcon_core.package_discovery:discover_packages(prefix_path) check parameters
[1.003s] Level 1:colcon.colcon_core.package_discovery:discover_packages(prefix_path) discover
[1.028s] DEBUG:colcon.colcon_installed_package_information.package_discovery:Found 30 installed packages in /home/yahboom/Desktop/team_repo/Lab7/wallaa2/prelab/intro_ws/install
[1.031s] DEBUG:colcon.colcon_installed_package_information.package_discovery:Found 19 installed packages in /home/yahboom/yahboomcar_ws/install
[1.033s] DEBUG:colcon.colcon_installed_package_information.package_discovery:Found 2 installed packages in /home/yahboom/gmapping_ws/install
[1.038s] DEBUG:colcon.colcon_installed_package_information.package_discovery:Found 76 installed packages in /home/yahboom/cartoros2/install
[1.046s] DEBUG:colcon.colcon_installed_package_information.package_discovery:Found 380 installed packages in /opt/ros/humble
[1.057s] Level 1:colcon.colcon_core.package_discovery:discover_packages(prefix_path) using defaults
[1.204s] Level 5:colcon.colcon_core.verb:set package 'my_robot' build argument 'cmake_args' from command line to 'None'
[1.204s] Level 5:colcon.colcon_core.verb:set package 'my_robot' build argument 'cmake_target' from command line to 'None'
[1.205s] Level 5:colcon.colcon_core.verb:set package 'my_robot' build argument 'cmake_target_skip_unavailable' from command line to 'False'
[1.205s] Level 5:colcon.colcon_core.verb:set package 'my_robot' build argument 'cmake_clean_cache' from command line to 'False'
[1.205s] Level 5:colcon.colcon_core.verb:set package 'my_robot' build argument 'cmake_clean_first' from command line to 'False'
[1.205s] Level 5:colcon.colcon_core.verb:set package 'my_robot' build argument 'cmake_force_configure' from command line to 'False'
[1.205s] Level 5:colcon.colcon_core.verb:set package 'my_robot' build argument 'ament_cmake_args' from command line to 'None'
[1.205s] Level 5:colcon.colcon_core.verb:set package 'my_robot' build argument 'catkin_cmake_args' from command line to 'None'
[1.205s] Level 5:colcon.colcon_core.verb:set package 'my_robot' build argument 'catkin_skip_building_tests' from command line to 'False'
[1.205s] DEBUG:colcon.colcon_core.verb:Building package 'my_robot' with the following arguments: {'ament_cmake_args': None, 'build_base': '/home/yahboom/Desktop/team_repo/Lab7/wallaa2/roscourse_sim_ws/build/my_robot', 'catkin_cmake_args': None, 'catkin_skip_building_tests': False, 'cmake_args': None, 'cmake_clean_cache': False, 'cmake_clean_first': False, 'cmake_force_configure': False, 'cmake_target': None, 'cmake_target_skip_unavailable': False, 'install_base': '/home/yahboom/Desktop/team_repo/Lab7/wallaa2/roscourse_sim_ws/install/my_robot', 'merge_install': False, 'path': '/home/yahboom/Desktop/team_repo/Lab7/wallaa2/roscourse_sim_ws/src/my_robot', 'symlink_install': False, 'test_result_base': None}
[1.206s] Level 5:colcon.colcon_core.verb:set package 'webcam' build argument 'cmake_args' from command line to 'None'
[1.206s] Level 5:colcon.colcon_core.verb:set package 'webcam' build argument 'cmake_target' from command line to 'None'
[1.206s] Level 5:colcon.colcon_core.verb:set package 'webcam' build argument 'cmake_target_skip_unavailable' from command line to 'False'
[1.206s] Level 5:colcon.colcon_core.verb:set package 'webcam' build argument 'cmake_clean_cache' from command line to 'False'
[1.206s] Level 5:colcon.colcon_core.verb:set package 'webcam' build argument 'cmake_clean_first' from command line to 'False'
[1.206s] Level 5:colcon.colcon_core.verb:set package 'webcam' build argument 'cmake_force_configure' from command line to 'False'
[1.206s] Level 5:colcon.colcon_core.verb:set package 'webcam' build argument 'ament_cmake_args' from command line to 'None'
[1.206s] Level 5:colcon.colcon_core.verb:set package 'webcam' build argument 'catkin_cmake_args' from command line to 'None'
[1.206s] Level 5:colcon.colcon_core.verb:set package 'webcam' build argument 'catkin_skip_building_tests' from command line to 'False'
[1.206s] DEBUG:colcon.colcon_core.verb:Building package 'webcam' with the following arguments: {'ament_cmake_args': None, 'build_base': '/home/yahboom/Desktop/team_repo/Lab7/wallaa2/roscourse_sim_ws/build/webcam', 'catkin_cmake_args': None, 'catkin_skip_building_tests': False, 'cmake_args': None, 'cmake_clean_cache': False, 'cmake_clean_first': False, 'cmake_force_configure': False, 'cmake_target': None, 'cmake_target_skip_unavailable': False, 'install_base': '/home/yahboom/Desktop/team_repo/Lab7/wallaa2/roscourse_sim_ws/install/webcam', 'merge_install': False, 'path': '/home/yahboom/Desktop/team_repo/Lab7/wallaa2/roscourse_sim_ws/src/webcam', 'symlink_install': False, 'test_result_base': None}
[1.207s] INFO:colcon.colcon_core.executor:Executing jobs using 'parallel' executor
[1.209s] DEBUG:colcon.colcon_parallel_executor.executor.parallel:run_until_complete
[1.210s] INFO:colcon.colcon_ros.task.ament_python.build:Building ROS package in '/home/yahboom/Desktop/team_repo/Lab7/wallaa2/roscourse_sim_ws/src/my_robot' with build type 'ament_python'
[1.210s] Level 1:colcon.colcon_core.shell:create_environment_hook('my_robot', 'ament_prefix_path')
[1.217s] INFO:colcon.colcon_core.plugin_system:Skipping extension 'colcon_core.shell.bat': Not used on non-Windows systems
[1.218s] INFO:colcon.colcon_core.shell:Creating environment hook '/home/yahboom/Desktop/team_repo/Lab7/wallaa2/roscourse_sim_ws/install/my_robot/share/my_robot/hook/ament_prefix_path.ps1'
[1.220s] INFO:colcon.colcon_core.shell:Creating environment descriptor '/home/yahboom/Desktop/team_repo/Lab7/wallaa2/roscourse_sim_ws/install/my_robot/share/my_robot/hook/ament_prefix_path.dsv'
[1.221s] INFO:colcon.colcon_core.shell:Creating environment hook '/home/yahboom/Desktop/team_repo/Lab7/wallaa2/roscourse_sim_ws/install/my_robot/share/my_robot/hook/ament_prefix_path.sh'
[1.223s] INFO:colcon.colcon_core.shell:Skip shell extension 'powershell' for command environment: Not usable outside of PowerShell
[1.223s] DEBUG:colcon.colcon_core.shell:Skip shell extension 'dsv' for command environment
[1.259s] INFO:colcon.colcon_ros.task.ament_python.build:Building ROS package in '/home/yahboom/Desktop/team_repo/Lab7/wallaa2/roscourse_sim_ws/src/webcam' with build type 'ament_python'
[1.259s] Level 1:colcon.colcon_core.shell:create_environment_hook('webcam', 'ament_prefix_path')
[1.260s] INFO:colcon.colcon_core.shell:Creating environment hook '/home/yahboom/Desktop/team_repo/Lab7/wallaa2/roscourse_sim_ws/install/webcam/share/webcam/hook/ament_prefix_path.ps1'
[1.262s] INFO:colcon.colcon_core.shell:Creating environment descriptor '/home/yahboom/Desktop/team_repo/Lab7/wallaa2/roscourse_sim_ws/install/webcam/share/webcam/hook/ament_prefix_path.dsv'
[1.263s] INFO:colcon.colcon_core.shell:Creating environment hook '/home/yahboom/Desktop/team_repo/Lab7/wallaa2/roscourse_sim_ws/install/webcam/share/webcam/hook/ament_prefix_path.sh'
[1.264s] INFO:colcon.colcon_core.shell:Skip shell extension 'powershell' for command environment: Not usable outside of PowerShell
[1.265s] DEBUG:colcon.colcon_core.shell:Skip shell extension 'dsv' for command environment
[2.143s] INFO:colcon.colcon_core.task.python.build:Building Python package in '/home/yahboom/Desktop/team_repo/Lab7/wallaa2/roscourse_sim_ws/src/my_robot'
[2.144s] INFO:colcon.colcon_core.shell:Skip shell extension 'powershell' for command environment: Not usable outside of PowerShell
[2.145s] DEBUG:colcon.colcon_core.shell:Skip shell extension 'dsv' for command environment
[3.077s] INFO:colcon.colcon_core.task.python.build:Building Python package in '/home/yahboom/Desktop/team_repo/Lab7/wallaa2/roscourse_sim_ws/src/webcam'
[3.077s] INFO:colcon.colcon_core.shell:Skip shell extension 'powershell' for command environment: Not usable outside of PowerShell
[3.078s] DEBUG:colcon.colcon_core.shell:Skip shell extension 'dsv' for command environment
[4.352s] DEBUG:colcon.colcon_core.event_handler.log_command:Invoking command in '/home/yahboom/Desktop/team_repo/Lab7/wallaa2/roscourse_sim_ws/src/my_robot': PYTHONPATH=/home/yahboom/Desktop/team_repo/Lab7/wallaa2/roscourse_sim_ws/build/my_robot/prefix_override:/usr/lib/python3/dist-packages/colcon_core/task/python/colcon_distutils_commands:/home/yahboom/Desktop/team_repo/Lab7/wallaa2/roscourse_sim_ws/install/my_robot/lib/python3.10/site-packages:${PYTHONPATH} /usr/bin/python3 -W ignore:setup.py install is deprecated -W ignore:easy_install command is deprecated setup.py egg_info --egg-base ../../build/my_robot build --build-base /home/yahboom/Desktop/team_repo/Lab7/wallaa2/roscourse_sim_ws/build/my_robot/build install --record /home/yahboom/Desktop/team_repo/Lab7/wallaa2/roscourse_sim_ws/build/my_robot/install.log --single-version-externally-managed install_data
[4.368s] DEBUG:colcon.colcon_core.event_handler.log_command:Invoking command in '/home/yahboom/Desktop/team_repo/Lab7/wallaa2/roscourse_sim_ws/src/webcam': PYTHONPATH=/home/yahboom/Desktop/team_repo/Lab7/wallaa2/roscourse_sim_ws/build/webcam/prefix_override:/usr/lib/python3/dist-packages/colcon_core/task/python/colcon_distutils_commands:/home/yahboom/Desktop/team_repo/Lab7/wallaa2/roscourse_sim_ws/install/webcam/lib/python3.10/site-packages:${PYTHONPATH} /usr/bin/python3 -W ignore:setup.py install is deprecated -W ignore:easy_install command is deprecated setup.py egg_info --egg-base ../../build/webcam build --build-base /home/yahboom/Desktop/team_repo/Lab7/wallaa2/roscourse_sim_ws/build/webcam/build install --record /home/yahboom/Desktop/team_repo/Lab7/wallaa2/roscourse_sim_ws/build/webcam/install.log --single-version-externally-managed install_data
[5.424s] DEBUG:colcon.colcon_core.event_handler.log_command:Invoked command in '/home/yahboom/Desktop/team_repo/Lab7/wallaa2/roscourse_sim_ws/src/my_robot' returned '0': PYTHONPATH=/home/yahboom/Desktop/team_repo/Lab7/wallaa2/roscourse_sim_ws/build/my_robot/prefix_override:/usr/lib/python3/dist-packages/colcon_core/task/python/colcon_distutils_commands:/home/yahboom/Desktop/team_repo/Lab7/wallaa2/roscourse_sim_ws/install/my_robot/lib/python3.10/site-packages:${PYTHONPATH} /usr/bin/python3 -W ignore:setup.py install is deprecated -W ignore:easy_install command is deprecated setup.py egg_info --egg-base ../../build/my_robot build --build-base /home/yahboom/Desktop/team_repo/Lab7/wallaa2/roscourse_sim_ws/build/my_robot/build install --record /home/yahboom/Desktop/team_repo/Lab7/wallaa2/roscourse_sim_ws/build/my_robot/install.log --single-version-externally-managed install_data
[5.431s] Level 1:colcon.colcon_core.environment:checking '/home/yahboom/Desktop/team_repo/Lab7/wallaa2/roscourse_sim_ws/install/my_robot' for CMake module files
[5.432s] Level 1:colcon.colcon_core.environment:checking '/home/yahboom/Desktop/team_repo/Lab7/wallaa2/roscourse_sim_ws/install/my_robot' for CMake config files
[5.433s] Level 1:colcon.colcon_core.environment:checking '/home/yahboom/Desktop/team_repo/Lab7/wallaa2/roscourse_sim_ws/install/my_robot/lib'
[5.434s] Level 1:colcon.colcon_core.environment:checking '/home/yahboom/Desktop/team_repo/Lab7/wallaa2/roscourse_sim_ws/install/my_robot/bin'
[5.434s] Level 1:colcon.colcon_core.environment:checking '/home/yahboom/Desktop/team_repo/Lab7/wallaa2/roscourse_sim_ws/install/my_robot/lib/pkgconfig/my_robot.pc'
[5.435s] Level 1:colcon.colcon_core.environment:checking '/home/yahboom/Desktop/team_repo/Lab7/wallaa2/roscourse_sim_ws/install/my_robot/lib/python3.10/site-packages'
[5.435s] Level 1:colcon.colcon_core.shell:create_environment_hook('my_robot', 'pythonpath')
[5.435s] INFO:colcon.colcon_core.shell:Creating environment hook '/home/yahboom/Desktop/team_repo/Lab7/wallaa2/roscourse_sim_ws/install/my_robot/share/my_robot/hook/pythonpath.ps1'
[5.437s] INFO:colcon.colcon_core.shell:Creating environment descriptor '/home/yahboom/Desktop/team_repo/Lab7/wallaa2/roscourse_sim_ws/install/my_robot/share/my_robot/hook/pythonpath.dsv'
[5.438s] INFO:colcon.colcon_core.shell:Creating environment hook '/home/yahboom/Desktop/team_repo/Lab7/wallaa2/roscourse_sim_ws/install/my_robot/share/my_robot/hook/pythonpath.sh'
[5.440s] Level 1:colcon.colcon_core.environment:checking '/home/yahboom/Desktop/team_repo/Lab7/wallaa2/roscourse_sim_ws/install/my_robot/bin'
[5.440s] Level 1:colcon.colcon_core.environment:create_environment_scripts_only(my_robot)
[5.441s] INFO:colcon.colcon_core.shell:Creating package script '/home/yahboom/Desktop/team_repo/Lab7/wallaa2/roscourse_sim_ws/install/my_robot/share/my_robot/package.ps1'
[5.444s] INFO:colcon.colcon_core.shell:Creating package descriptor '/home/yahboom/Desktop/team_repo/Lab7/wallaa2/roscourse_sim_ws/install/my_robot/share/my_robot/package.dsv'
[5.447s] INFO:colcon.colcon_core.shell:Creating package script '/home/yahboom/Desktop/team_repo/Lab7/wallaa2/roscourse_sim_ws/install/my_robot/share/my_robot/package.sh'
[5.448s] INFO:colcon.colcon_core.shell:Creating package script '/home/yahboom/Desktop/team_repo/Lab7/wallaa2/roscourse_sim_ws/install/my_robot/share/my_robot/package.bash'
[5.450s] INFO:colcon.colcon_core.shell:Creating package script '/home/yahboom/Desktop/team_repo/Lab7/wallaa2/roscourse_sim_ws/install/my_robot/share/my_robot/package.zsh'
[5.452s] Level 1:colcon.colcon_core.environment:create_file_with_runtime_dependencies(/home/yahboom/Desktop/team_repo/Lab7/wallaa2/roscourse_sim_ws/install/my_robot/share/colcon-core/packages/my_robot)
[5.455s] Level 1:colcon.colcon_core.environment:checking '/home/yahboom/Desktop/team_repo/Lab7/wallaa2/roscourse_sim_ws/install/webcam' for CMake module files
[5.457s] DEBUG:colcon.colcon_core.event_handler.log_command:Invoked command in '/home/yahboom/Desktop/team_repo/Lab7/wallaa2/roscourse_sim_ws/src/webcam' returned '0': PYTHONPATH=/home/yahboom/Desktop/team_repo/Lab7/wallaa2/roscourse_sim_ws/build/webcam/prefix_override:/usr/lib/python3/dist-packages/colcon_core/task/python/colcon_distutils_commands:/home/yahboom/Desktop/team_repo/Lab7/wallaa2/roscourse_sim_ws/install/webcam/lib/python3.10/site-packages:${PYTHONPATH} /usr/bin/python3 -W ignore:setup.py install is deprecated -W ignore:easy_install command is deprecated setup.py egg_info --egg-base ../../build/webcam build --build-base /home/yahboom/Desktop/team_repo/Lab7/wallaa2/roscourse_sim_ws/build/webcam/build install --record /home/yahboom/Desktop/team_repo/Lab7/wallaa2/roscourse_sim_ws/build/webcam/install.log --single-version-externally-managed install_data
[5.458s] Level 1:colcon.colcon_core.environment:checking '/home/yahboom/Desktop/team_repo/Lab7/wallaa2/roscourse_sim_ws/install/webcam' for CMake config files
[5.459s] Level 1:colcon.colcon_core.environment:checking '/home/yahboom/Desktop/team_repo/Lab7/wallaa2/roscourse_sim_ws/install/webcam/lib'
[5.460s] Level 1:colcon.colcon_core.environment:checking '/home/yahboom/Desktop/team_repo/Lab7/wallaa2/roscourse_sim_ws/install/webcam/bin'
[5.460s] Level 1:colcon.colcon_core.environment:checking '/home/yahboom/Desktop/team_repo/Lab7/wallaa2/roscourse_sim_ws/install/webcam/lib/pkgconfig/webcam.pc'
[5.460s] Level 1:colcon.colcon_core.environment:checking '/home/yahboom/Desktop/team_repo/Lab7/wallaa2/roscourse_sim_ws/install/webcam/lib/python3.10/site-packages'
[5.460s] Level 1:colcon.colcon_core.shell:create_environment_hook('webcam', 'pythonpath')
[5.461s] INFO:colcon.colcon_core.shell:Creating environment hook '/home/yahboom/Desktop/team_repo/Lab7/wallaa2/roscourse_sim_ws/install/webcam/share/webcam/hook/pythonpath.ps1'
[5.462s] INFO:colcon.colcon_core.shell:Creating environment descriptor '/home/yahboom/Desktop/team_repo/Lab7/wallaa2/roscourse_sim_ws/install/webcam/share/webcam/hook/pythonpath.dsv'
[5.463s] INFO:colcon.colcon_core.shell:Creating environment hook '/home/yahboom/Desktop/team_repo/Lab7/wallaa2/roscourse_sim_ws/install/webcam/share/webcam/hook/pythonpath.sh'
[5.465s] Level 1:colcon.colcon_core.environment:checking '/home/yahboom/Desktop/team_repo/Lab7/wallaa2/roscourse_sim_ws/install/webcam/bin'
[5.465s] Level 1:colcon.colcon_core.environment:create_environment_scripts_only(webcam)
[5.467s] INFO:colcon.colcon_core.shell:Creating package script '/home/yahboom/Desktop/team_repo/Lab7/wallaa2/roscourse_sim_ws/install/webcam/share/webcam/package.ps1'
[5.469s] INFO:colcon.colcon_core.shell:Creating package descriptor '/home/yahboom/Desktop/team_repo/Lab7/wallaa2/roscourse_sim_ws/install/webcam/share/webcam/package.dsv'
[5.470s] INFO:colcon.colcon_core.shell:Creating package script '/home/yahboom/Desktop/team_repo/Lab7/wallaa2/roscourse_sim_ws/install/webcam/share/webcam/package.sh'
[5.471s] INFO:colcon.colcon_core.shell:Creating package script '/home/yahboom/Desktop/team_repo/Lab7/wallaa2/roscourse_sim_ws/install/webcam/share/webcam/package.bash'
[5.473s] INFO:colcon.colcon_core.shell:Creating package script '/home/yahboom/Desktop/team_repo/Lab7/wallaa2/roscourse_sim_ws/install/webcam/share/webcam/package.zsh'
[5.474s] Level 1:colcon.colcon_core.environment:create_file_with_runtime_dependencies(/home/yahboom/Desktop/team_repo/Lab7/wallaa2/roscourse_sim_ws/install/webcam/share/colcon-core/packages/webcam)
[5.475s] DEBUG:colcon.colcon_parallel_executor.executor.parallel:closing loop
[5.476s] DEBUG:colcon.colcon_parallel_executor.executor.parallel:loop closed
[5.477s] DEBUG:colcon.colcon_parallel_executor.executor.parallel:run_until_complete finished with '0'
[5.477s] DEBUG:colcon.colcon_core.event_reactor:joining thread
[5.502s] INFO:colcon.colcon_core.plugin_system:Skipping extension 'colcon_notification.desktop_notification.terminal_notifier': Not used on non-Darwin systems
[5.502s] INFO:colcon.colcon_core.plugin_system:Skipping extension 'colcon_notification.desktop_notification.win32': Not used on non-Windows systems
[5.502s] INFO:colcon.colcon_notification.desktop_notification:Sending desktop notification using 'notify2'
[5.534s] DEBUG:colcon.colcon_core.event_reactor:joined thread
[5.535s] INFO:colcon.colcon_core.shell:Creating prefix script '/home/yahboom/Desktop/team_repo/Lab7/wallaa2/roscourse_sim_ws/install/local_setup.ps1'
[5.537s] INFO:colcon.colcon_core.shell:Creating prefix util module '/home/yahboom/Desktop/team_repo/Lab7/wallaa2/roscourse_sim_ws/install/_local_setup_util_ps1.py'
[5.541s] INFO:colcon.colcon_core.shell:Creating prefix chain script '/home/yahboom/Desktop/team_repo/Lab7/wallaa2/roscourse_sim_ws/install/setup.ps1'
[5.559s] INFO:colcon.colcon_core.shell:Creating prefix script '/home/yahboom/Desktop/team_repo/Lab7/wallaa2/roscourse_sim_ws/install/local_setup.sh'
[5.561s] INFO:colcon.colcon_core.shell:Creating prefix util module '/home/yahboom/Desktop/team_repo/Lab7/wallaa2/roscourse_sim_ws/install/_local_setup_util_sh.py'
[5.563s] INFO:colcon.colcon_core.shell:Creating prefix chain script '/home/yahboom/Desktop/team_repo/Lab7/wallaa2/roscourse_sim_ws/install/setup.sh'
[5.579s] INFO:colcon.colcon_core.shell:Creating prefix script '/home/yahboom/Desktop/team_repo/Lab7/wallaa2/roscourse_sim_ws/install/local_setup.bash'
[5.580s] INFO:colcon.colcon_core.shell:Creating prefix chain script '/home/yahboom/Desktop/team_repo/Lab7/wallaa2/roscourse_sim_ws/install/setup.bash'
[5.595s] INFO:colcon.colcon_core.shell:Creating prefix script '/home/yahboom/Desktop/team_repo/Lab7/wallaa2/roscourse_sim_ws/install/local_setup.zsh'
[5.597s] INFO:colcon.colcon_core.shell:Creating prefix chain script '/home/yahboom/Desktop/team_repo/Lab7/wallaa2/roscourse_sim_ws/install/setup.zsh'
