[2.692s] Invoking command in '/home/yahboom/S26_RobotProgramming_Eloquent_Elusor/Lab4/so/roscourse_ws/src/webcam': PYTHONPATH=/home/yahboom/S26_RobotProgramming_Eloquent_Elusor/Lab4/so/roscourse_ws/build/webcam/prefix_override:/home/yahboom/S26_RobotProgramming_Eloquent_Elusor/Lab4/so/roscourse_ws/install/webcam/lib/python3.10/site-packages:${PYTHONPATH} /usr/bin/python3 -W ignore:setup.py install is deprecated setup.py egg_info --egg-base ../../build/webcam build --build-base /home/yahboom/S26_RobotProgramming_Eloquent_Elusor/Lab4/so/roscourse_ws/build/webcam/build install --record /home/yahboom/S26_RobotProgramming_Eloquent_Elusor/Lab4/so/roscourse_ws/build/webcam/install.log --single-version-externally-managed install_data
[3.357s] running egg_info
[3.359s] writing ../../build/webcam/webcam.egg-info/PKG-INFO
[3.362s] writing dependency_links to ../../build/webcam/webcam.egg-info/dependency_links.txt
[3.364s] writing entry points to ../../build/webcam/webcam.egg-info/entry_points.txt
[3.365s] writing requirements to ../../build/webcam/webcam.egg-info/requires.txt
[3.366s] writing top-level names to ../../build/webcam/webcam.egg-info/top_level.txt
[3.371s] reading manifest file '../../build/webcam/webcam.egg-info/SOURCES.txt'
[3.374s] writing manifest file '../../build/webcam/webcam.egg-info/SOURCES.txt'
[3.375s] running build
[3.375s] running build_py
[3.377s] running install
[3.378s] running install_lib
[3.385s] running install_data
[3.386s] running install_egg_info
[3.392s] removing '/home/yahboom/S26_RobotProgramming_Eloquent_Elusor/Lab4/so/roscourse_ws/install/webcam/lib/python3.10/site-packages/webcam-0.0.0-py3.10.egg-info' (and everything under it)
[3.393s] Copying ../../build/webcam/webcam.egg-info to /home/yahboom/S26_RobotProgramming_Eloquent_Elusor/Lab4/so/roscourse_ws/install/webcam/lib/python3.10/site-packages/webcam-0.0.0-py3.10.egg-info
[3.401s] running install_scripts
[3.454s] Installing webcam_pub script to /home/yahboom/S26_RobotProgramming_Eloquent_Elusor/Lab4/so/roscourse_ws/install/webcam/lib/webcam
[3.456s] Installing webcam_sub script to /home/yahboom/S26_RobotProgramming_Eloquent_Elusor/Lab4/so/roscourse_ws/install/webcam/lib/webcam
[3.458s] writing list of installed files to '/home/yahboom/S26_RobotProgramming_Eloquent_Elusor/Lab4/so/roscourse_ws/build/webcam/install.log'
[3.498s] Invoked command in '/home/yahboom/S26_RobotProgramming_Eloquent_Elusor/Lab4/so/roscourse_ws/src/webcam' returned '0': PYTHONPATH=/home/yahboom/S26_RobotProgramming_Eloquent_Elusor/Lab4/so/roscourse_ws/build/webcam/prefix_override:/home/yahboom/S26_RobotProgramming_Eloquent_Elusor/Lab4/so/roscourse_ws/install/webcam/lib/python3.10/site-packages:${PYTHONPATH} /usr/bin/python3 -W ignore:setup.py install is deprecated setup.py egg_info --egg-base ../../build/webcam build --build-base /home/yahboom/S26_RobotProgramming_Eloquent_Elusor/Lab4/so/roscourse_ws/build/webcam/build install --record /home/yahboom/S26_RobotProgramming_Eloquent_Elusor/Lab4/so/roscourse_ws/build/webcam/install.log --single-version-externally-managed install_data
