running egg_info
creating ../../build/py_srv/py_srv.egg-info
writing ../../build/py_srv/py_srv.egg-info/PKG-INFO
writing dependency_links to ../../build/py_srv/py_srv.egg-info/dependency_links.txt
writing entry points to ../../build/py_srv/py_srv.egg-info/entry_points.txt
writing requirements to ../../build/py_srv/py_srv.egg-info/requires.txt
writing top-level names to ../../build/py_srv/py_srv.egg-info/top_level.txt
writing manifest file '../../build/py_srv/py_srv.egg-info/SOURCES.txt'
reading manifest file '../../build/py_srv/py_srv.egg-info/SOURCES.txt'
adding license file 'LICENSE'
writing manifest file '../../build/py_srv/py_srv.egg-info/SOURCES.txt'
running build
running build_py
creating /home/yahboom/Desktop/team_repo/Lab7/wallaa2/prelab/intro_ws/build/py_srv/build
creating /home/yahboom/Desktop/team_repo/Lab7/wallaa2/prelab/intro_ws/build/py_srv/build/lib
creating /home/yahboom/Desktop/team_repo/Lab7/wallaa2/prelab/intro_ws/build/py_srv/build/lib/py_srv
copying py_srv/area_client.py -> /home/yahboom/Desktop/team_repo/Lab7/wallaa2/prelab/intro_ws/build/py_srv/build/lib/py_srv
copying py_srv/__init__.py -> /home/yahboom/Desktop/team_repo/Lab7/wallaa2/prelab/intro_ws/build/py_srv/build/lib/py_srv
copying py_srv/area_service.py -> /home/yahboom/Desktop/team_repo/Lab7/wallaa2/prelab/intro_ws/build/py_srv/build/lib/py_srv
running install
running install_lib
creating /home/yahboom/Desktop/team_repo/Lab7/wallaa2/prelab/intro_ws/install/py_srv/lib/python3.10/site-packages/py_srv
copying /home/yahboom/Desktop/team_repo/Lab7/wallaa2/prelab/intro_ws/build/py_srv/build/lib/py_srv/area_client.py -> /home/yahboom/Desktop/team_repo/Lab7/wallaa2/prelab/intro_ws/install/py_srv/lib/python3.10/site-packages/py_srv
copying /home/yahboom/Desktop/team_repo/Lab7/wallaa2/prelab/intro_ws/build/py_srv/build/lib/py_srv/__init__.py -> /home/yahboom/Desktop/team_repo/Lab7/wallaa2/prelab/intro_ws/install/py_srv/lib/python3.10/site-packages/py_srv
copying /home/yahboom/Desktop/team_repo/Lab7/wallaa2/prelab/intro_ws/build/py_srv/build/lib/py_srv/area_service.py -> /home/yahboom/Desktop/team_repo/Lab7/wallaa2/prelab/intro_ws/install/py_srv/lib/python3.10/site-packages/py_srv
byte-compiling /home/yahboom/Desktop/team_repo/Lab7/wallaa2/prelab/intro_ws/install/py_srv/lib/python3.10/site-packages/py_srv/area_client.py to area_client.cpython-310.pyc
byte-compiling /home/yahboom/Desktop/team_repo/Lab7/wallaa2/prelab/intro_ws/install/py_srv/lib/python3.10/site-packages/py_srv/__init__.py to __init__.cpython-310.pyc
byte-compiling /home/yahboom/Desktop/team_repo/Lab7/wallaa2/prelab/intro_ws/install/py_srv/lib/python3.10/site-packages/py_srv/area_service.py to area_service.cpython-310.pyc
running install_data
creating /home/yahboom/Desktop/team_repo/Lab7/wallaa2/prelab/intro_ws/install/py_srv/share/ament_index
creating /home/yahboom/Desktop/team_repo/Lab7/wallaa2/prelab/intro_ws/install/py_srv/share/ament_index/resource_index
creating /home/yahboom/Desktop/team_repo/Lab7/wallaa2/prelab/intro_ws/install/py_srv/share/ament_index/resource_index/packages
copying resource/py_srv -> /home/yahboom/Desktop/team_repo/Lab7/wallaa2/prelab/intro_ws/install/py_srv/share/ament_index/resource_index/packages
copying package.xml -> /home/yahboom/Desktop/team_repo/Lab7/wallaa2/prelab/intro_ws/install/py_srv/share/py_srv
running install_egg_info
Copying ../../build/py_srv/py_srv.egg-info to /home/yahboom/Desktop/team_repo/Lab7/wallaa2/prelab/intro_ws/install/py_srv/lib/python3.10/site-packages/py_srv-0.0.0-py3.10.egg-info
running install_scripts
Installing client script to /home/yahboom/Desktop/team_repo/Lab7/wallaa2/prelab/intro_ws/install/py_srv/lib/py_srv
Installing service script to /home/yahboom/Desktop/team_repo/Lab7/wallaa2/prelab/intro_ws/install/py_srv/lib/py_srv
writing list of installed files to '/home/yahboom/Desktop/team_repo/Lab7/wallaa2/prelab/intro_ws/build/py_srv/install.log'
