[3.277s] Invoking command in '/home/yahboom/Desktop/team_repo/Lab7/wallaa2/prelab/intro_ws/src/py_srv': AMENT_PREFIX_PATH=/home/yahboom/Desktop/team_repo/Lab7/wallaa2/prelab/intro_ws/install/intro_interfaces:${AMENT_PREFIX_PATH} CMAKE_PREFIX_PATH=/home/yahboom/Desktop/team_repo/Lab7/wallaa2/prelab/intro_ws/install/intro_interfaces:${CMAKE_PREFIX_PATH} LD_LIBRARY_PATH=/home/yahboom/Desktop/team_repo/Lab7/wallaa2/prelab/intro_ws/install/intro_interfaces/lib:/home/yahboom/cartoros2/install/yahboom_web_savmap_interfaces/lib:/home/yahboom/cartoros2/install/yahboom_msgs/lib:/home/yahboom/cartoros2/install/yahboom_color_identify_interfaces/lib:/home/yahboom/cartoros2/install/yahboom_attitude_record_interfaces/lib:/home/yahboom/cartoros2/install/nav2_smoother/lib:/home/yahboom/cartoros2/install/nav2_graceful_controller/lib:/home/yahboom/cartoros2/install/nav2_controller/lib:/home/yahboom/cartoros2/install/dwb_plugins/lib:/home/yahboom/cartoros2/install/dwb_critics/lib:/home/yahboom/cartoros2/install/dwb_core/lib:/home/yahboom/cartoros2/install/nav_2d_utils/lib:/home/yahboom/cartoros2/install/dwb_msgs/lib:/home/yahboom/cartoros2/install/nav_2d_msgs/lib:/home/yahboom/cartoros2/install/nav2_waypoint_follower/lib:/home/yahboom/cartoros2/install/nav2_theta_star_planner/lib:/home/yahboom/cartoros2/install/nav2_smac_planner/lib:/home/yahboom/cartoros2/install/nav2_rotation_shim_controller/lib:/home/yahboom/cartoros2/install/nav2_regulated_pure_pursuit_controller/lib:/home/yahboom/cartoros2/install/nav2_planner/lib:/home/yahboom/cartoros2/install/nav2_navfn_planner/lib:/home/yahboom/cartoros2/install/nav2_mppi_controller/lib:/home/yahboom/cartoros2/install/nav2_constrained_smoother/lib:/home/yahboom/cartoros2/install/nav2_bt_navigator/lib:/home/yahboom/cartoros2/install/nav2_behaviors/lib:/home/yahboom/cartoros2/install/nav2_collision_monitor/lib:/home/yahboom/cartoros2/install/costmap_queue/lib:/home/yahboom/cartoros2/install/nav2_costmap_2d/lib:/home/yahboom/cartoros2/install/nav2_voxel_grid/lib:/home/yahboom/cartoros2/install/nav2_velocity_smoother/lib:/home/yahboom/cartoros2/install/nav2_rviz_plugins/lib:/home/yahboom/cartoros2/install/nav2_map_server/lib:/home/yahboom/cartoros2/install/nav2_lifecycle_manager/lib:/home/yahboom/cartoros2/install/nav2_behavior_tree/lib:/home/yahboom/cartoros2/install/nav2_amcl/lib:/home/yahboom/cartoros2/install/nav2_util/lib:/home/yahboom/cartoros2/install/nav2_msgs/lib:/home/yahboom/cartoros2/install/image_color_lab/lib:/home/yahboom/cartoros2/install/dynamixel_sdk_custom_interfaces/lib:/home/yahboom/cartoros2/install/dynamixel_sdk/lib:/home/yahboom/cartoros2/install/csm/lib:/home/yahboom/cartoros2/install/champ_msgs/lib:/home/yahboom/cartoros2/install/cartographer_ros_msgs/lib:/home/yahboom/yahboomcar_ws/install/yahboom_dog_msgs/lib:/home/yahboom/yahboomcar_ws/install/dynamixel_sdk_custom_interfaces/lib:/home/yahboom/yahboomcar_ws/install/dynamixel_sdk/lib:/home/yahboom/yahboomcar_ws/install/champ_msgs/lib:/home/yahboom/gmapping_ws/install/openslam_gmapping/lib:/usr/lib/x86_64-linux-gnu/gazebo-11/plugins:/opt/ros/humble/opt/rviz_ogre_vendor/lib:/opt/ros/humble/lib/x86_64-linux-gnu:/opt/ros/humble/lib:/opt/ros/humble/include/std_msgs/std_msgs/msg/:/usr/lib/jvm/java-11-openjdk-amd64/lib/:/usr/lib/jvm/java-11-openjdk-amd64/lib/server/ PYTHONPATH=/home/yahboom/Desktop/team_repo/Lab7/wallaa2/prelab/intro_ws/build/py_srv/prefix_override:/usr/lib/python3/dist-packages/colcon_core/task/python/colcon_distutils_commands:/home/yahboom/Desktop/team_repo/Lab7/wallaa2/prelab/intro_ws/install/py_srv/lib/python3.10/site-packages:/home/yahboom/Desktop/team_repo/Lab7/wallaa2/prelab/intro_ws/install/intro_interfaces/local/lib/python3.10/dist-packages:${PYTHONPATH} /usr/bin/python3 -W ignore:setup.py install is deprecated -W ignore:easy_install command is deprecated setup.py egg_info --egg-base ../../build/py_srv build --build-base /home/yahboom/Desktop/team_repo/Lab7/wallaa2/prelab/intro_ws/build/py_srv/build install --record /home/yahboom/Desktop/team_repo/Lab7/wallaa2/prelab/intro_ws/build/py_srv/install.log --single-version-externally-managed install_data
[4.236s] running egg_info
[4.240s] creating ../../build/py_srv/py_srv.egg-info
[4.241s] writing ../../build/py_srv/py_srv.egg-info/PKG-INFO
[4.242s] writing dependency_links to ../../build/py_srv/py_srv.egg-info/dependency_links.txt
[4.243s] writing entry points to ../../build/py_srv/py_srv.egg-info/entry_points.txt
[4.243s] writing requirements to ../../build/py_srv/py_srv.egg-info/requires.txt
[4.244s] writing top-level names to ../../build/py_srv/py_srv.egg-info/top_level.txt
[4.247s] writing manifest file '../../build/py_srv/py_srv.egg-info/SOURCES.txt'
[4.251s] reading manifest file '../../build/py_srv/py_srv.egg-info/SOURCES.txt'
[4.252s] adding license file 'LICENSE'
[4.255s] writing manifest file '../../build/py_srv/py_srv.egg-info/SOURCES.txt'
[4.256s] running build
[4.256s] running build_py
[4.258s] creating /home/yahboom/Desktop/team_repo/Lab7/wallaa2/prelab/intro_ws/build/py_srv/build
[4.258s] creating /home/yahboom/Desktop/team_repo/Lab7/wallaa2/prelab/intro_ws/build/py_srv/build/lib
[4.260s] creating /home/yahboom/Desktop/team_repo/Lab7/wallaa2/prelab/intro_ws/build/py_srv/build/lib/py_srv
[4.261s] copying py_srv/area_client.py -> /home/yahboom/Desktop/team_repo/Lab7/wallaa2/prelab/intro_ws/build/py_srv/build/lib/py_srv
[4.261s] copying py_srv/__init__.py -> /home/yahboom/Desktop/team_repo/Lab7/wallaa2/prelab/intro_ws/build/py_srv/build/lib/py_srv
[4.262s] copying py_srv/area_service.py -> /home/yahboom/Desktop/team_repo/Lab7/wallaa2/prelab/intro_ws/build/py_srv/build/lib/py_srv
[4.264s] running install
[4.266s] running install_lib
[4.268s] creating /home/yahboom/Desktop/team_repo/Lab7/wallaa2/prelab/intro_ws/install/py_srv/lib/python3.10/site-packages/py_srv
[4.269s] copying /home/yahboom/Desktop/team_repo/Lab7/wallaa2/prelab/intro_ws/build/py_srv/build/lib/py_srv/area_client.py -> /home/yahboom/Desktop/team_repo/Lab7/wallaa2/prelab/intro_ws/install/py_srv/lib/python3.10/site-packages/py_srv
[4.269s] copying /home/yahboom/Desktop/team_repo/Lab7/wallaa2/prelab/intro_ws/build/py_srv/build/lib/py_srv/__init__.py -> /home/yahboom/Desktop/team_repo/Lab7/wallaa2/prelab/intro_ws/install/py_srv/lib/python3.10/site-packages/py_srv
[4.270s] copying /home/yahboom/Desktop/team_repo/Lab7/wallaa2/prelab/intro_ws/build/py_srv/build/lib/py_srv/area_service.py -> /home/yahboom/Desktop/team_repo/Lab7/wallaa2/prelab/intro_ws/install/py_srv/lib/python3.10/site-packages/py_srv
[4.275s] byte-compiling /home/yahboom/Desktop/team_repo/Lab7/wallaa2/prelab/intro_ws/install/py_srv/lib/python3.10/site-packages/py_srv/area_client.py to area_client.cpython-310.pyc
[4.275s] byte-compiling /home/yahboom/Desktop/team_repo/Lab7/wallaa2/prelab/intro_ws/install/py_srv/lib/python3.10/site-packages/py_srv/__init__.py to __init__.cpython-310.pyc
[4.276s] byte-compiling /home/yahboom/Desktop/team_repo/Lab7/wallaa2/prelab/intro_ws/install/py_srv/lib/python3.10/site-packages/py_srv/area_service.py to area_service.cpython-310.pyc
[4.277s] running install_data
[4.278s] creating /home/yahboom/Desktop/team_repo/Lab7/wallaa2/prelab/intro_ws/install/py_srv/share/ament_index
[4.278s] creating /home/yahboom/Desktop/team_repo/Lab7/wallaa2/prelab/intro_ws/install/py_srv/share/ament_index/resource_index
[4.280s] creating /home/yahboom/Desktop/team_repo/Lab7/wallaa2/prelab/intro_ws/install/py_srv/share/ament_index/resource_index/packages
[4.280s] copying resource/py_srv -> /home/yahboom/Desktop/team_repo/Lab7/wallaa2/prelab/intro_ws/install/py_srv/share/ament_index/resource_index/packages
[4.281s] copying package.xml -> /home/yahboom/Desktop/team_repo/Lab7/wallaa2/prelab/intro_ws/install/py_srv/share/py_srv
[4.281s] running install_egg_info
[4.289s] Copying ../../build/py_srv/py_srv.egg-info to /home/yahboom/Desktop/team_repo/Lab7/wallaa2/prelab/intro_ws/install/py_srv/lib/python3.10/site-packages/py_srv-0.0.0-py3.10.egg-info
[4.295s] running install_scripts
[4.360s] Installing client script to /home/yahboom/Desktop/team_repo/Lab7/wallaa2/prelab/intro_ws/install/py_srv/lib/py_srv
[4.362s] Installing service script to /home/yahboom/Desktop/team_repo/Lab7/wallaa2/prelab/intro_ws/install/py_srv/lib/py_srv
[4.363s] writing list of installed files to '/home/yahboom/Desktop/team_repo/Lab7/wallaa2/prelab/intro_ws/build/py_srv/install.log'
[4.432s] Invoked command in '/home/yahboom/Desktop/team_repo/Lab7/wallaa2/prelab/intro_ws/src/py_srv' returned '0': AMENT_PREFIX_PATH=/home/yahboom/Desktop/team_repo/Lab7/wallaa2/prelab/intro_ws/install/intro_interfaces:${AMENT_PREFIX_PATH} CMAKE_PREFIX_PATH=/home/yahboom/Desktop/team_repo/Lab7/wallaa2/prelab/intro_ws/install/intro_interfaces:${CMAKE_PREFIX_PATH} LD_LIBRARY_PATH=/home/yahboom/Desktop/team_repo/Lab7/wallaa2/prelab/intro_ws/install/intro_interfaces/lib:/home/yahboom/cartoros2/install/yahboom_web_savmap_interfaces/lib:/home/yahboom/cartoros2/install/yahboom_msgs/lib:/home/yahboom/cartoros2/install/yahboom_color_identify_interfaces/lib:/home/yahboom/cartoros2/install/yahboom_attitude_record_interfaces/lib:/home/yahboom/cartoros2/install/nav2_smoother/lib:/home/yahboom/cartoros2/install/nav2_graceful_controller/lib:/home/yahboom/cartoros2/install/nav2_controller/lib:/home/yahboom/cartoros2/install/dwb_plugins/lib:/home/yahboom/cartoros2/install/dwb_critics/lib:/home/yahboom/cartoros2/install/dwb_core/lib:/home/yahboom/cartoros2/install/nav_2d_utils/lib:/home/yahboom/cartoros2/install/dwb_msgs/lib:/home/yahboom/cartoros2/install/nav_2d_msgs/lib:/home/yahboom/cartoros2/install/nav2_waypoint_follower/lib:/home/yahboom/cartoros2/install/nav2_theta_star_planner/lib:/home/yahboom/cartoros2/install/nav2_smac_planner/lib:/home/yahboom/cartoros2/install/nav2_rotation_shim_controller/lib:/home/yahboom/cartoros2/install/nav2_regulated_pure_pursuit_controller/lib:/home/yahboom/cartoros2/install/nav2_planner/lib:/home/yahboom/cartoros2/install/nav2_navfn_planner/lib:/home/yahboom/cartoros2/install/nav2_mppi_controller/lib:/home/yahboom/cartoros2/install/nav2_constrained_smoother/lib:/home/yahboom/cartoros2/install/nav2_bt_navigator/lib:/home/yahboom/cartoros2/install/nav2_behaviors/lib:/home/yahboom/cartoros2/install/nav2_collision_monitor/lib:/home/yahboom/cartoros2/install/costmap_queue/lib:/home/yahboom/cartoros2/install/nav2_costmap_2d/lib:/home/yahboom/cartoros2/install/nav2_voxel_grid/lib:/home/yahboom/cartoros2/install/nav2_velocity_smoother/lib:/home/yahboom/cartoros2/install/nav2_rviz_plugins/lib:/home/yahboom/cartoros2/install/nav2_map_server/lib:/home/yahboom/cartoros2/install/nav2_lifecycle_manager/lib:/home/yahboom/cartoros2/install/nav2_behavior_tree/lib:/home/yahboom/cartoros2/install/nav2_amcl/lib:/home/yahboom/cartoros2/install/nav2_util/lib:/home/yahboom/cartoros2/install/nav2_msgs/lib:/home/yahboom/cartoros2/install/image_color_lab/lib:/home/yahboom/cartoros2/install/dynamixel_sdk_custom_interfaces/lib:/home/yahboom/cartoros2/install/dynamixel_sdk/lib:/home/yahboom/cartoros2/install/csm/lib:/home/yahboom/cartoros2/install/champ_msgs/lib:/home/yahboom/cartoros2/install/cartographer_ros_msgs/lib:/home/yahboom/yahboomcar_ws/install/yahboom_dog_msgs/lib:/home/yahboom/yahboomcar_ws/install/dynamixel_sdk_custom_interfaces/lib:/home/yahboom/yahboomcar_ws/install/dynamixel_sdk/lib:/home/yahboom/yahboomcar_ws/install/champ_msgs/lib:/home/yahboom/gmapping_ws/install/openslam_gmapping/lib:/usr/lib/x86_64-linux-gnu/gazebo-11/plugins:/opt/ros/humble/opt/rviz_ogre_vendor/lib:/opt/ros/humble/lib/x86_64-linux-gnu:/opt/ros/humble/lib:/opt/ros/humble/include/std_msgs/std_msgs/msg/:/usr/lib/jvm/java-11-openjdk-amd64/lib/:/usr/lib/jvm/java-11-openjdk-amd64/lib/server/ PYTHONPATH=/home/yahboom/Desktop/team_repo/Lab7/wallaa2/prelab/intro_ws/build/py_srv/prefix_override:/usr/lib/python3/dist-packages/colcon_core/task/python/colcon_distutils_commands:/home/yahboom/Desktop/team_repo/Lab7/wallaa2/prelab/intro_ws/install/py_srv/lib/python3.10/site-packages:/home/yahboom/Desktop/team_repo/Lab7/wallaa2/prelab/intro_ws/install/intro_interfaces/local/lib/python3.10/dist-packages:${PYTHONPATH} /usr/bin/python3 -W ignore:setup.py install is deprecated -W ignore:easy_install command is deprecated setup.py egg_info --egg-base ../../build/py_srv build --build-base /home/yahboom/Desktop/team_repo/Lab7/wallaa2/prelab/intro_ws/build/py_srv/build install --record /home/yahboom/Desktop/team_repo/Lab7/wallaa2/prelab/intro_ws/build/py_srv/install.log --single-version-externally-managed install_data
