[0.815s] DEBUG:colcon:Command line arguments: ['/usr/bin/colcon', 'build']
[0.815s] DEBUG:colcon:Parsed command line arguments: Namespace(log_base=None, log_level=None, verb_name='build', build_base='build', install_base='install', merge_install=False, symlink_install=False, test_result_base=None, continue_on_error=False, executor='parallel', parallel_workers=4, event_handlers=None, ignore_user_meta=False, metas=['./colcon.meta'], base_paths=['.'], packages_ignore=None, packages_ignore_regex=None, paths=None, packages_up_to=None, packages_up_to_regex=None, packages_above=None, packages_above_and_dependencies=None, packages_above_depth=None, packages_select_by_dep=None, packages_skip_by_dep=None, packages_skip_up_to=None, packages_select_build_failed=False, packages_skip_build_finished=False, packages_select_test_failures=False, packages_skip_test_passed=False, packages_select=None, packages_skip=None, packages_select_regex=None, packages_skip_regex=None, packages_start=None, packages_end=None, allow_overriding=[], cmake_args=None, cmake_target=None, cmake_target_skip_unavailable=False, cmake_clean_cache=False, cmake_clean_first=False, cmake_force_configure=False, ament_cmake_args=None, catkin_cmake_args=None, catkin_skip_building_tests=False, verb_parser=<colcon_defaults.argument_parser.defaults.DefaultArgumentsDecorator object at 0x7892bbe371f0>, verb_extension=<colcon_core.verb.build.BuildVerb object at 0x7892bbe36ce0>, main=<bound method BuildVerb.main of <colcon_core.verb.build.BuildVerb object at 0x7892bbe36ce0>>)
[2.571s] Level 1:colcon.colcon_core.package_discovery:discover_packages(colcon_meta) check parameters
[2.572s] Level 1:colcon.colcon_core.package_discovery:discover_packages(recursive) check parameters
[2.572s] Level 1:colcon.colcon_core.package_discovery:discover_packages(ignore) check parameters
[2.572s] Level 1:colcon.colcon_core.package_discovery:discover_packages(path) check parameters
[2.572s] Level 1:colcon.colcon_core.package_discovery:discover_packages(colcon_meta) discover
[2.572s] Level 1:colcon.colcon_core.package_discovery:discover_packages(recursive) discover
[2.572s] INFO:colcon.colcon_core.package_discovery:Crawling recursively for packages in '/home/yahboom/S26_RobotProgramming_Eloquent_Elusor/Lab7/so/roscours_sim_ws'
[2.588s] Level 1:colcon.colcon_core.package_identification:_identify(.) by extensions ['ignore', 'ignore_ament_install']
[2.619s] Level 1:colcon.colcon_core.package_identification:_identify(.) by extension 'ignore'
[2.620s] Level 1:colcon.colcon_core.package_identification:_identify(.) by extension 'ignore_ament_install'
[2.620s] Level 1:colcon.colcon_core.package_identification:_identify(.) by extensions ['colcon_pkg']
[2.620s] Level 1:colcon.colcon_core.package_identification:_identify(.) by extension 'colcon_pkg'
[2.620s] Level 1:colcon.colcon_core.package_identification:_identify(.) by extensions ['colcon_meta']
[2.620s] Level 1:colcon.colcon_core.package_identification:_identify(.) by extension 'colcon_meta'
[2.621s] Level 1:colcon.colcon_core.package_identification:_identify(.) by extensions ['ros']
[2.621s] Level 1:colcon.colcon_core.package_identification:_identify(.) by extension 'ros'
[2.694s] Level 1:colcon.colcon_core.package_identification:_identify(.) by extensions ['cmake', 'python']
[2.695s] Level 1:colcon.colcon_core.package_identification:_identify(.) by extension 'cmake'
[2.695s] Level 1:colcon.colcon_core.package_identification:_identify(.) by extension 'python'
[2.695s] Level 1:colcon.colcon_core.package_identification:_identify(.) by extensions ['python_setup_py']
[2.695s] Level 1:colcon.colcon_core.package_identification:_identify(.) by extension 'python_setup_py'
[2.695s] Level 1:colcon.colcon_core.package_identification:_identify(build) by extensions ['ignore', 'ignore_ament_install']
[2.695s] Level 1:colcon.colcon_core.package_identification:_identify(build) by extension 'ignore'
[2.695s] Level 1:colcon.colcon_core.package_identification:_identify(build) ignored
[2.695s] Level 1:colcon.colcon_core.package_identification:_identify(install) by extensions ['ignore', 'ignore_ament_install']
[2.695s] Level 1:colcon.colcon_core.package_identification:_identify(install) by extension 'ignore'
[2.696s] Level 1:colcon.colcon_core.package_identification:_identify(install) ignored
[2.696s] Level 1:colcon.colcon_core.package_identification:_identify(log) by extensions ['ignore', 'ignore_ament_install']
[2.696s] Level 1:colcon.colcon_core.package_identification:_identify(log) by extension 'ignore'
[2.696s] Level 1:colcon.colcon_core.package_identification:_identify(log) ignored
[2.697s] Level 1:colcon.colcon_core.package_identification:_identify(src) by extensions ['ignore', 'ignore_ament_install']
[2.697s] Level 1:colcon.colcon_core.package_identification:_identify(src) by extension 'ignore'
[2.697s] Level 1:colcon.colcon_core.package_identification:_identify(src) by extension 'ignore_ament_install'
[2.697s] Level 1:colcon.colcon_core.package_identification:_identify(src) by extensions ['colcon_pkg']
[2.697s] Level 1:colcon.colcon_core.package_identification:_identify(src) by extension 'colcon_pkg'
[2.697s] Level 1:colcon.colcon_core.package_identification:_identify(src) by extensions ['colcon_meta']
[2.697s] Level 1:colcon.colcon_core.package_identification:_identify(src) by extension 'colcon_meta'
[2.698s] Level 1:colcon.colcon_core.package_identification:_identify(src) by extensions ['ros']
[2.698s] Level 1:colcon.colcon_core.package_identification:_identify(src) by extension 'ros'
[2.698s] Level 1:colcon.colcon_core.package_identification:_identify(src) by extensions ['cmake', 'python']
[2.698s] Level 1:colcon.colcon_core.package_identification:_identify(src) by extension 'cmake'
[2.698s] Level 1:colcon.colcon_core.package_identification:_identify(src) by extension 'python'
[2.698s] Level 1:colcon.colcon_core.package_identification:_identify(src) by extensions ['python_setup_py']
[2.698s] Level 1:colcon.colcon_core.package_identification:_identify(src) by extension 'python_setup_py'
[2.698s] Level 1:colcon.colcon_core.package_identification:_identify(src/my_robot) by extensions ['ignore', 'ignore_ament_install']
[2.698s] Level 1:colcon.colcon_core.package_identification:_identify(src/my_robot) by extension 'ignore'
[2.698s] Level 1:colcon.colcon_core.package_identification:_identify(src/my_robot) by extension 'ignore_ament_install'
[2.699s] Level 1:colcon.colcon_core.package_identification:_identify(src/my_robot) by extensions ['colcon_pkg']
[2.699s] Level 1:colcon.colcon_core.package_identification:_identify(src/my_robot) by extension 'colcon_pkg'
[2.699s] Level 1:colcon.colcon_core.package_identification:_identify(src/my_robot) by extensions ['colcon_meta']
[2.699s] Level 1:colcon.colcon_core.package_identification:_identify(src/my_robot) by extension 'colcon_meta'
[2.699s] Level 1:colcon.colcon_core.package_identification:_identify(src/my_robot) by extensions ['ros']
[2.699s] Level 1:colcon.colcon_core.package_identification:_identify(src/my_robot) by extension 'ros'
[2.723s] DEBUG:colcon.colcon_core.package_identification:Package 'src/my_robot' with type 'ros.ament_python' and name 'my_robot'
[2.725s] Level 1:colcon.colcon_core.package_identification:_identify(src/webcam) by extensions ['ignore', 'ignore_ament_install']
[2.725s] Level 1:colcon.colcon_core.package_identification:_identify(src/webcam) by extension 'ignore'
[2.725s] Level 1:colcon.colcon_core.package_identification:_identify(src/webcam) by extension 'ignore_ament_install'
[2.725s] Level 1:colcon.colcon_core.package_identification:_identify(src/webcam) by extensions ['colcon_pkg']
[2.725s] Level 1:colcon.colcon_core.package_identification:_identify(src/webcam) by extension 'colcon_pkg'
[2.726s] Level 1:colcon.colcon_core.package_identification:_identify(src/webcam) by extensions ['colcon_meta']
[2.726s] Level 1:colcon.colcon_core.package_identification:_identify(src/webcam) by extension 'colcon_meta'
[2.726s] Level 1:colcon.colcon_core.package_identification:_identify(src/webcam) by extensions ['ros']
[2.726s] Level 1:colcon.colcon_core.package_identification:_identify(src/webcam) by extension 'ros'
[2.727s] DEBUG:colcon.colcon_core.package_identification:Package 'src/webcam' with type 'ros.ament_python' and name 'webcam'
[2.727s] Level 1:colcon.colcon_core.package_discovery:discover_packages(recursive) using defaults
[2.727s] Level 1:colcon.colcon_core.package_discovery:discover_packages(ignore) discover
[2.727s] Level 1:colcon.colcon_core.package_discovery:discover_packages(ignore) using defaults
[2.727s] Level 1:colcon.colcon_core.package_discovery:discover_packages(path) discover
[2.727s] Level 1:colcon.colcon_core.package_discovery:discover_packages(path) using defaults
[2.860s] Level 1:colcon.colcon_core.package_discovery:discover_packages(prefix_path) check parameters
[2.860s] Level 1:colcon.colcon_core.package_discovery:discover_packages(prefix_path) discover
[3.200s] DEBUG:colcon.colcon_installed_package_information.package_discovery:Found 2 installed packages in /home/yahboom/S26_RobotProgramming_Eloquent_Elusor/Lab7/so/roscours_sim_ws/install
[3.272s] DEBUG:colcon.colcon_installed_package_information.package_discovery:Found 19 installed packages in /home/yahboom/yahboomcar_ws/install
[3.276s] DEBUG:colcon.colcon_installed_package_information.package_discovery:Found 2 installed packages in /home/yahboom/gmapping_ws/install
[3.302s] DEBUG:colcon.colcon_installed_package_information.package_discovery:Found 76 installed packages in /home/yahboom/cartoros2/install
[3.313s] DEBUG:colcon.colcon_installed_package_information.package_discovery:Found 377 installed packages in /opt/ros/humble
[3.322s] Level 1:colcon.colcon_core.package_discovery:discover_packages(prefix_path) using defaults
[3.893s] Level 5:colcon.colcon_core.verb:set package 'my_robot' build argument 'cmake_args' from command line to 'None'
[3.894s] Level 5:colcon.colcon_core.verb:set package 'my_robot' build argument 'cmake_target' from command line to 'None'
[3.894s] Level 5:colcon.colcon_core.verb:set package 'my_robot' build argument 'cmake_target_skip_unavailable' from command line to 'False'
[3.894s] Level 5:colcon.colcon_core.verb:set package 'my_robot' build argument 'cmake_clean_cache' from command line to 'False'
[3.894s] Level 5:colcon.colcon_core.verb:set package 'my_robot' build argument 'cmake_clean_first' from command line to 'False'
[3.894s] Level 5:colcon.colcon_core.verb:set package 'my_robot' build argument 'cmake_force_configure' from command line to 'False'
[3.894s] Level 5:colcon.colcon_core.verb:set package 'my_robot' build argument 'ament_cmake_args' from command line to 'None'
[3.894s] Level 5:colcon.colcon_core.verb:set package 'my_robot' build argument 'catkin_cmake_args' from command line to 'None'
[3.894s] Level 5:colcon.colcon_core.verb:set package 'my_robot' build argument 'catkin_skip_building_tests' from command line to 'False'
[3.894s] DEBUG:colcon.colcon_core.verb:Building package 'my_robot' with the following arguments: {'ament_cmake_args': None, 'build_base': '/home/yahboom/S26_RobotProgramming_Eloquent_Elusor/Lab7/so/roscours_sim_ws/build/my_robot', 'catkin_cmake_args': None, 'catkin_skip_building_tests': False, 'cmake_args': None, 'cmake_clean_cache': False, 'cmake_clean_first': False, 'cmake_force_configure': False, 'cmake_target': None, 'cmake_target_skip_unavailable': False, 'install_base': '/home/yahboom/S26_RobotProgramming_Eloquent_Elusor/Lab7/so/roscours_sim_ws/install/my_robot', 'merge_install': False, 'path': '/home/yahboom/S26_RobotProgramming_Eloquent_Elusor/Lab7/so/roscours_sim_ws/src/my_robot', 'symlink_install': False, 'test_result_base': None}
[3.895s] Level 5:colcon.colcon_core.verb:set package 'webcam' build argument 'cmake_args' from command line to 'None'
[3.895s] Level 5:colcon.colcon_core.verb:set package 'webcam' build argument 'cmake_target' from command line to 'None'
[3.895s] Level 5:colcon.colcon_core.verb:set package 'webcam' build argument 'cmake_target_skip_unavailable' from command line to 'False'
[3.895s] Level 5:colcon.colcon_core.verb:set package 'webcam' build argument 'cmake_clean_cache' from command line to 'False'
[3.895s] Level 5:colcon.colcon_core.verb:set package 'webcam' build argument 'cmake_clean_first' from command line to 'False'
[3.895s] Level 5:colcon.colcon_core.verb:set package 'webcam' build argument 'cmake_force_configure' from command line to 'False'
[3.895s] Level 5:colcon.colcon_core.verb:set package 'webcam' build argument 'ament_cmake_args' from command line to 'None'
[3.895s] Level 5:colcon.colcon_core.verb:set package 'webcam' build argument 'catkin_cmake_args' from command line to 'None'
[3.895s] Level 5:colcon.colcon_core.verb:set package 'webcam' build argument 'catkin_skip_building_tests' from command line to 'False'
[3.895s] DEBUG:colcon.colcon_core.verb:Building package 'webcam' with the following arguments: {'ament_cmake_args': None, 'build_base': '/home/yahboom/S26_RobotProgramming_Eloquent_Elusor/Lab7/so/roscours_sim_ws/build/webcam', 'catkin_cmake_args': None, 'catkin_skip_building_tests': False, 'cmake_args': None, 'cmake_clean_cache': False, 'cmake_clean_first': False, 'cmake_force_configure': False, 'cmake_target': None, 'cmake_target_skip_unavailable': False, 'install_base': '/home/yahboom/S26_RobotProgramming_Eloquent_Elusor/Lab7/so/roscours_sim_ws/install/webcam', 'merge_install': False, 'path': '/home/yahboom/S26_RobotProgramming_Eloquent_Elusor/Lab7/so/roscours_sim_ws/src/webcam', 'symlink_install': False, 'test_result_base': None}
[3.895s] INFO:colcon.colcon_core.executor:Executing jobs using 'parallel' executor
[3.903s] DEBUG:colcon.colcon_parallel_executor.executor.parallel:run_until_complete
[3.904s] INFO:colcon.colcon_ros.task.ament_python.build:Building ROS package in '/home/yahboom/S26_RobotProgramming_Eloquent_Elusor/Lab7/so/roscours_sim_ws/src/my_robot' with build type 'ament_python'
[3.905s] Level 1:colcon.colcon_core.shell:create_environment_hook('my_robot', 'ament_prefix_path')
[3.918s] INFO:colcon.colcon_core.plugin_system:Skipping extension 'colcon_core.shell.bat': Not used on non-Windows systems
[3.918s] INFO:colcon.colcon_core.shell:Creating environment hook '/home/yahboom/S26_RobotProgramming_Eloquent_Elusor/Lab7/so/roscours_sim_ws/install/my_robot/share/my_robot/hook/ament_prefix_path.ps1'
[3.920s] INFO:colcon.colcon_core.shell:Creating environment descriptor '/home/yahboom/S26_RobotProgramming_Eloquent_Elusor/Lab7/so/roscours_sim_ws/install/my_robot/share/my_robot/hook/ament_prefix_path.dsv'
[3.922s] INFO:colcon.colcon_core.shell:Creating environment hook '/home/yahboom/S26_RobotProgramming_Eloquent_Elusor/Lab7/so/roscours_sim_ws/install/my_robot/share/my_robot/hook/ament_prefix_path.sh'
[3.925s] INFO:colcon.colcon_core.shell:Skip shell extension 'powershell' for command environment: Not usable outside of PowerShell
[3.926s] DEBUG:colcon.colcon_core.shell:Skip shell extension 'dsv' for command environment
[3.956s] INFO:colcon.colcon_ros.task.ament_python.build:Building ROS package in '/home/yahboom/S26_RobotProgramming_Eloquent_Elusor/Lab7/so/roscours_sim_ws/src/webcam' with build type 'ament_python'
[3.957s] Level 1:colcon.colcon_core.shell:create_environment_hook('webcam', 'ament_prefix_path')
[3.960s] INFO:colcon.colcon_core.shell:Creating environment hook '/home/yahboom/S26_RobotProgramming_Eloquent_Elusor/Lab7/so/roscours_sim_ws/install/webcam/share/webcam/hook/ament_prefix_path.ps1'
[3.962s] INFO:colcon.colcon_core.shell:Creating environment descriptor '/home/yahboom/S26_RobotProgramming_Eloquent_Elusor/Lab7/so/roscours_sim_ws/install/webcam/share/webcam/hook/ament_prefix_path.dsv'
[3.964s] INFO:colcon.colcon_core.shell:Creating environment hook '/home/yahboom/S26_RobotProgramming_Eloquent_Elusor/Lab7/so/roscours_sim_ws/install/webcam/share/webcam/hook/ament_prefix_path.sh'
[3.967s] INFO:colcon.colcon_core.shell:Skip shell extension 'powershell' for command environment: Not usable outside of PowerShell
[3.967s] DEBUG:colcon.colcon_core.shell:Skip shell extension 'dsv' for command environment
[4.806s] INFO:colcon.colcon_core.task.python.build:Building Python package in '/home/yahboom/S26_RobotProgramming_Eloquent_Elusor/Lab7/so/roscours_sim_ws/src/my_robot'
[4.806s] INFO:colcon.colcon_core.shell:Skip shell extension 'powershell' for command environment: Not usable outside of PowerShell
[4.806s] DEBUG:colcon.colcon_core.shell:Skip shell extension 'dsv' for command environment
[5.411s] INFO:colcon.colcon_core.task.python.build:Building Python package in '/home/yahboom/S26_RobotProgramming_Eloquent_Elusor/Lab7/so/roscours_sim_ws/src/webcam'
[5.412s] INFO:colcon.colcon_core.shell:Skip shell extension 'powershell' for command environment: Not usable outside of PowerShell
[5.412s] DEBUG:colcon.colcon_core.shell:Skip shell extension 'dsv' for command environment
[6.906s] DEBUG:colcon.colcon_core.event_handler.log_command:Invoking command in '/home/yahboom/S26_RobotProgramming_Eloquent_Elusor/Lab7/so/roscours_sim_ws/src/my_robot': PYTHONPATH=/home/yahboom/S26_RobotProgramming_Eloquent_Elusor/Lab7/so/roscours_sim_ws/build/my_robot/prefix_override:/home/yahboom/S26_RobotProgramming_Eloquent_Elusor/Lab7/so/roscours_sim_ws/install/my_robot/lib/python3.10/site-packages:${PYTHONPATH} /usr/bin/python3 -W ignore:setup.py install is deprecated setup.py egg_info --egg-base ../../build/my_robot build --build-base /home/yahboom/S26_RobotProgramming_Eloquent_Elusor/Lab7/so/roscours_sim_ws/build/my_robot/build install --record /home/yahboom/S26_RobotProgramming_Eloquent_Elusor/Lab7/so/roscours_sim_ws/build/my_robot/install.log --single-version-externally-managed install_data
[6.939s] DEBUG:colcon.colcon_core.event_handler.log_command:Invoking command in '/home/yahboom/S26_RobotProgramming_Eloquent_Elusor/Lab7/so/roscours_sim_ws/src/webcam': PYTHONPATH=/home/yahboom/S26_RobotProgramming_Eloquent_Elusor/Lab7/so/roscours_sim_ws/build/webcam/prefix_override:/home/yahboom/S26_RobotProgramming_Eloquent_Elusor/Lab7/so/roscours_sim_ws/install/webcam/lib/python3.10/site-packages:${PYTHONPATH} /usr/bin/python3 -W ignore:setup.py install is deprecated setup.py egg_info --egg-base ../../build/webcam build --build-base /home/yahboom/S26_RobotProgramming_Eloquent_Elusor/Lab7/so/roscours_sim_ws/build/webcam/build install --record /home/yahboom/S26_RobotProgramming_Eloquent_Elusor/Lab7/so/roscours_sim_ws/build/webcam/install.log --single-version-externally-managed install_data
[7.621s] DEBUG:colcon.colcon_core.event_handler.log_command:Invoked command in '/home/yahboom/S26_RobotProgramming_Eloquent_Elusor/Lab7/so/roscours_sim_ws/src/my_robot' returned '0': PYTHONPATH=/home/yahboom/S26_RobotProgramming_Eloquent_Elusor/Lab7/so/roscours_sim_ws/build/my_robot/prefix_override:/home/yahboom/S26_RobotProgramming_Eloquent_Elusor/Lab7/so/roscours_sim_ws/install/my_robot/lib/python3.10/site-packages:${PYTHONPATH} /usr/bin/python3 -W ignore:setup.py install is deprecated setup.py egg_info --egg-base ../../build/my_robot build --build-base /home/yahboom/S26_RobotProgramming_Eloquent_Elusor/Lab7/so/roscours_sim_ws/build/my_robot/build install --record /home/yahboom/S26_RobotProgramming_Eloquent_Elusor/Lab7/so/roscours_sim_ws/build/my_robot/install.log --single-version-externally-managed install_data
[7.751s] Level 1:colcon.colcon_core.environment:checking '/home/yahboom/S26_RobotProgramming_Eloquent_Elusor/Lab7/so/roscours_sim_ws/install/my_robot' for CMake module files
[7.752s] Level 1:colcon.colcon_core.environment:checking '/home/yahboom/S26_RobotProgramming_Eloquent_Elusor/Lab7/so/roscours_sim_ws/install/my_robot' for CMake config files
[7.819s] Level 1:colcon.colcon_core.environment:checking '/home/yahboom/S26_RobotProgramming_Eloquent_Elusor/Lab7/so/roscours_sim_ws/install/my_robot/lib'
[7.820s] Level 1:colcon.colcon_core.environment:checking '/home/yahboom/S26_RobotProgramming_Eloquent_Elusor/Lab7/so/roscours_sim_ws/install/my_robot/bin'
[7.820s] Level 1:colcon.colcon_core.environment:checking '/home/yahboom/S26_RobotProgramming_Eloquent_Elusor/Lab7/so/roscours_sim_ws/install/my_robot/lib/pkgconfig/my_robot.pc'
[7.821s] Level 1:colcon.colcon_core.environment:checking '/home/yahboom/S26_RobotProgramming_Eloquent_Elusor/Lab7/so/roscours_sim_ws/install/my_robot/lib/python3.10/site-packages'
[7.821s] Level 1:colcon.colcon_core.shell:create_environment_hook('my_robot', 'pythonpath')
[7.821s] INFO:colcon.colcon_core.shell:Creating environment hook '/home/yahboom/S26_RobotProgramming_Eloquent_Elusor/Lab7/so/roscours_sim_ws/install/my_robot/share/my_robot/hook/pythonpath.ps1'
[7.837s] INFO:colcon.colcon_core.shell:Creating environment descriptor '/home/yahboom/S26_RobotProgramming_Eloquent_Elusor/Lab7/so/roscours_sim_ws/install/my_robot/share/my_robot/hook/pythonpath.dsv'
[7.844s] INFO:colcon.colcon_core.shell:Creating environment hook '/home/yahboom/S26_RobotProgramming_Eloquent_Elusor/Lab7/so/roscours_sim_ws/install/my_robot/share/my_robot/hook/pythonpath.sh'
[7.850s] Level 1:colcon.colcon_core.environment:checking '/home/yahboom/S26_RobotProgramming_Eloquent_Elusor/Lab7/so/roscours_sim_ws/install/my_robot/bin'
[7.850s] Level 1:colcon.colcon_core.environment:create_environment_scripts_only(my_robot)
[7.851s] INFO:colcon.colcon_core.shell:Creating package script '/home/yahboom/S26_RobotProgramming_Eloquent_Elusor/Lab7/so/roscours_sim_ws/install/my_robot/share/my_robot/package.ps1'
[7.856s] INFO:colcon.colcon_core.shell:Creating package descriptor '/home/yahboom/S26_RobotProgramming_Eloquent_Elusor/Lab7/so/roscours_sim_ws/install/my_robot/share/my_robot/package.dsv'
[7.858s] INFO:colcon.colcon_core.shell:Creating package script '/home/yahboom/S26_RobotProgramming_Eloquent_Elusor/Lab7/so/roscours_sim_ws/install/my_robot/share/my_robot/package.sh'
[7.862s] INFO:colcon.colcon_core.shell:Creating package script '/home/yahboom/S26_RobotProgramming_Eloquent_Elusor/Lab7/so/roscours_sim_ws/install/my_robot/share/my_robot/package.bash'
[7.866s] INFO:colcon.colcon_core.shell:Creating package script '/home/yahboom/S26_RobotProgramming_Eloquent_Elusor/Lab7/so/roscours_sim_ws/install/my_robot/share/my_robot/package.zsh'
[7.870s] Level 1:colcon.colcon_core.environment:create_file_with_runtime_dependencies(/home/yahboom/S26_RobotProgramming_Eloquent_Elusor/Lab7/so/roscours_sim_ws/install/my_robot/share/colcon-core/packages/my_robot)
[8.013s] Level 1:colcon.colcon_core.environment:checking '/home/yahboom/S26_RobotProgramming_Eloquent_Elusor/Lab7/so/roscours_sim_ws/install/webcam' for CMake module files
[8.015s] DEBUG:colcon.colcon_core.event_handler.log_command:Invoked command in '/home/yahboom/S26_RobotProgramming_Eloquent_Elusor/Lab7/so/roscours_sim_ws/src/webcam' returned '0': PYTHONPATH=/home/yahboom/S26_RobotProgramming_Eloquent_Elusor/Lab7/so/roscours_sim_ws/build/webcam/prefix_override:/home/yahboom/S26_RobotProgramming_Eloquent_Elusor/Lab7/so/roscours_sim_ws/install/webcam/lib/python3.10/site-packages:${PYTHONPATH} /usr/bin/python3 -W ignore:setup.py install is deprecated setup.py egg_info --egg-base ../../build/webcam build --build-base /home/yahboom/S26_RobotProgramming_Eloquent_Elusor/Lab7/so/roscours_sim_ws/build/webcam/build install --record /home/yahboom/S26_RobotProgramming_Eloquent_Elusor/Lab7/so/roscours_sim_ws/build/webcam/install.log --single-version-externally-managed install_data
[8.016s] Level 1:colcon.colcon_core.environment:checking '/home/yahboom/S26_RobotProgramming_Eloquent_Elusor/Lab7/so/roscours_sim_ws/install/webcam' for CMake config files
[8.024s] Level 1:colcon.colcon_core.environment:checking '/home/yahboom/S26_RobotProgramming_Eloquent_Elusor/Lab7/so/roscours_sim_ws/install/webcam/lib'
[8.024s] Level 1:colcon.colcon_core.environment:checking '/home/yahboom/S26_RobotProgramming_Eloquent_Elusor/Lab7/so/roscours_sim_ws/install/webcam/bin'
[8.024s] Level 1:colcon.colcon_core.environment:checking '/home/yahboom/S26_RobotProgramming_Eloquent_Elusor/Lab7/so/roscours_sim_ws/install/webcam/lib/pkgconfig/webcam.pc'
[8.025s] Level 1:colcon.colcon_core.environment:checking '/home/yahboom/S26_RobotProgramming_Eloquent_Elusor/Lab7/so/roscours_sim_ws/install/webcam/lib/python3.10/site-packages'
[8.025s] Level 1:colcon.colcon_core.shell:create_environment_hook('webcam', 'pythonpath')
[8.025s] INFO:colcon.colcon_core.shell:Creating environment hook '/home/yahboom/S26_RobotProgramming_Eloquent_Elusor/Lab7/so/roscours_sim_ws/install/webcam/share/webcam/hook/pythonpath.ps1'
[8.028s] INFO:colcon.colcon_core.shell:Creating environment descriptor '/home/yahboom/S26_RobotProgramming_Eloquent_Elusor/Lab7/so/roscours_sim_ws/install/webcam/share/webcam/hook/pythonpath.dsv'
[8.030s] INFO:colcon.colcon_core.shell:Creating environment hook '/home/yahboom/S26_RobotProgramming_Eloquent_Elusor/Lab7/so/roscours_sim_ws/install/webcam/share/webcam/hook/pythonpath.sh'
[8.033s] Level 1:colcon.colcon_core.environment:checking '/home/yahboom/S26_RobotProgramming_Eloquent_Elusor/Lab7/so/roscours_sim_ws/install/webcam/bin'
[8.033s] Level 1:colcon.colcon_core.environment:create_environment_scripts_only(webcam)
[8.034s] INFO:colcon.colcon_core.shell:Creating package script '/home/yahboom/S26_RobotProgramming_Eloquent_Elusor/Lab7/so/roscours_sim_ws/install/webcam/share/webcam/package.ps1'
[8.037s] INFO:colcon.colcon_core.shell:Creating package descriptor '/home/yahboom/S26_RobotProgramming_Eloquent_Elusor/Lab7/so/roscours_sim_ws/install/webcam/share/webcam/package.dsv'
[8.039s] INFO:colcon.colcon_core.shell:Creating package script '/home/yahboom/S26_RobotProgramming_Eloquent_Elusor/Lab7/so/roscours_sim_ws/install/webcam/share/webcam/package.sh'
[8.041s] INFO:colcon.colcon_core.shell:Creating package script '/home/yahboom/S26_RobotProgramming_Eloquent_Elusor/Lab7/so/roscours_sim_ws/install/webcam/share/webcam/package.bash'
[8.042s] INFO:colcon.colcon_core.shell:Creating package script '/home/yahboom/S26_RobotProgramming_Eloquent_Elusor/Lab7/so/roscours_sim_ws/install/webcam/share/webcam/package.zsh'
[8.045s] Level 1:colcon.colcon_core.environment:create_file_with_runtime_dependencies(/home/yahboom/S26_RobotProgramming_Eloquent_Elusor/Lab7/so/roscours_sim_ws/install/webcam/share/colcon-core/packages/webcam)
[8.047s] DEBUG:colcon.colcon_parallel_executor.executor.parallel:closing loop
[8.047s] DEBUG:colcon.colcon_parallel_executor.executor.parallel:loop closed
[8.047s] DEBUG:colcon.colcon_parallel_executor.executor.parallel:run_until_complete finished with '0'
[8.048s] DEBUG:colcon.colcon_core.event_reactor:joining thread
[8.108s] INFO:colcon.colcon_core.plugin_system:Skipping extension 'colcon_notification.desktop_notification.terminal_notifier': Not used on non-Darwin systems
[8.108s] INFO:colcon.colcon_core.plugin_system:Skipping extension 'colcon_notification.desktop_notification.win32': Not used on non-Windows systems
[8.108s] INFO:colcon.colcon_notification.desktop_notification:Sending desktop notification using 'notify2'
[8.466s] DEBUG:colcon.colcon_core.event_reactor:joined thread
[8.467s] INFO:colcon.colcon_core.shell:Creating prefix script '/home/yahboom/S26_RobotProgramming_Eloquent_Elusor/Lab7/so/roscours_sim_ws/install/local_setup.ps1'
[8.491s] INFO:colcon.colcon_core.shell:Creating prefix util module '/home/yahboom/S26_RobotProgramming_Eloquent_Elusor/Lab7/so/roscours_sim_ws/install/_local_setup_util_ps1.py'
[8.495s] INFO:colcon.colcon_core.shell:Creating prefix chain script '/home/yahboom/S26_RobotProgramming_Eloquent_Elusor/Lab7/so/roscours_sim_ws/install/setup.ps1'
[8.505s] INFO:colcon.colcon_core.shell:Creating prefix script '/home/yahboom/S26_RobotProgramming_Eloquent_Elusor/Lab7/so/roscours_sim_ws/install/local_setup.sh'
[8.506s] INFO:colcon.colcon_core.shell:Creating prefix util module '/home/yahboom/S26_RobotProgramming_Eloquent_Elusor/Lab7/so/roscours_sim_ws/install/_local_setup_util_sh.py'
[8.509s] INFO:colcon.colcon_core.shell:Creating prefix chain script '/home/yahboom/S26_RobotProgramming_Eloquent_Elusor/Lab7/so/roscours_sim_ws/install/setup.sh'
[8.519s] INFO:colcon.colcon_core.shell:Creating prefix script '/home/yahboom/S26_RobotProgramming_Eloquent_Elusor/Lab7/so/roscours_sim_ws/install/local_setup.bash'
[8.521s] INFO:colcon.colcon_core.shell:Creating prefix chain script '/home/yahboom/S26_RobotProgramming_Eloquent_Elusor/Lab7/so/roscours_sim_ws/install/setup.bash'
[8.530s] INFO:colcon.colcon_core.shell:Creating prefix script '/home/yahboom/S26_RobotProgramming_Eloquent_Elusor/Lab7/so/roscours_sim_ws/install/local_setup.zsh'
[8.532s] INFO:colcon.colcon_core.shell:Creating prefix chain script '/home/yahboom/S26_RobotProgramming_Eloquent_Elusor/Lab7/so/roscours_sim_ws/install/setup.zsh'
