[1.772s] Invoking command in '/home/yahboom/Desktop/S26_RobotProgramming_Eloquent_Elusor/Lab7/pailya/roscourse_sim_ws/src/my_robot': PYTHONPATH=/home/yahboom/Desktop/S26_RobotProgramming_Eloquent_Elusor/Lab7/pailya/roscourse_sim_ws/build/my_robot/prefix_override:/home/yahboom/Desktop/S26_RobotProgramming_Eloquent_Elusor/Lab7/pailya/roscourse_sim_ws/install/my_robot/lib/python3.10/site-packages:${PYTHONPATH} /usr/bin/python3 -W ignore:setup.py install is deprecated setup.py egg_info --egg-base ../../build/my_robot build --build-base /home/yahboom/Desktop/S26_RobotProgramming_Eloquent_Elusor/Lab7/pailya/roscourse_sim_ws/build/my_robot/build install --record /home/yahboom/Desktop/S26_RobotProgramming_Eloquent_Elusor/Lab7/pailya/roscourse_sim_ws/build/my_robot/install.log --single-version-externally-managed install_data
[2.384s] running egg_info
[2.385s] writing ../../build/my_robot/my_robot.egg-info/PKG-INFO
[2.387s] writing dependency_links to ../../build/my_robot/my_robot.egg-info/dependency_links.txt
[2.387s] writing entry points to ../../build/my_robot/my_robot.egg-info/entry_points.txt
[2.387s] writing requirements to ../../build/my_robot/my_robot.egg-info/requires.txt
[2.388s] writing top-level names to ../../build/my_robot/my_robot.egg-info/top_level.txt
[2.392s] reading manifest file '../../build/my_robot/my_robot.egg-info/SOURCES.txt'
[2.395s] writing manifest file '../../build/my_robot/my_robot.egg-info/SOURCES.txt'
[2.395s] running build
[2.395s] running build_py
[2.396s] running install
[2.397s] running install_lib
[2.400s] running install_data
[2.401s] copying urdf/my_robot.urdf.xacro -> /home/yahboom/Desktop/S26_RobotProgramming_Eloquent_Elusor/Lab7/pailya/roscourse_sim_ws/install/my_robot/share/my_robot
[2.401s] running install_egg_info
[2.404s] removing '/home/yahboom/Desktop/S26_RobotProgramming_Eloquent_Elusor/Lab7/pailya/roscourse_sim_ws/install/my_robot/lib/python3.10/site-packages/my_robot-0.0.0-py3.10.egg-info' (and everything under it)
[2.405s] Copying ../../build/my_robot/my_robot.egg-info to /home/yahboom/Desktop/S26_RobotProgramming_Eloquent_Elusor/Lab7/pailya/roscourse_sim_ws/install/my_robot/lib/python3.10/site-packages/my_robot-0.0.0-py3.10.egg-info
[2.407s] running install_scripts
[2.448s] writing list of installed files to '/home/yahboom/Desktop/S26_RobotProgramming_Eloquent_Elusor/Lab7/pailya/roscourse_sim_ws/build/my_robot/install.log'
[2.515s] Invoked command in '/home/yahboom/Desktop/S26_RobotProgramming_Eloquent_Elusor/Lab7/pailya/roscourse_sim_ws/src/my_robot' returned '0': PYTHONPATH=/home/yahboom/Desktop/S26_RobotProgramming_Eloquent_Elusor/Lab7/pailya/roscourse_sim_ws/build/my_robot/prefix_override:/home/yahboom/Desktop/S26_RobotProgramming_Eloquent_Elusor/Lab7/pailya/roscourse_sim_ws/install/my_robot/lib/python3.10/site-packages:${PYTHONPATH} /usr/bin/python3 -W ignore:setup.py install is deprecated setup.py egg_info --egg-base ../../build/my_robot build --build-base /home/yahboom/Desktop/S26_RobotProgramming_Eloquent_Elusor/Lab7/pailya/roscourse_sim_ws/build/my_robot/build install --record /home/yahboom/Desktop/S26_RobotProgramming_Eloquent_Elusor/Lab7/pailya/roscourse_sim_ws/build/my_robot/install.log --single-version-externally-managed install_data
