[1.869s] Invoking command in '/home/yahboom/S26_RobotProgramming_Eloquent_Elusor/Lab4/so/roscourse_ws/src/webcam': PYTHONPATH=/home/yahboom/S26_RobotProgramming_Eloquent_Elusor/Lab4/so/roscourse_ws/build/webcam/prefix_override:/home/yahboom/S26_RobotProgramming_Eloquent_Elusor/Lab4/so/roscourse_ws/install/webcam/lib/python3.10/site-packages:${PYTHONPATH} /usr/bin/python3 -W ignore:setup.py install is deprecated setup.py egg_info --egg-base ../../build/webcam build --build-base /home/yahboom/S26_RobotProgramming_Eloquent_Elusor/Lab4/so/roscourse_ws/build/webcam/build install --record /home/yahboom/S26_RobotProgramming_Eloquent_Elusor/Lab4/so/roscourse_ws/build/webcam/install.log --single-version-externally-managed install_data
[2.372s] running egg_info
[2.372s] writing ../../build/webcam/webcam.egg-info/PKG-INFO
[2.373s] writing dependency_links to ../../build/webcam/webcam.egg-info/dependency_links.txt
[2.373s] writing entry points to ../../build/webcam/webcam.egg-info/entry_points.txt
[2.374s] writing requirements to ../../build/webcam/webcam.egg-info/requires.txt
[2.374s] writing top-level names to ../../build/webcam/webcam.egg-info/top_level.txt
[2.378s] reading manifest file '../../build/webcam/webcam.egg-info/SOURCES.txt'
[2.382s] writing manifest file '../../build/webcam/webcam.egg-info/SOURCES.txt'
[2.382s] running build
[2.383s] running build_py
[2.383s] running install
[2.383s] running install_lib
[2.384s] running install_data
[2.384s] running install_egg_info
[2.387s] removing '/home/yahboom/S26_RobotProgramming_Eloquent_Elusor/Lab4/so/roscourse_ws/install/webcam/lib/python3.10/site-packages/webcam-0.0.0-py3.10.egg-info' (and everything under it)
[2.388s] Copying ../../build/webcam/webcam.egg-info to /home/yahboom/S26_RobotProgramming_Eloquent_Elusor/Lab4/so/roscourse_ws/install/webcam/lib/python3.10/site-packages/webcam-0.0.0-py3.10.egg-info
[2.392s] running install_scripts
[2.429s] Installing webcam_pub script to /home/yahboom/S26_RobotProgramming_Eloquent_Elusor/Lab4/so/roscourse_ws/install/webcam/lib/webcam
[2.430s] Installing webcam_sub script to /home/yahboom/S26_RobotProgramming_Eloquent_Elusor/Lab4/so/roscourse_ws/install/webcam/lib/webcam
[2.432s] writing list of installed files to '/home/yahboom/S26_RobotProgramming_Eloquent_Elusor/Lab4/so/roscourse_ws/build/webcam/install.log'
[2.488s] Invoked command in '/home/yahboom/S26_RobotProgramming_Eloquent_Elusor/Lab4/so/roscourse_ws/src/webcam' returned '0': PYTHONPATH=/home/yahboom/S26_RobotProgramming_Eloquent_Elusor/Lab4/so/roscourse_ws/build/webcam/prefix_override:/home/yahboom/S26_RobotProgramming_Eloquent_Elusor/Lab4/so/roscourse_ws/install/webcam/lib/python3.10/site-packages:${PYTHONPATH} /usr/bin/python3 -W ignore:setup.py install is deprecated setup.py egg_info --egg-base ../../build/webcam build --build-base /home/yahboom/S26_RobotProgramming_Eloquent_Elusor/Lab4/so/roscourse_ws/build/webcam/build install --record /home/yahboom/S26_RobotProgramming_Eloquent_Elusor/Lab4/so/roscourse_ws/build/webcam/install.log --single-version-externally-managed install_data
