[1.723s] Invoking command in '/home/yahboom/Desktop/S26_RobotProgramming_Eloquent_Elusor/Lab3/pailya/roscourse_ws/build/webcam': PYTHONPATH=/home/yahboom/Desktop/S26_RobotProgramming_Eloquent_Elusor/Lab3/pailya/roscourse_ws/build/webcam/prefix_override:/home/yahboom/Desktop/S26_RobotProgramming_Eloquent_Elusor/Lab3/pailya/roscourse_ws/install/webcam/lib/python3.10/site-packages:${PYTHONPATH} /usr/bin/python3 -W ignore:setup.py install is deprecated setup.py develop --uninstall --editable --build-directory /home/yahboom/Desktop/S26_RobotProgramming_Eloquent_Elusor/Lab3/pailya/roscourse_ws/build/webcam/build
[2.092s] running develop
[2.098s] /usr/lib/python3/dist-packages/setuptools/command/easy_install.py:158: EasyInstallDeprecationWarning: easy_install command is deprecated. Use build and pip and other standards-based tools.
[2.099s]   warnings.warn(
[2.282s] Removing /home/yahboom/Desktop/S26_RobotProgramming_Eloquent_Elusor/Lab3/pailya/roscourse_ws/install/webcam/lib/python3.10/site-packages/webcam.egg-link (link to .)
[2.351s] Invoked command in '/home/yahboom/Desktop/S26_RobotProgramming_Eloquent_Elusor/Lab3/pailya/roscourse_ws/build/webcam' returned '0': PYTHONPATH=/home/yahboom/Desktop/S26_RobotProgramming_Eloquent_Elusor/Lab3/pailya/roscourse_ws/build/webcam/prefix_override:/home/yahboom/Desktop/S26_RobotProgramming_Eloquent_Elusor/Lab3/pailya/roscourse_ws/install/webcam/lib/python3.10/site-packages:${PYTHONPATH} /usr/bin/python3 -W ignore:setup.py install is deprecated setup.py develop --uninstall --editable --build-directory /home/yahboom/Desktop/S26_RobotProgramming_Eloquent_Elusor/Lab3/pailya/roscourse_ws/build/webcam/build
[2.354s] Invoking command in '/home/yahboom/Desktop/S26_RobotProgramming_Eloquent_Elusor/Lab3/pailya/roscourse_ws/src/webcam': PYTHONPATH=/home/yahboom/Desktop/S26_RobotProgramming_Eloquent_Elusor/Lab3/pailya/roscourse_ws/build/webcam/prefix_override:/home/yahboom/Desktop/S26_RobotProgramming_Eloquent_Elusor/Lab3/pailya/roscourse_ws/install/webcam/lib/python3.10/site-packages:${PYTHONPATH} /usr/bin/python3 -W ignore:setup.py install is deprecated setup.py egg_info --egg-base ../../build/webcam build --build-base /home/yahboom/Desktop/S26_RobotProgramming_Eloquent_Elusor/Lab3/pailya/roscourse_ws/build/webcam/build install --record /home/yahboom/Desktop/S26_RobotProgramming_Eloquent_Elusor/Lab3/pailya/roscourse_ws/build/webcam/install.log --single-version-externally-managed install_data --force
[2.677s] running egg_info
[2.678s] writing ../../build/webcam/webcam.egg-info/PKG-INFO
[2.679s] writing dependency_links to ../../build/webcam/webcam.egg-info/dependency_links.txt
[2.679s] writing entry points to ../../build/webcam/webcam.egg-info/entry_points.txt
[2.680s] writing requirements to ../../build/webcam/webcam.egg-info/requires.txt
[2.680s] writing top-level names to ../../build/webcam/webcam.egg-info/top_level.txt
[2.682s] reading manifest file '../../build/webcam/webcam.egg-info/SOURCES.txt'
[2.684s] writing manifest file '../../build/webcam/webcam.egg-info/SOURCES.txt'
[2.684s] running build
[2.684s] running build_py
[2.684s] creating /home/yahboom/Desktop/S26_RobotProgramming_Eloquent_Elusor/Lab3/pailya/roscourse_ws/build/webcam/build
[2.684s] creating /home/yahboom/Desktop/S26_RobotProgramming_Eloquent_Elusor/Lab3/pailya/roscourse_ws/build/webcam/build/lib
[2.685s] creating /home/yahboom/Desktop/S26_RobotProgramming_Eloquent_Elusor/Lab3/pailya/roscourse_ws/build/webcam/build/lib/webcam
[2.685s] copying webcam/cam_sub.py -> /home/yahboom/Desktop/S26_RobotProgramming_Eloquent_Elusor/Lab3/pailya/roscourse_ws/build/webcam/build/lib/webcam
[2.685s] copying webcam/__init__.py -> /home/yahboom/Desktop/S26_RobotProgramming_Eloquent_Elusor/Lab3/pailya/roscourse_ws/build/webcam/build/lib/webcam
[2.686s] copying webcam/cam_pub.py -> /home/yahboom/Desktop/S26_RobotProgramming_Eloquent_Elusor/Lab3/pailya/roscourse_ws/build/webcam/build/lib/webcam
[2.687s] running install
[2.687s] running install_lib
[2.688s] creating /home/yahboom/Desktop/S26_RobotProgramming_Eloquent_Elusor/Lab3/pailya/roscourse_ws/install/webcam/lib/python3.10/site-packages/webcam
[2.689s] copying /home/yahboom/Desktop/S26_RobotProgramming_Eloquent_Elusor/Lab3/pailya/roscourse_ws/build/webcam/build/lib/webcam/cam_sub.py -> /home/yahboom/Desktop/S26_RobotProgramming_Eloquent_Elusor/Lab3/pailya/roscourse_ws/install/webcam/lib/python3.10/site-packages/webcam
[2.689s] copying /home/yahboom/Desktop/S26_RobotProgramming_Eloquent_Elusor/Lab3/pailya/roscourse_ws/build/webcam/build/lib/webcam/__init__.py -> /home/yahboom/Desktop/S26_RobotProgramming_Eloquent_Elusor/Lab3/pailya/roscourse_ws/install/webcam/lib/python3.10/site-packages/webcam
[2.689s] copying /home/yahboom/Desktop/S26_RobotProgramming_Eloquent_Elusor/Lab3/pailya/roscourse_ws/build/webcam/build/lib/webcam/cam_pub.py -> /home/yahboom/Desktop/S26_RobotProgramming_Eloquent_Elusor/Lab3/pailya/roscourse_ws/install/webcam/lib/python3.10/site-packages/webcam
[2.690s] byte-compiling /home/yahboom/Desktop/S26_RobotProgramming_Eloquent_Elusor/Lab3/pailya/roscourse_ws/install/webcam/lib/python3.10/site-packages/webcam/cam_sub.py to cam_sub.cpython-310.pyc
[2.692s] byte-compiling /home/yahboom/Desktop/S26_RobotProgramming_Eloquent_Elusor/Lab3/pailya/roscourse_ws/install/webcam/lib/python3.10/site-packages/webcam/__init__.py to __init__.cpython-310.pyc
[2.692s] byte-compiling /home/yahboom/Desktop/S26_RobotProgramming_Eloquent_Elusor/Lab3/pailya/roscourse_ws/install/webcam/lib/python3.10/site-packages/webcam/cam_pub.py to cam_pub.cpython-310.pyc
[2.693s] running install_data
[2.694s] copying resource/webcam -> /home/yahboom/Desktop/S26_RobotProgramming_Eloquent_Elusor/Lab3/pailya/roscourse_ws/install/webcam/share/ament_index/resource_index/packages
[2.696s] copying package.xml -> /home/yahboom/Desktop/S26_RobotProgramming_Eloquent_Elusor/Lab3/pailya/roscourse_ws/install/webcam/share/webcam
[2.697s] running install_egg_info
[2.699s] Copying ../../build/webcam/webcam.egg-info to /home/yahboom/Desktop/S26_RobotProgramming_Eloquent_Elusor/Lab3/pailya/roscourse_ws/install/webcam/lib/python3.10/site-packages/webcam-0.0.0-py3.10.egg-info
[2.702s] running install_scripts
[2.746s] Installing webcam_pub script to /home/yahboom/Desktop/S26_RobotProgramming_Eloquent_Elusor/Lab3/pailya/roscourse_ws/install/webcam/lib/webcam
[2.747s] Installing webcam_sub script to /home/yahboom/Desktop/S26_RobotProgramming_Eloquent_Elusor/Lab3/pailya/roscourse_ws/install/webcam/lib/webcam
[2.748s] writing list of installed files to '/home/yahboom/Desktop/S26_RobotProgramming_Eloquent_Elusor/Lab3/pailya/roscourse_ws/build/webcam/install.log'
[2.788s] Invoked command in '/home/yahboom/Desktop/S26_RobotProgramming_Eloquent_Elusor/Lab3/pailya/roscourse_ws/src/webcam' returned '0': PYTHONPATH=/home/yahboom/Desktop/S26_RobotProgramming_Eloquent_Elusor/Lab3/pailya/roscourse_ws/build/webcam/prefix_override:/home/yahboom/Desktop/S26_RobotProgramming_Eloquent_Elusor/Lab3/pailya/roscourse_ws/install/webcam/lib/python3.10/site-packages:${PYTHONPATH} /usr/bin/python3 -W ignore:setup.py install is deprecated setup.py egg_info --egg-base ../../build/webcam build --build-base /home/yahboom/Desktop/S26_RobotProgramming_Eloquent_Elusor/Lab3/pailya/roscourse_ws/build/webcam/build install --record /home/yahboom/Desktop/S26_RobotProgramming_Eloquent_Elusor/Lab3/pailya/roscourse_ws/build/webcam/install.log --single-version-externally-managed install_data --force
