[0.532s] Invoking command in '/home/yahboom/S26_RobotProgramming_Eloquent_Elusor/Lab6/so/roscourse_sim_ws/src/my_robot': PYTHONPATH=/home/yahboom/S26_RobotProgramming_Eloquent_Elusor/Lab6/so/roscourse_sim_ws/build/my_robot/prefix_override:/home/yahboom/S26_RobotProgramming_Eloquent_Elusor/Lab6/so/roscourse_sim_ws/install/my_robot/lib/python3.10/site-packages:${PYTHONPATH} /usr/bin/python3 -W ignore:setup.py install is deprecated setup.py egg_info --egg-base ../../build/my_robot build --build-base /home/yahboom/S26_RobotProgramming_Eloquent_Elusor/Lab6/so/roscourse_sim_ws/build/my_robot/build install --record /home/yahboom/S26_RobotProgramming_Eloquent_Elusor/Lab6/so/roscourse_sim_ws/build/my_robot/install.log --single-version-externally-managed install_data
[0.735s] running egg_info
[0.739s] writing ../../build/my_robot/my_robot.egg-info/PKG-INFO
[0.739s] writing dependency_links to ../../build/my_robot/my_robot.egg-info/dependency_links.txt
[0.739s] writing entry points to ../../build/my_robot/my_robot.egg-info/entry_points.txt
[0.739s] writing requirements to ../../build/my_robot/my_robot.egg-info/requires.txt
[0.739s] writing top-level names to ../../build/my_robot/my_robot.egg-info/top_level.txt
[0.739s] reading manifest file '../../build/my_robot/my_robot.egg-info/SOURCES.txt'
[0.739s] writing manifest file '../../build/my_robot/my_robot.egg-info/SOURCES.txt'
[0.739s] running build
[0.739s] running build_py
[0.739s] running install
[0.739s] running install_lib
[0.739s] running install_data
[0.739s] copying launch/my_robot_rviz.launch.py -> /home/yahboom/S26_RobotProgramming_Eloquent_Elusor/Lab6/so/roscourse_sim_ws/install/my_robot/share/my_robot/launch
[0.740s] copying rviz/my_robot.rviz -> /home/yahboom/S26_RobotProgramming_Eloquent_Elusor/Lab6/so/roscourse_sim_ws/install/my_robot/share/my_robot
[0.740s] running install_egg_info
[0.741s] removing '/home/yahboom/S26_RobotProgramming_Eloquent_Elusor/Lab6/so/roscourse_sim_ws/install/my_robot/lib/python3.10/site-packages/my_robot-0.0.0-py3.10.egg-info' (and everything under it)
[0.742s] Copying ../../build/my_robot/my_robot.egg-info to /home/yahboom/S26_RobotProgramming_Eloquent_Elusor/Lab6/so/roscourse_sim_ws/install/my_robot/lib/python3.10/site-packages/my_robot-0.0.0-py3.10.egg-info
[0.742s] running install_scripts
[0.760s] writing list of installed files to '/home/yahboom/S26_RobotProgramming_Eloquent_Elusor/Lab6/so/roscourse_sim_ws/build/my_robot/install.log'
[0.777s] Invoked command in '/home/yahboom/S26_RobotProgramming_Eloquent_Elusor/Lab6/so/roscourse_sim_ws/src/my_robot' returned '0': PYTHONPATH=/home/yahboom/S26_RobotProgramming_Eloquent_Elusor/Lab6/so/roscourse_sim_ws/build/my_robot/prefix_override:/home/yahboom/S26_RobotProgramming_Eloquent_Elusor/Lab6/so/roscourse_sim_ws/install/my_robot/lib/python3.10/site-packages:${PYTHONPATH} /usr/bin/python3 -W ignore:setup.py install is deprecated setup.py egg_info --egg-base ../../build/my_robot build --build-base /home/yahboom/S26_RobotProgramming_Eloquent_Elusor/Lab6/so/roscourse_sim_ws/build/my_robot/build install --record /home/yahboom/S26_RobotProgramming_Eloquent_Elusor/Lab6/so/roscourse_sim_ws/build/my_robot/install.log --single-version-externally-managed install_data
