[3.153s] Invoking command in '/home/yahboom/Desktop/team_repo/Lab4/wallaa2/intro_ws/src/examples/rclpy/services/minimal_client': PYTHONPATH=/home/yahboom/Desktop/team_repo/Lab4/wallaa2/intro_ws/build/examples_rclpy_minimal_client/prefix_override:/usr/lib/python3/dist-packages/colcon_core/task/python/colcon_distutils_commands:/home/yahboom/Desktop/team_repo/Lab4/wallaa2/intro_ws/install/examples_rclpy_minimal_client/lib/python3.10/site-packages:${PYTHONPATH} /usr/bin/python3 -W ignore:setup.py install is deprecated -W ignore:easy_install command is deprecated setup.py egg_info --egg-base ../../../../../build/examples_rclpy_minimal_client build --build-base /home/yahboom/Desktop/team_repo/Lab4/wallaa2/intro_ws/build/examples_rclpy_minimal_client/build install --record /home/yahboom/Desktop/team_repo/Lab4/wallaa2/intro_ws/build/examples_rclpy_minimal_client/install.log --single-version-externally-managed install_data
[4.123s] running egg_info
[4.125s] creating ../../../../../build/examples_rclpy_minimal_client/examples_rclpy_minimal_client.egg-info
[4.126s] writing ../../../../../build/examples_rclpy_minimal_client/examples_rclpy_minimal_client.egg-info/PKG-INFO
[4.127s] writing dependency_links to ../../../../../build/examples_rclpy_minimal_client/examples_rclpy_minimal_client.egg-info/dependency_links.txt
[4.128s] writing entry points to ../../../../../build/examples_rclpy_minimal_client/examples_rclpy_minimal_client.egg-info/entry_points.txt
[4.129s] writing requirements to ../../../../../build/examples_rclpy_minimal_client/examples_rclpy_minimal_client.egg-info/requires.txt
[4.130s] writing top-level names to ../../../../../build/examples_rclpy_minimal_client/examples_rclpy_minimal_client.egg-info/top_level.txt
[4.130s] writing manifest file '../../../../../build/examples_rclpy_minimal_client/examples_rclpy_minimal_client.egg-info/SOURCES.txt'
[4.134s] reading manifest file '../../../../../build/examples_rclpy_minimal_client/examples_rclpy_minimal_client.egg-info/SOURCES.txt'
[4.137s] writing manifest file '../../../../../build/examples_rclpy_minimal_client/examples_rclpy_minimal_client.egg-info/SOURCES.txt'
[4.138s] running build
[4.138s] running build_py
[4.139s] creating /home/yahboom/Desktop/team_repo/Lab4/wallaa2/intro_ws/build/examples_rclpy_minimal_client/build
[4.140s] creating /home/yahboom/Desktop/team_repo/Lab4/wallaa2/intro_ws/build/examples_rclpy_minimal_client/build/lib
[4.140s] creating /home/yahboom/Desktop/team_repo/Lab4/wallaa2/intro_ws/build/examples_rclpy_minimal_client/build/lib/examples_rclpy_minimal_client
[4.141s] copying examples_rclpy_minimal_client/client_async_member_function.py -> /home/yahboom/Desktop/team_repo/Lab4/wallaa2/intro_ws/build/examples_rclpy_minimal_client/build/lib/examples_rclpy_minimal_client
[4.141s] copying examples_rclpy_minimal_client/client.py -> /home/yahboom/Desktop/team_repo/Lab4/wallaa2/intro_ws/build/examples_rclpy_minimal_client/build/lib/examples_rclpy_minimal_client
[4.142s] copying examples_rclpy_minimal_client/__init__.py -> /home/yahboom/Desktop/team_repo/Lab4/wallaa2/intro_ws/build/examples_rclpy_minimal_client/build/lib/examples_rclpy_minimal_client
[4.143s] copying examples_rclpy_minimal_client/client_async.py -> /home/yahboom/Desktop/team_repo/Lab4/wallaa2/intro_ws/build/examples_rclpy_minimal_client/build/lib/examples_rclpy_minimal_client
[4.143s] copying examples_rclpy_minimal_client/client_async_callback.py -> /home/yahboom/Desktop/team_repo/Lab4/wallaa2/intro_ws/build/examples_rclpy_minimal_client/build/lib/examples_rclpy_minimal_client
[4.145s] running install
[4.145s] running install_lib
[4.147s] creating /home/yahboom/Desktop/team_repo/Lab4/wallaa2/intro_ws/install/examples_rclpy_minimal_client/lib/python3.10/site-packages/examples_rclpy_minimal_client
[4.148s] copying /home/yahboom/Desktop/team_repo/Lab4/wallaa2/intro_ws/build/examples_rclpy_minimal_client/build/lib/examples_rclpy_minimal_client/client_async_member_function.py -> /home/yahboom/Desktop/team_repo/Lab4/wallaa2/intro_ws/install/examples_rclpy_minimal_client/lib/python3.10/site-packages/examples_rclpy_minimal_client
[4.149s] copying /home/yahboom/Desktop/team_repo/Lab4/wallaa2/intro_ws/build/examples_rclpy_minimal_client/build/lib/examples_rclpy_minimal_client/client.py -> /home/yahboom/Desktop/team_repo/Lab4/wallaa2/intro_ws/install/examples_rclpy_minimal_client/lib/python3.10/site-packages/examples_rclpy_minimal_client
[4.149s] copying /home/yahboom/Desktop/team_repo/Lab4/wallaa2/intro_ws/build/examples_rclpy_minimal_client/build/lib/examples_rclpy_minimal_client/__init__.py -> /home/yahboom/Desktop/team_repo/Lab4/wallaa2/intro_ws/install/examples_rclpy_minimal_client/lib/python3.10/site-packages/examples_rclpy_minimal_client
[4.151s] copying /home/yahboom/Desktop/team_repo/Lab4/wallaa2/intro_ws/build/examples_rclpy_minimal_client/build/lib/examples_rclpy_minimal_client/client_async.py -> /home/yahboom/Desktop/team_repo/Lab4/wallaa2/intro_ws/install/examples_rclpy_minimal_client/lib/python3.10/site-packages/examples_rclpy_minimal_client
[4.154s] copying /home/yahboom/Desktop/team_repo/Lab4/wallaa2/intro_ws/build/examples_rclpy_minimal_client/build/lib/examples_rclpy_minimal_client/client_async_callback.py -> /home/yahboom/Desktop/team_repo/Lab4/wallaa2/intro_ws/install/examples_rclpy_minimal_client/lib/python3.10/site-packages/examples_rclpy_minimal_client
[4.155s] byte-compiling /home/yahboom/Desktop/team_repo/Lab4/wallaa2/intro_ws/install/examples_rclpy_minimal_client/lib/python3.10/site-packages/examples_rclpy_minimal_client/client_async_member_function.py to client_async_member_function.cpython-310.pyc
[4.157s] byte-compiling /home/yahboom/Desktop/team_repo/Lab4/wallaa2/intro_ws/install/examples_rclpy_minimal_client/lib/python3.10/site-packages/examples_rclpy_minimal_client/client.py to client.cpython-310.pyc
[4.158s] byte-compiling /home/yahboom/Desktop/team_repo/Lab4/wallaa2/intro_ws/install/examples_rclpy_minimal_client/lib/python3.10/site-packages/examples_rclpy_minimal_client/__init__.py to __init__.cpython-310.pyc
[4.161s] byte-compiling /home/yahboom/Desktop/team_repo/Lab4/wallaa2/intro_ws/install/examples_rclpy_minimal_client/lib/python3.10/site-packages/examples_rclpy_minimal_client/client_async.py to client_async.cpython-310.pyc
[4.162s] byte-compiling /home/yahboom/Desktop/team_repo/Lab4/wallaa2/intro_ws/install/examples_rclpy_minimal_client/lib/python3.10/site-packages/examples_rclpy_minimal_client/client_async_callback.py to client_async_callback.cpython-310.pyc
[4.163s] running install_data
[4.163s] creating /home/yahboom/Desktop/team_repo/Lab4/wallaa2/intro_ws/install/examples_rclpy_minimal_client/share/ament_index
[4.164s] creating /home/yahboom/Desktop/team_repo/Lab4/wallaa2/intro_ws/install/examples_rclpy_minimal_client/share/ament_index/resource_index
[4.165s] creating /home/yahboom/Desktop/team_repo/Lab4/wallaa2/intro_ws/install/examples_rclpy_minimal_client/share/ament_index/resource_index/packages
[4.166s] copying resource/examples_rclpy_minimal_client -> /home/yahboom/Desktop/team_repo/Lab4/wallaa2/intro_ws/install/examples_rclpy_minimal_client/share/ament_index/resource_index/packages
[4.169s] copying package.xml -> /home/yahboom/Desktop/team_repo/Lab4/wallaa2/intro_ws/install/examples_rclpy_minimal_client/share/examples_rclpy_minimal_client
[4.169s] running install_egg_info
[4.175s] Copying ../../../../../build/examples_rclpy_minimal_client/examples_rclpy_minimal_client.egg-info to /home/yahboom/Desktop/team_repo/Lab4/wallaa2/intro_ws/install/examples_rclpy_minimal_client/lib/python3.10/site-packages/examples_rclpy_minimal_client-0.15.5-py3.10.egg-info
[4.181s] running install_scripts
[4.249s] Installing client script to /home/yahboom/Desktop/team_repo/Lab4/wallaa2/intro_ws/install/examples_rclpy_minimal_client/lib/examples_rclpy_minimal_client
[4.250s] Installing client_async script to /home/yahboom/Desktop/team_repo/Lab4/wallaa2/intro_ws/install/examples_rclpy_minimal_client/lib/examples_rclpy_minimal_client
[4.251s] Installing client_async_callback script to /home/yahboom/Desktop/team_repo/Lab4/wallaa2/intro_ws/install/examples_rclpy_minimal_client/lib/examples_rclpy_minimal_client
[4.253s] Installing client_async_member_function script to /home/yahboom/Desktop/team_repo/Lab4/wallaa2/intro_ws/install/examples_rclpy_minimal_client/lib/examples_rclpy_minimal_client
[4.253s] writing list of installed files to '/home/yahboom/Desktop/team_repo/Lab4/wallaa2/intro_ws/build/examples_rclpy_minimal_client/install.log'
[4.319s] Invoked command in '/home/yahboom/Desktop/team_repo/Lab4/wallaa2/intro_ws/src/examples/rclpy/services/minimal_client' returned '0': PYTHONPATH=/home/yahboom/Desktop/team_repo/Lab4/wallaa2/intro_ws/build/examples_rclpy_minimal_client/prefix_override:/usr/lib/python3/dist-packages/colcon_core/task/python/colcon_distutils_commands:/home/yahboom/Desktop/team_repo/Lab4/wallaa2/intro_ws/install/examples_rclpy_minimal_client/lib/python3.10/site-packages:${PYTHONPATH} /usr/bin/python3 -W ignore:setup.py install is deprecated -W ignore:easy_install command is deprecated setup.py egg_info --egg-base ../../../../../build/examples_rclpy_minimal_client build --build-base /home/yahboom/Desktop/team_repo/Lab4/wallaa2/intro_ws/build/examples_rclpy_minimal_client/build install --record /home/yahboom/Desktop/team_repo/Lab4/wallaa2/intro_ws/build/examples_rclpy_minimal_client/install.log --single-version-externally-managed install_data
