[1.004s] Invoking command in '/home/yahboom/S26_RobotProgramming_Eloquent_Elusor/Lab7/wojnae/webots_ws/src/my_robot': PYTHONPATH=/home/yahboom/S26_RobotProgramming_Eloquent_Elusor/Lab7/wojnae/webots_ws/build/my_robot/prefix_override:/home/yahboom/S26_RobotProgramming_Eloquent_Elusor/Lab7/wojnae/webots_ws/install/my_robot/lib/python3.10/site-packages:${PYTHONPATH} /usr/bin/python3 -W ignore:setup.py install is deprecated setup.py egg_info --egg-base ../../build/my_robot build --build-base /home/yahboom/S26_RobotProgramming_Eloquent_Elusor/Lab7/wojnae/webots_ws/build/my_robot/build install --record /home/yahboom/S26_RobotProgramming_Eloquent_Elusor/Lab7/wojnae/webots_ws/build/my_robot/install.log --single-version-externally-managed install_data
[1.311s] running egg_info
[1.311s] creating ../../build/my_robot/my_robot.egg-info
[1.312s] writing ../../build/my_robot/my_robot.egg-info/PKG-INFO
[1.312s] writing dependency_links to ../../build/my_robot/my_robot.egg-info/dependency_links.txt
[1.312s] writing entry points to ../../build/my_robot/my_robot.egg-info/entry_points.txt
[1.312s] writing requirements to ../../build/my_robot/my_robot.egg-info/requires.txt
[1.312s] writing top-level names to ../../build/my_robot/my_robot.egg-info/top_level.txt
[1.313s] writing manifest file '../../build/my_robot/my_robot.egg-info/SOURCES.txt'
[1.314s] reading manifest file '../../build/my_robot/my_robot.egg-info/SOURCES.txt'
[1.315s] writing manifest file '../../build/my_robot/my_robot.egg-info/SOURCES.txt'
[1.316s] running build
[1.316s] running build_py
[1.316s] creating /home/yahboom/S26_RobotProgramming_Eloquent_Elusor/Lab7/wojnae/webots_ws/build/my_robot/build
[1.316s] creating /home/yahboom/S26_RobotProgramming_Eloquent_Elusor/Lab7/wojnae/webots_ws/build/my_robot/build/lib
[1.316s] creating /home/yahboom/S26_RobotProgramming_Eloquent_Elusor/Lab7/wojnae/webots_ws/build/my_robot/build/lib/my_robot
[1.316s] copying my_robot/__init__.py -> /home/yahboom/S26_RobotProgramming_Eloquent_Elusor/Lab7/wojnae/webots_ws/build/my_robot/build/lib/my_robot
[1.316s] running install
[1.316s] running install_lib
[1.317s] creating /home/yahboom/S26_RobotProgramming_Eloquent_Elusor/Lab7/wojnae/webots_ws/install/my_robot/lib/python3.10/site-packages/my_robot
[1.318s] copying /home/yahboom/S26_RobotProgramming_Eloquent_Elusor/Lab7/wojnae/webots_ws/build/my_robot/build/lib/my_robot/__init__.py -> /home/yahboom/S26_RobotProgramming_Eloquent_Elusor/Lab7/wojnae/webots_ws/install/my_robot/lib/python3.10/site-packages/my_robot
[1.318s] byte-compiling /home/yahboom/S26_RobotProgramming_Eloquent_Elusor/Lab7/wojnae/webots_ws/install/my_robot/lib/python3.10/site-packages/my_robot/__init__.py to __init__.cpython-310.pyc
[1.318s] running install_data
[1.319s] creating /home/yahboom/S26_RobotProgramming_Eloquent_Elusor/Lab7/wojnae/webots_ws/install/my_robot/share/ament_index
[1.319s] creating /home/yahboom/S26_RobotProgramming_Eloquent_Elusor/Lab7/wojnae/webots_ws/install/my_robot/share/ament_index/resource_index
[1.319s] creating /home/yahboom/S26_RobotProgramming_Eloquent_Elusor/Lab7/wojnae/webots_ws/install/my_robot/share/ament_index/resource_index/packages
[1.319s] copying resource/my_robot -> /home/yahboom/S26_RobotProgramming_Eloquent_Elusor/Lab7/wojnae/webots_ws/install/my_robot/share/ament_index/resource_index/packages
[1.319s] copying package.xml -> /home/yahboom/S26_RobotProgramming_Eloquent_Elusor/Lab7/wojnae/webots_ws/install/my_robot/share/my_robot
[1.320s] creating /home/yahboom/S26_RobotProgramming_Eloquent_Elusor/Lab7/wojnae/webots_ws/install/my_robot/share/my_robot/launch
[1.320s] copying launch/my_robot_xacro_rviz.launch.py -> /home/yahboom/S26_RobotProgramming_Eloquent_Elusor/Lab7/wojnae/webots_ws/install/my_robot/share/my_robot/launch
[1.320s] copying launch/my_robot_gazebo_rviz.launch.py -> /home/yahboom/S26_RobotProgramming_Eloquent_Elusor/Lab7/wojnae/webots_ws/install/my_robot/share/my_robot/launch
[1.320s] creating /home/yahboom/S26_RobotProgramming_Eloquent_Elusor/Lab7/wojnae/webots_ws/install/my_robot/share/my_robot/urdf
[1.320s] copying urdf/my_robot.urdf.xacro -> /home/yahboom/S26_RobotProgramming_Eloquent_Elusor/Lab7/wojnae/webots_ws/install/my_robot/share/my_robot/urdf
[1.320s] running install_egg_info
[1.322s] Copying ../../build/my_robot/my_robot.egg-info to /home/yahboom/S26_RobotProgramming_Eloquent_Elusor/Lab7/wojnae/webots_ws/install/my_robot/lib/python3.10/site-packages/my_robot-0.0.0-py3.10.egg-info
[1.323s] running install_scripts
[1.352s] writing list of installed files to '/home/yahboom/S26_RobotProgramming_Eloquent_Elusor/Lab7/wojnae/webots_ws/build/my_robot/install.log'
[1.382s] Invoked command in '/home/yahboom/S26_RobotProgramming_Eloquent_Elusor/Lab7/wojnae/webots_ws/src/my_robot' returned '0': PYTHONPATH=/home/yahboom/S26_RobotProgramming_Eloquent_Elusor/Lab7/wojnae/webots_ws/build/my_robot/prefix_override:/home/yahboom/S26_RobotProgramming_Eloquent_Elusor/Lab7/wojnae/webots_ws/install/my_robot/lib/python3.10/site-packages:${PYTHONPATH} /usr/bin/python3 -W ignore:setup.py install is deprecated setup.py egg_info --egg-base ../../build/my_robot build --build-base /home/yahboom/S26_RobotProgramming_Eloquent_Elusor/Lab7/wojnae/webots_ws/build/my_robot/build install --record /home/yahboom/S26_RobotProgramming_Eloquent_Elusor/Lab7/wojnae/webots_ws/build/my_robot/install.log --single-version-externally-managed install_data
