[4.262s] Invoking command in '/home/yahboom/Desktop/team_repo/Lab5/wallaa2/intro_ws/src/examples/rclpy/actions/minimal_action_client': PYTHONPATH=/home/yahboom/Desktop/team_repo/Lab5/wallaa2/intro_ws/build/examples_rclpy_minimal_action_client/prefix_override:/usr/lib/python3/dist-packages/colcon_core/task/python/colcon_distutils_commands:/home/yahboom/Desktop/team_repo/Lab5/wallaa2/intro_ws/install/examples_rclpy_minimal_action_client/lib/python3.10/site-packages:${PYTHONPATH} /usr/bin/python3 -W ignore:setup.py install is deprecated -W ignore:easy_install command is deprecated setup.py egg_info --egg-base ../../../../../build/examples_rclpy_minimal_action_client build --build-base /home/yahboom/Desktop/team_repo/Lab5/wallaa2/intro_ws/build/examples_rclpy_minimal_action_client/build install --record /home/yahboom/Desktop/team_repo/Lab5/wallaa2/intro_ws/build/examples_rclpy_minimal_action_client/install.log --single-version-externally-managed install_data
[6.025s] running egg_info
[6.028s] creating ../../../../../build/examples_rclpy_minimal_action_client/examples_rclpy_minimal_action_client.egg-info
[6.030s] writing ../../../../../build/examples_rclpy_minimal_action_client/examples_rclpy_minimal_action_client.egg-info/PKG-INFO
[6.032s] writing dependency_links to ../../../../../build/examples_rclpy_minimal_action_client/examples_rclpy_minimal_action_client.egg-info/dependency_links.txt
[6.033s] writing entry points to ../../../../../build/examples_rclpy_minimal_action_client/examples_rclpy_minimal_action_client.egg-info/entry_points.txt
[6.034s] writing requirements to ../../../../../build/examples_rclpy_minimal_action_client/examples_rclpy_minimal_action_client.egg-info/requires.txt
[6.035s] writing top-level names to ../../../../../build/examples_rclpy_minimal_action_client/examples_rclpy_minimal_action_client.egg-info/top_level.txt
[6.038s] writing manifest file '../../../../../build/examples_rclpy_minimal_action_client/examples_rclpy_minimal_action_client.egg-info/SOURCES.txt'
[6.046s] reading manifest file '../../../../../build/examples_rclpy_minimal_action_client/examples_rclpy_minimal_action_client.egg-info/SOURCES.txt'
[6.048s] writing manifest file '../../../../../build/examples_rclpy_minimal_action_client/examples_rclpy_minimal_action_client.egg-info/SOURCES.txt'
[6.052s] running build
[6.053s] running build_py
[6.059s] creating /home/yahboom/Desktop/team_repo/Lab5/wallaa2/intro_ws/build/examples_rclpy_minimal_action_client/build
[6.060s] creating /home/yahboom/Desktop/team_repo/Lab5/wallaa2/intro_ws/build/examples_rclpy_minimal_action_client/build/lib
[6.060s] creating /home/yahboom/Desktop/team_repo/Lab5/wallaa2/intro_ws/build/examples_rclpy_minimal_action_client/build/lib/examples_rclpy_minimal_action_client
[6.060s] copying examples_rclpy_minimal_action_client/client.py -> /home/yahboom/Desktop/team_repo/Lab5/wallaa2/intro_ws/build/examples_rclpy_minimal_action_client/build/lib/examples_rclpy_minimal_action_client
[6.060s] copying examples_rclpy_minimal_action_client/__init__.py -> /home/yahboom/Desktop/team_repo/Lab5/wallaa2/intro_ws/build/examples_rclpy_minimal_action_client/build/lib/examples_rclpy_minimal_action_client
[6.064s] copying examples_rclpy_minimal_action_client/client_asyncio.py -> /home/yahboom/Desktop/team_repo/Lab5/wallaa2/intro_ws/build/examples_rclpy_minimal_action_client/build/lib/examples_rclpy_minimal_action_client
[6.064s] copying examples_rclpy_minimal_action_client/client_not_composable.py -> /home/yahboom/Desktop/team_repo/Lab5/wallaa2/intro_ws/build/examples_rclpy_minimal_action_client/build/lib/examples_rclpy_minimal_action_client
[6.064s] copying examples_rclpy_minimal_action_client/client_cancel.py -> /home/yahboom/Desktop/team_repo/Lab5/wallaa2/intro_ws/build/examples_rclpy_minimal_action_client/build/lib/examples_rclpy_minimal_action_client
[6.065s] running install
[6.067s] running install_lib
[6.070s] creating /home/yahboom/Desktop/team_repo/Lab5/wallaa2/intro_ws/install/examples_rclpy_minimal_action_client/lib/python3.10/site-packages/examples_rclpy_minimal_action_client
[6.072s] copying /home/yahboom/Desktop/team_repo/Lab5/wallaa2/intro_ws/build/examples_rclpy_minimal_action_client/build/lib/examples_rclpy_minimal_action_client/client.py -> /home/yahboom/Desktop/team_repo/Lab5/wallaa2/intro_ws/install/examples_rclpy_minimal_action_client/lib/python3.10/site-packages/examples_rclpy_minimal_action_client
[6.073s] copying /home/yahboom/Desktop/team_repo/Lab5/wallaa2/intro_ws/build/examples_rclpy_minimal_action_client/build/lib/examples_rclpy_minimal_action_client/__init__.py -> /home/yahboom/Desktop/team_repo/Lab5/wallaa2/intro_ws/install/examples_rclpy_minimal_action_client/lib/python3.10/site-packages/examples_rclpy_minimal_action_client
[6.075s] copying /home/yahboom/Desktop/team_repo/Lab5/wallaa2/intro_ws/build/examples_rclpy_minimal_action_client/build/lib/examples_rclpy_minimal_action_client/client_asyncio.py -> /home/yahboom/Desktop/team_repo/Lab5/wallaa2/intro_ws/install/examples_rclpy_minimal_action_client/lib/python3.10/site-packages/examples_rclpy_minimal_action_client
[6.075s] copying /home/yahboom/Desktop/team_repo/Lab5/wallaa2/intro_ws/build/examples_rclpy_minimal_action_client/build/lib/examples_rclpy_minimal_action_client/client_not_composable.py -> /home/yahboom/Desktop/team_repo/Lab5/wallaa2/intro_ws/install/examples_rclpy_minimal_action_client/lib/python3.10/site-packages/examples_rclpy_minimal_action_client
[6.078s] copying /home/yahboom/Desktop/team_repo/Lab5/wallaa2/intro_ws/build/examples_rclpy_minimal_action_client/build/lib/examples_rclpy_minimal_action_client/client_cancel.py -> /home/yahboom/Desktop/team_repo/Lab5/wallaa2/intro_ws/install/examples_rclpy_minimal_action_client/lib/python3.10/site-packages/examples_rclpy_minimal_action_client
[6.080s] byte-compiling /home/yahboom/Desktop/team_repo/Lab5/wallaa2/intro_ws/install/examples_rclpy_minimal_action_client/lib/python3.10/site-packages/examples_rclpy_minimal_action_client/client.py to client.cpython-310.pyc
[6.083s] byte-compiling /home/yahboom/Desktop/team_repo/Lab5/wallaa2/intro_ws/install/examples_rclpy_minimal_action_client/lib/python3.10/site-packages/examples_rclpy_minimal_action_client/__init__.py to __init__.cpython-310.pyc
[6.084s] byte-compiling /home/yahboom/Desktop/team_repo/Lab5/wallaa2/intro_ws/install/examples_rclpy_minimal_action_client/lib/python3.10/site-packages/examples_rclpy_minimal_action_client/client_asyncio.py to client_asyncio.cpython-310.pyc
[6.087s] byte-compiling /home/yahboom/Desktop/team_repo/Lab5/wallaa2/intro_ws/install/examples_rclpy_minimal_action_client/lib/python3.10/site-packages/examples_rclpy_minimal_action_client/client_not_composable.py to client_not_composable.cpython-310.pyc
[6.092s] byte-compiling /home/yahboom/Desktop/team_repo/Lab5/wallaa2/intro_ws/install/examples_rclpy_minimal_action_client/lib/python3.10/site-packages/examples_rclpy_minimal_action_client/client_cancel.py to client_cancel.cpython-310.pyc
[6.093s] running install_data
[6.094s] creating /home/yahboom/Desktop/team_repo/Lab5/wallaa2/intro_ws/install/examples_rclpy_minimal_action_client/share/ament_index
[6.095s] creating /home/yahboom/Desktop/team_repo/Lab5/wallaa2/intro_ws/install/examples_rclpy_minimal_action_client/share/ament_index/resource_index
[6.095s] creating /home/yahboom/Desktop/team_repo/Lab5/wallaa2/intro_ws/install/examples_rclpy_minimal_action_client/share/ament_index/resource_index/packages
[6.096s] copying resource/examples_rclpy_minimal_action_client -> /home/yahboom/Desktop/team_repo/Lab5/wallaa2/intro_ws/install/examples_rclpy_minimal_action_client/share/ament_index/resource_index/packages
[6.097s] copying package.xml -> /home/yahboom/Desktop/team_repo/Lab5/wallaa2/intro_ws/install/examples_rclpy_minimal_action_client/share/examples_rclpy_minimal_action_client
[6.097s] running install_egg_info
[6.108s] Copying ../../../../../build/examples_rclpy_minimal_action_client/examples_rclpy_minimal_action_client.egg-info to /home/yahboom/Desktop/team_repo/Lab5/wallaa2/intro_ws/install/examples_rclpy_minimal_action_client/lib/python3.10/site-packages/examples_rclpy_minimal_action_client-0.15.5-py3.10.egg-info
[6.112s] running install_scripts
[6.193s] Installing client script to /home/yahboom/Desktop/team_repo/Lab5/wallaa2/intro_ws/install/examples_rclpy_minimal_action_client/lib/examples_rclpy_minimal_action_client
[6.194s] Installing client_asyncio script to /home/yahboom/Desktop/team_repo/Lab5/wallaa2/intro_ws/install/examples_rclpy_minimal_action_client/lib/examples_rclpy_minimal_action_client
[6.195s] Installing client_cancel script to /home/yahboom/Desktop/team_repo/Lab5/wallaa2/intro_ws/install/examples_rclpy_minimal_action_client/lib/examples_rclpy_minimal_action_client
[6.197s] Installing client_not_composable script to /home/yahboom/Desktop/team_repo/Lab5/wallaa2/intro_ws/install/examples_rclpy_minimal_action_client/lib/examples_rclpy_minimal_action_client
[6.197s] writing list of installed files to '/home/yahboom/Desktop/team_repo/Lab5/wallaa2/intro_ws/build/examples_rclpy_minimal_action_client/install.log'
[6.369s] Invoked command in '/home/yahboom/Desktop/team_repo/Lab5/wallaa2/intro_ws/src/examples/rclpy/actions/minimal_action_client' returned '0': PYTHONPATH=/home/yahboom/Desktop/team_repo/Lab5/wallaa2/intro_ws/build/examples_rclpy_minimal_action_client/prefix_override:/usr/lib/python3/dist-packages/colcon_core/task/python/colcon_distutils_commands:/home/yahboom/Desktop/team_repo/Lab5/wallaa2/intro_ws/install/examples_rclpy_minimal_action_client/lib/python3.10/site-packages:${PYTHONPATH} /usr/bin/python3 -W ignore:setup.py install is deprecated -W ignore:easy_install command is deprecated setup.py egg_info --egg-base ../../../../../build/examples_rclpy_minimal_action_client build --build-base /home/yahboom/Desktop/team_repo/Lab5/wallaa2/intro_ws/build/examples_rclpy_minimal_action_client/build install --record /home/yahboom/Desktop/team_repo/Lab5/wallaa2/intro_ws/build/examples_rclpy_minimal_action_client/install.log --single-version-externally-managed install_data
