running egg_info
creating ../build/python_turtle/python_turtle.egg-info
writing ../build/python_turtle/python_turtle.egg-info/PKG-INFO
writing dependency_links to ../build/python_turtle/python_turtle.egg-info/dependency_links.txt
writing entry points to ../build/python_turtle/python_turtle.egg-info/entry_points.txt
writing requirements to ../build/python_turtle/python_turtle.egg-info/requires.txt
writing top-level names to ../build/python_turtle/python_turtle.egg-info/top_level.txt
writing manifest file '../build/python_turtle/python_turtle.egg-info/SOURCES.txt'
reading manifest file '../build/python_turtle/python_turtle.egg-info/SOURCES.txt'
writing manifest file '../build/python_turtle/python_turtle.egg-info/SOURCES.txt'
running build
running build_py
creating /home/yahboom/Desktop/team_repo/Lab3/wallaa2/roscourse_ws/build/python_turtle/build
creating /home/yahboom/Desktop/team_repo/Lab3/wallaa2/roscourse_ws/build/python_turtle/build/lib
creating /home/yahboom/Desktop/team_repo/Lab3/wallaa2/roscourse_ws/build/python_turtle/build/lib/python_turtle
copying python_turtle/__init__.py -> /home/yahboom/Desktop/team_repo/Lab3/wallaa2/roscourse_ws/build/python_turtle/build/lib/python_turtle
running install
running install_lib
creating /home/yahboom/Desktop/team_repo/Lab3/wallaa2/roscourse_ws/install/python_turtle/lib/python3.10/site-packages/python_turtle
copying /home/yahboom/Desktop/team_repo/Lab3/wallaa2/roscourse_ws/build/python_turtle/build/lib/python_turtle/__init__.py -> /home/yahboom/Desktop/team_repo/Lab3/wallaa2/roscourse_ws/install/python_turtle/lib/python3.10/site-packages/python_turtle
byte-compiling /home/yahboom/Desktop/team_repo/Lab3/wallaa2/roscourse_ws/install/python_turtle/lib/python3.10/site-packages/python_turtle/__init__.py to __init__.cpython-310.pyc
running install_data
creating /home/yahboom/Desktop/team_repo/Lab3/wallaa2/roscourse_ws/install/python_turtle/share/ament_index
creating /home/yahboom/Desktop/team_repo/Lab3/wallaa2/roscourse_ws/install/python_turtle/share/ament_index/resource_index
creating /home/yahboom/Desktop/team_repo/Lab3/wallaa2/roscourse_ws/install/python_turtle/share/ament_index/resource_index/packages
copying resource/python_turtle -> /home/yahboom/Desktop/team_repo/Lab3/wallaa2/roscourse_ws/install/python_turtle/share/ament_index/resource_index/packages
copying package.xml -> /home/yahboom/Desktop/team_repo/Lab3/wallaa2/roscourse_ws/install/python_turtle/share/python_turtle
running install_egg_info
Copying ../build/python_turtle/python_turtle.egg-info to /home/yahboom/Desktop/team_repo/Lab3/wallaa2/roscourse_ws/install/python_turtle/lib/python3.10/site-packages/python_turtle-0.0.0-py3.10.egg-info
running install_scripts
writing list of installed files to '/home/yahboom/Desktop/team_repo/Lab3/wallaa2/roscourse_ws/build/python_turtle/install.log'
