[0.089s] Invoking command in '/home/yahboom/Desktop/team_repo/Lab5/wallaa2/intro_ws/build/examples_rclcpp_cbg_executor': CMAKE_PREFIX_PATH=${CMAKE_PREFIX_PATH}:/home/yahboom/cartoros2/install/yahboomcar_nav:/home/yahboom/cartoros2/install/yahboomcar_ctrl:/home/yahboom/cartoros2/install/yahboom_visual:/home/yahboom/cartoros2/install/yahboom_dog_joint_state:/home/yahboom/cartoros2/install/yahboom_description:/home/yahboom/cartoros2/install/yahboom_color_identify_server:/home/yahboom/cartoros2/install/yahboom_bringup:/home/yahboom/cartoros2/install/yahboom_base:/home/yahboom/cartoros2/install/yahboom_app_save_map:/home/yahboom/cartoros2/install/update_map:/home/yahboom/cartoros2/install/rosboard:/home/yahboom/cartoros2/install/path_planner_server:/home/yahboom/cartoros2/install/nav2_simple_commander:/home/yahboom/cartoros2/install/nav2_gazebo_spawner:/home/yahboom/cartoros2/install/localization_server:/home/yahboom/cartoros2/install/laserscan_to_point_pulisher:/home/yahboom/yahboomcar_ws/install/yahboom_dog_example:/opt/ros/humble /usr/bin/cmake /home/yahboom/Desktop/team_repo/Lab5/wallaa2/intro_ws/src/examples/rclcpp/executors/cbg_executor -DCMAKE_INSTALL_PREFIX=/home/yahboom/Desktop/team_repo/Lab5/wallaa2/intro_ws/install/examples_rclcpp_cbg_executor
[0.660s] -- The C compiler identification is GNU 11.4.0
[1.084s] -- The CXX compiler identification is GNU 11.4.0
[1.126s] -- Detecting C compiler ABI info
[1.547s] -- Detecting C compiler ABI info - done
[1.592s] -- Check for working C compiler: /usr/bin/cc - skipped
[1.596s] -- Detecting C compile features
[1.601s] -- Detecting C compile features - done
[1.631s] -- Detecting CXX compiler ABI info
[2.266s] -- Detecting CXX compiler ABI info - done
[2.305s] -- Check for working CXX compiler: /usr/bin/c++ - skipped
[2.306s] -- Detecting CXX compile features
[2.308s] -- Detecting CXX compile features - done
[2.406s] -- Found ament_cmake: 1.3.13 (/opt/ros/humble/share/ament_cmake/cmake)
[3.552s] -- Found Python3: /usr/bin/python3 (found version "3.10.12") found components: Interpreter 
[4.508s] -- Found rclcpp: 16.0.18 (/opt/ros/humble/share/rclcpp/cmake)
[5.244s] -- Found rosidl_generator_c: 3.1.8 (/opt/ros/humble/share/rosidl_generator_c/cmake)
[5.423s] -- Found rosidl_adapter: 3.1.8 (/opt/ros/humble/share/rosidl_adapter/cmake)
[5.538s] -- Found rosidl_generator_cpp: 3.1.8 (/opt/ros/humble/share/rosidl_generator_cpp/cmake)
[5.749s] -- Using all available rosidl_typesupport_c: rosidl_typesupport_fastrtps_c;rosidl_typesupport_introspection_c
[5.967s] -- Using all available rosidl_typesupport_cpp: rosidl_typesupport_fastrtps_cpp;rosidl_typesupport_introspection_cpp
[6.770s] -- Found rmw_implementation_cmake: 6.1.2 (/opt/ros/humble/share/rmw_implementation_cmake/cmake)
[6.874s] -- Found rmw_fastrtps_cpp: 6.2.10 (/opt/ros/humble/share/rmw_fastrtps_cpp/cmake)
[8.118s] -- Found OpenSSL: /usr/lib/x86_64-linux-gnu/libcrypto.so (found version "3.0.2")  
[8.253s] -- Found FastRTPS: /opt/ros/humble/include  
[8.628s] -- Using RMW implementation 'rmw_fastrtps_cpp' as default
[8.807s] -- Looking for pthread.h
[9.258s] -- Looking for pthread.h - found
[9.261s] -- Performing Test CMAKE_HAVE_LIBC_PTHREAD
[9.796s] -- Performing Test CMAKE_HAVE_LIBC_PTHREAD - Success
[9.803s] -- Found Threads: TRUE  
[10.466s] -- Found ament_lint_auto: 0.12.15 (/opt/ros/humble/share/ament_lint_auto/cmake)
[11.362s] -- Added test 'copyright' to check source files copyright and LICENSE
[11.370s] -- Added test 'cppcheck' to perform static code analysis on C / C++ code
[11.371s] -- Configured cppcheck include dirs: /home/yahboom/Desktop/team_repo/Lab5/wallaa2/intro_ws/src/examples/rclcpp/executors/cbg_executor/include
[11.371s] -- Configured cppcheck exclude dirs and/or files: 
[11.384s] -- Added test 'cpplint' to check C / C++ code against the Google style
[11.385s] -- Configured cpplint exclude dirs and/or files: 
[11.402s] -- Added test 'lint_cmake' to check CMake code style
[11.434s] -- Added test 'uncrustify' to check C / C++ code style
[11.434s] -- Configured uncrustify additional arguments: 
[11.443s] -- Added test 'xmllint' to check XML markup files
[11.465s] -- Configuring done
[11.559s] -- Generating done
[11.578s] -- Build files have been written to: /home/yahboom/Desktop/team_repo/Lab5/wallaa2/intro_ws/build/examples_rclcpp_cbg_executor
[11.615s] Invoked command in '/home/yahboom/Desktop/team_repo/Lab5/wallaa2/intro_ws/build/examples_rclcpp_cbg_executor' returned '0': CMAKE_PREFIX_PATH=${CMAKE_PREFIX_PATH}:/home/yahboom/cartoros2/install/yahboomcar_nav:/home/yahboom/cartoros2/install/yahboomcar_ctrl:/home/yahboom/cartoros2/install/yahboom_visual:/home/yahboom/cartoros2/install/yahboom_dog_joint_state:/home/yahboom/cartoros2/install/yahboom_description:/home/yahboom/cartoros2/install/yahboom_color_identify_server:/home/yahboom/cartoros2/install/yahboom_bringup:/home/yahboom/cartoros2/install/yahboom_base:/home/yahboom/cartoros2/install/yahboom_app_save_map:/home/yahboom/cartoros2/install/update_map:/home/yahboom/cartoros2/install/rosboard:/home/yahboom/cartoros2/install/path_planner_server:/home/yahboom/cartoros2/install/nav2_simple_commander:/home/yahboom/cartoros2/install/nav2_gazebo_spawner:/home/yahboom/cartoros2/install/localization_server:/home/yahboom/cartoros2/install/laserscan_to_point_pulisher:/home/yahboom/yahboomcar_ws/install/yahboom_dog_example:/opt/ros/humble /usr/bin/cmake /home/yahboom/Desktop/team_repo/Lab5/wallaa2/intro_ws/src/examples/rclcpp/executors/cbg_executor -DCMAKE_INSTALL_PREFIX=/home/yahboom/Desktop/team_repo/Lab5/wallaa2/intro_ws/install/examples_rclcpp_cbg_executor
[11.628s] Invoking command in '/home/yahboom/Desktop/team_repo/Lab5/wallaa2/intro_ws/build/examples_rclcpp_cbg_executor': CMAKE_PREFIX_PATH=${CMAKE_PREFIX_PATH}:/home/yahboom/cartoros2/install/yahboomcar_nav:/home/yahboom/cartoros2/install/yahboomcar_ctrl:/home/yahboom/cartoros2/install/yahboom_visual:/home/yahboom/cartoros2/install/yahboom_dog_joint_state:/home/yahboom/cartoros2/install/yahboom_description:/home/yahboom/cartoros2/install/yahboom_color_identify_server:/home/yahboom/cartoros2/install/yahboom_bringup:/home/yahboom/cartoros2/install/yahboom_base:/home/yahboom/cartoros2/install/yahboom_app_save_map:/home/yahboom/cartoros2/install/update_map:/home/yahboom/cartoros2/install/rosboard:/home/yahboom/cartoros2/install/path_planner_server:/home/yahboom/cartoros2/install/nav2_simple_commander:/home/yahboom/cartoros2/install/nav2_gazebo_spawner:/home/yahboom/cartoros2/install/localization_server:/home/yahboom/cartoros2/install/laserscan_to_point_pulisher:/home/yahboom/yahboomcar_ws/install/yahboom_dog_example:/opt/ros/humble /usr/bin/cmake --build /home/yahboom/Desktop/team_repo/Lab5/wallaa2/intro_ws/build/examples_rclcpp_cbg_executor -- -j4 -l4
[12.173s] [ 10%] [32mBuilding CXX object CMakeFiles/pong.dir/src/pong.cpp.o[0m
[12.174s] [ 20%] [32mBuilding CXX object CMakeFiles/ping_pong.dir/src/examples_rclcpp_cbg_executor/ping_node.cpp.o[0m
[12.186s] [ 30%] [32mBuilding CXX object CMakeFiles/ping.dir/src/ping.cpp.o[0m
[12.193s] [ 40%] [32mBuilding CXX object CMakeFiles/ping_pong.dir/src/ping_pong.cpp.o[0m
[53.509s] [ 50%] [32mBuilding CXX object CMakeFiles/ping.dir/src/examples_rclcpp_cbg_executor/ping_node.cpp.o[0m
[55.745s] [ 60%] [32mBuilding CXX object CMakeFiles/pong.dir/src/examples_rclcpp_cbg_executor/pong_node.cpp.o[0m
[92.812s] [ 70%] [32mBuilding CXX object CMakeFiles/ping_pong.dir/src/examples_rclcpp_cbg_executor/pong_node.cpp.o[0m
[107.339s] [ 80%] [32m[1mLinking CXX executable ping[0m
[108.431s] [ 80%] Built target ping
[111.875s] [ 90%] [32m[1mLinking CXX executable pong[0m
[113.386s] [ 90%] Built target pong
[135.607s] [100%] [32m[1mLinking CXX executable ping_pong[0m
[137.692s] [100%] Built target ping_pong
[137.808s] Invoked command in '/home/yahboom/Desktop/team_repo/Lab5/wallaa2/intro_ws/build/examples_rclcpp_cbg_executor' returned '0': CMAKE_PREFIX_PATH=${CMAKE_PREFIX_PATH}:/home/yahboom/cartoros2/install/yahboomcar_nav:/home/yahboom/cartoros2/install/yahboomcar_ctrl:/home/yahboom/cartoros2/install/yahboom_visual:/home/yahboom/cartoros2/install/yahboom_dog_joint_state:/home/yahboom/cartoros2/install/yahboom_description:/home/yahboom/cartoros2/install/yahboom_color_identify_server:/home/yahboom/cartoros2/install/yahboom_bringup:/home/yahboom/cartoros2/install/yahboom_base:/home/yahboom/cartoros2/install/yahboom_app_save_map:/home/yahboom/cartoros2/install/update_map:/home/yahboom/cartoros2/install/rosboard:/home/yahboom/cartoros2/install/path_planner_server:/home/yahboom/cartoros2/install/nav2_simple_commander:/home/yahboom/cartoros2/install/nav2_gazebo_spawner:/home/yahboom/cartoros2/install/localization_server:/home/yahboom/cartoros2/install/laserscan_to_point_pulisher:/home/yahboom/yahboomcar_ws/install/yahboom_dog_example:/opt/ros/humble /usr/bin/cmake --build /home/yahboom/Desktop/team_repo/Lab5/wallaa2/intro_ws/build/examples_rclcpp_cbg_executor -- -j4 -l4
[137.818s] Invoking command in '/home/yahboom/Desktop/team_repo/Lab5/wallaa2/intro_ws/build/examples_rclcpp_cbg_executor': CMAKE_PREFIX_PATH=${CMAKE_PREFIX_PATH}:/home/yahboom/cartoros2/install/yahboomcar_nav:/home/yahboom/cartoros2/install/yahboomcar_ctrl:/home/yahboom/cartoros2/install/yahboom_visual:/home/yahboom/cartoros2/install/yahboom_dog_joint_state:/home/yahboom/cartoros2/install/yahboom_description:/home/yahboom/cartoros2/install/yahboom_color_identify_server:/home/yahboom/cartoros2/install/yahboom_bringup:/home/yahboom/cartoros2/install/yahboom_base:/home/yahboom/cartoros2/install/yahboom_app_save_map:/home/yahboom/cartoros2/install/update_map:/home/yahboom/cartoros2/install/rosboard:/home/yahboom/cartoros2/install/path_planner_server:/home/yahboom/cartoros2/install/nav2_simple_commander:/home/yahboom/cartoros2/install/nav2_gazebo_spawner:/home/yahboom/cartoros2/install/localization_server:/home/yahboom/cartoros2/install/laserscan_to_point_pulisher:/home/yahboom/yahboomcar_ws/install/yahboom_dog_example:/opt/ros/humble /usr/bin/cmake --install /home/yahboom/Desktop/team_repo/Lab5/wallaa2/intro_ws/build/examples_rclcpp_cbg_executor
[137.909s] -- Install configuration: ""
[137.911s] -- Installing: /home/yahboom/Desktop/team_repo/Lab5/wallaa2/intro_ws/install/examples_rclcpp_cbg_executor/lib/examples_rclcpp_cbg_executor/ping
[137.930s] -- Set runtime path of "/home/yahboom/Desktop/team_repo/Lab5/wallaa2/intro_ws/install/examples_rclcpp_cbg_executor/lib/examples_rclcpp_cbg_executor/ping" to ""
[137.935s] -- Installing: /home/yahboom/Desktop/team_repo/Lab5/wallaa2/intro_ws/install/examples_rclcpp_cbg_executor/lib/examples_rclcpp_cbg_executor/pong
[137.961s] -- Set runtime path of "/home/yahboom/Desktop/team_repo/Lab5/wallaa2/intro_ws/install/examples_rclcpp_cbg_executor/lib/examples_rclcpp_cbg_executor/pong" to ""
[137.962s] -- Installing: /home/yahboom/Desktop/team_repo/Lab5/wallaa2/intro_ws/install/examples_rclcpp_cbg_executor/lib/examples_rclcpp_cbg_executor/ping_pong
[137.988s] -- Set runtime path of "/home/yahboom/Desktop/team_repo/Lab5/wallaa2/intro_ws/install/examples_rclcpp_cbg_executor/lib/examples_rclcpp_cbg_executor/ping_pong" to ""
[137.989s] -- Installing: /home/yahboom/Desktop/team_repo/Lab5/wallaa2/intro_ws/install/examples_rclcpp_cbg_executor/include
[137.989s] -- Installing: /home/yahboom/Desktop/team_repo/Lab5/wallaa2/intro_ws/install/examples_rclcpp_cbg_executor/include/examples_rclcpp_cbg_executor
[137.991s] -- Installing: /home/yahboom/Desktop/team_repo/Lab5/wallaa2/intro_ws/install/examples_rclcpp_cbg_executor/include/examples_rclcpp_cbg_executor/pong_node.hpp
[137.991s] -- Installing: /home/yahboom/Desktop/team_repo/Lab5/wallaa2/intro_ws/install/examples_rclcpp_cbg_executor/include/examples_rclcpp_cbg_executor/ping_node.hpp
[137.992s] -- Installing: /home/yahboom/Desktop/team_repo/Lab5/wallaa2/intro_ws/install/examples_rclcpp_cbg_executor/share/ament_index/resource_index/package_run_dependencies/examples_rclcpp_cbg_executor
[137.996s] -- Installing: /home/yahboom/Desktop/team_repo/Lab5/wallaa2/intro_ws/install/examples_rclcpp_cbg_executor/share/ament_index/resource_index/parent_prefix_path/examples_rclcpp_cbg_executor
[137.997s] -- Installing: /home/yahboom/Desktop/team_repo/Lab5/wallaa2/intro_ws/install/examples_rclcpp_cbg_executor/share/examples_rclcpp_cbg_executor/environment/ament_prefix_path.sh
[137.997s] -- Installing: /home/yahboom/Desktop/team_repo/Lab5/wallaa2/intro_ws/install/examples_rclcpp_cbg_executor/share/examples_rclcpp_cbg_executor/environment/ament_prefix_path.dsv
[137.998s] -- Installing: /home/yahboom/Desktop/team_repo/Lab5/wallaa2/intro_ws/install/examples_rclcpp_cbg_executor/share/examples_rclcpp_cbg_executor/environment/path.sh
[137.999s] -- Installing: /home/yahboom/Desktop/team_repo/Lab5/wallaa2/intro_ws/install/examples_rclcpp_cbg_executor/share/examples_rclcpp_cbg_executor/environment/path.dsv
[138.002s] -- Installing: /home/yahboom/Desktop/team_repo/Lab5/wallaa2/intro_ws/install/examples_rclcpp_cbg_executor/share/examples_rclcpp_cbg_executor/local_setup.bash
[138.002s] -- Installing: /home/yahboom/Desktop/team_repo/Lab5/wallaa2/intro_ws/install/examples_rclcpp_cbg_executor/share/examples_rclcpp_cbg_executor/local_setup.sh
[138.007s] -- Installing: /home/yahboom/Desktop/team_repo/Lab5/wallaa2/intro_ws/install/examples_rclcpp_cbg_executor/share/examples_rclcpp_cbg_executor/local_setup.zsh
[138.007s] -- Installing: /home/yahboom/Desktop/team_repo/Lab5/wallaa2/intro_ws/install/examples_rclcpp_cbg_executor/share/examples_rclcpp_cbg_executor/local_setup.dsv
[138.008s] -- Installing: /home/yahboom/Desktop/team_repo/Lab5/wallaa2/intro_ws/install/examples_rclcpp_cbg_executor/share/examples_rclcpp_cbg_executor/package.dsv
[138.009s] -- Installing: /home/yahboom/Desktop/team_repo/Lab5/wallaa2/intro_ws/install/examples_rclcpp_cbg_executor/share/ament_index/resource_index/packages/examples_rclcpp_cbg_executor
[138.010s] -- Installing: /home/yahboom/Desktop/team_repo/Lab5/wallaa2/intro_ws/install/examples_rclcpp_cbg_executor/share/examples_rclcpp_cbg_executor/cmake/ament_cmake_export_dependencies-extras.cmake
[138.013s] -- Installing: /home/yahboom/Desktop/team_repo/Lab5/wallaa2/intro_ws/install/examples_rclcpp_cbg_executor/share/examples_rclcpp_cbg_executor/cmake/examples_rclcpp_cbg_executorConfig.cmake
[138.014s] -- Installing: /home/yahboom/Desktop/team_repo/Lab5/wallaa2/intro_ws/install/examples_rclcpp_cbg_executor/share/examples_rclcpp_cbg_executor/cmake/examples_rclcpp_cbg_executorConfig-version.cmake
[138.014s] -- Installing: /home/yahboom/Desktop/team_repo/Lab5/wallaa2/intro_ws/install/examples_rclcpp_cbg_executor/share/examples_rclcpp_cbg_executor/package.xml
[138.035s] Invoked command in '/home/yahboom/Desktop/team_repo/Lab5/wallaa2/intro_ws/build/examples_rclcpp_cbg_executor' returned '0': CMAKE_PREFIX_PATH=${CMAKE_PREFIX_PATH}:/home/yahboom/cartoros2/install/yahboomcar_nav:/home/yahboom/cartoros2/install/yahboomcar_ctrl:/home/yahboom/cartoros2/install/yahboom_visual:/home/yahboom/cartoros2/install/yahboom_dog_joint_state:/home/yahboom/cartoros2/install/yahboom_description:/home/yahboom/cartoros2/install/yahboom_color_identify_server:/home/yahboom/cartoros2/install/yahboom_bringup:/home/yahboom/cartoros2/install/yahboom_base:/home/yahboom/cartoros2/install/yahboom_app_save_map:/home/yahboom/cartoros2/install/update_map:/home/yahboom/cartoros2/install/rosboard:/home/yahboom/cartoros2/install/path_planner_server:/home/yahboom/cartoros2/install/nav2_simple_commander:/home/yahboom/cartoros2/install/nav2_gazebo_spawner:/home/yahboom/cartoros2/install/localization_server:/home/yahboom/cartoros2/install/laserscan_to_point_pulisher:/home/yahboom/yahboomcar_ws/install/yahboom_dog_example:/opt/ros/humble /usr/bin/cmake --install /home/yahboom/Desktop/team_repo/Lab5/wallaa2/intro_ws/build/examples_rclcpp_cbg_executor
