[2.175s] Invoking command in '/home/yahboom/S26_RobotProgramming_Eloquent_Elusor/Lab7/so/roscours_sim_ws/src/webcam': PYTHONPATH=/home/yahboom/S26_RobotProgramming_Eloquent_Elusor/Lab7/so/roscours_sim_ws/build/webcam/prefix_override:/home/yahboom/S26_RobotProgramming_Eloquent_Elusor/Lab7/so/roscours_sim_ws/install/webcam/lib/python3.10/site-packages:${PYTHONPATH} /usr/bin/python3 -W ignore:setup.py install is deprecated setup.py egg_info --egg-base ../../build/webcam build --build-base /home/yahboom/S26_RobotProgramming_Eloquent_Elusor/Lab7/so/roscours_sim_ws/build/webcam/build install --record /home/yahboom/S26_RobotProgramming_Eloquent_Elusor/Lab7/so/roscours_sim_ws/build/webcam/install.log --single-version-externally-managed install_data
[2.769s] running egg_info
[2.770s] writing ../../build/webcam/webcam.egg-info/PKG-INFO
[2.771s] writing dependency_links to ../../build/webcam/webcam.egg-info/dependency_links.txt
[2.772s] writing entry points to ../../build/webcam/webcam.egg-info/entry_points.txt
[2.772s] writing requirements to ../../build/webcam/webcam.egg-info/requires.txt
[2.773s] writing top-level names to ../../build/webcam/webcam.egg-info/top_level.txt
[2.776s] reading manifest file '../../build/webcam/webcam.egg-info/SOURCES.txt'
[2.780s] writing manifest file '../../build/webcam/webcam.egg-info/SOURCES.txt'
[2.780s] running build
[2.780s] running build_py
[2.780s] running install
[2.781s] running install_lib
[2.783s] running install_data
[2.784s] running install_egg_info
[2.806s] removing '/home/yahboom/S26_RobotProgramming_Eloquent_Elusor/Lab7/so/roscours_sim_ws/install/webcam/lib/python3.10/site-packages/webcam-0.0.0-py3.10.egg-info' (and everything under it)
[2.807s] Copying ../../build/webcam/webcam.egg-info to /home/yahboom/S26_RobotProgramming_Eloquent_Elusor/Lab7/so/roscours_sim_ws/install/webcam/lib/python3.10/site-packages/webcam-0.0.0-py3.10.egg-info
[2.808s] running install_scripts
[2.910s] Installing webcam_pub script to /home/yahboom/S26_RobotProgramming_Eloquent_Elusor/Lab7/so/roscours_sim_ws/install/webcam/lib/webcam
[2.910s] Installing webcam_sub script to /home/yahboom/S26_RobotProgramming_Eloquent_Elusor/Lab7/so/roscours_sim_ws/install/webcam/lib/webcam
[2.910s] writing list of installed files to '/home/yahboom/S26_RobotProgramming_Eloquent_Elusor/Lab7/so/roscours_sim_ws/build/webcam/install.log'
[2.953s] Invoked command in '/home/yahboom/S26_RobotProgramming_Eloquent_Elusor/Lab7/so/roscours_sim_ws/src/webcam' returned '0': PYTHONPATH=/home/yahboom/S26_RobotProgramming_Eloquent_Elusor/Lab7/so/roscours_sim_ws/build/webcam/prefix_override:/home/yahboom/S26_RobotProgramming_Eloquent_Elusor/Lab7/so/roscours_sim_ws/install/webcam/lib/python3.10/site-packages:${PYTHONPATH} /usr/bin/python3 -W ignore:setup.py install is deprecated setup.py egg_info --egg-base ../../build/webcam build --build-base /home/yahboom/S26_RobotProgramming_Eloquent_Elusor/Lab7/so/roscours_sim_ws/build/webcam/build install --record /home/yahboom/S26_RobotProgramming_Eloquent_Elusor/Lab7/so/roscours_sim_ws/build/webcam/install.log --single-version-externally-managed install_data
