[1.082s] Invoking command in '/home/yahboom/Desktop/intro_ws/src/python_parameters': PYTHONPATH=/home/yahboom/Desktop/intro_ws/build/python_parameters/prefix_override:/home/yahboom/Desktop/intro_ws/install/python_parameters/lib/python3.10/site-packages:${PYTHONPATH} /usr/bin/python3 -W ignore:setup.py install is deprecated setup.py egg_info --egg-base ../../build/python_parameters build --build-base /home/yahboom/Desktop/intro_ws/build/python_parameters/build install --record /home/yahboom/Desktop/intro_ws/build/python_parameters/install.log --single-version-externally-managed install_data
[1.351s] running egg_info
[1.353s] writing ../../build/python_parameters/UNKNOWN.egg-info/PKG-INFO
[1.353s] writing dependency_links to ../../build/python_parameters/UNKNOWN.egg-info/dependency_links.txt
[1.353s] writing top-level names to ../../build/python_parameters/UNKNOWN.egg-info/top_level.txt
[1.353s] reading manifest file '../../build/python_parameters/UNKNOWN.egg-info/SOURCES.txt'
[1.358s] writing manifest file '../../build/python_parameters/UNKNOWN.egg-info/SOURCES.txt'
[1.361s] running build
[1.361s] running install
[1.363s] running install_data
[1.363s] running install_egg_info
[1.372s] removing '/home/yahboom/Desktop/intro_ws/install/python_parameters/lib/python3.10/site-packages/UNKNOWN-0.0.0-py3.10.egg-info' (and everything under it)
[1.372s] Copying ../../build/python_parameters/UNKNOWN.egg-info to /home/yahboom/Desktop/intro_ws/install/python_parameters/lib/python3.10/site-packages/UNKNOWN-0.0.0-py3.10.egg-info
[1.372s] running install_scripts
[1.407s] writing list of installed files to '/home/yahboom/Desktop/intro_ws/build/python_parameters/install.log'
[1.413s] running egg_info
[1.414s] writing ../../build/python_parameters/python_parameters.egg-info/PKG-INFO
[1.414s] writing dependency_links to ../../build/python_parameters/python_parameters.egg-info/dependency_links.txt
[1.414s] writing entry points to ../../build/python_parameters/python_parameters.egg-info/entry_points.txt
[1.416s] writing requirements to ../../build/python_parameters/python_parameters.egg-info/requires.txt
[1.416s] writing top-level names to ../../build/python_parameters/python_parameters.egg-info/top_level.txt
[1.418s] reading manifest file '../../build/python_parameters/python_parameters.egg-info/SOURCES.txt'
[1.422s] writing manifest file '../../build/python_parameters/python_parameters.egg-info/SOURCES.txt'
[1.422s] running build
[1.422s] running build_py
[1.423s] running install
[1.424s] running install_lib
[1.430s] running install_data
[1.430s] running install_egg_info
[1.430s] removing '/home/yahboom/Desktop/intro_ws/install/python_parameters/lib/python3.10/site-packages/python_parameters-0.0.0-py3.10.egg-info' (and everything under it)
[1.431s] Copying ../../build/python_parameters/python_parameters.egg-info to /home/yahboom/Desktop/intro_ws/install/python_parameters/lib/python3.10/site-packages/python_parameters-0.0.0-py3.10.egg-info
[1.432s] running install_scripts
[1.432s] Installing minimal_param_node script to /home/yahboom/Desktop/intro_ws/install/python_parameters/lib/python_parameters
[1.432s] writing list of installed files to '/home/yahboom/Desktop/intro_ws/build/python_parameters/install.log'
[1.469s] Invoked command in '/home/yahboom/Desktop/intro_ws/src/python_parameters' returned '0': PYTHONPATH=/home/yahboom/Desktop/intro_ws/build/python_parameters/prefix_override:/home/yahboom/Desktop/intro_ws/install/python_parameters/lib/python3.10/site-packages:${PYTHONPATH} /usr/bin/python3 -W ignore:setup.py install is deprecated setup.py egg_info --egg-base ../../build/python_parameters build --build-base /home/yahboom/Desktop/intro_ws/build/python_parameters/build install --record /home/yahboom/Desktop/intro_ws/build/python_parameters/install.log --single-version-externally-managed install_data
