[1.123s] Invoking command in '/home/yahboom/Desktop/intro_ws/src/python_parameters': PYTHONPATH=/home/yahboom/Desktop/intro_ws/build/python_parameters/prefix_override:/home/yahboom/Desktop/intro_ws/install/python_parameters/lib/python3.10/site-packages:${PYTHONPATH} /usr/bin/python3 -W ignore:setup.py install is deprecated setup.py egg_info --egg-base ../../build/python_parameters build --build-base /home/yahboom/Desktop/intro_ws/build/python_parameters/build install --record /home/yahboom/Desktop/intro_ws/build/python_parameters/install.log --single-version-externally-managed install_data
[1.390s] running egg_info
[1.390s] writing ../../build/python_parameters/UNKNOWN.egg-info/PKG-INFO
[1.392s] writing dependency_links to ../../build/python_parameters/UNKNOWN.egg-info/dependency_links.txt
[1.394s] writing top-level names to ../../build/python_parameters/UNKNOWN.egg-info/top_level.txt
[1.397s] reading manifest file '../../build/python_parameters/UNKNOWN.egg-info/SOURCES.txt'
[1.398s] writing manifest file '../../build/python_parameters/UNKNOWN.egg-info/SOURCES.txt'
[1.402s] running build
[1.402s] running install
[1.402s] running install_data
[1.402s] running install_egg_info
[1.406s] removing '/home/yahboom/Desktop/intro_ws/install/python_parameters/lib/python3.10/site-packages/UNKNOWN-0.0.0-py3.10.egg-info' (and everything under it)
[1.407s] Copying ../../build/python_parameters/UNKNOWN.egg-info to /home/yahboom/Desktop/intro_ws/install/python_parameters/lib/python3.10/site-packages/UNKNOWN-0.0.0-py3.10.egg-info
[1.407s] running install_scripts
[1.434s] writing list of installed files to '/home/yahboom/Desktop/intro_ws/build/python_parameters/install.log'
[1.449s] running egg_info
[1.453s] writing ../../build/python_parameters/python_parameters.egg-info/PKG-INFO
[1.453s] writing dependency_links to ../../build/python_parameters/python_parameters.egg-info/dependency_links.txt
[1.453s] writing entry points to ../../build/python_parameters/python_parameters.egg-info/entry_points.txt
[1.453s] writing requirements to ../../build/python_parameters/python_parameters.egg-info/requires.txt
[1.453s] writing top-level names to ../../build/python_parameters/python_parameters.egg-info/top_level.txt
[1.453s] reading manifest file '../../build/python_parameters/python_parameters.egg-info/SOURCES.txt'
[1.459s] writing manifest file '../../build/python_parameters/python_parameters.egg-info/SOURCES.txt'
[1.460s] running build
[1.460s] running build_py
[1.460s] running install
[1.460s] running install_lib
[1.462s] running install_data
[1.462s] running install_egg_info
[1.462s] removing '/home/yahboom/Desktop/intro_ws/install/python_parameters/lib/python3.10/site-packages/python_parameters-0.0.0-py3.10.egg-info' (and everything under it)
[1.472s] Copying ../../build/python_parameters/python_parameters.egg-info to /home/yahboom/Desktop/intro_ws/install/python_parameters/lib/python3.10/site-packages/python_parameters-0.0.0-py3.10.egg-info
[1.472s] running install_scripts
[1.472s] Installing minimal_param_node script to /home/yahboom/Desktop/intro_ws/install/python_parameters/lib/python_parameters
[1.472s] writing list of installed files to '/home/yahboom/Desktop/intro_ws/build/python_parameters/install.log'
[1.497s] Invoked command in '/home/yahboom/Desktop/intro_ws/src/python_parameters' returned '0': PYTHONPATH=/home/yahboom/Desktop/intro_ws/build/python_parameters/prefix_override:/home/yahboom/Desktop/intro_ws/install/python_parameters/lib/python3.10/site-packages:${PYTHONPATH} /usr/bin/python3 -W ignore:setup.py install is deprecated setup.py egg_info --egg-base ../../build/python_parameters build --build-base /home/yahboom/Desktop/intro_ws/build/python_parameters/build install --record /home/yahboom/Desktop/intro_ws/build/python_parameters/install.log --single-version-externally-managed install_data
