[0.032s] Invoking command in '/home/yahboom/Desktop/team_repo/Lab3/wallaa2/roscourse_ws/build/turtle_interfaces': CMAKE_PREFIX_PATH=${CMAKE_PREFIX_PATH}:/home/yahboom/Desktop/team_repo/Lab3/wallaa2/roscourse_ws/install/webcam:/home/yahboom/Desktop/team_repo/Lab3/wallaa2/roscourse_ws/install/python_turtle:/home/yahboom/cartoros2/install/yahboomcar_nav:/home/yahboom/cartoros2/install/yahboomcar_ctrl:/home/yahboom/cartoros2/install/yahboom_visual:/home/yahboom/cartoros2/install/yahboom_dog_joint_state:/home/yahboom/cartoros2/install/yahboom_description:/home/yahboom/cartoros2/install/yahboom_color_identify_server:/home/yahboom/cartoros2/install/yahboom_bringup:/home/yahboom/cartoros2/install/yahboom_base:/home/yahboom/cartoros2/install/yahboom_app_save_map:/home/yahboom/cartoros2/install/update_map:/home/yahboom/cartoros2/install/rosboard:/home/yahboom/cartoros2/install/path_planner_server:/home/yahboom/cartoros2/install/nav2_simple_commander:/home/yahboom/cartoros2/install/nav2_gazebo_spawner:/home/yahboom/cartoros2/install/localization_server:/home/yahboom/cartoros2/install/laserscan_to_point_pulisher:/home/yahboom/yahboomcar_ws/install/yahboom_dog_example:/opt/ros/humble /usr/bin/cmake /home/yahboom/Desktop/team_repo/Lab3/wallaa2/roscourse_ws/src/turtle_interfaces -DAMENT_CMAKE_SYMLINK_INSTALL=1 -DCMAKE_INSTALL_PREFIX=/home/yahboom/Desktop/team_repo/Lab3/wallaa2/roscourse_ws/install/turtle_interfaces
[0.054s] -- Found ament_cmake: 1.3.8 (/opt/ros/humble/share/ament_cmake/cmake)
[0.207s] -- Override CMake install command with custom implementation using symlinks instead of copying resources
[0.213s] -- Found geometry_msgs: 4.2.3 (/opt/ros/humble/share/geometry_msgs/cmake)
[0.240s] -- Found rosidl_generator_c: 3.1.5 (/opt/ros/humble/share/rosidl_generator_c/cmake)
[0.242s] -- Found rosidl_adapter: 3.1.5 (/opt/ros/humble/share/rosidl_adapter/cmake)
[0.247s] -- Found rosidl_generator_cpp: 3.1.5 (/opt/ros/humble/share/rosidl_generator_cpp/cmake)
[0.260s] -- Using all available rosidl_typesupport_c: rosidl_typesupport_fastrtps_c;rosidl_typesupport_introspection_c
[0.275s] -- Using all available rosidl_typesupport_cpp: rosidl_typesupport_fastrtps_cpp;rosidl_typesupport_introspection_cpp
[0.364s] -- Found rosidl_default_generators: 1.2.0 (/opt/ros/humble/share/rosidl_default_generators/cmake)
[0.782s] -- Found ament_cmake_ros: 0.10.0 (/opt/ros/humble/share/ament_cmake_ros/cmake)
[1.273s] -- Using all available rosidl_typesupport_c: rosidl_typesupport_fastrtps_c;rosidl_typesupport_introspection_c
[1.468s] -- Using all available rosidl_typesupport_cpp: rosidl_typesupport_fastrtps_cpp;rosidl_typesupport_introspection_cpp
[1.497s] -- Found python_cmake_module: 0.10.0 (/opt/ros/humble/share/python_cmake_module/cmake)
[1.527s] -- Using PYTHON_EXECUTABLE: /usr/bin/python3
[1.528s] -- Using PYTHON_INCLUDE_DIRS: /usr/include/python3.10
[1.528s] -- Using PYTHON_LIBRARIES: /usr/lib/x86_64-linux-gnu/libpython3.10.so
[1.637s] -- Found ament_lint_auto: 0.12.10 (/opt/ros/humble/share/ament_lint_auto/cmake)
[1.648s] -- Added test 'lint_cmake' to check CMake code style
[1.649s] -- Added test 'xmllint' to check XML markup files
[1.652s] -- Configuring done
[1.697s] -- Generating done
[1.701s] -- Build files have been written to: /home/yahboom/Desktop/team_repo/Lab3/wallaa2/roscourse_ws/build/turtle_interfaces
[1.710s] Invoked command in '/home/yahboom/Desktop/team_repo/Lab3/wallaa2/roscourse_ws/build/turtle_interfaces' returned '0': CMAKE_PREFIX_PATH=${CMAKE_PREFIX_PATH}:/home/yahboom/Desktop/team_repo/Lab3/wallaa2/roscourse_ws/install/webcam:/home/yahboom/Desktop/team_repo/Lab3/wallaa2/roscourse_ws/install/python_turtle:/home/yahboom/cartoros2/install/yahboomcar_nav:/home/yahboom/cartoros2/install/yahboomcar_ctrl:/home/yahboom/cartoros2/install/yahboom_visual:/home/yahboom/cartoros2/install/yahboom_dog_joint_state:/home/yahboom/cartoros2/install/yahboom_description:/home/yahboom/cartoros2/install/yahboom_color_identify_server:/home/yahboom/cartoros2/install/yahboom_bringup:/home/yahboom/cartoros2/install/yahboom_base:/home/yahboom/cartoros2/install/yahboom_app_save_map:/home/yahboom/cartoros2/install/update_map:/home/yahboom/cartoros2/install/rosboard:/home/yahboom/cartoros2/install/path_planner_server:/home/yahboom/cartoros2/install/nav2_simple_commander:/home/yahboom/cartoros2/install/nav2_gazebo_spawner:/home/yahboom/cartoros2/install/localization_server:/home/yahboom/cartoros2/install/laserscan_to_point_pulisher:/home/yahboom/yahboomcar_ws/install/yahboom_dog_example:/opt/ros/humble /usr/bin/cmake /home/yahboom/Desktop/team_repo/Lab3/wallaa2/roscourse_ws/src/turtle_interfaces -DAMENT_CMAKE_SYMLINK_INSTALL=1 -DCMAKE_INSTALL_PREFIX=/home/yahboom/Desktop/team_repo/Lab3/wallaa2/roscourse_ws/install/turtle_interfaces
[1.713s] Invoking command in '/home/yahboom/Desktop/team_repo/Lab3/wallaa2/roscourse_ws/build/turtle_interfaces': CMAKE_PREFIX_PATH=${CMAKE_PREFIX_PATH}:/home/yahboom/Desktop/team_repo/Lab3/wallaa2/roscourse_ws/install/webcam:/home/yahboom/Desktop/team_repo/Lab3/wallaa2/roscourse_ws/install/python_turtle:/home/yahboom/cartoros2/install/yahboomcar_nav:/home/yahboom/cartoros2/install/yahboomcar_ctrl:/home/yahboom/cartoros2/install/yahboom_visual:/home/yahboom/cartoros2/install/yahboom_dog_joint_state:/home/yahboom/cartoros2/install/yahboom_description:/home/yahboom/cartoros2/install/yahboom_color_identify_server:/home/yahboom/cartoros2/install/yahboom_bringup:/home/yahboom/cartoros2/install/yahboom_base:/home/yahboom/cartoros2/install/yahboom_app_save_map:/home/yahboom/cartoros2/install/update_map:/home/yahboom/cartoros2/install/rosboard:/home/yahboom/cartoros2/install/path_planner_server:/home/yahboom/cartoros2/install/nav2_simple_commander:/home/yahboom/cartoros2/install/nav2_gazebo_spawner:/home/yahboom/cartoros2/install/localization_server:/home/yahboom/cartoros2/install/laserscan_to_point_pulisher:/home/yahboom/yahboomcar_ws/install/yahboom_dog_example:/opt/ros/humble /usr/bin/cmake --build /home/yahboom/Desktop/team_repo/Lab3/wallaa2/roscourse_ws/build/turtle_interfaces -- -j4 -l4
[1.803s] [35m[1mConsolidate compiler generated dependencies of target turtle_interfaces__rosidl_generator_c[0m
[1.827s] failed to create symbolic link '/home/yahboom/Desktop/team_repo/Lab3/wallaa2/roscourse_ws/build/turtle_interfaces/ament_cmake_python/turtle_interfaces/turtle_interfaces' because existing path cannot be removed: Is a directory
[1.827s] [  1%] Built target turtle_interfaces__cpp
[1.828s] gmake[2]: *** [CMakeFiles/ament_cmake_python_symlink_turtle_interfaces.dir/build.make:70: CMakeFiles/ament_cmake_python_symlink_turtle_interfaces] Error 1
[1.829s] gmake[1]: *** [CMakeFiles/Makefile2:421: CMakeFiles/ament_cmake_python_symlink_turtle_interfaces.dir/all] Error 2
[1.829s] gmake[1]: *** Waiting for unfinished jobs....
[1.831s] [ 12%] Built target turtle_interfaces__rosidl_generator_c
[1.832s] gmake: *** [Makefile:146: all] Error 2
[1.835s] Invoked command in '/home/yahboom/Desktop/team_repo/Lab3/wallaa2/roscourse_ws/build/turtle_interfaces' returned '2': CMAKE_PREFIX_PATH=${CMAKE_PREFIX_PATH}:/home/yahboom/Desktop/team_repo/Lab3/wallaa2/roscourse_ws/install/webcam:/home/yahboom/Desktop/team_repo/Lab3/wallaa2/roscourse_ws/install/python_turtle:/home/yahboom/cartoros2/install/yahboomcar_nav:/home/yahboom/cartoros2/install/yahboomcar_ctrl:/home/yahboom/cartoros2/install/yahboom_visual:/home/yahboom/cartoros2/install/yahboom_dog_joint_state:/home/yahboom/cartoros2/install/yahboom_description:/home/yahboom/cartoros2/install/yahboom_color_identify_server:/home/yahboom/cartoros2/install/yahboom_bringup:/home/yahboom/cartoros2/install/yahboom_base:/home/yahboom/cartoros2/install/yahboom_app_save_map:/home/yahboom/cartoros2/install/update_map:/home/yahboom/cartoros2/install/rosboard:/home/yahboom/cartoros2/install/path_planner_server:/home/yahboom/cartoros2/install/nav2_simple_commander:/home/yahboom/cartoros2/install/nav2_gazebo_spawner:/home/yahboom/cartoros2/install/localization_server:/home/yahboom/cartoros2/install/laserscan_to_point_pulisher:/home/yahboom/yahboomcar_ws/install/yahboom_dog_example:/opt/ros/humble /usr/bin/cmake --build /home/yahboom/Desktop/team_repo/Lab3/wallaa2/roscourse_ws/build/turtle_interfaces -- -j4 -l4
