[0.103s] Invoking command in '/home/yahboom/Desktop/team_repo/Lab5/wallaa2/intro_ws/build/examples_rclcpp_minimal_subscriber': CMAKE_PREFIX_PATH=${CMAKE_PREFIX_PATH}:/home/yahboom/cartoros2/install/yahboomcar_nav:/home/yahboom/cartoros2/install/yahboomcar_ctrl:/home/yahboom/cartoros2/install/yahboom_visual:/home/yahboom/cartoros2/install/yahboom_dog_joint_state:/home/yahboom/cartoros2/install/yahboom_description:/home/yahboom/cartoros2/install/yahboom_color_identify_server:/home/yahboom/cartoros2/install/yahboom_bringup:/home/yahboom/cartoros2/install/yahboom_base:/home/yahboom/cartoros2/install/yahboom_app_save_map:/home/yahboom/cartoros2/install/update_map:/home/yahboom/cartoros2/install/rosboard:/home/yahboom/cartoros2/install/path_planner_server:/home/yahboom/cartoros2/install/nav2_simple_commander:/home/yahboom/cartoros2/install/nav2_gazebo_spawner:/home/yahboom/cartoros2/install/localization_server:/home/yahboom/cartoros2/install/laserscan_to_point_pulisher:/home/yahboom/yahboomcar_ws/install/yahboom_dog_example:/opt/ros/humble /usr/bin/cmake /home/yahboom/Desktop/team_repo/Lab5/wallaa2/intro_ws/src/examples/rclcpp/topics/minimal_subscriber -DCMAKE_INSTALL_PREFIX=/home/yahboom/Desktop/team_repo/Lab5/wallaa2/intro_ws/install/examples_rclcpp_minimal_subscriber
[0.517s] -- The C compiler identification is GNU 11.4.0
[0.949s] -- The CXX compiler identification is GNU 11.4.0
[1.011s] -- Detecting C compiler ABI info
[1.731s] -- Detecting C compiler ABI info - done
[1.784s] -- Check for working C compiler: /usr/bin/cc - skipped
[1.784s] -- Detecting C compile features
[1.791s] -- Detecting C compile features - done
[1.803s] -- Detecting CXX compiler ABI info
[2.605s] -- Detecting CXX compiler ABI info - done
[2.639s] -- Check for working CXX compiler: /usr/bin/c++ - skipped
[2.639s] -- Detecting CXX compile features
[2.643s] -- Detecting CXX compile features - done
[2.716s] -- Found ament_cmake: 1.3.13 (/opt/ros/humble/share/ament_cmake/cmake)
[3.798s] -- Found Python3: /usr/bin/python3 (found version "3.10.12") found components: Interpreter 
[5.393s] -- Found rclcpp: 16.0.18 (/opt/ros/humble/share/rclcpp/cmake)
[6.179s] -- Found rosidl_generator_c: 3.1.8 (/opt/ros/humble/share/rosidl_generator_c/cmake)
[6.272s] -- Found rosidl_adapter: 3.1.8 (/opt/ros/humble/share/rosidl_adapter/cmake)
[6.377s] -- Found rosidl_generator_cpp: 3.1.8 (/opt/ros/humble/share/rosidl_generator_cpp/cmake)
[6.482s] -- Using all available rosidl_typesupport_c: rosidl_typesupport_fastrtps_c;rosidl_typesupport_introspection_c
[6.622s] -- Using all available rosidl_typesupport_cpp: rosidl_typesupport_fastrtps_cpp;rosidl_typesupport_introspection_cpp
[7.175s] -- Found rmw_implementation_cmake: 6.1.2 (/opt/ros/humble/share/rmw_implementation_cmake/cmake)
[7.229s] -- Found rmw_fastrtps_cpp: 6.2.10 (/opt/ros/humble/share/rmw_fastrtps_cpp/cmake)
[8.398s] -- Found OpenSSL: /usr/lib/x86_64-linux-gnu/libcrypto.so (found version "3.0.2")  
[8.653s] -- Found FastRTPS: /opt/ros/humble/include  
[9.065s] -- Using RMW implementation 'rmw_fastrtps_cpp' as default
[9.258s] -- Looking for pthread.h
[10.013s] -- Looking for pthread.h - found
[10.017s] -- Performing Test CMAKE_HAVE_LIBC_PTHREAD
[10.576s] -- Performing Test CMAKE_HAVE_LIBC_PTHREAD - Success
[10.579s] -- Found Threads: TRUE  
[11.047s] -- Found rclcpp_components: 16.0.18 (/opt/ros/humble/share/rclcpp_components/cmake)
[11.972s] -- Found ament_lint_auto: 0.12.15 (/opt/ros/humble/share/ament_lint_auto/cmake)
[12.922s] -- Added test 'copyright' to check source files copyright and LICENSE
[12.939s] -- Added test 'cppcheck' to perform static code analysis on C / C++ code
[12.943s] -- Configured cppcheck include dirs: 
[12.943s] -- Configured cppcheck exclude dirs and/or files: 
[12.959s] -- Added test 'cpplint' to check C / C++ code against the Google style
[12.960s] -- Configured cpplint exclude dirs and/or files: 
[12.979s] -- Added test 'lint_cmake' to check CMake code style
[12.997s] -- Added test 'uncrustify' to check C / C++ code style
[12.997s] -- Configured uncrustify additional arguments: 
[13.014s] -- Added test 'xmllint' to check XML markup files
[13.045s] -- Configuring done
[13.210s] -- Generating done
[13.270s] -- Build files have been written to: /home/yahboom/Desktop/team_repo/Lab5/wallaa2/intro_ws/build/examples_rclcpp_minimal_subscriber
[13.316s] Invoked command in '/home/yahboom/Desktop/team_repo/Lab5/wallaa2/intro_ws/build/examples_rclcpp_minimal_subscriber' returned '0': CMAKE_PREFIX_PATH=${CMAKE_PREFIX_PATH}:/home/yahboom/cartoros2/install/yahboomcar_nav:/home/yahboom/cartoros2/install/yahboomcar_ctrl:/home/yahboom/cartoros2/install/yahboom_visual:/home/yahboom/cartoros2/install/yahboom_dog_joint_state:/home/yahboom/cartoros2/install/yahboom_description:/home/yahboom/cartoros2/install/yahboom_color_identify_server:/home/yahboom/cartoros2/install/yahboom_bringup:/home/yahboom/cartoros2/install/yahboom_base:/home/yahboom/cartoros2/install/yahboom_app_save_map:/home/yahboom/cartoros2/install/update_map:/home/yahboom/cartoros2/install/rosboard:/home/yahboom/cartoros2/install/path_planner_server:/home/yahboom/cartoros2/install/nav2_simple_commander:/home/yahboom/cartoros2/install/nav2_gazebo_spawner:/home/yahboom/cartoros2/install/localization_server:/home/yahboom/cartoros2/install/laserscan_to_point_pulisher:/home/yahboom/yahboomcar_ws/install/yahboom_dog_example:/opt/ros/humble /usr/bin/cmake /home/yahboom/Desktop/team_repo/Lab5/wallaa2/intro_ws/src/examples/rclcpp/topics/minimal_subscriber -DCMAKE_INSTALL_PREFIX=/home/yahboom/Desktop/team_repo/Lab5/wallaa2/intro_ws/install/examples_rclcpp_minimal_subscriber
[13.323s] Invoking command in '/home/yahboom/Desktop/team_repo/Lab5/wallaa2/intro_ws/build/examples_rclcpp_minimal_subscriber': CMAKE_PREFIX_PATH=${CMAKE_PREFIX_PATH}:/home/yahboom/cartoros2/install/yahboomcar_nav:/home/yahboom/cartoros2/install/yahboomcar_ctrl:/home/yahboom/cartoros2/install/yahboom_visual:/home/yahboom/cartoros2/install/yahboom_dog_joint_state:/home/yahboom/cartoros2/install/yahboom_description:/home/yahboom/cartoros2/install/yahboom_color_identify_server:/home/yahboom/cartoros2/install/yahboom_bringup:/home/yahboom/cartoros2/install/yahboom_base:/home/yahboom/cartoros2/install/yahboom_app_save_map:/home/yahboom/cartoros2/install/update_map:/home/yahboom/cartoros2/install/rosboard:/home/yahboom/cartoros2/install/path_planner_server:/home/yahboom/cartoros2/install/nav2_simple_commander:/home/yahboom/cartoros2/install/nav2_gazebo_spawner:/home/yahboom/cartoros2/install/localization_server:/home/yahboom/cartoros2/install/laserscan_to_point_pulisher:/home/yahboom/yahboomcar_ws/install/yahboom_dog_example:/opt/ros/humble /usr/bin/cmake --build /home/yahboom/Desktop/team_repo/Lab5/wallaa2/intro_ws/build/examples_rclcpp_minimal_subscriber -- -j4 -l4
[13.895s] [  4%] [32mBuilding CXX object CMakeFiles/subscriber_lambda.dir/lambda.cpp.o[0m
[45.813s] [  8%] [32m[1mLinking CXX executable subscriber_lambda[0m
[47.314s] [  8%] Built target subscriber_lambda
[47.489s] [ 12%] [32mBuilding CXX object CMakeFiles/subscriber_member_function_with_type_adapter.dir/member_function_with_type_adapter.cpp.o[0m
[82.161s] [ 16%] [32m[1mLinking CXX executable subscriber_member_function_with_type_adapter[0m
[83.976s] [ 16%] Built target subscriber_member_function_with_type_adapter
[84.158s] [ 20%] [32mBuilding CXX object CMakeFiles/subscriber_member_function_with_unique_network_flow_endpoints.dir/member_function_with_unique_network_flow_endpoints.cpp.o[0m
[115.327s] [ 25%] [32m[1mLinking CXX executable subscriber_member_function_with_unique_network_flow_endpoints[0m
[116.575s] [ 25%] Built target subscriber_member_function_with_unique_network_flow_endpoints
[116.737s] [ 29%] [32mBuilding CXX object CMakeFiles/subscriber_not_composable.dir/not_composable.cpp.o[0m
[139.705s] [ 33%] [32m[1mLinking CXX executable subscriber_not_composable[0m
[140.660s] [ 33%] Built target subscriber_not_composable
[140.783s] [ 37%] [32mBuilding CXX object CMakeFiles/subscriber_content_filtering.dir/content_filtering.cpp.o[0m
[157.900s] [ 41%] [32mBuilding CXX object CMakeFiles/wait_set_subscriber_library.dir/wait_set_subscriber.cpp.o[0m
[158.006s] [ 45%] [32mBuilding CXX object CMakeFiles/subscriber_member_function_with_topic_statistics.dir/member_function_with_topic_statistics.cpp.o[0m
[159.237s] [ 50%] [32mBuilding CXX object CMakeFiles/subscriber_member_function.dir/member_function.cpp.o[0m
[166.636s] [ 54%] [32m[1mLinking CXX executable subscriber_content_filtering[0m
[169.257s] [ 54%] Built target subscriber_content_filtering
[198.877s] [ 58%] [32m[1mLinking CXX executable subscriber_member_function_with_topic_statistics[0m
[200.261s] [ 58%] Built target subscriber_member_function_with_topic_statistics
[200.523s] [ 62%] [32mBuilding CXX object CMakeFiles/wait_set_subscriber_library.dir/static_wait_set_subscriber.cpp.o[0m
[200.874s] [ 66%] [32m[1mLinking CXX executable subscriber_member_function[0m
[201.975s] [ 66%] Built target subscriber_member_function
[221.258s] [ 70%] [32mBuilding CXX object CMakeFiles/wait_set_subscriber_library.dir/time_triggered_wait_set_subscriber.cpp.o[0m
[243.066s] [ 75%] [32m[1mLinking CXX shared library libwait_set_subscriber_library.so[0m
[244.896s] [ 75%] Built target wait_set_subscriber_library
[245.047s] [ 79%] [32mBuilding CXX object CMakeFiles/time_triggered_wait_set_subscriber.dir/rclcpp_components/node_main_time_triggered_wait_set_subscriber.cpp.o[0m
[245.047s] [ 83%] [32mBuilding CXX object CMakeFiles/static_wait_set_subscriber.dir/rclcpp_components/node_main_static_wait_set_subscriber.cpp.o[0m
[245.058s] [ 87%] [32mBuilding CXX object CMakeFiles/wait_set_subscriber.dir/rclcpp_components/node_main_wait_set_subscriber.cpp.o[0m
[256.789s] [ 91%] [32m[1mLinking CXX executable wait_set_subscriber[0m
[256.817s] [ 95%] [32m[1mLinking CXX executable time_triggered_wait_set_subscriber[0m
[257.280s] [100%] [32m[1mLinking CXX executable static_wait_set_subscriber[0m
[257.555s] [100%] Built target wait_set_subscriber
[257.561s] [100%] Built target time_triggered_wait_set_subscriber
[257.822s] [100%] Built target static_wait_set_subscriber
[257.882s] Invoked command in '/home/yahboom/Desktop/team_repo/Lab5/wallaa2/intro_ws/build/examples_rclcpp_minimal_subscriber' returned '0': CMAKE_PREFIX_PATH=${CMAKE_PREFIX_PATH}:/home/yahboom/cartoros2/install/yahboomcar_nav:/home/yahboom/cartoros2/install/yahboomcar_ctrl:/home/yahboom/cartoros2/install/yahboom_visual:/home/yahboom/cartoros2/install/yahboom_dog_joint_state:/home/yahboom/cartoros2/install/yahboom_description:/home/yahboom/cartoros2/install/yahboom_color_identify_server:/home/yahboom/cartoros2/install/yahboom_bringup:/home/yahboom/cartoros2/install/yahboom_base:/home/yahboom/cartoros2/install/yahboom_app_save_map:/home/yahboom/cartoros2/install/update_map:/home/yahboom/cartoros2/install/rosboard:/home/yahboom/cartoros2/install/path_planner_server:/home/yahboom/cartoros2/install/nav2_simple_commander:/home/yahboom/cartoros2/install/nav2_gazebo_spawner:/home/yahboom/cartoros2/install/localization_server:/home/yahboom/cartoros2/install/laserscan_to_point_pulisher:/home/yahboom/yahboomcar_ws/install/yahboom_dog_example:/opt/ros/humble /usr/bin/cmake --build /home/yahboom/Desktop/team_repo/Lab5/wallaa2/intro_ws/build/examples_rclcpp_minimal_subscriber -- -j4 -l4
[257.884s] Invoking command in '/home/yahboom/Desktop/team_repo/Lab5/wallaa2/intro_ws/build/examples_rclcpp_minimal_subscriber': CMAKE_PREFIX_PATH=${CMAKE_PREFIX_PATH}:/home/yahboom/cartoros2/install/yahboomcar_nav:/home/yahboom/cartoros2/install/yahboomcar_ctrl:/home/yahboom/cartoros2/install/yahboom_visual:/home/yahboom/cartoros2/install/yahboom_dog_joint_state:/home/yahboom/cartoros2/install/yahboom_description:/home/yahboom/cartoros2/install/yahboom_color_identify_server:/home/yahboom/cartoros2/install/yahboom_bringup:/home/yahboom/cartoros2/install/yahboom_base:/home/yahboom/cartoros2/install/yahboom_app_save_map:/home/yahboom/cartoros2/install/update_map:/home/yahboom/cartoros2/install/rosboard:/home/yahboom/cartoros2/install/path_planner_server:/home/yahboom/cartoros2/install/nav2_simple_commander:/home/yahboom/cartoros2/install/nav2_gazebo_spawner:/home/yahboom/cartoros2/install/localization_server:/home/yahboom/cartoros2/install/laserscan_to_point_pulisher:/home/yahboom/yahboomcar_ws/install/yahboom_dog_example:/opt/ros/humble /usr/bin/cmake --install /home/yahboom/Desktop/team_repo/Lab5/wallaa2/intro_ws/build/examples_rclcpp_minimal_subscriber
[257.932s] -- Install configuration: ""
[257.933s] -- Installing: /home/yahboom/Desktop/team_repo/Lab5/wallaa2/intro_ws/install/examples_rclcpp_minimal_subscriber/lib/examples_rclcpp_minimal_subscriber/wait_set_subscriber
[257.935s] -- Set runtime path of "/home/yahboom/Desktop/team_repo/Lab5/wallaa2/intro_ws/install/examples_rclcpp_minimal_subscriber/lib/examples_rclcpp_minimal_subscriber/wait_set_subscriber" to ""
[257.935s] -- Installing: /home/yahboom/Desktop/team_repo/Lab5/wallaa2/intro_ws/install/examples_rclcpp_minimal_subscriber/lib/examples_rclcpp_minimal_subscriber/static_wait_set_subscriber
[257.937s] -- Set runtime path of "/home/yahboom/Desktop/team_repo/Lab5/wallaa2/intro_ws/install/examples_rclcpp_minimal_subscriber/lib/examples_rclcpp_minimal_subscriber/static_wait_set_subscriber" to ""
[257.938s] -- Installing: /home/yahboom/Desktop/team_repo/Lab5/wallaa2/intro_ws/install/examples_rclcpp_minimal_subscriber/lib/examples_rclcpp_minimal_subscriber/time_triggered_wait_set_subscriber
[257.940s] -- Set runtime path of "/home/yahboom/Desktop/team_repo/Lab5/wallaa2/intro_ws/install/examples_rclcpp_minimal_subscriber/lib/examples_rclcpp_minimal_subscriber/time_triggered_wait_set_subscriber" to ""
[257.940s] -- Installing: /home/yahboom/Desktop/team_repo/Lab5/wallaa2/intro_ws/install/examples_rclcpp_minimal_subscriber/lib/libwait_set_subscriber_library.so
[257.971s] -- Set runtime path of "/home/yahboom/Desktop/team_repo/Lab5/wallaa2/intro_ws/install/examples_rclcpp_minimal_subscriber/lib/libwait_set_subscriber_library.so" to ""
[257.971s] -- Installing: /home/yahboom/Desktop/team_repo/Lab5/wallaa2/intro_ws/install/examples_rclcpp_minimal_subscriber/lib/examples_rclcpp_minimal_subscriber/subscriber_lambda
[257.983s] -- Set runtime path of "/home/yahboom/Desktop/team_repo/Lab5/wallaa2/intro_ws/install/examples_rclcpp_minimal_subscriber/lib/examples_rclcpp_minimal_subscriber/subscriber_lambda" to ""
[257.984s] -- Installing: /home/yahboom/Desktop/team_repo/Lab5/wallaa2/intro_ws/install/examples_rclcpp_minimal_subscriber/lib/examples_rclcpp_minimal_subscriber/subscriber_member_function
[257.994s] -- Set runtime path of "/home/yahboom/Desktop/team_repo/Lab5/wallaa2/intro_ws/install/examples_rclcpp_minimal_subscriber/lib/examples_rclcpp_minimal_subscriber/subscriber_member_function" to ""
[257.997s] -- Installing: /home/yahboom/Desktop/team_repo/Lab5/wallaa2/intro_ws/install/examples_rclcpp_minimal_subscriber/lib/examples_rclcpp_minimal_subscriber/subscriber_member_function_with_topic_statistics
[258.011s] -- Set runtime path of "/home/yahboom/Desktop/team_repo/Lab5/wallaa2/intro_ws/install/examples_rclcpp_minimal_subscriber/lib/examples_rclcpp_minimal_subscriber/subscriber_member_function_with_topic_statistics" to ""
[258.011s] -- Installing: /home/yahboom/Desktop/team_repo/Lab5/wallaa2/intro_ws/install/examples_rclcpp_minimal_subscriber/lib/examples_rclcpp_minimal_subscriber/subscriber_member_function_with_type_adapter
[258.026s] -- Set runtime path of "/home/yahboom/Desktop/team_repo/Lab5/wallaa2/intro_ws/install/examples_rclcpp_minimal_subscriber/lib/examples_rclcpp_minimal_subscriber/subscriber_member_function_with_type_adapter" to ""
[258.027s] -- Installing: /home/yahboom/Desktop/team_repo/Lab5/wallaa2/intro_ws/install/examples_rclcpp_minimal_subscriber/lib/examples_rclcpp_minimal_subscriber/subscriber_member_function_with_unique_network_flow_endpoints
[258.036s] -- Set runtime path of "/home/yahboom/Desktop/team_repo/Lab5/wallaa2/intro_ws/install/examples_rclcpp_minimal_subscriber/lib/examples_rclcpp_minimal_subscriber/subscriber_member_function_with_unique_network_flow_endpoints" to ""
[258.037s] -- Installing: /home/yahboom/Desktop/team_repo/Lab5/wallaa2/intro_ws/install/examples_rclcpp_minimal_subscriber/lib/examples_rclcpp_minimal_subscriber/subscriber_not_composable
[258.046s] -- Set runtime path of "/home/yahboom/Desktop/team_repo/Lab5/wallaa2/intro_ws/install/examples_rclcpp_minimal_subscriber/lib/examples_rclcpp_minimal_subscriber/subscriber_not_composable" to ""
[258.046s] -- Installing: /home/yahboom/Desktop/team_repo/Lab5/wallaa2/intro_ws/install/examples_rclcpp_minimal_subscriber/lib/examples_rclcpp_minimal_subscriber/subscriber_content_filtering
[258.057s] -- Set runtime path of "/home/yahboom/Desktop/team_repo/Lab5/wallaa2/intro_ws/install/examples_rclcpp_minimal_subscriber/lib/examples_rclcpp_minimal_subscriber/subscriber_content_filtering" to ""
[258.058s] -- Installing: /home/yahboom/Desktop/team_repo/Lab5/wallaa2/intro_ws/install/examples_rclcpp_minimal_subscriber/share/ament_index/resource_index/package_run_dependencies/examples_rclcpp_minimal_subscriber
[258.058s] -- Installing: /home/yahboom/Desktop/team_repo/Lab5/wallaa2/intro_ws/install/examples_rclcpp_minimal_subscriber/share/ament_index/resource_index/parent_prefix_path/examples_rclcpp_minimal_subscriber
[258.059s] -- Installing: /home/yahboom/Desktop/team_repo/Lab5/wallaa2/intro_ws/install/examples_rclcpp_minimal_subscriber/share/examples_rclcpp_minimal_subscriber/environment/ament_prefix_path.sh
[258.059s] -- Installing: /home/yahboom/Desktop/team_repo/Lab5/wallaa2/intro_ws/install/examples_rclcpp_minimal_subscriber/share/examples_rclcpp_minimal_subscriber/environment/ament_prefix_path.dsv
[258.060s] -- Installing: /home/yahboom/Desktop/team_repo/Lab5/wallaa2/intro_ws/install/examples_rclcpp_minimal_subscriber/share/examples_rclcpp_minimal_subscriber/environment/path.sh
[258.060s] -- Installing: /home/yahboom/Desktop/team_repo/Lab5/wallaa2/intro_ws/install/examples_rclcpp_minimal_subscriber/share/examples_rclcpp_minimal_subscriber/environment/path.dsv
[258.061s] -- Installing: /home/yahboom/Desktop/team_repo/Lab5/wallaa2/intro_ws/install/examples_rclcpp_minimal_subscriber/share/examples_rclcpp_minimal_subscriber/local_setup.bash
[258.061s] -- Installing: /home/yahboom/Desktop/team_repo/Lab5/wallaa2/intro_ws/install/examples_rclcpp_minimal_subscriber/share/examples_rclcpp_minimal_subscriber/local_setup.sh
[258.062s] -- Installing: /home/yahboom/Desktop/team_repo/Lab5/wallaa2/intro_ws/install/examples_rclcpp_minimal_subscriber/share/examples_rclcpp_minimal_subscriber/local_setup.zsh
[258.063s] -- Installing: /home/yahboom/Desktop/team_repo/Lab5/wallaa2/intro_ws/install/examples_rclcpp_minimal_subscriber/share/examples_rclcpp_minimal_subscriber/local_setup.dsv
[258.064s] -- Installing: /home/yahboom/Desktop/team_repo/Lab5/wallaa2/intro_ws/install/examples_rclcpp_minimal_subscriber/share/examples_rclcpp_minimal_subscriber/package.dsv
[258.064s] -- Installing: /home/yahboom/Desktop/team_repo/Lab5/wallaa2/intro_ws/install/examples_rclcpp_minimal_subscriber/share/ament_index/resource_index/packages/examples_rclcpp_minimal_subscriber
[258.065s] -- Installing: /home/yahboom/Desktop/team_repo/Lab5/wallaa2/intro_ws/install/examples_rclcpp_minimal_subscriber/share/ament_index/resource_index/rclcpp_components/examples_rclcpp_minimal_subscriber
[258.066s] -- Installing: /home/yahboom/Desktop/team_repo/Lab5/wallaa2/intro_ws/install/examples_rclcpp_minimal_subscriber/share/examples_rclcpp_minimal_subscriber/cmake/examples_rclcpp_minimal_subscriberConfig.cmake
[258.067s] -- Installing: /home/yahboom/Desktop/team_repo/Lab5/wallaa2/intro_ws/install/examples_rclcpp_minimal_subscriber/share/examples_rclcpp_minimal_subscriber/cmake/examples_rclcpp_minimal_subscriberConfig-version.cmake
[258.067s] -- Installing: /home/yahboom/Desktop/team_repo/Lab5/wallaa2/intro_ws/install/examples_rclcpp_minimal_subscriber/share/examples_rclcpp_minimal_subscriber/package.xml
[258.074s] Invoked command in '/home/yahboom/Desktop/team_repo/Lab5/wallaa2/intro_ws/build/examples_rclcpp_minimal_subscriber' returned '0': CMAKE_PREFIX_PATH=${CMAKE_PREFIX_PATH}:/home/yahboom/cartoros2/install/yahboomcar_nav:/home/yahboom/cartoros2/install/yahboomcar_ctrl:/home/yahboom/cartoros2/install/yahboom_visual:/home/yahboom/cartoros2/install/yahboom_dog_joint_state:/home/yahboom/cartoros2/install/yahboom_description:/home/yahboom/cartoros2/install/yahboom_color_identify_server:/home/yahboom/cartoros2/install/yahboom_bringup:/home/yahboom/cartoros2/install/yahboom_base:/home/yahboom/cartoros2/install/yahboom_app_save_map:/home/yahboom/cartoros2/install/update_map:/home/yahboom/cartoros2/install/rosboard:/home/yahboom/cartoros2/install/path_planner_server:/home/yahboom/cartoros2/install/nav2_simple_commander:/home/yahboom/cartoros2/install/nav2_gazebo_spawner:/home/yahboom/cartoros2/install/localization_server:/home/yahboom/cartoros2/install/laserscan_to_point_pulisher:/home/yahboom/yahboomcar_ws/install/yahboom_dog_example:/opt/ros/humble /usr/bin/cmake --install /home/yahboom/Desktop/team_repo/Lab5/wallaa2/intro_ws/build/examples_rclcpp_minimal_subscriber
