[0.164s] Invoking command in '/home/yahboom/Desktop/team_repo/Lab5/wallaa2/intro_ws/build/intro_interfaces': CMAKE_PREFIX_PATH=${CMAKE_PREFIX_PATH}:/home/yahboom/cartoros2/install/yahboomcar_nav:/home/yahboom/cartoros2/install/yahboomcar_ctrl:/home/yahboom/cartoros2/install/yahboom_visual:/home/yahboom/cartoros2/install/yahboom_dog_joint_state:/home/yahboom/cartoros2/install/yahboom_description:/home/yahboom/cartoros2/install/yahboom_color_identify_server:/home/yahboom/cartoros2/install/yahboom_bringup:/home/yahboom/cartoros2/install/yahboom_base:/home/yahboom/cartoros2/install/yahboom_app_save_map:/home/yahboom/cartoros2/install/update_map:/home/yahboom/cartoros2/install/rosboard:/home/yahboom/cartoros2/install/path_planner_server:/home/yahboom/cartoros2/install/nav2_simple_commander:/home/yahboom/cartoros2/install/nav2_gazebo_spawner:/home/yahboom/cartoros2/install/localization_server:/home/yahboom/cartoros2/install/laserscan_to_point_pulisher:/home/yahboom/yahboomcar_ws/install/yahboom_dog_example:/opt/ros/humble /usr/bin/cmake /home/yahboom/Desktop/team_repo/Lab5/wallaa2/intro_ws/src/intro_interfaces -DCMAKE_INSTALL_PREFIX=/home/yahboom/Desktop/team_repo/Lab5/wallaa2/intro_ws/install/intro_interfaces
[0.786s] -- The C compiler identification is GNU 11.4.0
[1.219s] -- The CXX compiler identification is GNU 11.4.0
[1.255s] -- Detecting C compiler ABI info
[1.806s] -- Detecting C compiler ABI info - done
[1.871s] -- Check for working C compiler: /usr/bin/cc - skipped
[1.875s] -- Detecting C compile features
[1.880s] -- Detecting C compile features - done
[1.895s] -- Detecting CXX compiler ABI info
[2.398s] -- Detecting CXX compiler ABI info - done
[2.432s] -- Check for working CXX compiler: /usr/bin/c++ - skipped
[2.432s] -- Detecting CXX compile features
[2.434s] -- Detecting CXX compile features - done
[2.523s] -- Found ament_cmake: 1.3.13 (/opt/ros/humble/share/ament_cmake/cmake)
[3.539s] -- Found Python3: /usr/bin/python3 (found version "3.10.12") found components: Interpreter 
[4.648s] -- Found geometry_msgs: 4.9.1 (/opt/ros/humble/share/geometry_msgs/cmake)
[5.356s] -- Found rosidl_generator_c: 3.1.8 (/opt/ros/humble/share/rosidl_generator_c/cmake)
[5.461s] -- Found rosidl_adapter: 3.1.8 (/opt/ros/humble/share/rosidl_adapter/cmake)
[5.634s] -- Found rosidl_generator_cpp: 3.1.8 (/opt/ros/humble/share/rosidl_generator_cpp/cmake)
[5.851s] -- Using all available rosidl_typesupport_c: rosidl_typesupport_fastrtps_c;rosidl_typesupport_introspection_c
[6.044s] -- Using all available rosidl_typesupport_cpp: rosidl_typesupport_fastrtps_cpp;rosidl_typesupport_introspection_cpp
[6.463s] -- Found rosidl_default_generators: 1.2.0 (/opt/ros/humble/share/rosidl_default_generators/cmake)
[6.591s] -- Found ament_lint_auto: 0.12.15 (/opt/ros/humble/share/ament_lint_auto/cmake)
[8.599s] -- Found ament_cmake_ros: 0.10.0 (/opt/ros/humble/share/ament_cmake_ros/cmake)
[10.787s] -- Using all available rosidl_typesupport_c: rosidl_typesupport_fastrtps_c;rosidl_typesupport_introspection_c
[11.521s] -- Using all available rosidl_typesupport_cpp: rosidl_typesupport_fastrtps_cpp;rosidl_typesupport_introspection_cpp
[11.661s] -- Found PythonInterp: /usr/bin/python3 (found suitable version "3.10.12", minimum required is "3.6") 
[11.762s] -- Found python_cmake_module: 0.10.0 (/opt/ros/humble/share/python_cmake_module/cmake)
[11.933s] -- Found PythonLibs: /usr/lib/x86_64-linux-gnu/libpython3.10.so (found suitable version "3.10.12", minimum required is "3.5") 
[11.934s] -- Using PYTHON_EXECUTABLE: /usr/bin/python3
[11.935s] -- Using PYTHON_INCLUDE_DIRS: /usr/include/python3.10
[11.935s] -- Using PYTHON_LIBRARIES: /usr/lib/x86_64-linux-gnu/libpython3.10.so
[12.061s] -- Found PythonExtra: .so  
[13.287s] -- Added test 'lint_cmake' to check CMake code style
[13.316s] -- Added test 'xmllint' to check XML markup files
[13.402s] -- Configuring done
[13.657s] -- Generating done
[13.776s] -- Build files have been written to: /home/yahboom/Desktop/team_repo/Lab5/wallaa2/intro_ws/build/intro_interfaces
[13.870s] Invoked command in '/home/yahboom/Desktop/team_repo/Lab5/wallaa2/intro_ws/build/intro_interfaces' returned '0': CMAKE_PREFIX_PATH=${CMAKE_PREFIX_PATH}:/home/yahboom/cartoros2/install/yahboomcar_nav:/home/yahboom/cartoros2/install/yahboomcar_ctrl:/home/yahboom/cartoros2/install/yahboom_visual:/home/yahboom/cartoros2/install/yahboom_dog_joint_state:/home/yahboom/cartoros2/install/yahboom_description:/home/yahboom/cartoros2/install/yahboom_color_identify_server:/home/yahboom/cartoros2/install/yahboom_bringup:/home/yahboom/cartoros2/install/yahboom_base:/home/yahboom/cartoros2/install/yahboom_app_save_map:/home/yahboom/cartoros2/install/update_map:/home/yahboom/cartoros2/install/rosboard:/home/yahboom/cartoros2/install/path_planner_server:/home/yahboom/cartoros2/install/nav2_simple_commander:/home/yahboom/cartoros2/install/nav2_gazebo_spawner:/home/yahboom/cartoros2/install/localization_server:/home/yahboom/cartoros2/install/laserscan_to_point_pulisher:/home/yahboom/yahboomcar_ws/install/yahboom_dog_example:/opt/ros/humble /usr/bin/cmake /home/yahboom/Desktop/team_repo/Lab5/wallaa2/intro_ws/src/intro_interfaces -DCMAKE_INSTALL_PREFIX=/home/yahboom/Desktop/team_repo/Lab5/wallaa2/intro_ws/install/intro_interfaces
[13.892s] Invoking command in '/home/yahboom/Desktop/team_repo/Lab5/wallaa2/intro_ws/build/intro_interfaces': CMAKE_PREFIX_PATH=${CMAKE_PREFIX_PATH}:/home/yahboom/cartoros2/install/yahboomcar_nav:/home/yahboom/cartoros2/install/yahboomcar_ctrl:/home/yahboom/cartoros2/install/yahboom_visual:/home/yahboom/cartoros2/install/yahboom_dog_joint_state:/home/yahboom/cartoros2/install/yahboom_description:/home/yahboom/cartoros2/install/yahboom_color_identify_server:/home/yahboom/cartoros2/install/yahboom_bringup:/home/yahboom/cartoros2/install/yahboom_base:/home/yahboom/cartoros2/install/yahboom_app_save_map:/home/yahboom/cartoros2/install/update_map:/home/yahboom/cartoros2/install/rosboard:/home/yahboom/cartoros2/install/path_planner_server:/home/yahboom/cartoros2/install/nav2_simple_commander:/home/yahboom/cartoros2/install/nav2_gazebo_spawner:/home/yahboom/cartoros2/install/localization_server:/home/yahboom/cartoros2/install/laserscan_to_point_pulisher:/home/yahboom/yahboomcar_ws/install/yahboom_dog_example:/opt/ros/humble /usr/bin/cmake --build /home/yahboom/Desktop/team_repo/Lab5/wallaa2/intro_ws/build/intro_interfaces -- -j4 -l4
[14.700s] [  2%] [34m[1mGenerating C++ code for ROS interfaces[0m
[14.749s] [  4%] [34m[1mGenerating C code for ROS interfaces[0m
[15.296s] [  4%] Built target ament_cmake_python_copy_intro_interfaces
[16.742s] running egg_info
[16.742s] creating intro_interfaces.egg-info
[16.742s] writing intro_interfaces.egg-info/PKG-INFO
[16.744s] writing dependency_links to intro_interfaces.egg-info/dependency_links.txt
[16.745s] writing top-level names to intro_interfaces.egg-info/top_level.txt
[16.751s] writing manifest file 'intro_interfaces.egg-info/SOURCES.txt'
[16.770s] reading manifest file 'intro_interfaces.egg-info/SOURCES.txt'
[16.779s] writing manifest file 'intro_interfaces.egg-info/SOURCES.txt'
[17.221s] [  4%] Built target ament_cmake_python_build_intro_interfaces_egg
[18.472s] [  4%] Built target intro_interfaces__cpp
[18.766s] [  6%] [34m[1mGenerating C++ introspection for ROS interfaces[0m
[18.803s] [  8%] [34m[1mGenerating C++ type support dispatch for ROS interfaces[0m
[18.825s] [ 10%] [34m[1mGenerating C++ type support for eProsima Fast-RTPS[0m
[21.435s] [ 12%] [32mBuilding C object CMakeFiles/intro_interfaces__rosidl_generator_c.dir/rosidl_generator_c/intro_interfaces/msg/detail/num__functions.c.o[0m
[22.036s] [ 14%] [32mBuilding C object CMakeFiles/intro_interfaces__rosidl_generator_c.dir/rosidl_generator_c/intro_interfaces/msg/detail/sphere__functions.c.o[0m
[22.660s] [ 17%] [32mBuilding C object CMakeFiles/intro_interfaces__rosidl_generator_c.dir/rosidl_generator_c/intro_interfaces/srv/detail/area__functions.c.o[0m
[23.326s] [ 19%] [32mBuilding CXX object CMakeFiles/intro_interfaces__rosidl_typesupport_cpp.dir/rosidl_typesupport_cpp/intro_interfaces/msg/num__type_support.cpp.o[0m
[23.696s] [ 21%] [32m[1mLinking C shared library libintro_interfaces__rosidl_generator_c.so[0m
[24.825s] [ 21%] Built target intro_interfaces__rosidl_generator_c
[24.858s] [ 23%] [32mBuilding CXX object CMakeFiles/intro_interfaces__rosidl_typesupport_introspection_cpp.dir/rosidl_typesupport_introspection_cpp/intro_interfaces/msg/detail/num__type_support.cpp.o[0m
[24.891s] [ 25%] [32mBuilding CXX object CMakeFiles/intro_interfaces__rosidl_typesupport_fastrtps_cpp.dir/rosidl_typesupport_fastrtps_cpp/intro_interfaces/msg/detail/dds_fastrtps/num__type_support.cpp.o[0m
[28.732s] [ 27%] [32mBuilding CXX object CMakeFiles/intro_interfaces__rosidl_typesupport_cpp.dir/rosidl_typesupport_cpp/intro_interfaces/msg/sphere__type_support.cpp.o[0m
[31.133s] [ 29%] [32mBuilding CXX object CMakeFiles/intro_interfaces__rosidl_typesupport_fastrtps_cpp.dir/rosidl_typesupport_fastrtps_cpp/intro_interfaces/msg/detail/dds_fastrtps/sphere__type_support.cpp.o[0m
[31.977s] [ 31%] [32mBuilding CXX object CMakeFiles/intro_interfaces__rosidl_typesupport_introspection_cpp.dir/rosidl_typesupport_introspection_cpp/intro_interfaces/msg/detail/sphere__type_support.cpp.o[0m
[33.904s] [ 34%] [32mBuilding CXX object CMakeFiles/intro_interfaces__rosidl_typesupport_cpp.dir/rosidl_typesupport_cpp/intro_interfaces/srv/area__type_support.cpp.o[0m
[36.853s] [ 36%] [32mBuilding CXX object CMakeFiles/intro_interfaces__rosidl_typesupport_fastrtps_cpp.dir/rosidl_typesupport_fastrtps_cpp/intro_interfaces/srv/detail/dds_fastrtps/area__type_support.cpp.o[0m
[37.385s] [ 38%] [32mBuilding CXX object CMakeFiles/intro_interfaces__rosidl_typesupport_introspection_cpp.dir/rosidl_typesupport_introspection_cpp/intro_interfaces/srv/detail/area__type_support.cpp.o[0m
[38.567s] [ 40%] [32m[1mLinking CXX shared library libintro_interfaces__rosidl_typesupport_cpp.so[0m
[39.599s] [ 40%] Built target intro_interfaces__rosidl_typesupport_cpp
[41.529s] [ 42%] [32m[1mLinking CXX shared library libintro_interfaces__rosidl_typesupport_introspection_cpp.so[0m
[41.893s] [ 44%] [32m[1mLinking CXX shared library libintro_interfaces__rosidl_typesupport_fastrtps_cpp.so[0m
[42.263s] [ 44%] Built target intro_interfaces__rosidl_typesupport_introspection_cpp
[42.902s] [ 44%] Built target intro_interfaces__rosidl_typesupport_fastrtps_cpp
[43.025s] [ 46%] [34m[1mGenerating C type support dispatch for ROS interfaces[0m
[44.564s] [ 48%] [32mBuilding CXX object CMakeFiles/intro_interfaces__rosidl_typesupport_c.dir/rosidl_typesupport_c/intro_interfaces/msg/num__type_support.cpp.o[0m
[44.994s] [ 51%] [32mBuilding CXX object CMakeFiles/intro_interfaces__rosidl_typesupport_c.dir/rosidl_typesupport_c/intro_interfaces/msg/sphere__type_support.cpp.o[0m
[45.418s] [ 53%] [32mBuilding CXX object CMakeFiles/intro_interfaces__rosidl_typesupport_c.dir/rosidl_typesupport_c/intro_interfaces/srv/area__type_support.cpp.o[0m
[45.617s] [ 55%] [32m[1mLinking CXX shared library libintro_interfaces__rosidl_typesupport_c.so[0m
[46.257s] [ 55%] Built target intro_interfaces__rosidl_typesupport_c
[46.432s] [ 57%] [34m[1mGenerating C introspection for ROS interfaces[0m
[50.783s] [ 59%] [32mBuilding C object CMakeFiles/intro_interfaces__rosidl_typesupport_introspection_c.dir/rosidl_typesupport_introspection_c/intro_interfaces/msg/detail/num__type_support.c.o[0m
[51.245s] [ 61%] [32mBuilding C object CMakeFiles/intro_interfaces__rosidl_typesupport_introspection_c.dir/rosidl_typesupport_introspection_c/intro_interfaces/srv/detail/area__type_support.c.o[0m
[51.742s] [ 63%] [32mBuilding C object CMakeFiles/intro_interfaces__rosidl_typesupport_introspection_c.dir/rosidl_typesupport_introspection_c/intro_interfaces/msg/detail/sphere__type_support.c.o[0m
[52.083s] [ 65%] [32m[1mLinking C shared library libintro_interfaces__rosidl_typesupport_introspection_c.so[0m
[52.337s] [ 65%] Built target intro_interfaces__rosidl_typesupport_introspection_c
[52.408s] [ 68%] [34m[1mGenerating C type support for eProsima Fast-RTPS[0m
[56.391s] [ 70%] [32mBuilding CXX object CMakeFiles/intro_interfaces__rosidl_typesupport_fastrtps_c.dir/rosidl_typesupport_fastrtps_c/intro_interfaces/msg/detail/num__type_support_c.cpp.o[0m
[58.180s] [ 72%] [32mBuilding CXX object CMakeFiles/intro_interfaces__rosidl_typesupport_fastrtps_c.dir/rosidl_typesupport_fastrtps_c/intro_interfaces/srv/detail/area__type_support_c.cpp.o[0m
[59.487s] [ 74%] [32mBuilding CXX object CMakeFiles/intro_interfaces__rosidl_typesupport_fastrtps_c.dir/rosidl_typesupport_fastrtps_c/intro_interfaces/msg/detail/sphere__type_support_c.cpp.o[0m
[62.032s] [ 76%] [32m[1mLinking CXX shared library libintro_interfaces__rosidl_typesupport_fastrtps_c.so[0m
[62.618s] [ 76%] Built target intro_interfaces__rosidl_typesupport_fastrtps_c
[62.864s] [ 76%] Built target intro_interfaces
[63.168s] [ 78%] [34m[1mGenerating Python code for ROS interfaces[0m
[67.613s] [ 78%] Built target intro_interfaces__py
[67.767s] [ 80%] [32mBuilding C object CMakeFiles/intro_interfaces__rosidl_generator_py.dir/rosidl_generator_py/intro_interfaces/msg/_num_s.c.o[0m
[68.777s] [ 82%] [32mBuilding C object CMakeFiles/intro_interfaces__rosidl_generator_py.dir/rosidl_generator_py/intro_interfaces/srv/_area_s.c.o[0m
[69.482s] [ 85%] [32mBuilding C object CMakeFiles/intro_interfaces__rosidl_generator_py.dir/rosidl_generator_py/intro_interfaces/msg/_sphere_s.c.o[0m
[70.387s] [ 87%] [32m[1mLinking C shared library rosidl_generator_py/intro_interfaces/libintro_interfaces__rosidl_generator_py.so[0m
[70.770s] [ 87%] Built target intro_interfaces__rosidl_generator_py
[70.948s] [ 89%] [32mBuilding C object CMakeFiles/intro_interfaces__rosidl_typesupport_fastrtps_c__pyext.dir/rosidl_generator_py/intro_interfaces/_intro_interfaces_s.ep.rosidl_typesupport_fastrtps_c.c.o[0m
[71.398s] [ 91%] [32m[1mLinking C shared library rosidl_generator_py/intro_interfaces/intro_interfaces_s__rosidl_typesupport_fastrtps_c.cpython-310-x86_64-linux-gnu.so[0m
[71.610s] [ 91%] Built target intro_interfaces__rosidl_typesupport_fastrtps_c__pyext
[71.759s] [ 93%] [32mBuilding C object CMakeFiles/intro_interfaces__rosidl_typesupport_c__pyext.dir/rosidl_generator_py/intro_interfaces/_intro_interfaces_s.ep.rosidl_typesupport_c.c.o[0m
[72.169s] [ 95%] [32m[1mLinking C shared library rosidl_generator_py/intro_interfaces/intro_interfaces_s__rosidl_typesupport_c.cpython-310-x86_64-linux-gnu.so[0m
[72.386s] [ 95%] Built target intro_interfaces__rosidl_typesupport_c__pyext
[72.523s] [ 97%] [32mBuilding C object CMakeFiles/intro_interfaces__rosidl_typesupport_introspection_c__pyext.dir/rosidl_generator_py/intro_interfaces/_intro_interfaces_s.ep.rosidl_typesupport_introspection_c.c.o[0m
[72.948s] [100%] [32m[1mLinking C shared library rosidl_generator_py/intro_interfaces/intro_interfaces_s__rosidl_typesupport_introspection_c.cpython-310-x86_64-linux-gnu.so[0m
[73.219s] [100%] Built target intro_interfaces__rosidl_typesupport_introspection_c__pyext
[73.323s] Invoked command in '/home/yahboom/Desktop/team_repo/Lab5/wallaa2/intro_ws/build/intro_interfaces' returned '0': CMAKE_PREFIX_PATH=${CMAKE_PREFIX_PATH}:/home/yahboom/cartoros2/install/yahboomcar_nav:/home/yahboom/cartoros2/install/yahboomcar_ctrl:/home/yahboom/cartoros2/install/yahboom_visual:/home/yahboom/cartoros2/install/yahboom_dog_joint_state:/home/yahboom/cartoros2/install/yahboom_description:/home/yahboom/cartoros2/install/yahboom_color_identify_server:/home/yahboom/cartoros2/install/yahboom_bringup:/home/yahboom/cartoros2/install/yahboom_base:/home/yahboom/cartoros2/install/yahboom_app_save_map:/home/yahboom/cartoros2/install/update_map:/home/yahboom/cartoros2/install/rosboard:/home/yahboom/cartoros2/install/path_planner_server:/home/yahboom/cartoros2/install/nav2_simple_commander:/home/yahboom/cartoros2/install/nav2_gazebo_spawner:/home/yahboom/cartoros2/install/localization_server:/home/yahboom/cartoros2/install/laserscan_to_point_pulisher:/home/yahboom/yahboomcar_ws/install/yahboom_dog_example:/opt/ros/humble /usr/bin/cmake --build /home/yahboom/Desktop/team_repo/Lab5/wallaa2/intro_ws/build/intro_interfaces -- -j4 -l4
[73.323s] Invoking command in '/home/yahboom/Desktop/team_repo/Lab5/wallaa2/intro_ws/build/intro_interfaces': CMAKE_PREFIX_PATH=${CMAKE_PREFIX_PATH}:/home/yahboom/cartoros2/install/yahboomcar_nav:/home/yahboom/cartoros2/install/yahboomcar_ctrl:/home/yahboom/cartoros2/install/yahboom_visual:/home/yahboom/cartoros2/install/yahboom_dog_joint_state:/home/yahboom/cartoros2/install/yahboom_description:/home/yahboom/cartoros2/install/yahboom_color_identify_server:/home/yahboom/cartoros2/install/yahboom_bringup:/home/yahboom/cartoros2/install/yahboom_base:/home/yahboom/cartoros2/install/yahboom_app_save_map:/home/yahboom/cartoros2/install/update_map:/home/yahboom/cartoros2/install/rosboard:/home/yahboom/cartoros2/install/path_planner_server:/home/yahboom/cartoros2/install/nav2_simple_commander:/home/yahboom/cartoros2/install/nav2_gazebo_spawner:/home/yahboom/cartoros2/install/localization_server:/home/yahboom/cartoros2/install/laserscan_to_point_pulisher:/home/yahboom/yahboomcar_ws/install/yahboom_dog_example:/opt/ros/humble /usr/bin/cmake --install /home/yahboom/Desktop/team_repo/Lab5/wallaa2/intro_ws/build/intro_interfaces
[73.476s] -- Install configuration: ""
[73.477s] -- Installing: /home/yahboom/Desktop/team_repo/Lab5/wallaa2/intro_ws/install/intro_interfaces/share/ament_index/resource_index/rosidl_interfaces/intro_interfaces
[73.480s] -- Installing: /home/yahboom/Desktop/team_repo/Lab5/wallaa2/intro_ws/install/intro_interfaces/include/intro_interfaces/intro_interfaces
[73.482s] -- Installing: /home/yahboom/Desktop/team_repo/Lab5/wallaa2/intro_ws/install/intro_interfaces/include/intro_interfaces/intro_interfaces/srv
[73.482s] -- Installing: /home/yahboom/Desktop/team_repo/Lab5/wallaa2/intro_ws/install/intro_interfaces/include/intro_interfaces/intro_interfaces/srv/detail
[73.482s] -- Installing: /home/yahboom/Desktop/team_repo/Lab5/wallaa2/intro_ws/install/intro_interfaces/include/intro_interfaces/intro_interfaces/srv/detail/area__struct.h
[73.488s] -- Installing: /home/yahboom/Desktop/team_repo/Lab5/wallaa2/intro_ws/install/intro_interfaces/include/intro_interfaces/intro_interfaces/srv/detail/area__type_support.h
[73.489s] -- Installing: /home/yahboom/Desktop/team_repo/Lab5/wallaa2/intro_ws/install/intro_interfaces/include/intro_interfaces/intro_interfaces/srv/detail/area__functions.c
[73.489s] -- Installing: /home/yahboom/Desktop/team_repo/Lab5/wallaa2/intro_ws/install/intro_interfaces/include/intro_interfaces/intro_interfaces/srv/detail/area__functions.h
[73.491s] -- Installing: /home/yahboom/Desktop/team_repo/Lab5/wallaa2/intro_ws/install/intro_interfaces/include/intro_interfaces/intro_interfaces/srv/area.h
[73.491s] -- Installing: /home/yahboom/Desktop/team_repo/Lab5/wallaa2/intro_ws/install/intro_interfaces/include/intro_interfaces/intro_interfaces/msg
[73.491s] -- Installing: /home/yahboom/Desktop/team_repo/Lab5/wallaa2/intro_ws/install/intro_interfaces/include/intro_interfaces/intro_interfaces/msg/detail
[73.491s] -- Installing: /home/yahboom/Desktop/team_repo/Lab5/wallaa2/intro_ws/install/intro_interfaces/include/intro_interfaces/intro_interfaces/msg/detail/num__functions.h
[73.495s] -- Installing: /home/yahboom/Desktop/team_repo/Lab5/wallaa2/intro_ws/install/intro_interfaces/include/intro_interfaces/intro_interfaces/msg/detail/sphere__type_support.h
[73.498s] -- Installing: /home/yahboom/Desktop/team_repo/Lab5/wallaa2/intro_ws/install/intro_interfaces/include/intro_interfaces/intro_interfaces/msg/detail/sphere__struct.h
[73.499s] -- Installing: /home/yahboom/Desktop/team_repo/Lab5/wallaa2/intro_ws/install/intro_interfaces/include/intro_interfaces/intro_interfaces/msg/detail/num__struct.h
[73.503s] -- Installing: /home/yahboom/Desktop/team_repo/Lab5/wallaa2/intro_ws/install/intro_interfaces/include/intro_interfaces/intro_interfaces/msg/detail/sphere__functions.c
[73.503s] -- Installing: /home/yahboom/Desktop/team_repo/Lab5/wallaa2/intro_ws/install/intro_interfaces/include/intro_interfaces/intro_interfaces/msg/detail/num__type_support.h
[73.503s] -- Installing: /home/yahboom/Desktop/team_repo/Lab5/wallaa2/intro_ws/install/intro_interfaces/include/intro_interfaces/intro_interfaces/msg/detail/sphere__functions.h
[73.505s] -- Installing: /home/yahboom/Desktop/team_repo/Lab5/wallaa2/intro_ws/install/intro_interfaces/include/intro_interfaces/intro_interfaces/msg/detail/num__functions.c
[73.506s] -- Installing: /home/yahboom/Desktop/team_repo/Lab5/wallaa2/intro_ws/install/intro_interfaces/include/intro_interfaces/intro_interfaces/msg/num.h
[73.506s] -- Installing: /home/yahboom/Desktop/team_repo/Lab5/wallaa2/intro_ws/install/intro_interfaces/include/intro_interfaces/intro_interfaces/msg/sphere.h
[73.506s] -- Installing: /home/yahboom/Desktop/team_repo/Lab5/wallaa2/intro_ws/install/intro_interfaces/include/intro_interfaces/intro_interfaces/msg/rosidl_generator_c__visibility_control.h
[73.509s] -- Installing: /home/yahboom/Desktop/team_repo/Lab5/wallaa2/intro_ws/install/intro_interfaces/share/intro_interfaces/environment/library_path.sh
[73.509s] -- Installing: /home/yahboom/Desktop/team_repo/Lab5/wallaa2/intro_ws/install/intro_interfaces/share/intro_interfaces/environment/library_path.dsv
[73.518s] -- Installing: /home/yahboom/Desktop/team_repo/Lab5/wallaa2/intro_ws/install/intro_interfaces/lib/libintro_interfaces__rosidl_generator_c.so
[73.519s] -- Set runtime path of "/home/yahboom/Desktop/team_repo/Lab5/wallaa2/intro_ws/install/intro_interfaces/lib/libintro_interfaces__rosidl_generator_c.so" to ""
[73.519s] -- Up-to-date: /home/yahboom/Desktop/team_repo/Lab5/wallaa2/intro_ws/install/intro_interfaces/include/intro_interfaces/intro_interfaces
[73.519s] -- Up-to-date: /home/yahboom/Desktop/team_repo/Lab5/wallaa2/intro_ws/install/intro_interfaces/include/intro_interfaces/intro_interfaces/srv
[73.521s] -- Up-to-date: /home/yahboom/Desktop/team_repo/Lab5/wallaa2/intro_ws/install/intro_interfaces/include/intro_interfaces/intro_interfaces/srv/detail
[73.521s] -- Installing: /home/yahboom/Desktop/team_repo/Lab5/wallaa2/intro_ws/install/intro_interfaces/include/intro_interfaces/intro_interfaces/srv/detail/area__rosidl_typesupport_fastrtps_c.h
[73.523s] -- Up-to-date: /home/yahboom/Desktop/team_repo/Lab5/wallaa2/intro_ws/install/intro_interfaces/include/intro_interfaces/intro_interfaces/msg
[73.523s] -- Up-to-date: /home/yahboom/Desktop/team_repo/Lab5/wallaa2/intro_ws/install/intro_interfaces/include/intro_interfaces/intro_interfaces/msg/detail
[73.523s] -- Installing: /home/yahboom/Desktop/team_repo/Lab5/wallaa2/intro_ws/install/intro_interfaces/include/intro_interfaces/intro_interfaces/msg/detail/sphere__rosidl_typesupport_fastrtps_c.h
[73.523s] -- Installing: /home/yahboom/Desktop/team_repo/Lab5/wallaa2/intro_ws/install/intro_interfaces/include/intro_interfaces/intro_interfaces/msg/detail/num__rosidl_typesupport_fastrtps_c.h
[73.527s] -- Installing: /home/yahboom/Desktop/team_repo/Lab5/wallaa2/intro_ws/install/intro_interfaces/include/intro_interfaces/intro_interfaces/msg/rosidl_typesupport_fastrtps_c__visibility_control.h
[73.527s] -- Installing: /home/yahboom/Desktop/team_repo/Lab5/wallaa2/intro_ws/install/intro_interfaces/lib/libintro_interfaces__rosidl_typesupport_fastrtps_c.so
[73.531s] -- Set runtime path of "/home/yahboom/Desktop/team_repo/Lab5/wallaa2/intro_ws/install/intro_interfaces/lib/libintro_interfaces__rosidl_typesupport_fastrtps_c.so" to ""
[73.531s] -- Up-to-date: /home/yahboom/Desktop/team_repo/Lab5/wallaa2/intro_ws/install/intro_interfaces/include/intro_interfaces/intro_interfaces
[73.531s] -- Up-to-date: /home/yahboom/Desktop/team_repo/Lab5/wallaa2/intro_ws/install/intro_interfaces/include/intro_interfaces/intro_interfaces/srv
[73.532s] -- Installing: /home/yahboom/Desktop/team_repo/Lab5/wallaa2/intro_ws/install/intro_interfaces/include/intro_interfaces/intro_interfaces/srv/area.hpp
[73.532s] -- Up-to-date: /home/yahboom/Desktop/team_repo/Lab5/wallaa2/intro_ws/install/intro_interfaces/include/intro_interfaces/intro_interfaces/srv/detail
[73.536s] -- Installing: /home/yahboom/Desktop/team_repo/Lab5/wallaa2/intro_ws/install/intro_interfaces/include/intro_interfaces/intro_interfaces/srv/detail/area__type_support.hpp
[73.536s] -- Installing: /home/yahboom/Desktop/team_repo/Lab5/wallaa2/intro_ws/install/intro_interfaces/include/intro_interfaces/intro_interfaces/srv/detail/area__builder.hpp
[73.536s] -- Installing: /home/yahboom/Desktop/team_repo/Lab5/wallaa2/intro_ws/install/intro_interfaces/include/intro_interfaces/intro_interfaces/srv/detail/area__traits.hpp
[73.536s] -- Installing: /home/yahboom/Desktop/team_repo/Lab5/wallaa2/intro_ws/install/intro_interfaces/include/intro_interfaces/intro_interfaces/srv/detail/area__struct.hpp
[73.539s] -- Up-to-date: /home/yahboom/Desktop/team_repo/Lab5/wallaa2/intro_ws/install/intro_interfaces/include/intro_interfaces/intro_interfaces/msg
[73.539s] -- Installing: /home/yahboom/Desktop/team_repo/Lab5/wallaa2/intro_ws/install/intro_interfaces/include/intro_interfaces/intro_interfaces/msg/rosidl_generator_cpp__visibility_control.hpp
[73.539s] -- Up-to-date: /home/yahboom/Desktop/team_repo/Lab5/wallaa2/intro_ws/install/intro_interfaces/include/intro_interfaces/intro_interfaces/msg/detail
[73.539s] -- Installing: /home/yahboom/Desktop/team_repo/Lab5/wallaa2/intro_ws/install/intro_interfaces/include/intro_interfaces/intro_interfaces/msg/detail/sphere__traits.hpp
[73.544s] -- Installing: /home/yahboom/Desktop/team_repo/Lab5/wallaa2/intro_ws/install/intro_interfaces/include/intro_interfaces/intro_interfaces/msg/detail/sphere__type_support.hpp
[73.546s] -- Installing: /home/yahboom/Desktop/team_repo/Lab5/wallaa2/intro_ws/install/intro_interfaces/include/intro_interfaces/intro_interfaces/msg/detail/num__type_support.hpp
[73.546s] -- Installing: /home/yahboom/Desktop/team_repo/Lab5/wallaa2/intro_ws/install/intro_interfaces/include/intro_interfaces/intro_interfaces/msg/detail/num__traits.hpp
[73.546s] -- Installing: /home/yahboom/Desktop/team_repo/Lab5/wallaa2/intro_ws/install/intro_interfaces/include/intro_interfaces/intro_interfaces/msg/detail/sphere__builder.hpp
[73.549s] -- Installing: /home/yahboom/Desktop/team_repo/Lab5/wallaa2/intro_ws/install/intro_interfaces/include/intro_interfaces/intro_interfaces/msg/detail/sphere__struct.hpp
[73.549s] -- Installing: /home/yahboom/Desktop/team_repo/Lab5/wallaa2/intro_ws/install/intro_interfaces/include/intro_interfaces/intro_interfaces/msg/detail/num__struct.hpp
[73.550s] -- Installing: /home/yahboom/Desktop/team_repo/Lab5/wallaa2/intro_ws/install/intro_interfaces/include/intro_interfaces/intro_interfaces/msg/detail/num__builder.hpp
[73.551s] -- Installing: /home/yahboom/Desktop/team_repo/Lab5/wallaa2/intro_ws/install/intro_interfaces/include/intro_interfaces/intro_interfaces/msg/sphere.hpp
[73.552s] -- Installing: /home/yahboom/Desktop/team_repo/Lab5/wallaa2/intro_ws/install/intro_interfaces/include/intro_interfaces/intro_interfaces/msg/num.hpp
[73.552s] -- Up-to-date: /home/yahboom/Desktop/team_repo/Lab5/wallaa2/intro_ws/install/intro_interfaces/include/intro_interfaces/intro_interfaces
[73.555s] -- Up-to-date: /home/yahboom/Desktop/team_repo/Lab5/wallaa2/intro_ws/install/intro_interfaces/include/intro_interfaces/intro_interfaces/srv
[73.555s] -- Up-to-date: /home/yahboom/Desktop/team_repo/Lab5/wallaa2/intro_ws/install/intro_interfaces/include/intro_interfaces/intro_interfaces/srv/detail
[73.555s] -- Installing: /home/yahboom/Desktop/team_repo/Lab5/wallaa2/intro_ws/install/intro_interfaces/include/intro_interfaces/intro_interfaces/srv/detail/dds_fastrtps
[73.559s] -- Installing: /home/yahboom/Desktop/team_repo/Lab5/wallaa2/intro_ws/install/intro_interfaces/include/intro_interfaces/intro_interfaces/srv/detail/area__rosidl_typesupport_fastrtps_cpp.hpp
[73.560s] -- Up-to-date: /home/yahboom/Desktop/team_repo/Lab5/wallaa2/intro_ws/install/intro_interfaces/include/intro_interfaces/intro_interfaces/msg
[73.560s] -- Up-to-date: /home/yahboom/Desktop/team_repo/Lab5/wallaa2/intro_ws/install/intro_interfaces/include/intro_interfaces/intro_interfaces/msg/detail
[73.560s] -- Installing: /home/yahboom/Desktop/team_repo/Lab5/wallaa2/intro_ws/install/intro_interfaces/include/intro_interfaces/intro_interfaces/msg/detail/sphere__rosidl_typesupport_fastrtps_cpp.hpp
[73.563s] -- Installing: /home/yahboom/Desktop/team_repo/Lab5/wallaa2/intro_ws/install/intro_interfaces/include/intro_interfaces/intro_interfaces/msg/detail/num__rosidl_typesupport_fastrtps_cpp.hpp
[73.563s] -- Installing: /home/yahboom/Desktop/team_repo/Lab5/wallaa2/intro_ws/install/intro_interfaces/include/intro_interfaces/intro_interfaces/msg/detail/dds_fastrtps
[73.564s] -- Installing: /home/yahboom/Desktop/team_repo/Lab5/wallaa2/intro_ws/install/intro_interfaces/include/intro_interfaces/intro_interfaces/msg/rosidl_typesupport_fastrtps_cpp__visibility_control.h
[73.564s] -- Installing: /home/yahboom/Desktop/team_repo/Lab5/wallaa2/intro_ws/install/intro_interfaces/lib/libintro_interfaces__rosidl_typesupport_fastrtps_cpp.so
[73.566s] -- Set runtime path of "/home/yahboom/Desktop/team_repo/Lab5/wallaa2/intro_ws/install/intro_interfaces/lib/libintro_interfaces__rosidl_typesupport_fastrtps_cpp.so" to ""
[73.566s] -- Up-to-date: /home/yahboom/Desktop/team_repo/Lab5/wallaa2/intro_ws/install/intro_interfaces/include/intro_interfaces/intro_interfaces
[73.567s] -- Up-to-date: /home/yahboom/Desktop/team_repo/Lab5/wallaa2/intro_ws/install/intro_interfaces/include/intro_interfaces/intro_interfaces/srv
[73.568s] -- Up-to-date: /home/yahboom/Desktop/team_repo/Lab5/wallaa2/intro_ws/install/intro_interfaces/include/intro_interfaces/intro_interfaces/srv/detail
[73.568s] -- Installing: /home/yahboom/Desktop/team_repo/Lab5/wallaa2/intro_ws/install/intro_interfaces/include/intro_interfaces/intro_interfaces/srv/detail/area__type_support.c
[73.570s] -- Installing: /home/yahboom/Desktop/team_repo/Lab5/wallaa2/intro_ws/install/intro_interfaces/include/intro_interfaces/intro_interfaces/srv/detail/area__rosidl_typesupport_introspection_c.h
[73.570s] -- Up-to-date: /home/yahboom/Desktop/team_repo/Lab5/wallaa2/intro_ws/install/intro_interfaces/include/intro_interfaces/intro_interfaces/msg
[73.571s] -- Up-to-date: /home/yahboom/Desktop/team_repo/Lab5/wallaa2/intro_ws/install/intro_interfaces/include/intro_interfaces/intro_interfaces/msg/detail
[73.571s] -- Installing: /home/yahboom/Desktop/team_repo/Lab5/wallaa2/intro_ws/install/intro_interfaces/include/intro_interfaces/intro_interfaces/msg/detail/sphere__rosidl_typesupport_introspection_c.h
[73.573s] -- Installing: /home/yahboom/Desktop/team_repo/Lab5/wallaa2/intro_ws/install/intro_interfaces/include/intro_interfaces/intro_interfaces/msg/detail/num__rosidl_typesupport_introspection_c.h
[73.574s] -- Installing: /home/yahboom/Desktop/team_repo/Lab5/wallaa2/intro_ws/install/intro_interfaces/include/intro_interfaces/intro_interfaces/msg/detail/sphere__type_support.c
[73.574s] -- Installing: /home/yahboom/Desktop/team_repo/Lab5/wallaa2/intro_ws/install/intro_interfaces/include/intro_interfaces/intro_interfaces/msg/detail/num__type_support.c
[73.577s] -- Installing: /home/yahboom/Desktop/team_repo/Lab5/wallaa2/intro_ws/install/intro_interfaces/include/intro_interfaces/intro_interfaces/msg/rosidl_typesupport_introspection_c__visibility_control.h
[73.578s] -- Installing: /home/yahboom/Desktop/team_repo/Lab5/wallaa2/intro_ws/install/intro_interfaces/lib/libintro_interfaces__rosidl_typesupport_introspection_c.so
[73.585s] -- Set runtime path of "/home/yahboom/Desktop/team_repo/Lab5/wallaa2/intro_ws/install/intro_interfaces/lib/libintro_interfaces__rosidl_typesupport_introspection_c.so" to ""
[73.585s] -- Installing: /home/yahboom/Desktop/team_repo/Lab5/wallaa2/intro_ws/install/intro_interfaces/lib/libintro_interfaces__rosidl_typesupport_c.so
[73.586s] -- Set runtime path of "/home/yahboom/Desktop/team_repo/Lab5/wallaa2/intro_ws/install/intro_interfaces/lib/libintro_interfaces__rosidl_typesupport_c.so" to ""
[73.587s] -- Up-to-date: /home/yahboom/Desktop/team_repo/Lab5/wallaa2/intro_ws/install/intro_interfaces/include/intro_interfaces/intro_interfaces
[73.587s] -- Up-to-date: /home/yahboom/Desktop/team_repo/Lab5/wallaa2/intro_ws/install/intro_interfaces/include/intro_interfaces/intro_interfaces/srv
[73.587s] -- Up-to-date: /home/yahboom/Desktop/team_repo/Lab5/wallaa2/intro_ws/install/intro_interfaces/include/intro_interfaces/intro_interfaces/srv/detail
[73.587s] -- Installing: /home/yahboom/Desktop/team_repo/Lab5/wallaa2/intro_ws/install/intro_interfaces/include/intro_interfaces/intro_interfaces/srv/detail/area__rosidl_typesupport_introspection_cpp.hpp
[73.588s] -- Installing: /home/yahboom/Desktop/team_repo/Lab5/wallaa2/intro_ws/install/intro_interfaces/include/intro_interfaces/intro_interfaces/srv/detail/area__type_support.cpp
[73.591s] -- Up-to-date: /home/yahboom/Desktop/team_repo/Lab5/wallaa2/intro_ws/install/intro_interfaces/include/intro_interfaces/intro_interfaces/msg
[73.592s] -- Up-to-date: /home/yahboom/Desktop/team_repo/Lab5/wallaa2/intro_ws/install/intro_interfaces/include/intro_interfaces/intro_interfaces/msg/detail
[73.592s] -- Installing: /home/yahboom/Desktop/team_repo/Lab5/wallaa2/intro_ws/install/intro_interfaces/include/intro_interfaces/intro_interfaces/msg/detail/num__rosidl_typesupport_introspection_cpp.hpp
[73.592s] -- Installing: /home/yahboom/Desktop/team_repo/Lab5/wallaa2/intro_ws/install/intro_interfaces/include/intro_interfaces/intro_interfaces/msg/detail/sphere__rosidl_typesupport_introspection_cpp.hpp
[73.596s] -- Installing: /home/yahboom/Desktop/team_repo/Lab5/wallaa2/intro_ws/install/intro_interfaces/include/intro_interfaces/intro_interfaces/msg/detail/sphere__type_support.cpp
[73.596s] -- Installing: /home/yahboom/Desktop/team_repo/Lab5/wallaa2/intro_ws/install/intro_interfaces/include/intro_interfaces/intro_interfaces/msg/detail/num__type_support.cpp
[73.597s] -- Installing: /home/yahboom/Desktop/team_repo/Lab5/wallaa2/intro_ws/install/intro_interfaces/lib/libintro_interfaces__rosidl_typesupport_introspection_cpp.so
[73.605s] -- Set runtime path of "/home/yahboom/Desktop/team_repo/Lab5/wallaa2/intro_ws/install/intro_interfaces/lib/libintro_interfaces__rosidl_typesupport_introspection_cpp.so" to ""
[73.615s] -- Installing: /home/yahboom/Desktop/team_repo/Lab5/wallaa2/intro_ws/install/intro_interfaces/lib/libintro_interfaces__rosidl_typesupport_cpp.so
[73.615s] -- Set runtime path of "/home/yahboom/Desktop/team_repo/Lab5/wallaa2/intro_ws/install/intro_interfaces/lib/libintro_interfaces__rosidl_typesupport_cpp.so" to ""
[73.615s] -- Installing: /home/yahboom/Desktop/team_repo/Lab5/wallaa2/intro_ws/install/intro_interfaces/share/intro_interfaces/environment/pythonpath.sh
[73.619s] -- Installing: /home/yahboom/Desktop/team_repo/Lab5/wallaa2/intro_ws/install/intro_interfaces/share/intro_interfaces/environment/pythonpath.dsv
[73.619s] -- Installing: /home/yahboom/Desktop/team_repo/Lab5/wallaa2/intro_ws/install/intro_interfaces/local/lib/python3.10/dist-packages/intro_interfaces-0.0.0-py3.10.egg-info
[73.622s] -- Installing: /home/yahboom/Desktop/team_repo/Lab5/wallaa2/intro_ws/install/intro_interfaces/local/lib/python3.10/dist-packages/intro_interfaces-0.0.0-py3.10.egg-info/top_level.txt
[73.625s] -- Installing: /home/yahboom/Desktop/team_repo/Lab5/wallaa2/intro_ws/install/intro_interfaces/local/lib/python3.10/dist-packages/intro_interfaces-0.0.0-py3.10.egg-info/PKG-INFO
[73.629s] -- Installing: /home/yahboom/Desktop/team_repo/Lab5/wallaa2/intro_ws/install/intro_interfaces/local/lib/python3.10/dist-packages/intro_interfaces-0.0.0-py3.10.egg-info/dependency_links.txt
[73.629s] -- Installing: /home/yahboom/Desktop/team_repo/Lab5/wallaa2/intro_ws/install/intro_interfaces/local/lib/python3.10/dist-packages/intro_interfaces-0.0.0-py3.10.egg-info/SOURCES.txt
[73.630s] -- Installing: /home/yahboom/Desktop/team_repo/Lab5/wallaa2/intro_ws/install/intro_interfaces/local/lib/python3.10/dist-packages/intro_interfaces
[73.633s] -- Installing: /home/yahboom/Desktop/team_repo/Lab5/wallaa2/intro_ws/install/intro_interfaces/local/lib/python3.10/dist-packages/intro_interfaces/_intro_interfaces_s.ep.rosidl_typesupport_introspection_c.c
[73.633s] -- Installing: /home/yahboom/Desktop/team_repo/Lab5/wallaa2/intro_ws/install/intro_interfaces/local/lib/python3.10/dist-packages/intro_interfaces/_intro_interfaces_s.ep.rosidl_typesupport_fastrtps_c.c
[73.633s] -- Installing: /home/yahboom/Desktop/team_repo/Lab5/wallaa2/intro_ws/install/intro_interfaces/local/lib/python3.10/dist-packages/intro_interfaces/intro_interfaces_s__rosidl_typesupport_fastrtps_c.cpython-310-x86_64-linux-gnu.so
[73.640s] -- Installing: /home/yahboom/Desktop/team_repo/Lab5/wallaa2/intro_ws/install/intro_interfaces/local/lib/python3.10/dist-packages/intro_interfaces/srv
[73.644s] -- Installing: /home/yahboom/Desktop/team_repo/Lab5/wallaa2/intro_ws/install/intro_interfaces/local/lib/python3.10/dist-packages/intro_interfaces/srv/_area.py
[73.657s] -- Installing: /home/yahboom/Desktop/team_repo/Lab5/wallaa2/intro_ws/install/intro_interfaces/local/lib/python3.10/dist-packages/intro_interfaces/srv/__init__.py
[73.657s] -- Installing: /home/yahboom/Desktop/team_repo/Lab5/wallaa2/intro_ws/install/intro_interfaces/local/lib/python3.10/dist-packages/intro_interfaces/srv/_area_s.c
[73.657s] -- Installing: /home/yahboom/Desktop/team_repo/Lab5/wallaa2/intro_ws/install/intro_interfaces/local/lib/python3.10/dist-packages/intro_interfaces/_intro_interfaces_s.ep.rosidl_typesupport_c.c
[73.658s] -- Installing: /home/yahboom/Desktop/team_repo/Lab5/wallaa2/intro_ws/install/intro_interfaces/local/lib/python3.10/dist-packages/intro_interfaces/__init__.py
[73.658s] -- Installing: /home/yahboom/Desktop/team_repo/Lab5/wallaa2/intro_ws/install/intro_interfaces/local/lib/python3.10/dist-packages/intro_interfaces/msg
[73.658s] -- Installing: /home/yahboom/Desktop/team_repo/Lab5/wallaa2/intro_ws/install/intro_interfaces/local/lib/python3.10/dist-packages/intro_interfaces/msg/_num.py
[73.658s] -- Installing: /home/yahboom/Desktop/team_repo/Lab5/wallaa2/intro_ws/install/intro_interfaces/local/lib/python3.10/dist-packages/intro_interfaces/msg/_sphere_s.c
[73.659s] -- Installing: /home/yahboom/Desktop/team_repo/Lab5/wallaa2/intro_ws/install/intro_interfaces/local/lib/python3.10/dist-packages/intro_interfaces/msg/__init__.py
[73.659s] -- Installing: /home/yahboom/Desktop/team_repo/Lab5/wallaa2/intro_ws/install/intro_interfaces/local/lib/python3.10/dist-packages/intro_interfaces/msg/_num_s.c
[73.660s] -- Installing: /home/yahboom/Desktop/team_repo/Lab5/wallaa2/intro_ws/install/intro_interfaces/local/lib/python3.10/dist-packages/intro_interfaces/msg/_sphere.py
[73.663s] -- Installing: /home/yahboom/Desktop/team_repo/Lab5/wallaa2/intro_ws/install/intro_interfaces/local/lib/python3.10/dist-packages/intro_interfaces/libintro_interfaces__rosidl_generator_py.so
[73.666s] -- Installing: /home/yahboom/Desktop/team_repo/Lab5/wallaa2/intro_ws/install/intro_interfaces/local/lib/python3.10/dist-packages/intro_interfaces/intro_interfaces_s__rosidl_typesupport_introspection_c.cpython-310-x86_64-linux-gnu.so
[73.668s] -- Installing: /home/yahboom/Desktop/team_repo/Lab5/wallaa2/intro_ws/install/intro_interfaces/local/lib/python3.10/dist-packages/intro_interfaces/intro_interfaces_s__rosidl_typesupport_c.cpython-310-x86_64-linux-gnu.so
[73.914s] Listing '/home/yahboom/Desktop/team_repo/Lab5/wallaa2/intro_ws/install/intro_interfaces/local/lib/python3.10/dist-packages/intro_interfaces'...
[73.914s] Compiling '/home/yahboom/Desktop/team_repo/Lab5/wallaa2/intro_ws/install/intro_interfaces/local/lib/python3.10/dist-packages/intro_interfaces/__init__.py'...
[73.914s] Listing '/home/yahboom/Desktop/team_repo/Lab5/wallaa2/intro_ws/install/intro_interfaces/local/lib/python3.10/dist-packages/intro_interfaces/msg'...
[73.915s] Compiling '/home/yahboom/Desktop/team_repo/Lab5/wallaa2/intro_ws/install/intro_interfaces/local/lib/python3.10/dist-packages/intro_interfaces/msg/__init__.py'...
[73.915s] Compiling '/home/yahboom/Desktop/team_repo/Lab5/wallaa2/intro_ws/install/intro_interfaces/local/lib/python3.10/dist-packages/intro_interfaces/msg/_num.py'...
[73.915s] Compiling '/home/yahboom/Desktop/team_repo/Lab5/wallaa2/intro_ws/install/intro_interfaces/local/lib/python3.10/dist-packages/intro_interfaces/msg/_sphere.py'...
[73.915s] Listing '/home/yahboom/Desktop/team_repo/Lab5/wallaa2/intro_ws/install/intro_interfaces/local/lib/python3.10/dist-packages/intro_interfaces/srv'...
[73.916s] Compiling '/home/yahboom/Desktop/team_repo/Lab5/wallaa2/intro_ws/install/intro_interfaces/local/lib/python3.10/dist-packages/intro_interfaces/srv/__init__.py'...
[73.916s] Compiling '/home/yahboom/Desktop/team_repo/Lab5/wallaa2/intro_ws/install/intro_interfaces/local/lib/python3.10/dist-packages/intro_interfaces/srv/_area.py'...
[73.931s] -- Installing: /home/yahboom/Desktop/team_repo/Lab5/wallaa2/intro_ws/install/intro_interfaces/local/lib/python3.10/dist-packages/intro_interfaces/intro_interfaces_s__rosidl_typesupport_fastrtps_c.cpython-310-x86_64-linux-gnu.so
[73.932s] -- Set runtime path of "/home/yahboom/Desktop/team_repo/Lab5/wallaa2/intro_ws/install/intro_interfaces/local/lib/python3.10/dist-packages/intro_interfaces/intro_interfaces_s__rosidl_typesupport_fastrtps_c.cpython-310-x86_64-linux-gnu.so" to ""
[73.934s] -- Installing: /home/yahboom/Desktop/team_repo/Lab5/wallaa2/intro_ws/install/intro_interfaces/local/lib/python3.10/dist-packages/intro_interfaces/intro_interfaces_s__rosidl_typesupport_introspection_c.cpython-310-x86_64-linux-gnu.so
[73.937s] -- Set runtime path of "/home/yahboom/Desktop/team_repo/Lab5/wallaa2/intro_ws/install/intro_interfaces/local/lib/python3.10/dist-packages/intro_interfaces/intro_interfaces_s__rosidl_typesupport_introspection_c.cpython-310-x86_64-linux-gnu.so" to ""
[73.938s] -- Installing: /home/yahboom/Desktop/team_repo/Lab5/wallaa2/intro_ws/install/intro_interfaces/local/lib/python3.10/dist-packages/intro_interfaces/intro_interfaces_s__rosidl_typesupport_c.cpython-310-x86_64-linux-gnu.so
[73.940s] -- Set runtime path of "/home/yahboom/Desktop/team_repo/Lab5/wallaa2/intro_ws/install/intro_interfaces/local/lib/python3.10/dist-packages/intro_interfaces/intro_interfaces_s__rosidl_typesupport_c.cpython-310-x86_64-linux-gnu.so" to ""
[73.941s] -- Installing: /home/yahboom/Desktop/team_repo/Lab5/wallaa2/intro_ws/install/intro_interfaces/lib/libintro_interfaces__rosidl_generator_py.so
[73.944s] -- Set runtime path of "/home/yahboom/Desktop/team_repo/Lab5/wallaa2/intro_ws/install/intro_interfaces/lib/libintro_interfaces__rosidl_generator_py.so" to ""
[73.946s] -- Installing: /home/yahboom/Desktop/team_repo/Lab5/wallaa2/intro_ws/install/intro_interfaces/share/intro_interfaces/msg/Num.idl
[73.946s] -- Installing: /home/yahboom/Desktop/team_repo/Lab5/wallaa2/intro_ws/install/intro_interfaces/share/intro_interfaces/msg/Sphere.idl
[73.948s] -- Installing: /home/yahboom/Desktop/team_repo/Lab5/wallaa2/intro_ws/install/intro_interfaces/share/intro_interfaces/srv/Area.idl
[73.949s] -- Installing: /home/yahboom/Desktop/team_repo/Lab5/wallaa2/intro_ws/install/intro_interfaces/share/intro_interfaces/msg/Num.msg
[73.950s] -- Installing: /home/yahboom/Desktop/team_repo/Lab5/wallaa2/intro_ws/install/intro_interfaces/share/intro_interfaces/msg/Sphere.msg
[73.951s] -- Installing: /home/yahboom/Desktop/team_repo/Lab5/wallaa2/intro_ws/install/intro_interfaces/share/intro_interfaces/srv/Area.srv
[73.952s] -- Installing: /home/yahboom/Desktop/team_repo/Lab5/wallaa2/intro_ws/install/intro_interfaces/share/intro_interfaces/srv/Area_Request.msg
[73.953s] -- Installing: /home/yahboom/Desktop/team_repo/Lab5/wallaa2/intro_ws/install/intro_interfaces/share/intro_interfaces/srv/Area_Response.msg
[73.954s] -- Installing: /home/yahboom/Desktop/team_repo/Lab5/wallaa2/intro_ws/install/intro_interfaces/share/ament_index/resource_index/package_run_dependencies/intro_interfaces
[73.956s] -- Installing: /home/yahboom/Desktop/team_repo/Lab5/wallaa2/intro_ws/install/intro_interfaces/share/ament_index/resource_index/parent_prefix_path/intro_interfaces
[73.957s] -- Installing: /home/yahboom/Desktop/team_repo/Lab5/wallaa2/intro_ws/install/intro_interfaces/share/intro_interfaces/environment/ament_prefix_path.sh
[73.957s] -- Installing: /home/yahboom/Desktop/team_repo/Lab5/wallaa2/intro_ws/install/intro_interfaces/share/intro_interfaces/environment/ament_prefix_path.dsv
[73.958s] -- Installing: /home/yahboom/Desktop/team_repo/Lab5/wallaa2/intro_ws/install/intro_interfaces/share/intro_interfaces/environment/path.sh
[73.959s] -- Installing: /home/yahboom/Desktop/team_repo/Lab5/wallaa2/intro_ws/install/intro_interfaces/share/intro_interfaces/environment/path.dsv
[73.960s] -- Installing: /home/yahboom/Desktop/team_repo/Lab5/wallaa2/intro_ws/install/intro_interfaces/share/intro_interfaces/local_setup.bash
[73.961s] -- Installing: /home/yahboom/Desktop/team_repo/Lab5/wallaa2/intro_ws/install/intro_interfaces/share/intro_interfaces/local_setup.sh
[73.962s] -- Installing: /home/yahboom/Desktop/team_repo/Lab5/wallaa2/intro_ws/install/intro_interfaces/share/intro_interfaces/local_setup.zsh
[73.962s] -- Installing: /home/yahboom/Desktop/team_repo/Lab5/wallaa2/intro_ws/install/intro_interfaces/share/intro_interfaces/local_setup.dsv
[73.964s] -- Installing: /home/yahboom/Desktop/team_repo/Lab5/wallaa2/intro_ws/install/intro_interfaces/share/intro_interfaces/package.dsv
[73.964s] -- Installing: /home/yahboom/Desktop/team_repo/Lab5/wallaa2/intro_ws/install/intro_interfaces/share/ament_index/resource_index/packages/intro_interfaces
[73.966s] -- Installing: /home/yahboom/Desktop/team_repo/Lab5/wallaa2/intro_ws/install/intro_interfaces/share/intro_interfaces/cmake/export_intro_interfaces__rosidl_generator_cExport.cmake
[73.967s] -- Installing: /home/yahboom/Desktop/team_repo/Lab5/wallaa2/intro_ws/install/intro_interfaces/share/intro_interfaces/cmake/export_intro_interfaces__rosidl_generator_cExport-noconfig.cmake
[73.969s] -- Installing: /home/yahboom/Desktop/team_repo/Lab5/wallaa2/intro_ws/install/intro_interfaces/share/intro_interfaces/cmake/export_intro_interfaces__rosidl_typesupport_fastrtps_cExport.cmake
[73.970s] -- Installing: /home/yahboom/Desktop/team_repo/Lab5/wallaa2/intro_ws/install/intro_interfaces/share/intro_interfaces/cmake/export_intro_interfaces__rosidl_typesupport_fastrtps_cExport-noconfig.cmake
[73.973s] -- Installing: /home/yahboom/Desktop/team_repo/Lab5/wallaa2/intro_ws/install/intro_interfaces/share/intro_interfaces/cmake/export_intro_interfaces__rosidl_generator_cppExport.cmake
[73.973s] -- Installing: /home/yahboom/Desktop/team_repo/Lab5/wallaa2/intro_ws/install/intro_interfaces/share/intro_interfaces/cmake/export_intro_interfaces__rosidl_typesupport_fastrtps_cppExport.cmake
[73.974s] -- Installing: /home/yahboom/Desktop/team_repo/Lab5/wallaa2/intro_ws/install/intro_interfaces/share/intro_interfaces/cmake/export_intro_interfaces__rosidl_typesupport_fastrtps_cppExport-noconfig.cmake
[73.975s] -- Installing: /home/yahboom/Desktop/team_repo/Lab5/wallaa2/intro_ws/install/intro_interfaces/share/intro_interfaces/cmake/intro_interfaces__rosidl_typesupport_introspection_cExport.cmake
[73.977s] -- Installing: /home/yahboom/Desktop/team_repo/Lab5/wallaa2/intro_ws/install/intro_interfaces/share/intro_interfaces/cmake/intro_interfaces__rosidl_typesupport_introspection_cExport-noconfig.cmake
[73.978s] -- Installing: /home/yahboom/Desktop/team_repo/Lab5/wallaa2/intro_ws/install/intro_interfaces/share/intro_interfaces/cmake/intro_interfaces__rosidl_typesupport_cExport.cmake
[73.980s] -- Installing: /home/yahboom/Desktop/team_repo/Lab5/wallaa2/intro_ws/install/intro_interfaces/share/intro_interfaces/cmake/intro_interfaces__rosidl_typesupport_cExport-noconfig.cmake
[73.980s] -- Installing: /home/yahboom/Desktop/team_repo/Lab5/wallaa2/intro_ws/install/intro_interfaces/share/intro_interfaces/cmake/intro_interfaces__rosidl_typesupport_introspection_cppExport.cmake
[73.983s] -- Installing: /home/yahboom/Desktop/team_repo/Lab5/wallaa2/intro_ws/install/intro_interfaces/share/intro_interfaces/cmake/intro_interfaces__rosidl_typesupport_introspection_cppExport-noconfig.cmake
[73.984s] -- Installing: /home/yahboom/Desktop/team_repo/Lab5/wallaa2/intro_ws/install/intro_interfaces/share/intro_interfaces/cmake/intro_interfaces__rosidl_typesupport_cppExport.cmake
[73.985s] -- Installing: /home/yahboom/Desktop/team_repo/Lab5/wallaa2/intro_ws/install/intro_interfaces/share/intro_interfaces/cmake/intro_interfaces__rosidl_typesupport_cppExport-noconfig.cmake
[73.986s] -- Installing: /home/yahboom/Desktop/team_repo/Lab5/wallaa2/intro_ws/install/intro_interfaces/share/intro_interfaces/cmake/export_intro_interfaces__rosidl_generator_pyExport.cmake
[73.988s] -- Installing: /home/yahboom/Desktop/team_repo/Lab5/wallaa2/intro_ws/install/intro_interfaces/share/intro_interfaces/cmake/export_intro_interfaces__rosidl_generator_pyExport-noconfig.cmake
[73.988s] -- Installing: /home/yahboom/Desktop/team_repo/Lab5/wallaa2/intro_ws/install/intro_interfaces/share/intro_interfaces/cmake/rosidl_cmake-extras.cmake
[73.989s] -- Installing: /home/yahboom/Desktop/team_repo/Lab5/wallaa2/intro_ws/install/intro_interfaces/share/intro_interfaces/cmake/ament_cmake_export_dependencies-extras.cmake
[73.990s] -- Installing: /home/yahboom/Desktop/team_repo/Lab5/wallaa2/intro_ws/install/intro_interfaces/share/intro_interfaces/cmake/ament_cmake_export_include_directories-extras.cmake
[73.991s] -- Installing: /home/yahboom/Desktop/team_repo/Lab5/wallaa2/intro_ws/install/intro_interfaces/share/intro_interfaces/cmake/ament_cmake_export_libraries-extras.cmake
[73.992s] -- Installing: /home/yahboom/Desktop/team_repo/Lab5/wallaa2/intro_ws/install/intro_interfaces/share/intro_interfaces/cmake/ament_cmake_export_targets-extras.cmake
[73.992s] -- Installing: /home/yahboom/Desktop/team_repo/Lab5/wallaa2/intro_ws/install/intro_interfaces/share/intro_interfaces/cmake/rosidl_cmake_export_typesupport_targets-extras.cmake
[73.994s] -- Installing: /home/yahboom/Desktop/team_repo/Lab5/wallaa2/intro_ws/install/intro_interfaces/share/intro_interfaces/cmake/rosidl_cmake_export_typesupport_libraries-extras.cmake
[73.994s] -- Installing: /home/yahboom/Desktop/team_repo/Lab5/wallaa2/intro_ws/install/intro_interfaces/share/intro_interfaces/cmake/intro_interfacesConfig.cmake
[73.996s] -- Installing: /home/yahboom/Desktop/team_repo/Lab5/wallaa2/intro_ws/install/intro_interfaces/share/intro_interfaces/cmake/intro_interfacesConfig-version.cmake
[73.996s] -- Installing: /home/yahboom/Desktop/team_repo/Lab5/wallaa2/intro_ws/install/intro_interfaces/share/intro_interfaces/package.xml
[74.020s] Invoked command in '/home/yahboom/Desktop/team_repo/Lab5/wallaa2/intro_ws/build/intro_interfaces' returned '0': CMAKE_PREFIX_PATH=${CMAKE_PREFIX_PATH}:/home/yahboom/cartoros2/install/yahboomcar_nav:/home/yahboom/cartoros2/install/yahboomcar_ctrl:/home/yahboom/cartoros2/install/yahboom_visual:/home/yahboom/cartoros2/install/yahboom_dog_joint_state:/home/yahboom/cartoros2/install/yahboom_description:/home/yahboom/cartoros2/install/yahboom_color_identify_server:/home/yahboom/cartoros2/install/yahboom_bringup:/home/yahboom/cartoros2/install/yahboom_base:/home/yahboom/cartoros2/install/yahboom_app_save_map:/home/yahboom/cartoros2/install/update_map:/home/yahboom/cartoros2/install/rosboard:/home/yahboom/cartoros2/install/path_planner_server:/home/yahboom/cartoros2/install/nav2_simple_commander:/home/yahboom/cartoros2/install/nav2_gazebo_spawner:/home/yahboom/cartoros2/install/localization_server:/home/yahboom/cartoros2/install/laserscan_to_point_pulisher:/home/yahboom/yahboomcar_ws/install/yahboom_dog_example:/opt/ros/humble /usr/bin/cmake --install /home/yahboom/Desktop/team_repo/Lab5/wallaa2/intro_ws/build/intro_interfaces
