[2.122s] Invoking command in '/home/yahboom/Desktop/team_repo/Lab7/wallaa2/roscourse_sim_ws/src/my_robot': PYTHONPATH=/home/yahboom/Desktop/team_repo/Lab7/wallaa2/roscourse_sim_ws/build/my_robot/prefix_override:/usr/lib/python3/dist-packages/colcon_core/task/python/colcon_distutils_commands:/home/yahboom/Desktop/team_repo/Lab7/wallaa2/roscourse_sim_ws/install/my_robot/lib/python3.10/site-packages:${PYTHONPATH} /usr/bin/python3 -W ignore:setup.py install is deprecated -W ignore:easy_install command is deprecated setup.py egg_info --egg-base ../../build/my_robot build --build-base /home/yahboom/Desktop/team_repo/Lab7/wallaa2/roscourse_sim_ws/build/my_robot/build install --record /home/yahboom/Desktop/team_repo/Lab7/wallaa2/roscourse_sim_ws/build/my_robot/install.log --single-version-externally-managed install_data
[2.914s] running egg_info
[2.915s] writing ../../build/my_robot/my_robot.egg-info/PKG-INFO
[2.916s] writing dependency_links to ../../build/my_robot/my_robot.egg-info/dependency_links.txt
[2.917s] writing entry points to ../../build/my_robot/my_robot.egg-info/entry_points.txt
[2.918s] writing requirements to ../../build/my_robot/my_robot.egg-info/requires.txt
[2.919s] writing top-level names to ../../build/my_robot/my_robot.egg-info/top_level.txt
[2.924s] reading manifest file '../../build/my_robot/my_robot.egg-info/SOURCES.txt'
[2.926s] writing manifest file '../../build/my_robot/my_robot.egg-info/SOURCES.txt'
[2.927s] running build
[2.927s] running build_py
[2.927s] running install
[2.928s] running install_lib
[2.931s] running install_data
[2.932s] copying urdf/my_robot.urdf.xacro -> /home/yahboom/Desktop/team_repo/Lab7/wallaa2/roscourse_sim_ws/install/my_robot/share/my_robot
[2.933s] running install_egg_info
[2.937s] removing '/home/yahboom/Desktop/team_repo/Lab7/wallaa2/roscourse_sim_ws/install/my_robot/lib/python3.10/site-packages/my_robot-0.0.0-py3.10.egg-info' (and everything under it)
[2.939s] Copying ../../build/my_robot/my_robot.egg-info to /home/yahboom/Desktop/team_repo/Lab7/wallaa2/roscourse_sim_ws/install/my_robot/lib/python3.10/site-packages/my_robot-0.0.0-py3.10.egg-info
[2.941s] running install_scripts
[2.994s] writing list of installed files to '/home/yahboom/Desktop/team_repo/Lab7/wallaa2/roscourse_sim_ws/build/my_robot/install.log'
[3.040s] Invoked command in '/home/yahboom/Desktop/team_repo/Lab7/wallaa2/roscourse_sim_ws/src/my_robot' returned '0': PYTHONPATH=/home/yahboom/Desktop/team_repo/Lab7/wallaa2/roscourse_sim_ws/build/my_robot/prefix_override:/usr/lib/python3/dist-packages/colcon_core/task/python/colcon_distutils_commands:/home/yahboom/Desktop/team_repo/Lab7/wallaa2/roscourse_sim_ws/install/my_robot/lib/python3.10/site-packages:${PYTHONPATH} /usr/bin/python3 -W ignore:setup.py install is deprecated -W ignore:easy_install command is deprecated setup.py egg_info --egg-base ../../build/my_robot build --build-base /home/yahboom/Desktop/team_repo/Lab7/wallaa2/roscourse_sim_ws/build/my_robot/build install --record /home/yahboom/Desktop/team_repo/Lab7/wallaa2/roscourse_sim_ws/build/my_robot/install.log --single-version-externally-managed install_data
