[2.299s] Invoking command in '/home/yahboom/Desktop/team_repo/Lab4/wallaa2/intro_ws/src/py_pubsub': PYTHONPATH=/home/yahboom/Desktop/team_repo/Lab4/wallaa2/intro_ws/build/py_pubsub/prefix_override:/usr/lib/python3/dist-packages/colcon_core/task/python/colcon_distutils_commands:/home/yahboom/Desktop/team_repo/Lab4/wallaa2/intro_ws/install/py_pubsub/lib/python3.10/site-packages:${PYTHONPATH} /usr/bin/python3 -W ignore:setup.py install is deprecated -W ignore:easy_install command is deprecated setup.py egg_info --egg-base ../../build/py_pubsub build --build-base /home/yahboom/Desktop/team_repo/Lab4/wallaa2/intro_ws/build/py_pubsub/build install --record /home/yahboom/Desktop/team_repo/Lab4/wallaa2/intro_ws/build/py_pubsub/install.log --single-version-externally-managed install_data
[3.199s] running egg_info
[3.200s] creating ../../build/py_pubsub/py_pubsub.egg-info
[3.200s] writing ../../build/py_pubsub/py_pubsub.egg-info/PKG-INFO
[3.201s] writing dependency_links to ../../build/py_pubsub/py_pubsub.egg-info/dependency_links.txt
[3.202s] writing entry points to ../../build/py_pubsub/py_pubsub.egg-info/entry_points.txt
[3.203s] writing requirements to ../../build/py_pubsub/py_pubsub.egg-info/requires.txt
[3.203s] writing top-level names to ../../build/py_pubsub/py_pubsub.egg-info/top_level.txt
[3.204s] writing manifest file '../../build/py_pubsub/py_pubsub.egg-info/SOURCES.txt'
[3.217s] reading manifest file '../../build/py_pubsub/py_pubsub.egg-info/SOURCES.txt'
[3.217s] writing manifest file '../../build/py_pubsub/py_pubsub.egg-info/SOURCES.txt'
[3.218s] running build
[3.218s] running build_py
[3.219s] creating /home/yahboom/Desktop/team_repo/Lab4/wallaa2/intro_ws/build/py_pubsub/build
[3.220s] creating /home/yahboom/Desktop/team_repo/Lab4/wallaa2/intro_ws/build/py_pubsub/build/lib
[3.220s] creating /home/yahboom/Desktop/team_repo/Lab4/wallaa2/intro_ws/build/py_pubsub/build/lib/py_pubsub
[3.221s] copying py_pubsub/__init__.py -> /home/yahboom/Desktop/team_repo/Lab4/wallaa2/intro_ws/build/py_pubsub/build/lib/py_pubsub
[3.221s] copying py_pubsub/pySub.py -> /home/yahboom/Desktop/team_repo/Lab4/wallaa2/intro_ws/build/py_pubsub/build/lib/py_pubsub
[3.223s] copying py_pubsub/pyPub.py -> /home/yahboom/Desktop/team_repo/Lab4/wallaa2/intro_ws/build/py_pubsub/build/lib/py_pubsub
[3.223s] running install
[3.224s] running install_lib
[3.228s] creating /home/yahboom/Desktop/team_repo/Lab4/wallaa2/intro_ws/install/py_pubsub/lib/python3.10/site-packages/py_pubsub
[3.232s] copying /home/yahboom/Desktop/team_repo/Lab4/wallaa2/intro_ws/build/py_pubsub/build/lib/py_pubsub/__init__.py -> /home/yahboom/Desktop/team_repo/Lab4/wallaa2/intro_ws/install/py_pubsub/lib/python3.10/site-packages/py_pubsub
[3.232s] copying /home/yahboom/Desktop/team_repo/Lab4/wallaa2/intro_ws/build/py_pubsub/build/lib/py_pubsub/pySub.py -> /home/yahboom/Desktop/team_repo/Lab4/wallaa2/intro_ws/install/py_pubsub/lib/python3.10/site-packages/py_pubsub
[3.232s] copying /home/yahboom/Desktop/team_repo/Lab4/wallaa2/intro_ws/build/py_pubsub/build/lib/py_pubsub/pyPub.py -> /home/yahboom/Desktop/team_repo/Lab4/wallaa2/intro_ws/install/py_pubsub/lib/python3.10/site-packages/py_pubsub
[3.232s] byte-compiling /home/yahboom/Desktop/team_repo/Lab4/wallaa2/intro_ws/install/py_pubsub/lib/python3.10/site-packages/py_pubsub/__init__.py to __init__.cpython-310.pyc
[3.234s] byte-compiling /home/yahboom/Desktop/team_repo/Lab4/wallaa2/intro_ws/install/py_pubsub/lib/python3.10/site-packages/py_pubsub/pySub.py to pySub.cpython-310.pyc
[3.240s] byte-compiling /home/yahboom/Desktop/team_repo/Lab4/wallaa2/intro_ws/install/py_pubsub/lib/python3.10/site-packages/py_pubsub/pyPub.py to pyPub.cpython-310.pyc
[3.241s] running install_data
[3.241s] creating /home/yahboom/Desktop/team_repo/Lab4/wallaa2/intro_ws/install/py_pubsub/share/ament_index
[3.241s] creating /home/yahboom/Desktop/team_repo/Lab4/wallaa2/intro_ws/install/py_pubsub/share/ament_index/resource_index
[3.242s] creating /home/yahboom/Desktop/team_repo/Lab4/wallaa2/intro_ws/install/py_pubsub/share/ament_index/resource_index/packages
[3.243s] copying resource/py_pubsub -> /home/yahboom/Desktop/team_repo/Lab4/wallaa2/intro_ws/install/py_pubsub/share/ament_index/resource_index/packages
[3.243s] copying package.xml -> /home/yahboom/Desktop/team_repo/Lab4/wallaa2/intro_ws/install/py_pubsub/share/py_pubsub
[3.247s] running install_egg_info
[3.250s] Copying ../../build/py_pubsub/py_pubsub.egg-info to /home/yahboom/Desktop/team_repo/Lab4/wallaa2/intro_ws/install/py_pubsub/lib/python3.10/site-packages/py_pubsub-0.0.0-py3.10.egg-info
[3.255s] running install_scripts
[3.332s] Installing listener script to /home/yahboom/Desktop/team_repo/Lab4/wallaa2/intro_ws/install/py_pubsub/lib/py_pubsub
[3.332s] Installing talker script to /home/yahboom/Desktop/team_repo/Lab4/wallaa2/intro_ws/install/py_pubsub/lib/py_pubsub
[3.334s] writing list of installed files to '/home/yahboom/Desktop/team_repo/Lab4/wallaa2/intro_ws/build/py_pubsub/install.log'
[3.404s] Invoked command in '/home/yahboom/Desktop/team_repo/Lab4/wallaa2/intro_ws/src/py_pubsub' returned '0': PYTHONPATH=/home/yahboom/Desktop/team_repo/Lab4/wallaa2/intro_ws/build/py_pubsub/prefix_override:/usr/lib/python3/dist-packages/colcon_core/task/python/colcon_distutils_commands:/home/yahboom/Desktop/team_repo/Lab4/wallaa2/intro_ws/install/py_pubsub/lib/python3.10/site-packages:${PYTHONPATH} /usr/bin/python3 -W ignore:setup.py install is deprecated -W ignore:easy_install command is deprecated setup.py egg_info --egg-base ../../build/py_pubsub build --build-base /home/yahboom/Desktop/team_repo/Lab4/wallaa2/intro_ws/build/py_pubsub/build install --record /home/yahboom/Desktop/team_repo/Lab4/wallaa2/intro_ws/build/py_pubsub/install.log --single-version-externally-managed install_data
