[0.767s] Invoking command in '/home/yahboom/Desktop/intro_ws/src/python_parameters': PYTHONPATH=/home/yahboom/Desktop/intro_ws/build/python_parameters/prefix_override:/home/yahboom/Desktop/intro_ws/install/python_parameters/lib/python3.10/site-packages:${PYTHONPATH} /usr/bin/python3 -W ignore:setup.py install is deprecated setup.py egg_info --egg-base ../../build/python_parameters build --build-base /home/yahboom/Desktop/intro_ws/build/python_parameters/build install --record /home/yahboom/Desktop/intro_ws/build/python_parameters/install.log --single-version-externally-managed install_data
[1.021s] running egg_info
[1.021s] writing ../../build/python_parameters/UNKNOWN.egg-info/PKG-INFO
[1.021s] writing dependency_links to ../../build/python_parameters/UNKNOWN.egg-info/dependency_links.txt
[1.021s] writing top-level names to ../../build/python_parameters/UNKNOWN.egg-info/top_level.txt
[1.022s] reading manifest file '../../build/python_parameters/UNKNOWN.egg-info/SOURCES.txt'
[1.025s] writing manifest file '../../build/python_parameters/UNKNOWN.egg-info/SOURCES.txt'
[1.025s] running build
[1.025s] running install
[1.025s] running install_data
[1.025s] copying launch/run_multi_launch.py -> /home/yahboom/Desktop/intro_ws/install/python_parameters/share/python_parameters/launch
[1.025s] running install_egg_info
[1.030s] removing '/home/yahboom/Desktop/intro_ws/install/python_parameters/lib/python3.10/site-packages/UNKNOWN-0.0.0-py3.10.egg-info' (and everything under it)
[1.030s] Copying ../../build/python_parameters/UNKNOWN.egg-info to /home/yahboom/Desktop/intro_ws/install/python_parameters/lib/python3.10/site-packages/UNKNOWN-0.0.0-py3.10.egg-info
[1.030s] running install_scripts
[1.056s] writing list of installed files to '/home/yahboom/Desktop/intro_ws/build/python_parameters/install.log'
[1.060s] running egg_info
[1.060s] writing ../../build/python_parameters/python_parameters.egg-info/PKG-INFO
[1.061s] writing dependency_links to ../../build/python_parameters/python_parameters.egg-info/dependency_links.txt
[1.061s] writing entry points to ../../build/python_parameters/python_parameters.egg-info/entry_points.txt
[1.061s] writing requirements to ../../build/python_parameters/python_parameters.egg-info/requires.txt
[1.062s] writing top-level names to ../../build/python_parameters/python_parameters.egg-info/top_level.txt
[1.063s] reading manifest file '../../build/python_parameters/python_parameters.egg-info/SOURCES.txt'
[1.065s] writing manifest file '../../build/python_parameters/python_parameters.egg-info/SOURCES.txt'
[1.066s] running build
[1.066s] running build_py
[1.066s] running install
[1.066s] running install_lib
[1.068s] running install_data
[1.068s] running install_egg_info
[1.068s] removing '/home/yahboom/Desktop/intro_ws/install/python_parameters/lib/python3.10/site-packages/python_parameters-0.0.0-py3.10.egg-info' (and everything under it)
[1.068s] Copying ../../build/python_parameters/python_parameters.egg-info to /home/yahboom/Desktop/intro_ws/install/python_parameters/lib/python3.10/site-packages/python_parameters-0.0.0-py3.10.egg-info
[1.068s] running install_scripts
[1.071s] Installing minimal_param_node script to /home/yahboom/Desktop/intro_ws/install/python_parameters/lib/python_parameters
[1.071s] writing list of installed files to '/home/yahboom/Desktop/intro_ws/build/python_parameters/install.log'
[1.108s] Invoked command in '/home/yahboom/Desktop/intro_ws/src/python_parameters' returned '0': PYTHONPATH=/home/yahboom/Desktop/intro_ws/build/python_parameters/prefix_override:/home/yahboom/Desktop/intro_ws/install/python_parameters/lib/python3.10/site-packages:${PYTHONPATH} /usr/bin/python3 -W ignore:setup.py install is deprecated setup.py egg_info --egg-base ../../build/python_parameters build --build-base /home/yahboom/Desktop/intro_ws/build/python_parameters/build install --record /home/yahboom/Desktop/intro_ws/build/python_parameters/install.log --single-version-externally-managed install_data
