-- Found ament_cmake: 1.3.8 (/opt/ros/humble/share/ament_cmake/cmake)
-- Found geometry_msgs: 4.2.3 (/opt/ros/humble/share/geometry_msgs/cmake)
-- Found rosidl_generator_c: 3.1.5 (/opt/ros/humble/share/rosidl_generator_c/cmake)
-- Found rosidl_adapter: 3.1.5 (/opt/ros/humble/share/rosidl_adapter/cmake)
-- Found rosidl_generator_cpp: 3.1.5 (/opt/ros/humble/share/rosidl_generator_cpp/cmake)
-- Using all available rosidl_typesupport_c: rosidl_typesupport_fastrtps_c;rosidl_typesupport_introspection_c
-- Using all available rosidl_typesupport_cpp: rosidl_typesupport_fastrtps_cpp;rosidl_typesupport_introspection_cpp
-- Found rosidl_default_generators: 1.2.0 (/opt/ros/humble/share/rosidl_default_generators/cmake)
-- Found ament_cmake_ros: 0.10.0 (/opt/ros/humble/share/ament_cmake_ros/cmake)
-- Using all available rosidl_typesupport_c: rosidl_typesupport_fastrtps_c;rosidl_typesupport_introspection_c
-- Using all available rosidl_typesupport_cpp: rosidl_typesupport_fastrtps_cpp;rosidl_typesupport_introspection_cpp
-- Found python_cmake_module: 0.10.0 (/opt/ros/humble/share/python_cmake_module/cmake)
-- Using PYTHON_EXECUTABLE: /usr/bin/python3
-- Using PYTHON_INCLUDE_DIRS: /usr/include/python3.10
-- Using PYTHON_LIBRARIES: /usr/lib/x86_64-linux-gnu/libpython3.10.so
-- Found ament_lint_auto: 0.12.10 (/opt/ros/humble/share/ament_lint_auto/cmake)
-- Added test 'lint_cmake' to check CMake code style
-- Added test 'xmllint' to check XML markup files
-- Configuring done
-- Generating done
-- Build files have been written to: /home/yahboom/Desktop/team_repo/Lab3/wallaa2/roscourse_ws/build/turtle_interfaces
[  1%] [34m[1mGenerating C code for ROS interfaces[0m
[  3%] [34m[1mGenerating C++ code for ROS interfaces[0m
[  3%] Built target ament_cmake_python_copy_turtle_interfaces
running egg_info
writing turtle_interfaces.egg-info/PKG-INFO
writing dependency_links to turtle_interfaces.egg-info/dependency_links.txt
writing top-level names to turtle_interfaces.egg-info/top_level.txt
reading manifest file 'turtle_interfaces.egg-info/SOURCES.txt'
writing manifest file 'turtle_interfaces.egg-info/SOURCES.txt'
[  3%] Built target ament_cmake_python_build_turtle_interfaces_egg
[  3%] Built target turtle_interfaces__cpp
[35m[1mConsolidate compiler generated dependencies of target turtle_interfaces__rosidl_generator_c[0m
[  9%] [34m[1mGenerating C++ introspection for ROS interfaces[0m
[  9%] [34m[1mGenerating C++ type support dispatch for ROS interfaces[0m
[  9%] [34m[1mGenerating C++ type support for eProsima Fast-RTPS[0m
[ 10%] [32mBuilding C object CMakeFiles/turtle_interfaces__rosidl_generator_c.dir/rosidl_generator_c/turtle_interfaces/msg/detail/turtle_msg__functions.c.o[0m
[ 12%] [32mBuilding C object CMakeFiles/turtle_interfaces__rosidl_generator_c.dir/rosidl_generator_c/turtle_interfaces/srv/detail/set_pose__functions.c.o[0m
[ 14%] [32mBuilding C object CMakeFiles/turtle_interfaces__rosidl_generator_c.dir/rosidl_generator_c/turtle_interfaces/srv/detail/set_color__functions.c.o[0m
[ 16%] [32mBuilding C object CMakeFiles/turtle_interfaces__rosidl_generator_c.dir/rosidl_generator_c/turtle_interfaces/action/detail/turtle_to_goals__functions.c.o[0m
[35m[1mConsolidate compiler generated dependencies of target turtle_interfaces__rosidl_typesupport_cpp[0m
[ 18%] [32m[1mLinking C shared library libturtle_interfaces__rosidl_generator_c.so[0m
[ 20%] [32mBuilding CXX object CMakeFiles/turtle_interfaces__rosidl_typesupport_cpp.dir/rosidl_typesupport_cpp/turtle_interfaces/msg/turtle_msg__type_support.cpp.o[0m
[ 20%] Built target turtle_interfaces__rosidl_generator_c
[ 21%] [34m[1mGenerating C type support for eProsima Fast-RTPS[0m
[35m[1mConsolidate compiler generated dependencies of target turtle_interfaces__rosidl_typesupport_introspection_cpp[0m
[ 23%] [32mBuilding CXX object CMakeFiles/turtle_interfaces__rosidl_typesupport_introspection_cpp.dir/rosidl_typesupport_introspection_cpp/turtle_interfaces/msg/detail/turtle_msg__type_support.cpp.o[0m
[35m[1mConsolidate compiler generated dependencies of target turtle_interfaces__rosidl_typesupport_fastrtps_cpp[0m
[ 25%] [32mBuilding CXX object CMakeFiles/turtle_interfaces__rosidl_typesupport_fastrtps_cpp.dir/rosidl_typesupport_fastrtps_cpp/turtle_interfaces/msg/detail/dds_fastrtps/turtle_msg__type_support.cpp.o[0m
[ 27%] [32mBuilding CXX object CMakeFiles/turtle_interfaces__rosidl_typesupport_cpp.dir/rosidl_typesupport_cpp/turtle_interfaces/srv/set_pose__type_support.cpp.o[0m
[ 29%] [32mBuilding CXX object CMakeFiles/turtle_interfaces__rosidl_typesupport_introspection_cpp.dir/rosidl_typesupport_introspection_cpp/turtle_interfaces/srv/detail/set_pose__type_support.cpp.o[0m
[ 30%] [32mBuilding CXX object CMakeFiles/turtle_interfaces__rosidl_typesupport_cpp.dir/rosidl_typesupport_cpp/turtle_interfaces/srv/set_color__type_support.cpp.o[0m
[ 32%] [32mBuilding CXX object CMakeFiles/turtle_interfaces__rosidl_typesupport_fastrtps_cpp.dir/rosidl_typesupport_fastrtps_cpp/turtle_interfaces/srv/detail/dds_fastrtps/set_pose__type_support.cpp.o[0m
[35m[1mConsolidate compiler generated dependencies of target turtle_interfaces__rosidl_typesupport_fastrtps_c[0m
[ 34%] [32mBuilding CXX object CMakeFiles/turtle_interfaces__rosidl_typesupport_fastrtps_c.dir/rosidl_typesupport_fastrtps_c/turtle_interfaces/msg/detail/turtle_msg__type_support_c.cpp.o[0m
[ 36%] [32mBuilding CXX object CMakeFiles/turtle_interfaces__rosidl_typesupport_cpp.dir/rosidl_typesupport_cpp/turtle_interfaces/action/turtle_to_goals__type_support.cpp.o[0m
[ 38%] [32mBuilding CXX object CMakeFiles/turtle_interfaces__rosidl_typesupport_introspection_cpp.dir/rosidl_typesupport_introspection_cpp/turtle_interfaces/srv/detail/set_color__type_support.cpp.o[0m
[ 40%] [32mBuilding CXX object CMakeFiles/turtle_interfaces__rosidl_typesupport_fastrtps_cpp.dir/rosidl_typesupport_fastrtps_cpp/turtle_interfaces/srv/detail/dds_fastrtps/set_color__type_support.cpp.o[0m
[ 41%] [32mBuilding CXX object CMakeFiles/turtle_interfaces__rosidl_typesupport_fastrtps_c.dir/rosidl_typesupport_fastrtps_c/turtle_interfaces/srv/detail/set_pose__type_support_c.cpp.o[0m
[ 43%] [32mBuilding CXX object CMakeFiles/turtle_interfaces__rosidl_typesupport_introspection_cpp.dir/rosidl_typesupport_introspection_cpp/turtle_interfaces/action/detail/turtle_to_goals__type_support.cpp.o[0m
[ 45%] [32m[1mLinking CXX shared library libturtle_interfaces__rosidl_typesupport_cpp.so[0m
[ 45%] Built target turtle_interfaces__rosidl_typesupport_cpp
[ 47%] [34m[1mGenerating C introspection for ROS interfaces[0m
[ 49%] [32mBuilding CXX object CMakeFiles/turtle_interfaces__rosidl_typesupport_fastrtps_cpp.dir/rosidl_typesupport_fastrtps_cpp/turtle_interfaces/action/detail/dds_fastrtps/turtle_to_goals__type_support.cpp.o[0m
[ 50%] [32mBuilding CXX object CMakeFiles/turtle_interfaces__rosidl_typesupport_fastrtps_c.dir/rosidl_typesupport_fastrtps_c/turtle_interfaces/srv/detail/set_color__type_support_c.cpp.o[0m
[ 52%] [32mBuilding CXX object CMakeFiles/turtle_interfaces__rosidl_typesupport_fastrtps_c.dir/rosidl_typesupport_fastrtps_c/turtle_interfaces/action/detail/turtle_to_goals__type_support_c.cpp.o[0m
[ 54%] [32m[1mLinking CXX shared library libturtle_interfaces__rosidl_typesupport_introspection_cpp.so[0m
[ 54%] Built target turtle_interfaces__rosidl_typesupport_introspection_cpp
[35m[1mConsolidate compiler generated dependencies of target turtle_interfaces__rosidl_typesupport_introspection_c[0m
[ 56%] [34m[1mGenerating C type support dispatch for ROS interfaces[0m
[ 58%] [32m[1mLinking CXX shared library libturtle_interfaces__rosidl_typesupport_fastrtps_cpp.so[0m
[ 60%] [32mBuilding C object CMakeFiles/turtle_interfaces__rosidl_typesupport_introspection_c.dir/rosidl_typesupport_introspection_c/turtle_interfaces/msg/detail/turtle_msg__type_support.c.o[0m
[ 61%] [32mBuilding C object CMakeFiles/turtle_interfaces__rosidl_typesupport_introspection_c.dir/rosidl_typesupport_introspection_c/turtle_interfaces/srv/detail/set_pose__type_support.c.o[0m
[ 61%] Built target turtle_interfaces__rosidl_typesupport_fastrtps_cpp
[ 63%] [32mBuilding C object CMakeFiles/turtle_interfaces__rosidl_typesupport_introspection_c.dir/rosidl_typesupport_introspection_c/turtle_interfaces/srv/detail/set_color__type_support.c.o[0m
[ 65%] [32mBuilding C object CMakeFiles/turtle_interfaces__rosidl_typesupport_introspection_c.dir/rosidl_typesupport_introspection_c/turtle_interfaces/action/detail/turtle_to_goals__type_support.c.o[0m
[ 67%] [32m[1mLinking CXX shared library libturtle_interfaces__rosidl_typesupport_fastrtps_c.so[0m
[ 69%] [32m[1mLinking C shared library libturtle_interfaces__rosidl_typesupport_introspection_c.so[0m
[ 69%] Built target turtle_interfaces__rosidl_typesupport_introspection_c
[ 69%] Built target turtle_interfaces__rosidl_typesupport_fastrtps_c
[35m[1mConsolidate compiler generated dependencies of target turtle_interfaces__rosidl_typesupport_c[0m
[ 76%] [32mBuilding CXX object CMakeFiles/turtle_interfaces__rosidl_typesupport_c.dir/rosidl_typesupport_c/turtle_interfaces/srv/set_color__type_support.cpp.o[0m
[ 76%] [32mBuilding CXX object CMakeFiles/turtle_interfaces__rosidl_typesupport_c.dir/rosidl_typesupport_c/turtle_interfaces/srv/set_pose__type_support.cpp.o[0m
[ 76%] [32mBuilding CXX object CMakeFiles/turtle_interfaces__rosidl_typesupport_c.dir/rosidl_typesupport_c/turtle_interfaces/action/turtle_to_goals__type_support.cpp.o[0m
[ 76%] [32mBuilding CXX object CMakeFiles/turtle_interfaces__rosidl_typesupport_c.dir/rosidl_typesupport_c/turtle_interfaces/msg/turtle_msg__type_support.cpp.o[0m
[ 78%] [32m[1mLinking CXX shared library libturtle_interfaces__rosidl_typesupport_c.so[0m
[ 78%] Built target turtle_interfaces__rosidl_typesupport_c
[ 78%] Built target turtle_interfaces
[ 80%] [34m[1mGenerating Python code for ROS interfaces[0m
[ 80%] Built target turtle_interfaces__py
[35m[1mConsolidate compiler generated dependencies of target turtle_interfaces__rosidl_generator_py[0m
[ 87%] [32mBuilding C object CMakeFiles/turtle_interfaces__rosidl_generator_py.dir/rosidl_generator_py/turtle_interfaces/srv/_set_color_s.c.o[0m
[ 87%] [32mBuilding C object CMakeFiles/turtle_interfaces__rosidl_generator_py.dir/rosidl_generator_py/turtle_interfaces/action/_turtle_to_goals_s.c.o[0m
[ 87%] [32mBuilding C object CMakeFiles/turtle_interfaces__rosidl_generator_py.dir/rosidl_generator_py/turtle_interfaces/msg/_turtle_msg_s.c.o[0m
[ 87%] [32mBuilding C object CMakeFiles/turtle_interfaces__rosidl_generator_py.dir/rosidl_generator_py/turtle_interfaces/srv/_set_pose_s.c.o[0m
[ 89%] [32m[1mLinking C shared library rosidl_generator_py/turtle_interfaces/libturtle_interfaces__rosidl_generator_py.so[0m
[ 89%] Built target turtle_interfaces__rosidl_generator_py
[35m[1mConsolidate compiler generated dependencies of target turtle_interfaces__rosidl_typesupport_fastrtps_c__pyext[0m
[35m[1mConsolidate compiler generated dependencies of target turtle_interfaces__rosidl_typesupport_c__pyext[0m
[35m[1mConsolidate compiler generated dependencies of target turtle_interfaces__rosidl_typesupport_introspection_c__pyext[0m
[ 94%] [32mBuilding C object CMakeFiles/turtle_interfaces__rosidl_typesupport_introspection_c__pyext.dir/rosidl_generator_py/turtle_interfaces/_turtle_interfaces_s.ep.rosidl_typesupport_introspection_c.c.o[0m
[ 94%] [32mBuilding C object CMakeFiles/turtle_interfaces__rosidl_typesupport_fastrtps_c__pyext.dir/rosidl_generator_py/turtle_interfaces/_turtle_interfaces_s.ep.rosidl_typesupport_fastrtps_c.c.o[0m
[ 94%] [32mBuilding C object CMakeFiles/turtle_interfaces__rosidl_typesupport_c__pyext.dir/rosidl_generator_py/turtle_interfaces/_turtle_interfaces_s.ep.rosidl_typesupport_c.c.o[0m
[100%] [32m[1mLinking C shared library rosidl_generator_py/turtle_interfaces/turtle_interfaces_s__rosidl_typesupport_fastrtps_c.cpython-310-x86_64-linux-gnu.so[0m
[100%] [32m[1mLinking C shared library rosidl_generator_py/turtle_interfaces/turtle_interfaces_s__rosidl_typesupport_c.cpython-310-x86_64-linux-gnu.so[0m
[100%] [32m[1mLinking C shared library rosidl_generator_py/turtle_interfaces/turtle_interfaces_s__rosidl_typesupport_introspection_c.cpython-310-x86_64-linux-gnu.so[0m
[100%] Built target turtle_interfaces__rosidl_typesupport_fastrtps_c__pyext
[100%] Built target turtle_interfaces__rosidl_typesupport_c__pyext
[100%] Built target turtle_interfaces__rosidl_typesupport_introspection_c__pyext
-- Install configuration: ""
-- Installing: /home/yahboom/Desktop/team_repo/Lab3/wallaa2/roscourse_ws/install/turtle_interfaces/share/ament_index/resource_index/rosidl_interfaces/turtle_interfaces
-- Up-to-date: /home/yahboom/Desktop/team_repo/Lab3/wallaa2/roscourse_ws/install/turtle_interfaces/include/turtle_interfaces/turtle_interfaces
-- Installing: /home/yahboom/Desktop/team_repo/Lab3/wallaa2/roscourse_ws/install/turtle_interfaces/include/turtle_interfaces/turtle_interfaces/action
-- Installing: /home/yahboom/Desktop/team_repo/Lab3/wallaa2/roscourse_ws/install/turtle_interfaces/include/turtle_interfaces/turtle_interfaces/action/detail
-- Installing: /home/yahboom/Desktop/team_repo/Lab3/wallaa2/roscourse_ws/install/turtle_interfaces/include/turtle_interfaces/turtle_interfaces/action/detail/turtle_to_goals__functions.c
-- Installing: /home/yahboom/Desktop/team_repo/Lab3/wallaa2/roscourse_ws/install/turtle_interfaces/include/turtle_interfaces/turtle_interfaces/action/detail/turtle_to_goals__type_support.h
-- Installing: /home/yahboom/Desktop/team_repo/Lab3/wallaa2/roscourse_ws/install/turtle_interfaces/include/turtle_interfaces/turtle_interfaces/action/detail/turtle_to_goals__struct.h
-- Installing: /home/yahboom/Desktop/team_repo/Lab3/wallaa2/roscourse_ws/install/turtle_interfaces/include/turtle_interfaces/turtle_interfaces/action/detail/turtle_to_goals__functions.h
-- Installing: /home/yahboom/Desktop/team_repo/Lab3/wallaa2/roscourse_ws/install/turtle_interfaces/include/turtle_interfaces/turtle_interfaces/action/turtle_to_goals.h
-- Up-to-date: /home/yahboom/Desktop/team_repo/Lab3/wallaa2/roscourse_ws/install/turtle_interfaces/include/turtle_interfaces/turtle_interfaces/srv
-- Up-to-date: /home/yahboom/Desktop/team_repo/Lab3/wallaa2/roscourse_ws/install/turtle_interfaces/include/turtle_interfaces/turtle_interfaces/srv/detail
-- Installing: /home/yahboom/Desktop/team_repo/Lab3/wallaa2/roscourse_ws/install/turtle_interfaces/include/turtle_interfaces/turtle_interfaces/srv/detail/set_color__type_support.h
-- Installing: /home/yahboom/Desktop/team_repo/Lab3/wallaa2/roscourse_ws/install/turtle_interfaces/include/turtle_interfaces/turtle_interfaces/srv/detail/set_color__functions.h
-- Installing: /home/yahboom/Desktop/team_repo/Lab3/wallaa2/roscourse_ws/install/turtle_interfaces/include/turtle_interfaces/turtle_interfaces/srv/detail/set_pose__functions.h
-- Installing: /home/yahboom/Desktop/team_repo/Lab3/wallaa2/roscourse_ws/install/turtle_interfaces/include/turtle_interfaces/turtle_interfaces/srv/detail/set_color__functions.c
-- Installing: /home/yahboom/Desktop/team_repo/Lab3/wallaa2/roscourse_ws/install/turtle_interfaces/include/turtle_interfaces/turtle_interfaces/srv/detail/set_pose__struct.h
-- Installing: /home/yahboom/Desktop/team_repo/Lab3/wallaa2/roscourse_ws/install/turtle_interfaces/include/turtle_interfaces/turtle_interfaces/srv/detail/set_pose__type_support.h
-- Installing: /home/yahboom/Desktop/team_repo/Lab3/wallaa2/roscourse_ws/install/turtle_interfaces/include/turtle_interfaces/turtle_interfaces/srv/detail/set_color__struct.h
-- Installing: /home/yahboom/Desktop/team_repo/Lab3/wallaa2/roscourse_ws/install/turtle_interfaces/include/turtle_interfaces/turtle_interfaces/srv/detail/set_pose__functions.c
-- Installing: /home/yahboom/Desktop/team_repo/Lab3/wallaa2/roscourse_ws/install/turtle_interfaces/include/turtle_interfaces/turtle_interfaces/srv/set_pose.h
-- Installing: /home/yahboom/Desktop/team_repo/Lab3/wallaa2/roscourse_ws/install/turtle_interfaces/include/turtle_interfaces/turtle_interfaces/srv/set_color.h
-- Up-to-date: /home/yahboom/Desktop/team_repo/Lab3/wallaa2/roscourse_ws/install/turtle_interfaces/include/turtle_interfaces/turtle_interfaces/msg
-- Up-to-date: /home/yahboom/Desktop/team_repo/Lab3/wallaa2/roscourse_ws/install/turtle_interfaces/include/turtle_interfaces/turtle_interfaces/msg/detail
-- Installing: /home/yahboom/Desktop/team_repo/Lab3/wallaa2/roscourse_ws/install/turtle_interfaces/include/turtle_interfaces/turtle_interfaces/msg/detail/turtle_msg__functions.c
-- Installing: /home/yahboom/Desktop/team_repo/Lab3/wallaa2/roscourse_ws/install/turtle_interfaces/include/turtle_interfaces/turtle_interfaces/msg/detail/turtle_msg__type_support.h
-- Installing: /home/yahboom/Desktop/team_repo/Lab3/wallaa2/roscourse_ws/install/turtle_interfaces/include/turtle_interfaces/turtle_interfaces/msg/detail/turtle_msg__functions.h
-- Installing: /home/yahboom/Desktop/team_repo/Lab3/wallaa2/roscourse_ws/install/turtle_interfaces/include/turtle_interfaces/turtle_interfaces/msg/detail/turtle_msg__struct.h
-- Installing: /home/yahboom/Desktop/team_repo/Lab3/wallaa2/roscourse_ws/install/turtle_interfaces/include/turtle_interfaces/turtle_interfaces/msg/turtle_msg.h
-- Up-to-date: /home/yahboom/Desktop/team_repo/Lab3/wallaa2/roscourse_ws/install/turtle_interfaces/include/turtle_interfaces/turtle_interfaces/msg/rosidl_generator_c__visibility_control.h
-- Up-to-date: /home/yahboom/Desktop/team_repo/Lab3/wallaa2/roscourse_ws/install/turtle_interfaces/share/turtle_interfaces/environment/library_path.sh
-- Installing: /home/yahboom/Desktop/team_repo/Lab3/wallaa2/roscourse_ws/install/turtle_interfaces/share/turtle_interfaces/environment/library_path.dsv
-- Installing: /home/yahboom/Desktop/team_repo/Lab3/wallaa2/roscourse_ws/install/turtle_interfaces/lib/libturtle_interfaces__rosidl_generator_c.so
-- Set runtime path of "/home/yahboom/Desktop/team_repo/Lab3/wallaa2/roscourse_ws/install/turtle_interfaces/lib/libturtle_interfaces__rosidl_generator_c.so" to ""
-- Up-to-date: /home/yahboom/Desktop/team_repo/Lab3/wallaa2/roscourse_ws/install/turtle_interfaces/include/turtle_interfaces/turtle_interfaces
-- Up-to-date: /home/yahboom/Desktop/team_repo/Lab3/wallaa2/roscourse_ws/install/turtle_interfaces/include/turtle_interfaces/turtle_interfaces/action
-- Up-to-date: /home/yahboom/Desktop/team_repo/Lab3/wallaa2/roscourse_ws/install/turtle_interfaces/include/turtle_interfaces/turtle_interfaces/action/detail
-- Installing: /home/yahboom/Desktop/team_repo/Lab3/wallaa2/roscourse_ws/install/turtle_interfaces/include/turtle_interfaces/turtle_interfaces/action/detail/turtle_to_goals__rosidl_typesupport_fastrtps_c.h
-- Up-to-date: /home/yahboom/Desktop/team_repo/Lab3/wallaa2/roscourse_ws/install/turtle_interfaces/include/turtle_interfaces/turtle_interfaces/srv
-- Up-to-date: /home/yahboom/Desktop/team_repo/Lab3/wallaa2/roscourse_ws/install/turtle_interfaces/include/turtle_interfaces/turtle_interfaces/srv/detail
-- Installing: /home/yahboom/Desktop/team_repo/Lab3/wallaa2/roscourse_ws/install/turtle_interfaces/include/turtle_interfaces/turtle_interfaces/srv/detail/set_color__rosidl_typesupport_fastrtps_c.h
-- Installing: /home/yahboom/Desktop/team_repo/Lab3/wallaa2/roscourse_ws/install/turtle_interfaces/include/turtle_interfaces/turtle_interfaces/srv/detail/set_pose__rosidl_typesupport_fastrtps_c.h
-- Up-to-date: /home/yahboom/Desktop/team_repo/Lab3/wallaa2/roscourse_ws/install/turtle_interfaces/include/turtle_interfaces/turtle_interfaces/msg
-- Up-to-date: /home/yahboom/Desktop/team_repo/Lab3/wallaa2/roscourse_ws/install/turtle_interfaces/include/turtle_interfaces/turtle_interfaces/msg/detail
-- Installing: /home/yahboom/Desktop/team_repo/Lab3/wallaa2/roscourse_ws/install/turtle_interfaces/include/turtle_interfaces/turtle_interfaces/msg/detail/turtle_msg__rosidl_typesupport_fastrtps_c.h
-- Up-to-date: /home/yahboom/Desktop/team_repo/Lab3/wallaa2/roscourse_ws/install/turtle_interfaces/include/turtle_interfaces/turtle_interfaces/msg/rosidl_typesupport_fastrtps_c__visibility_control.h
-- Installing: /home/yahboom/Desktop/team_repo/Lab3/wallaa2/roscourse_ws/install/turtle_interfaces/lib/libturtle_interfaces__rosidl_typesupport_fastrtps_c.so
-- Set runtime path of "/home/yahboom/Desktop/team_repo/Lab3/wallaa2/roscourse_ws/install/turtle_interfaces/lib/libturtle_interfaces__rosidl_typesupport_fastrtps_c.so" to ""
-- Up-to-date: /home/yahboom/Desktop/team_repo/Lab3/wallaa2/roscourse_ws/install/turtle_interfaces/include/turtle_interfaces/turtle_interfaces
-- Up-to-date: /home/yahboom/Desktop/team_repo/Lab3/wallaa2/roscourse_ws/install/turtle_interfaces/include/turtle_interfaces/turtle_interfaces/action
-- Installing: /home/yahboom/Desktop/team_repo/Lab3/wallaa2/roscourse_ws/install/turtle_interfaces/include/turtle_interfaces/turtle_interfaces/action/turtle_to_goals.hpp
-- Up-to-date: /home/yahboom/Desktop/team_repo/Lab3/wallaa2/roscourse_ws/install/turtle_interfaces/include/turtle_interfaces/turtle_interfaces/action/detail
-- Installing: /home/yahboom/Desktop/team_repo/Lab3/wallaa2/roscourse_ws/install/turtle_interfaces/include/turtle_interfaces/turtle_interfaces/action/detail/turtle_to_goals__traits.hpp
-- Installing: /home/yahboom/Desktop/team_repo/Lab3/wallaa2/roscourse_ws/install/turtle_interfaces/include/turtle_interfaces/turtle_interfaces/action/detail/turtle_to_goals__builder.hpp
-- Installing: /home/yahboom/Desktop/team_repo/Lab3/wallaa2/roscourse_ws/install/turtle_interfaces/include/turtle_interfaces/turtle_interfaces/action/detail/turtle_to_goals__struct.hpp
-- Up-to-date: /home/yahboom/Desktop/team_repo/Lab3/wallaa2/roscourse_ws/install/turtle_interfaces/include/turtle_interfaces/turtle_interfaces/srv
-- Installing: /home/yahboom/Desktop/team_repo/Lab3/wallaa2/roscourse_ws/install/turtle_interfaces/include/turtle_interfaces/turtle_interfaces/srv/set_pose.hpp
-- Up-to-date: /home/yahboom/Desktop/team_repo/Lab3/wallaa2/roscourse_ws/install/turtle_interfaces/include/turtle_interfaces/turtle_interfaces/srv/detail
-- Installing: /home/yahboom/Desktop/team_repo/Lab3/wallaa2/roscourse_ws/install/turtle_interfaces/include/turtle_interfaces/turtle_interfaces/srv/detail/set_color__struct.hpp
-- Installing: /home/yahboom/Desktop/team_repo/Lab3/wallaa2/roscourse_ws/install/turtle_interfaces/include/turtle_interfaces/turtle_interfaces/srv/detail/set_color__builder.hpp
-- Installing: /home/yahboom/Desktop/team_repo/Lab3/wallaa2/roscourse_ws/install/turtle_interfaces/include/turtle_interfaces/turtle_interfaces/srv/detail/set_pose__traits.hpp
-- Installing: /home/yahboom/Desktop/team_repo/Lab3/wallaa2/roscourse_ws/install/turtle_interfaces/include/turtle_interfaces/turtle_interfaces/srv/detail/set_color__traits.hpp
-- Installing: /home/yahboom/Desktop/team_repo/Lab3/wallaa2/roscourse_ws/install/turtle_interfaces/include/turtle_interfaces/turtle_interfaces/srv/detail/set_pose__builder.hpp
-- Installing: /home/yahboom/Desktop/team_repo/Lab3/wallaa2/roscourse_ws/install/turtle_interfaces/include/turtle_interfaces/turtle_interfaces/srv/detail/set_pose__struct.hpp
-- Installing: /home/yahboom/Desktop/team_repo/Lab3/wallaa2/roscourse_ws/install/turtle_interfaces/include/turtle_interfaces/turtle_interfaces/srv/set_color.hpp
-- Up-to-date: /home/yahboom/Desktop/team_repo/Lab3/wallaa2/roscourse_ws/install/turtle_interfaces/include/turtle_interfaces/turtle_interfaces/msg
-- Up-to-date: /home/yahboom/Desktop/team_repo/Lab3/wallaa2/roscourse_ws/install/turtle_interfaces/include/turtle_interfaces/turtle_interfaces/msg/detail
-- Installing: /home/yahboom/Desktop/team_repo/Lab3/wallaa2/roscourse_ws/install/turtle_interfaces/include/turtle_interfaces/turtle_interfaces/msg/detail/turtle_msg__traits.hpp
-- Installing: /home/yahboom/Desktop/team_repo/Lab3/wallaa2/roscourse_ws/install/turtle_interfaces/include/turtle_interfaces/turtle_interfaces/msg/detail/turtle_msg__struct.hpp
-- Installing: /home/yahboom/Desktop/team_repo/Lab3/wallaa2/roscourse_ws/install/turtle_interfaces/include/turtle_interfaces/turtle_interfaces/msg/detail/turtle_msg__builder.hpp
-- Installing: /home/yahboom/Desktop/team_repo/Lab3/wallaa2/roscourse_ws/install/turtle_interfaces/include/turtle_interfaces/turtle_interfaces/msg/turtle_msg.hpp
-- Up-to-date: /home/yahboom/Desktop/team_repo/Lab3/wallaa2/roscourse_ws/install/turtle_interfaces/include/turtle_interfaces/turtle_interfaces
-- Up-to-date: /home/yahboom/Desktop/team_repo/Lab3/wallaa2/roscourse_ws/install/turtle_interfaces/include/turtle_interfaces/turtle_interfaces/action
-- Up-to-date: /home/yahboom/Desktop/team_repo/Lab3/wallaa2/roscourse_ws/install/turtle_interfaces/include/turtle_interfaces/turtle_interfaces/action/detail
-- Installing: /home/yahboom/Desktop/team_repo/Lab3/wallaa2/roscourse_ws/install/turtle_interfaces/include/turtle_interfaces/turtle_interfaces/action/detail/dds_fastrtps
-- Installing: /home/yahboom/Desktop/team_repo/Lab3/wallaa2/roscourse_ws/install/turtle_interfaces/include/turtle_interfaces/turtle_interfaces/action/detail/turtle_to_goals__rosidl_typesupport_fastrtps_cpp.hpp
-- Up-to-date: /home/yahboom/Desktop/team_repo/Lab3/wallaa2/roscourse_ws/install/turtle_interfaces/include/turtle_interfaces/turtle_interfaces/srv
-- Up-to-date: /home/yahboom/Desktop/team_repo/Lab3/wallaa2/roscourse_ws/install/turtle_interfaces/include/turtle_interfaces/turtle_interfaces/srv/detail
-- Installing: /home/yahboom/Desktop/team_repo/Lab3/wallaa2/roscourse_ws/install/turtle_interfaces/include/turtle_interfaces/turtle_interfaces/srv/detail/set_color__rosidl_typesupport_fastrtps_cpp.hpp
-- Installing: /home/yahboom/Desktop/team_repo/Lab3/wallaa2/roscourse_ws/install/turtle_interfaces/include/turtle_interfaces/turtle_interfaces/srv/detail/set_pose__rosidl_typesupport_fastrtps_cpp.hpp
-- Up-to-date: /home/yahboom/Desktop/team_repo/Lab3/wallaa2/roscourse_ws/install/turtle_interfaces/include/turtle_interfaces/turtle_interfaces/srv/detail/dds_fastrtps
-- Up-to-date: /home/yahboom/Desktop/team_repo/Lab3/wallaa2/roscourse_ws/install/turtle_interfaces/include/turtle_interfaces/turtle_interfaces/msg
-- Up-to-date: /home/yahboom/Desktop/team_repo/Lab3/wallaa2/roscourse_ws/install/turtle_interfaces/include/turtle_interfaces/turtle_interfaces/msg/detail
-- Installing: /home/yahboom/Desktop/team_repo/Lab3/wallaa2/roscourse_ws/install/turtle_interfaces/include/turtle_interfaces/turtle_interfaces/msg/detail/turtle_msg__rosidl_typesupport_fastrtps_cpp.hpp
-- Up-to-date: /home/yahboom/Desktop/team_repo/Lab3/wallaa2/roscourse_ws/install/turtle_interfaces/include/turtle_interfaces/turtle_interfaces/msg/detail/dds_fastrtps
-- Up-to-date: /home/yahboom/Desktop/team_repo/Lab3/wallaa2/roscourse_ws/install/turtle_interfaces/include/turtle_interfaces/turtle_interfaces/msg/rosidl_typesupport_fastrtps_cpp__visibility_control.h
-- Installing: /home/yahboom/Desktop/team_repo/Lab3/wallaa2/roscourse_ws/install/turtle_interfaces/lib/libturtle_interfaces__rosidl_typesupport_fastrtps_cpp.so
-- Set runtime path of "/home/yahboom/Desktop/team_repo/Lab3/wallaa2/roscourse_ws/install/turtle_interfaces/lib/libturtle_interfaces__rosidl_typesupport_fastrtps_cpp.so" to ""
-- Up-to-date: /home/yahboom/Desktop/team_repo/Lab3/wallaa2/roscourse_ws/install/turtle_interfaces/include/turtle_interfaces/turtle_interfaces
-- Up-to-date: /home/yahboom/Desktop/team_repo/Lab3/wallaa2/roscourse_ws/install/turtle_interfaces/include/turtle_interfaces/turtle_interfaces/action
-- Up-to-date: /home/yahboom/Desktop/team_repo/Lab3/wallaa2/roscourse_ws/install/turtle_interfaces/include/turtle_interfaces/turtle_interfaces/action/detail
-- Installing: /home/yahboom/Desktop/team_repo/Lab3/wallaa2/roscourse_ws/install/turtle_interfaces/include/turtle_interfaces/turtle_interfaces/action/detail/turtle_to_goals__type_support.c
-- Installing: /home/yahboom/Desktop/team_repo/Lab3/wallaa2/roscourse_ws/install/turtle_interfaces/include/turtle_interfaces/turtle_interfaces/action/detail/turtle_to_goals__rosidl_typesupport_introspection_c.h
-- Up-to-date: /home/yahboom/Desktop/team_repo/Lab3/wallaa2/roscourse_ws/install/turtle_interfaces/include/turtle_interfaces/turtle_interfaces/srv
-- Up-to-date: /home/yahboom/Desktop/team_repo/Lab3/wallaa2/roscourse_ws/install/turtle_interfaces/include/turtle_interfaces/turtle_interfaces/srv/detail
-- Installing: /home/yahboom/Desktop/team_repo/Lab3/wallaa2/roscourse_ws/install/turtle_interfaces/include/turtle_interfaces/turtle_interfaces/srv/detail/set_color__type_support.c
-- Installing: /home/yahboom/Desktop/team_repo/Lab3/wallaa2/roscourse_ws/install/turtle_interfaces/include/turtle_interfaces/turtle_interfaces/srv/detail/set_pose__rosidl_typesupport_introspection_c.h
-- Installing: /home/yahboom/Desktop/team_repo/Lab3/wallaa2/roscourse_ws/install/turtle_interfaces/include/turtle_interfaces/turtle_interfaces/srv/detail/set_pose__type_support.c
-- Installing: /home/yahboom/Desktop/team_repo/Lab3/wallaa2/roscourse_ws/install/turtle_interfaces/include/turtle_interfaces/turtle_interfaces/srv/detail/set_color__rosidl_typesupport_introspection_c.h
-- Up-to-date: /home/yahboom/Desktop/team_repo/Lab3/wallaa2/roscourse_ws/install/turtle_interfaces/include/turtle_interfaces/turtle_interfaces/msg
-- Up-to-date: /home/yahboom/Desktop/team_repo/Lab3/wallaa2/roscourse_ws/install/turtle_interfaces/include/turtle_interfaces/turtle_interfaces/msg/detail
-- Installing: /home/yahboom/Desktop/team_repo/Lab3/wallaa2/roscourse_ws/install/turtle_interfaces/include/turtle_interfaces/turtle_interfaces/msg/detail/turtle_msg__rosidl_typesupport_introspection_c.h
-- Installing: /home/yahboom/Desktop/team_repo/Lab3/wallaa2/roscourse_ws/install/turtle_interfaces/include/turtle_interfaces/turtle_interfaces/msg/detail/turtle_msg__type_support.c
-- Up-to-date: /home/yahboom/Desktop/team_repo/Lab3/wallaa2/roscourse_ws/install/turtle_interfaces/include/turtle_interfaces/turtle_interfaces/msg/rosidl_typesupport_introspection_c__visibility_control.h
-- Installing: /home/yahboom/Desktop/team_repo/Lab3/wallaa2/roscourse_ws/install/turtle_interfaces/lib/libturtle_interfaces__rosidl_typesupport_introspection_c.so
-- Set runtime path of "/home/yahboom/Desktop/team_repo/Lab3/wallaa2/roscourse_ws/install/turtle_interfaces/lib/libturtle_interfaces__rosidl_typesupport_introspection_c.so" to ""
-- Installing: /home/yahboom/Desktop/team_repo/Lab3/wallaa2/roscourse_ws/install/turtle_interfaces/lib/libturtle_interfaces__rosidl_typesupport_c.so
-- Set runtime path of "/home/yahboom/Desktop/team_repo/Lab3/wallaa2/roscourse_ws/install/turtle_interfaces/lib/libturtle_interfaces__rosidl_typesupport_c.so" to ""
-- Up-to-date: /home/yahboom/Desktop/team_repo/Lab3/wallaa2/roscourse_ws/install/turtle_interfaces/include/turtle_interfaces/turtle_interfaces
-- Up-to-date: /home/yahboom/Desktop/team_repo/Lab3/wallaa2/roscourse_ws/install/turtle_interfaces/include/turtle_interfaces/turtle_interfaces/action
-- Up-to-date: /home/yahboom/Desktop/team_repo/Lab3/wallaa2/roscourse_ws/install/turtle_interfaces/include/turtle_interfaces/turtle_interfaces/action/detail
-- Installing: /home/yahboom/Desktop/team_repo/Lab3/wallaa2/roscourse_ws/install/turtle_interfaces/include/turtle_interfaces/turtle_interfaces/action/detail/turtle_to_goals__rosidl_typesupport_introspection_cpp.hpp
-- Installing: /home/yahboom/Desktop/team_repo/Lab3/wallaa2/roscourse_ws/install/turtle_interfaces/include/turtle_interfaces/turtle_interfaces/action/detail/turtle_to_goals__type_support.cpp
-- Up-to-date: /home/yahboom/Desktop/team_repo/Lab3/wallaa2/roscourse_ws/install/turtle_interfaces/include/turtle_interfaces/turtle_interfaces/srv
-- Up-to-date: /home/yahboom/Desktop/team_repo/Lab3/wallaa2/roscourse_ws/install/turtle_interfaces/include/turtle_interfaces/turtle_interfaces/srv/detail
-- Installing: /home/yahboom/Desktop/team_repo/Lab3/wallaa2/roscourse_ws/install/turtle_interfaces/include/turtle_interfaces/turtle_interfaces/srv/detail/set_color__type_support.cpp
-- Installing: /home/yahboom/Desktop/team_repo/Lab3/wallaa2/roscourse_ws/install/turtle_interfaces/include/turtle_interfaces/turtle_interfaces/srv/detail/set_pose__rosidl_typesupport_introspection_cpp.hpp
-- Installing: /home/yahboom/Desktop/team_repo/Lab3/wallaa2/roscourse_ws/install/turtle_interfaces/include/turtle_interfaces/turtle_interfaces/srv/detail/set_pose__type_support.cpp
-- Installing: /home/yahboom/Desktop/team_repo/Lab3/wallaa2/roscourse_ws/install/turtle_interfaces/include/turtle_interfaces/turtle_interfaces/srv/detail/set_color__rosidl_typesupport_introspection_cpp.hpp
-- Up-to-date: /home/yahboom/Desktop/team_repo/Lab3/wallaa2/roscourse_ws/install/turtle_interfaces/include/turtle_interfaces/turtle_interfaces/msg
-- Up-to-date: /home/yahboom/Desktop/team_repo/Lab3/wallaa2/roscourse_ws/install/turtle_interfaces/include/turtle_interfaces/turtle_interfaces/msg/detail
-- Installing: /home/yahboom/Desktop/team_repo/Lab3/wallaa2/roscourse_ws/install/turtle_interfaces/include/turtle_interfaces/turtle_interfaces/msg/detail/turtle_msg__type_support.cpp
-- Installing: /home/yahboom/Desktop/team_repo/Lab3/wallaa2/roscourse_ws/install/turtle_interfaces/include/turtle_interfaces/turtle_interfaces/msg/detail/turtle_msg__rosidl_typesupport_introspection_cpp.hpp
-- Installing: /home/yahboom/Desktop/team_repo/Lab3/wallaa2/roscourse_ws/install/turtle_interfaces/lib/libturtle_interfaces__rosidl_typesupport_introspection_cpp.so
-- Set runtime path of "/home/yahboom/Desktop/team_repo/Lab3/wallaa2/roscourse_ws/install/turtle_interfaces/lib/libturtle_interfaces__rosidl_typesupport_introspection_cpp.so" to ""
-- Installing: /home/yahboom/Desktop/team_repo/Lab3/wallaa2/roscourse_ws/install/turtle_interfaces/lib/libturtle_interfaces__rosidl_typesupport_cpp.so
-- Set runtime path of "/home/yahboom/Desktop/team_repo/Lab3/wallaa2/roscourse_ws/install/turtle_interfaces/lib/libturtle_interfaces__rosidl_typesupport_cpp.so" to ""
-- Up-to-date: /home/yahboom/Desktop/team_repo/Lab3/wallaa2/roscourse_ws/install/turtle_interfaces/share/turtle_interfaces/environment/pythonpath.sh
-- Installing: /home/yahboom/Desktop/team_repo/Lab3/wallaa2/roscourse_ws/install/turtle_interfaces/share/turtle_interfaces/environment/pythonpath.dsv
-- Up-to-date: /home/yahboom/Desktop/team_repo/Lab3/wallaa2/roscourse_ws/install/turtle_interfaces/local/lib/python3.10/dist-packages/turtle_interfaces-0.0.0-py3.10.egg-info
-- Installing: /home/yahboom/Desktop/team_repo/Lab3/wallaa2/roscourse_ws/install/turtle_interfaces/local/lib/python3.10/dist-packages/turtle_interfaces-0.0.0-py3.10.egg-info/top_level.txt
-- Installing: /home/yahboom/Desktop/team_repo/Lab3/wallaa2/roscourse_ws/install/turtle_interfaces/local/lib/python3.10/dist-packages/turtle_interfaces-0.0.0-py3.10.egg-info/PKG-INFO
-- Installing: /home/yahboom/Desktop/team_repo/Lab3/wallaa2/roscourse_ws/install/turtle_interfaces/local/lib/python3.10/dist-packages/turtle_interfaces-0.0.0-py3.10.egg-info/dependency_links.txt
-- Installing: /home/yahboom/Desktop/team_repo/Lab3/wallaa2/roscourse_ws/install/turtle_interfaces/local/lib/python3.10/dist-packages/turtle_interfaces-0.0.0-py3.10.egg-info/SOURCES.txt
-- Up-to-date: /home/yahboom/Desktop/team_repo/Lab3/wallaa2/roscourse_ws/install/turtle_interfaces/local/lib/python3.10/dist-packages/turtle_interfaces
-- Installing: /home/yahboom/Desktop/team_repo/Lab3/wallaa2/roscourse_ws/install/turtle_interfaces/local/lib/python3.10/dist-packages/turtle_interfaces/libturtle_interfaces__rosidl_generator_py.so
-- Installing: /home/yahboom/Desktop/team_repo/Lab3/wallaa2/roscourse_ws/install/turtle_interfaces/local/lib/python3.10/dist-packages/turtle_interfaces/action
-- Installing: /home/yahboom/Desktop/team_repo/Lab3/wallaa2/roscourse_ws/install/turtle_interfaces/local/lib/python3.10/dist-packages/turtle_interfaces/action/_turtle_to_goals.py
-- Installing: /home/yahboom/Desktop/team_repo/Lab3/wallaa2/roscourse_ws/install/turtle_interfaces/local/lib/python3.10/dist-packages/turtle_interfaces/action/__init__.py
-- Installing: /home/yahboom/Desktop/team_repo/Lab3/wallaa2/roscourse_ws/install/turtle_interfaces/local/lib/python3.10/dist-packages/turtle_interfaces/action/_turtle_to_goals_s.c
-- Installing: /home/yahboom/Desktop/team_repo/Lab3/wallaa2/roscourse_ws/install/turtle_interfaces/local/lib/python3.10/dist-packages/turtle_interfaces/_turtle_interfaces_s.ep.rosidl_typesupport_c.c
-- Up-to-date: /home/yahboom/Desktop/team_repo/Lab3/wallaa2/roscourse_ws/install/turtle_interfaces/local/lib/python3.10/dist-packages/turtle_interfaces/srv
-- Installing: /home/yahboom/Desktop/team_repo/Lab3/wallaa2/roscourse_ws/install/turtle_interfaces/local/lib/python3.10/dist-packages/turtle_interfaces/srv/_set_color.py
-- Installing: /home/yahboom/Desktop/team_repo/Lab3/wallaa2/roscourse_ws/install/turtle_interfaces/local/lib/python3.10/dist-packages/turtle_interfaces/srv/_set_pose_s.c
-- Installing: /home/yahboom/Desktop/team_repo/Lab3/wallaa2/roscourse_ws/install/turtle_interfaces/local/lib/python3.10/dist-packages/turtle_interfaces/srv/__init__.py
-- Installing: /home/yahboom/Desktop/team_repo/Lab3/wallaa2/roscourse_ws/install/turtle_interfaces/local/lib/python3.10/dist-packages/turtle_interfaces/srv/_set_color_s.c
-- Installing: /home/yahboom/Desktop/team_repo/Lab3/wallaa2/roscourse_ws/install/turtle_interfaces/local/lib/python3.10/dist-packages/turtle_interfaces/srv/_set_pose.py
-- Installing: /home/yahboom/Desktop/team_repo/Lab3/wallaa2/roscourse_ws/install/turtle_interfaces/local/lib/python3.10/dist-packages/turtle_interfaces/turtle_interfaces_s__rosidl_typesupport_introspection_c.cpython-310-x86_64-linux-gnu.so
-- Installing: /home/yahboom/Desktop/team_repo/Lab3/wallaa2/roscourse_ws/install/turtle_interfaces/local/lib/python3.10/dist-packages/turtle_interfaces/__init__.py
-- Installing: /home/yahboom/Desktop/team_repo/Lab3/wallaa2/roscourse_ws/install/turtle_interfaces/local/lib/python3.10/dist-packages/turtle_interfaces/turtle_interfaces_s__rosidl_typesupport_fastrtps_c.cpython-310-x86_64-linux-gnu.so
-- Installing: /home/yahboom/Desktop/team_repo/Lab3/wallaa2/roscourse_ws/install/turtle_interfaces/local/lib/python3.10/dist-packages/turtle_interfaces/_turtle_interfaces_s.ep.rosidl_typesupport_introspection_c.c
-- Up-to-date: /home/yahboom/Desktop/team_repo/Lab3/wallaa2/roscourse_ws/install/turtle_interfaces/local/lib/python3.10/dist-packages/turtle_interfaces/msg
-- Installing: /home/yahboom/Desktop/team_repo/Lab3/wallaa2/roscourse_ws/install/turtle_interfaces/local/lib/python3.10/dist-packages/turtle_interfaces/msg/_turtle_msg.py
-- Installing: /home/yahboom/Desktop/team_repo/Lab3/wallaa2/roscourse_ws/install/turtle_interfaces/local/lib/python3.10/dist-packages/turtle_interfaces/msg/__init__.py
-- Installing: /home/yahboom/Desktop/team_repo/Lab3/wallaa2/roscourse_ws/install/turtle_interfaces/local/lib/python3.10/dist-packages/turtle_interfaces/msg/_turtle_msg_s.c
-- Installing: /home/yahboom/Desktop/team_repo/Lab3/wallaa2/roscourse_ws/install/turtle_interfaces/local/lib/python3.10/dist-packages/turtle_interfaces/turtle_interfaces_s__rosidl_typesupport_c.cpython-310-x86_64-linux-gnu.so
-- Installing: /home/yahboom/Desktop/team_repo/Lab3/wallaa2/roscourse_ws/install/turtle_interfaces/local/lib/python3.10/dist-packages/turtle_interfaces/_turtle_interfaces_s.ep.rosidl_typesupport_fastrtps_c.c
Listing '/home/yahboom/Desktop/team_repo/Lab3/wallaa2/roscourse_ws/install/turtle_interfaces/local/lib/python3.10/dist-packages/turtle_interfaces'...
Compiling '/home/yahboom/Desktop/team_repo/Lab3/wallaa2/roscourse_ws/install/turtle_interfaces/local/lib/python3.10/dist-packages/turtle_interfaces/__init__.py'...
Listing '/home/yahboom/Desktop/team_repo/Lab3/wallaa2/roscourse_ws/install/turtle_interfaces/local/lib/python3.10/dist-packages/turtle_interfaces/action'...
Compiling '/home/yahboom/Desktop/team_repo/Lab3/wallaa2/roscourse_ws/install/turtle_interfaces/local/lib/python3.10/dist-packages/turtle_interfaces/action/__init__.py'...
Compiling '/home/yahboom/Desktop/team_repo/Lab3/wallaa2/roscourse_ws/install/turtle_interfaces/local/lib/python3.10/dist-packages/turtle_interfaces/action/_turtle_to_goals.py'...
Listing '/home/yahboom/Desktop/team_repo/Lab3/wallaa2/roscourse_ws/install/turtle_interfaces/local/lib/python3.10/dist-packages/turtle_interfaces/msg'...
Compiling '/home/yahboom/Desktop/team_repo/Lab3/wallaa2/roscourse_ws/install/turtle_interfaces/local/lib/python3.10/dist-packages/turtle_interfaces/msg/__init__.py'...
Compiling '/home/yahboom/Desktop/team_repo/Lab3/wallaa2/roscourse_ws/install/turtle_interfaces/local/lib/python3.10/dist-packages/turtle_interfaces/msg/_turtle_msg.py'...
Listing '/home/yahboom/Desktop/team_repo/Lab3/wallaa2/roscourse_ws/install/turtle_interfaces/local/lib/python3.10/dist-packages/turtle_interfaces/srv'...
Compiling '/home/yahboom/Desktop/team_repo/Lab3/wallaa2/roscourse_ws/install/turtle_interfaces/local/lib/python3.10/dist-packages/turtle_interfaces/srv/__init__.py'...
Compiling '/home/yahboom/Desktop/team_repo/Lab3/wallaa2/roscourse_ws/install/turtle_interfaces/local/lib/python3.10/dist-packages/turtle_interfaces/srv/_set_color.py'...
Compiling '/home/yahboom/Desktop/team_repo/Lab3/wallaa2/roscourse_ws/install/turtle_interfaces/local/lib/python3.10/dist-packages/turtle_interfaces/srv/_set_pose.py'...
-- Installing: /home/yahboom/Desktop/team_repo/Lab3/wallaa2/roscourse_ws/install/turtle_interfaces/local/lib/python3.10/dist-packages/turtle_interfaces/turtle_interfaces_s__rosidl_typesupport_fastrtps_c.cpython-310-x86_64-linux-gnu.so
-- Set runtime path of "/home/yahboom/Desktop/team_repo/Lab3/wallaa2/roscourse_ws/install/turtle_interfaces/local/lib/python3.10/dist-packages/turtle_interfaces/turtle_interfaces_s__rosidl_typesupport_fastrtps_c.cpython-310-x86_64-linux-gnu.so" to ""
-- Installing: /home/yahboom/Desktop/team_repo/Lab3/wallaa2/roscourse_ws/install/turtle_interfaces/local/lib/python3.10/dist-packages/turtle_interfaces/turtle_interfaces_s__rosidl_typesupport_introspection_c.cpython-310-x86_64-linux-gnu.so
-- Set runtime path of "/home/yahboom/Desktop/team_repo/Lab3/wallaa2/roscourse_ws/install/turtle_interfaces/local/lib/python3.10/dist-packages/turtle_interfaces/turtle_interfaces_s__rosidl_typesupport_introspection_c.cpython-310-x86_64-linux-gnu.so" to ""
-- Installing: /home/yahboom/Desktop/team_repo/Lab3/wallaa2/roscourse_ws/install/turtle_interfaces/local/lib/python3.10/dist-packages/turtle_interfaces/turtle_interfaces_s__rosidl_typesupport_c.cpython-310-x86_64-linux-gnu.so
-- Set runtime path of "/home/yahboom/Desktop/team_repo/Lab3/wallaa2/roscourse_ws/install/turtle_interfaces/local/lib/python3.10/dist-packages/turtle_interfaces/turtle_interfaces_s__rosidl_typesupport_c.cpython-310-x86_64-linux-gnu.so" to ""
-- Installing: /home/yahboom/Desktop/team_repo/Lab3/wallaa2/roscourse_ws/install/turtle_interfaces/lib/libturtle_interfaces__rosidl_generator_py.so
-- Set runtime path of "/home/yahboom/Desktop/team_repo/Lab3/wallaa2/roscourse_ws/install/turtle_interfaces/lib/libturtle_interfaces__rosidl_generator_py.so" to ""
-- Up-to-date: /home/yahboom/Desktop/team_repo/Lab3/wallaa2/roscourse_ws/install/turtle_interfaces/share/turtle_interfaces/msg/TurtleMsg.idl
-- Up-to-date: /home/yahboom/Desktop/team_repo/Lab3/wallaa2/roscourse_ws/install/turtle_interfaces/share/turtle_interfaces/srv/SetPose.idl
-- Up-to-date: /home/yahboom/Desktop/team_repo/Lab3/wallaa2/roscourse_ws/install/turtle_interfaces/share/turtle_interfaces/srv/SetColor.idl
-- Installing: /home/yahboom/Desktop/team_repo/Lab3/wallaa2/roscourse_ws/install/turtle_interfaces/share/turtle_interfaces/action/TurtleToGoals.idl
-- Up-to-date: /home/yahboom/Desktop/team_repo/Lab3/wallaa2/roscourse_ws/install/turtle_interfaces/share/turtle_interfaces/msg/TurtleMsg.msg
-- Up-to-date: /home/yahboom/Desktop/team_repo/Lab3/wallaa2/roscourse_ws/install/turtle_interfaces/share/turtle_interfaces/srv/SetPose.srv
-- Up-to-date: /home/yahboom/Desktop/team_repo/Lab3/wallaa2/roscourse_ws/install/turtle_interfaces/share/turtle_interfaces/srv/SetPose_Request.msg
-- Up-to-date: /home/yahboom/Desktop/team_repo/Lab3/wallaa2/roscourse_ws/install/turtle_interfaces/share/turtle_interfaces/srv/SetPose_Response.msg
-- Up-to-date: /home/yahboom/Desktop/team_repo/Lab3/wallaa2/roscourse_ws/install/turtle_interfaces/share/turtle_interfaces/srv/SetColor.srv
-- Up-to-date: /home/yahboom/Desktop/team_repo/Lab3/wallaa2/roscourse_ws/install/turtle_interfaces/share/turtle_interfaces/srv/SetColor_Request.msg
-- Up-to-date: /home/yahboom/Desktop/team_repo/Lab3/wallaa2/roscourse_ws/install/turtle_interfaces/share/turtle_interfaces/srv/SetColor_Response.msg
-- Installing: /home/yahboom/Desktop/team_repo/Lab3/wallaa2/roscourse_ws/install/turtle_interfaces/share/turtle_interfaces/action/TurtleToGoals.action
-- Up-to-date: /home/yahboom/Desktop/team_repo/Lab3/wallaa2/roscourse_ws/install/turtle_interfaces/share/ament_index/resource_index/package_run_dependencies/turtle_interfaces
-- Installing: /home/yahboom/Desktop/team_repo/Lab3/wallaa2/roscourse_ws/install/turtle_interfaces/share/ament_index/resource_index/parent_prefix_path/turtle_interfaces
-- Up-to-date: /home/yahboom/Desktop/team_repo/Lab3/wallaa2/roscourse_ws/install/turtle_interfaces/share/turtle_interfaces/environment/ament_prefix_path.sh
-- Installing: /home/yahboom/Desktop/team_repo/Lab3/wallaa2/roscourse_ws/install/turtle_interfaces/share/turtle_interfaces/environment/ament_prefix_path.dsv
-- Up-to-date: /home/yahboom/Desktop/team_repo/Lab3/wallaa2/roscourse_ws/install/turtle_interfaces/share/turtle_interfaces/environment/path.sh
-- Installing: /home/yahboom/Desktop/team_repo/Lab3/wallaa2/roscourse_ws/install/turtle_interfaces/share/turtle_interfaces/environment/path.dsv
-- Up-to-date: /home/yahboom/Desktop/team_repo/Lab3/wallaa2/roscourse_ws/install/turtle_interfaces/share/turtle_interfaces/local_setup.bash
-- Up-to-date: /home/yahboom/Desktop/team_repo/Lab3/wallaa2/roscourse_ws/install/turtle_interfaces/share/turtle_interfaces/local_setup.sh
-- Up-to-date: /home/yahboom/Desktop/team_repo/Lab3/wallaa2/roscourse_ws/install/turtle_interfaces/share/turtle_interfaces/local_setup.zsh
-- Installing: /home/yahboom/Desktop/team_repo/Lab3/wallaa2/roscourse_ws/install/turtle_interfaces/share/turtle_interfaces/local_setup.dsv
-- Installing: /home/yahboom/Desktop/team_repo/Lab3/wallaa2/roscourse_ws/install/turtle_interfaces/share/turtle_interfaces/package.dsv
-- Up-to-date: /home/yahboom/Desktop/team_repo/Lab3/wallaa2/roscourse_ws/install/turtle_interfaces/share/ament_index/resource_index/packages/turtle_interfaces
-- Old export file "/home/yahboom/Desktop/team_repo/Lab3/wallaa2/roscourse_ws/install/turtle_interfaces/share/turtle_interfaces/cmake/export_turtle_interfaces__rosidl_generator_cExport.cmake" will be replaced.  Removing files [/home/yahboom/Desktop/team_repo/Lab3/wallaa2/roscourse_ws/install/turtle_interfaces/share/turtle_interfaces/cmake/export_turtle_interfaces__rosidl_generator_cExport-noconfig.cmake].
-- Installing: /home/yahboom/Desktop/team_repo/Lab3/wallaa2/roscourse_ws/install/turtle_interfaces/share/turtle_interfaces/cmake/export_turtle_interfaces__rosidl_generator_cExport.cmake
-- Installing: /home/yahboom/Desktop/team_repo/Lab3/wallaa2/roscourse_ws/install/turtle_interfaces/share/turtle_interfaces/cmake/export_turtle_interfaces__rosidl_generator_cExport-noconfig.cmake
-- Old export file "/home/yahboom/Desktop/team_repo/Lab3/wallaa2/roscourse_ws/install/turtle_interfaces/share/turtle_interfaces/cmake/export_turtle_interfaces__rosidl_typesupport_fastrtps_cExport.cmake" will be replaced.  Removing files [/home/yahboom/Desktop/team_repo/Lab3/wallaa2/roscourse_ws/install/turtle_interfaces/share/turtle_interfaces/cmake/export_turtle_interfaces__rosidl_typesupport_fastrtps_cExport-noconfig.cmake].
-- Installing: /home/yahboom/Desktop/team_repo/Lab3/wallaa2/roscourse_ws/install/turtle_interfaces/share/turtle_interfaces/cmake/export_turtle_interfaces__rosidl_typesupport_fastrtps_cExport.cmake
-- Installing: /home/yahboom/Desktop/team_repo/Lab3/wallaa2/roscourse_ws/install/turtle_interfaces/share/turtle_interfaces/cmake/export_turtle_interfaces__rosidl_typesupport_fastrtps_cExport-noconfig.cmake
-- Installing: /home/yahboom/Desktop/team_repo/Lab3/wallaa2/roscourse_ws/install/turtle_interfaces/share/turtle_interfaces/cmake/export_turtle_interfaces__rosidl_generator_cppExport.cmake
-- Old export file "/home/yahboom/Desktop/team_repo/Lab3/wallaa2/roscourse_ws/install/turtle_interfaces/share/turtle_interfaces/cmake/export_turtle_interfaces__rosidl_typesupport_fastrtps_cppExport.cmake" will be replaced.  Removing files [/home/yahboom/Desktop/team_repo/Lab3/wallaa2/roscourse_ws/install/turtle_interfaces/share/turtle_interfaces/cmake/export_turtle_interfaces__rosidl_typesupport_fastrtps_cppExport-noconfig.cmake].
-- Installing: /home/yahboom/Desktop/team_repo/Lab3/wallaa2/roscourse_ws/install/turtle_interfaces/share/turtle_interfaces/cmake/export_turtle_interfaces__rosidl_typesupport_fastrtps_cppExport.cmake
-- Installing: /home/yahboom/Desktop/team_repo/Lab3/wallaa2/roscourse_ws/install/turtle_interfaces/share/turtle_interfaces/cmake/export_turtle_interfaces__rosidl_typesupport_fastrtps_cppExport-noconfig.cmake
-- Old export file "/home/yahboom/Desktop/team_repo/Lab3/wallaa2/roscourse_ws/install/turtle_interfaces/share/turtle_interfaces/cmake/turtle_interfaces__rosidl_typesupport_introspection_cExport.cmake" will be replaced.  Removing files [/home/yahboom/Desktop/team_repo/Lab3/wallaa2/roscourse_ws/install/turtle_interfaces/share/turtle_interfaces/cmake/turtle_interfaces__rosidl_typesupport_introspection_cExport-noconfig.cmake].
-- Installing: /home/yahboom/Desktop/team_repo/Lab3/wallaa2/roscourse_ws/install/turtle_interfaces/share/turtle_interfaces/cmake/turtle_interfaces__rosidl_typesupport_introspection_cExport.cmake
-- Installing: /home/yahboom/Desktop/team_repo/Lab3/wallaa2/roscourse_ws/install/turtle_interfaces/share/turtle_interfaces/cmake/turtle_interfaces__rosidl_typesupport_introspection_cExport-noconfig.cmake
-- Old export file "/home/yahboom/Desktop/team_repo/Lab3/wallaa2/roscourse_ws/install/turtle_interfaces/share/turtle_interfaces/cmake/turtle_interfaces__rosidl_typesupport_cExport.cmake" will be replaced.  Removing files [/home/yahboom/Desktop/team_repo/Lab3/wallaa2/roscourse_ws/install/turtle_interfaces/share/turtle_interfaces/cmake/turtle_interfaces__rosidl_typesupport_cExport-noconfig.cmake].
-- Installing: /home/yahboom/Desktop/team_repo/Lab3/wallaa2/roscourse_ws/install/turtle_interfaces/share/turtle_interfaces/cmake/turtle_interfaces__rosidl_typesupport_cExport.cmake
-- Installing: /home/yahboom/Desktop/team_repo/Lab3/wallaa2/roscourse_ws/install/turtle_interfaces/share/turtle_interfaces/cmake/turtle_interfaces__rosidl_typesupport_cExport-noconfig.cmake
-- Old export file "/home/yahboom/Desktop/team_repo/Lab3/wallaa2/roscourse_ws/install/turtle_interfaces/share/turtle_interfaces/cmake/turtle_interfaces__rosidl_typesupport_introspection_cppExport.cmake" will be replaced.  Removing files [/home/yahboom/Desktop/team_repo/Lab3/wallaa2/roscourse_ws/install/turtle_interfaces/share/turtle_interfaces/cmake/turtle_interfaces__rosidl_typesupport_introspection_cppExport-noconfig.cmake].
-- Installing: /home/yahboom/Desktop/team_repo/Lab3/wallaa2/roscourse_ws/install/turtle_interfaces/share/turtle_interfaces/cmake/turtle_interfaces__rosidl_typesupport_introspection_cppExport.cmake
-- Installing: /home/yahboom/Desktop/team_repo/Lab3/wallaa2/roscourse_ws/install/turtle_interfaces/share/turtle_interfaces/cmake/turtle_interfaces__rosidl_typesupport_introspection_cppExport-noconfig.cmake
-- Old export file "/home/yahboom/Desktop/team_repo/Lab3/wallaa2/roscourse_ws/install/turtle_interfaces/share/turtle_interfaces/cmake/turtle_interfaces__rosidl_typesupport_cppExport.cmake" will be replaced.  Removing files [/home/yahboom/Desktop/team_repo/Lab3/wallaa2/roscourse_ws/install/turtle_interfaces/share/turtle_interfaces/cmake/turtle_interfaces__rosidl_typesupport_cppExport-noconfig.cmake].
-- Installing: /home/yahboom/Desktop/team_repo/Lab3/wallaa2/roscourse_ws/install/turtle_interfaces/share/turtle_interfaces/cmake/turtle_interfaces__rosidl_typesupport_cppExport.cmake
-- Installing: /home/yahboom/Desktop/team_repo/Lab3/wallaa2/roscourse_ws/install/turtle_interfaces/share/turtle_interfaces/cmake/turtle_interfaces__rosidl_typesupport_cppExport-noconfig.cmake
-- Old export file "/home/yahboom/Desktop/team_repo/Lab3/wallaa2/roscourse_ws/install/turtle_interfaces/share/turtle_interfaces/cmake/export_turtle_interfaces__rosidl_generator_pyExport.cmake" will be replaced.  Removing files [/home/yahboom/Desktop/team_repo/Lab3/wallaa2/roscourse_ws/install/turtle_interfaces/share/turtle_interfaces/cmake/export_turtle_interfaces__rosidl_generator_pyExport-noconfig.cmake].
-- Installing: /home/yahboom/Desktop/team_repo/Lab3/wallaa2/roscourse_ws/install/turtle_interfaces/share/turtle_interfaces/cmake/export_turtle_interfaces__rosidl_generator_pyExport.cmake
-- Installing: /home/yahboom/Desktop/team_repo/Lab3/wallaa2/roscourse_ws/install/turtle_interfaces/share/turtle_interfaces/cmake/export_turtle_interfaces__rosidl_generator_pyExport-noconfig.cmake
-- Installing: /home/yahboom/Desktop/team_repo/Lab3/wallaa2/roscourse_ws/install/turtle_interfaces/share/turtle_interfaces/cmake/rosidl_cmake-extras.cmake
-- Installing: /home/yahboom/Desktop/team_repo/Lab3/wallaa2/roscourse_ws/install/turtle_interfaces/share/turtle_interfaces/cmake/ament_cmake_export_dependencies-extras.cmake
-- Up-to-date: /home/yahboom/Desktop/team_repo/Lab3/wallaa2/roscourse_ws/install/turtle_interfaces/share/turtle_interfaces/cmake/ament_cmake_export_include_directories-extras.cmake
-- Up-to-date: /home/yahboom/Desktop/team_repo/Lab3/wallaa2/roscourse_ws/install/turtle_interfaces/share/turtle_interfaces/cmake/ament_cmake_export_libraries-extras.cmake
-- Up-to-date: /home/yahboom/Desktop/team_repo/Lab3/wallaa2/roscourse_ws/install/turtle_interfaces/share/turtle_interfaces/cmake/ament_cmake_export_targets-extras.cmake
-- Up-to-date: /home/yahboom/Desktop/team_repo/Lab3/wallaa2/roscourse_ws/install/turtle_interfaces/share/turtle_interfaces/cmake/rosidl_cmake_export_typesupport_targets-extras.cmake
-- Up-to-date: /home/yahboom/Desktop/team_repo/Lab3/wallaa2/roscourse_ws/install/turtle_interfaces/share/turtle_interfaces/cmake/rosidl_cmake_export_typesupport_libraries-extras.cmake
-- Up-to-date: /home/yahboom/Desktop/team_repo/Lab3/wallaa2/roscourse_ws/install/turtle_interfaces/share/turtle_interfaces/cmake/turtle_interfacesConfig.cmake
-- Up-to-date: /home/yahboom/Desktop/team_repo/Lab3/wallaa2/roscourse_ws/install/turtle_interfaces/share/turtle_interfaces/cmake/turtle_interfacesConfig-version.cmake
-- Up-to-date: /home/yahboom/Desktop/team_repo/Lab3/wallaa2/roscourse_ws/install/turtle_interfaces/share/turtle_interfaces/package.xml
